
> whatscloud-leadscrapper@0.0.0 test
> set NODE_ENV=test && set NODE_OPTIONS=--experimental-vm-modules && npx jest

  console.log
    [dotenv@17.2.3] injecting env (0) from .env -- tip: ÔÜÖ´©Å  override existing env vars with { override: true }

      at _log (node_modules/dotenv/lib/main.js:142:11)

  console.log
    [ENV] Environment variables loaded

      at log (server/config/env.js:4:13)

  console.log
    [dotenv@17.2.3] injecting env (0) from .env -- tip: ­ƒöÉ encrypt with Dotenvx: https://dotenvx.com

      at _log (node_modules/dotenv/lib/main.js:142:11)

  console.warn
    [WHATSAPP] API_KEY not set. Gemini responses will fail.

    [0m [90m 10 |[39m   [90m// Silent warning for tests to avoid console clutter if needed[39m
     [90m 11 |[39m   [36mif[39m (process[33m.[39menv[33m.[39m[33mNODE_ENV[39m [33m!==[39m [32m'test'[39m) {
    [31m[1m>[22m[39m[90m 12 |[39m     console[33m.[39mwarn([32m'[WHATSAPP] API_KEY not set. Gemini responses will fail.'[39m)[33m;[39m
     [90m    |[39m             [31m[1m^[22m[39m
     [90m 13 |[39m   }
     [90m 14 |[39m }
     [90m 15 |[39m[0m

      at warn (server/controllers/whatsappController.js:12:13)

  console.log
    [AMI] VoIP Integration Disabled (Missing AMI_HOST/USER/SECRET)

      at log (server/controllers/voipController.js:24:13)

(node:8996) ExperimentalWarning: VM Modules is an experimental feature and might change at any time
(Use `node --trace-warnings ...` to show where the warning was created)
2026-03-04T21:33:39.720Z [whatscloud-api] [32minfo[39m: Incoming GET request to /api/health
2026-03-04T21:33:39.740Z [whatscloud-api] [31merror[39m: Postgres Connection Failed: 
(node:8996) Warning: `--localstorage-file` was provided without a valid path
PASS server/tests/health.test.js (12.462 s)
  API Health Check
    ÔêÜ should return 200 OK and health status (173 ms)

Test Suites: 1 passed, 1 total
Tests:       1 passed, 1 total
Snapshots:   0 total
Time:        12.602 s
Ran all test suites.
Jest did not exit one second after the test run has completed.

'This usually means that there are asynchronous operations that weren't stopped in your tests. Consider running Jest with `--detectOpenHandles` to troubleshoot this issue.
  console.error
    [DB] MongoDB Connection Error: connect ECONNREFUSED ::1:27017, connect ECONNREFUSED 127.0.0.1:27017

    [0m [90m 22 |[39m   } [36mcatch[39m (error) {
     [90m 23 |[39m     [36mif[39m (process[33m.[39menv[33m.[39m[33mNODE_ENV[39m [33m!==[39m [32m'test'[39m) {
    [31m[1m>[22m[39m[90m 24 |[39m       console[33m.[39merror([32m'[DB] MongoDB Connection Error:'[39m[33m,[39m error[33m.[39mmessage)[33m;[39m
     [90m    |[39m               [31m[1m^[22m[39m
     [90m 25 |[39m     }
     [90m 26 |[39m   }
     [90m 27 |[39m }[33m;[39m[0m

      at error (server/config/database.js:24:15)
      at server/app.js:78:5

  console.error
    [DB] Redis Client Error AggregateError: 
        at internalConnectMultiple (node:net:1134:18)
        at afterConnectMultiple (node:net:1715:7) {
      code: 'ECONNREFUSED',
      [errors]: [
        Error: connect ECONNREFUSED ::1:6379
            at createConnectionError (node:net:1678:14)
            at afterConnectMultiple (node:net:1708:16) {
          errno: -4078,
          code: 'ECONNREFUSED',
          syscall: 'connect',
          address: '::1',
          port: 6379
        },
        Error: connect ECONNREFUSED 127.0.0.1:6379
            at createConnectionError (node:net:1678:14)
            at afterConnectMultiple (node:net:1708:16) {
          errno: -4078,
          code: 'ECONNREFUSED',
          syscall: 'connect',
          address: '127.0.0.1',
          port: 6379
        }
      ]
    }

    [0m [90m 34 |[39m redisClient[33m.[39mon([32m'error'[39m[33m,[39m (err) [33m=>[39m {
     [90m 35 |[39m   [36mif[39m (process[33m.[39menv[33m.[39m[33mNODE_ENV[39m [33m!==[39m [32m'test'[39m) {
    [31m[1m>[22m[39m[90m 36 |[39m     console[33m.[39merror([32m'[DB] Redis Client Error'[39m[33m,[39m err)[33m;[39m
     [90m    |[39m             [31m[1m^[22m[39m
     [90m 37 |[39m   }
     [90m 38 |[39m })[33m;[39m
     [90m 39 |[39m[0m

      at Class.error (server/config/database.js:36:13)
      at RedisSocket.<anonymous> (node_modules/@redis/client/lib/client/index.ts:796:12)
      at RedisSocket.#connect (node_modules/@redis/client/lib/client/socket.ts:246:14)
      at Class.connect (node_modules/@redis/client/lib/client/index.ts:961:5)
      at connectRedis (server/config/database.js:42:5)
      at server/app.js:79:5

  console.error
    [DB] Redis Client Error AggregateError: 
        at internalConnectMultiple (node:net:1134:18)
        at afterConnectMultiple (node:net:1715:7) {
      code: 'ECONNREFUSED',
      [errors]: [
        Error: connect ECONNREFUSED ::1:6379
            at createConnectionError (node:net:1678:14)
            at afterConnectMultiple (node:net:1708:16) {
          errno: -4078,
          code: 'ECONNREFUSED',
          syscall: 'connect',
          address: '::1',
          port: 6379
        },
        Error: connect ECONNREFUSED 127.0.0.1:6379
            at createConnectionError (node:net:1678:14)
            at afterConnectMultiple (node:net:1708:16) {
          errno: -4078,
          code: 'ECONNREFUSED',
          syscall: 'connect',
          address: '127.0.0.1',
          port: 6379
        }
      ]
    }

    [0m [90m 34 |[39m redisClient[33m.[39mon([32m'error'[39m[33m,[39m (err) [33m=>[39m {
     [90m 35 |[39m   [36mif[39m (process[33m.[39menv[33m.[39m[33mNODE_ENV[39m [33m!==[39m [32m'test'[39m) {
    [31m[1m>[22m[39m[90m 36 |[39m     console[33m.[39merror([32m'[DB] Redis Client Error'[39m[33m,[39m err)[33m;[39m
     [90m    |[39m             [31m[1m^[22m[39m
     [90m 37 |[39m   }
     [90m 38 |[39m })[33m;[39m
     [90m 39 |[39m[0m

      at Class.error (server/config/database.js:36:13)
      at RedisSocket.<anonymous> (node_modules/@redis/client/lib/client/index.ts:796:12)
      at RedisSocket.#connect (node_modules/@redis/client/lib/client/socket.ts:246:14)
      at Class.connect (node_modules/@redis/client/lib/client/index.ts:961:5)
      at connectRedis (server/config/database.js:42:5)
      at server/app.js:79:5

  console.error
    [DB] Redis Client Error AggregateError: 
        at internalConnectMultiple (node:net:1134:18)
        at afterConnectMultiple (node:net:1715:7) {
      code: 'ECONNREFUSED',
      [errors]: [
        Error: connect ECONNREFUSED ::1:6379
            at createConnectionError (node:net:1678:14)
            at afterConnectMultiple (node:net:1708:16) {
          errno: -4078,
          code: 'ECONNREFUSED',
          syscall: 'connect',
          address: '::1',
          port: 6379
        },
        Error: connect ECONNREFUSED 127.0.0.1:6379
            at createConnectionError (node:net:1678:14)
            at afterConnectMultiple (node:net:1708:16) {
          errno: -4078,
          code: 'ECONNREFUSED',
          syscall: 'connect',
          address: '127.0.0.1',
          port: 6379
        }
      ]
    }

    [0m [90m 34 |[39m redisClient[33m.[39mon([32m'error'[39m[33m,[39m (err) [33m=>[39m {
     [90m 35 |[39m   [36mif[39m (process[33m.[39menv[33m.[39m[33mNODE_ENV[39m [33m!==[39m [32m'test'[39m) {
    [31m[1m>[22m[39m[90m 36 |[39m     console[33m.[39merror([32m'[DB] Redis Client Error'[39m[33m,[39m err)[33m;[39m
     [90m    |[39m             [31m[1m^[22m[39m
     [90m 37 |[39m   }
     [90m 38 |[39m })[33m;[39m
     [90m 39 |[39m[0m

      at Class.error (server/config/database.js:36:13)
      at RedisSocket.<anonymous> (node_modules/@redis/client/lib/client/index.ts:796:12)
      at RedisSocket.#connect (node_modules/@redis/client/lib/client/socket.ts:246:14)
      at Class.connect (node_modules/@redis/client/lib/client/index.ts:961:5)
      at connectRedis (server/config/database.js:42:5)
      at server/app.js:79:5

  console.error
    [DB] Redis Client Error AggregateError: 
        at internalConnectMultiple (node:net:1134:18)
        at afterConnectMultiple (node:net:1715:7) {
      code: 'ECONNREFUSED',
      [errors]: [
        Error: connect ECONNREFUSED ::1:6379
            at createConnectionError (node:net:1678:14)
            at afterConnectMultiple (node:net:1708:16) {
          errno: -4078,
          code: 'ECONNREFUSED',
          syscall: 'connect',
          address: '::1',
          port: 6379
        },
        Error: connect ECONNREFUSED 127.0.0.1:6379
            at createConnectionError (node:net:1678:14)
            at afterConnectMultiple (node:net:1708:16) {
          errno: -4078,
          code: 'ECONNREFUSED',
          syscall: 'connect',
          address: '127.0.0.1',
          port: 6379
        }
      ]
    }

    [0m [90m 34 |[39m redisClient[33m.[39mon([32m'error'[39m[33m,[39m (err) [33m=>[39m {
     [90m 35 |[39m   [36mif[39m (process[33m.[39menv[33m.[39m[33mNODE_ENV[39m [33m!==[39m [32m'test'[39m) {
    [31m[1m>[22m[39m[90m 36 |[39m     console[33m.[39merror([32m'[DB] Redis Client Error'[39m[33m,[39m err)[33m;[39m
     [90m    |[39m             [31m[1m^[22m[39m
     [90m 37 |[39m   }
     [90m 38 |[39m })[33m;[39m
     [90m 39 |[39m[0m

      at Class.error (server/config/database.js:36:13)
      at RedisSocket.<anonymous> (node_modules/@redis/client/lib/client/index.ts:796:12)
      at RedisSocket.#connect (node_modules/@redis/client/lib/client/socket.ts:246:14)
      at Class.connect (node_modules/@redis/client/lib/client/index.ts:961:5)
      at connectRedis (server/config/database.js:42:5)
      at server/app.js:79:5

  console.error
    [DB] Redis Client Error AggregateError: 
        at internalConnectMultiple (node:net:1134:18)
        at afterConnectMultiple (node:net:1715:7) {
      code: 'ECONNREFUSED',
      [errors]: [
        Error: connect ECONNREFUSED ::1:6379
            at createConnectionError (node:net:1678:14)
            at afterConnectMultiple (node:net:1708:16) {
          errno: -4078,
          code: 'ECONNREFUSED',
          syscall: 'connect',
          address: '::1',
          port: 6379
        },
        Error: connect ECONNREFUSED 127.0.0.1:6379
            at createConnectionError (node:net:1678:14)
            at afterConnectMultiple (node:net:1708:16) {
          errno: -4078,
          code: 'ECONNREFUSED',
          syscall: 'connect',
          address: '127.0.0.1',
          port: 6379
        }
      ]
    }

    [0m [90m 34 |[39m redisClient[33m.[39mon([32m'error'[39m[33m,[39m (err) [33m=>[39m {
     [90m 35 |[39m   [36mif[39m (process[33m.[39menv[33m.[39m[33mNODE_ENV[39m [33m!==[39m [32m'test'[39m) {
    [31m[1m>[22m[39m[90m 36 |[39m     console[33m.[39merror([32m'[DB] Redis Client Error'[39m[33m,[39m err)[33m;[39m
     [90m    |[39m             [31m[1m^[22m[39m
     [90m 37 |[39m   }
     [90m 38 |[39m })[33m;[39m
     [90m 39 |[39m[0m

      at Class.error (server/config/database.js:36:13)
      at RedisSocket.<anonymous> (node_modules/@redis/client/lib/client/index.ts:796:12)
      at RedisSocket.#connect (node_modules/@redis/client/lib/client/socket.ts:246:14)
      at Class.connect (node_modules/@redis/client/lib/client/index.ts:961:5)
      at connectRedis (server/config/database.js:42:5)
      at server/app.js:79:5

  console.error
    [DB] Redis Client Error AggregateError: 
        at internalConnectMultiple (node:net:1134:18)
        at afterConnectMultiple (node:net:1715:7) {
      code: 'ECONNREFUSED',
      [errors]: [
        Error: connect ECONNREFUSED ::1:6379
            at createConnectionError (node:net:1678:14)
            at afterConnectMultiple (node:net:1708:16) {
          errno: -4078,
          code: 'ECONNREFUSED',
          syscall: 'connect',
          address: '::1',
          port: 6379
        },
        Error: connect ECONNREFUSED 127.0.0.1:6379
            at createConnectionError (node:net:1678:14)
            at afterConnectMultiple (node:net:1708:16) {
          errno: -4078,
          code: 'ECONNREFUSED',
          syscall: 'connect',
          address: '127.0.0.1',
          port: 6379
        }
      ]
    }

    [0m [90m 34 |[39m redisClient[33m.[39mon([32m'error'[39m[33m,[39m (err) [33m=>[39m {
     [90m 35 |[39m   [36mif[39m (process[33m.[39menv[33m.[39m[33mNODE_ENV[39m [33m!==[39m [32m'test'[39m) {
    [31m[1m>[22m[39m[90m 36 |[39m     console[33m.[39merror([32m'[DB] Redis Client Error'[39m[33m,[39m err)[33m;[39m
     [90m    |[39m             [31m[1m^[22m[39m
     [90m 37 |[39m   }
     [90m 38 |[39m })[33m;[39m
     [90m 39 |[39m[0m

      at Class.error (server/config/database.js:36:13)
      at RedisSocket.<anonymous> (node_modules/@redis/client/lib/client/index.ts:796:12)
      at RedisSocket.#connect (node_modules/@redis/client/lib/client/socket.ts:246:14)
      at Class.connect (node_modules/@redis/client/lib/client/index.ts:961:5)
      at connectRedis (server/config/database.js:42:5)
      at server/app.js:79:5

  console.error
    [DB] Redis Client Error AggregateError: 
        at internalConnectMultiple (node:net:1134:18)
        at afterConnectMultiple (node:net:1715:7) {
      code: 'ECONNREFUSED',
      [errors]: [
        Error: connect ECONNREFUSED ::1:6379
            at createConnectionError (node:net:1678:14)
            at afterConnectMultiple (node:net:1708:16) {
          errno: -4078,
          code: 'ECONNREFUSED',
          syscall: 'connect',
          address: '::1',
          port: 6379
        },
        Error: connect ECONNREFUSED 127.0.0.1:6379
            at createConnectionError (node:net:1678:14)
            at afterConnectMultiple (node:net:1708:16) {
          errno: -4078,
          code: 'ECONNREFUSED',
          syscall: 'connect',
          address: '127.0.0.1',
          port: 6379
        }
      ]
    }

    [0m [90m 34 |[39m redisClient[33m.[39mon([32m'error'[39m[33m,[39m (err) [33m=>[39m {
     [90m 35 |[39m   [36mif[39m (process[33m.[39menv[33m.[39m[33mNODE_ENV[39m [33m!==[39m [32m'test'[39m) {
    [31m[1m>[22m[39m[90m 36 |[39m     console[33m.[39merror([32m'[DB] Redis Client Error'[39m[33m,[39m err)[33m;[39m
     [90m    |[39m             [31m[1m^[22m[39m
     [90m 37 |[39m   }
     [90m 38 |[39m })[33m;[39m
     [90m 39 |[39m[0m

      at Class.error (server/config/database.js:36:13)
      at RedisSocket.<anonymous> (node_modules/@redis/client/lib/client/index.ts:796:12)
      at RedisSocket.#connect (node_modules/@redis/client/lib/client/socket.ts:246:14)
      at Class.connect (node_modules/@redis/client/lib/client/index.ts:961:5)
      at connectRedis (server/config/database.js:42:5)
      at server/app.js:79:5

  console.error
    [DB] Redis Client Error AggregateError: 
        at internalConnectMultiple (node:net:1134:18)
        at afterConnectMultiple (node:net:1715:7) {
      code: 'ECONNREFUSED',
      [errors]: [
        Error: connect ECONNREFUSED ::1:6379
            at createConnectionError (node:net:1678:14)
            at afterConnectMultiple (node:net:1708:16) {
          errno: -4078,
          code: 'ECONNREFUSED',
          syscall: 'connect',
          address: '::1',
          port: 6379
        },
        Error: connect ECONNREFUSED 127.0.0.1:6379
            at createConnectionError (node:net:1678:14)
            at afterConnectMultiple (node:net:1708:16) {
          errno: -4078,
          code: 'ECONNREFUSED',
          syscall: 'connect',
          address: '127.0.0.1',
          port: 6379
        }
      ]
    }

    [0m [90m 34 |[39m redisClient[33m.[39mon([32m'error'[39m[33m,[39m (err) [33m=>[39m {
     [90m 35 |[39m   [36mif[39m (process[33m.[39menv[33m.[39m[33mNODE_ENV[39m [33m!==[39m [32m'test'[39m) {
    [31m[1m>[22m[39m[90m 36 |[39m     console[33m.[39merror([32m'[DB] Redis Client Error'[39m[33m,[39m err)[33m;[39m
     [90m    |[39m             [31m[1m^[22m[39m
     [90m 37 |[39m   }
     [90m 38 |[39m })[33m;[39m
     [90m 39 |[39m[0m

      at Class.error (server/config/database.js:36:13)
      at RedisSocket.<anonymous> (node_modules/@redis/client/lib/client/index.ts:796:12)
      at RedisSocket.#connect (node_modules/@redis/client/lib/client/socket.ts:246:14)
      at Class.connect (node_modules/@redis/client/lib/client/index.ts:961:5)
      at connectRedis (server/config/database.js:42:5)
      at server/app.js:79:5

  console.error
    [DB] Redis Client Error AggregateError: 
        at internalConnectMultiple (node:net:1134:18)
        at afterConnectMultiple (node:net:1715:7) {
      code: 'ECONNREFUSED',
      [errors]: [
        Error: connect ECONNREFUSED ::1:6379
            at createConnectionError (node:net:1678:14)
            at afterConnectMultiple (node:net:1708:16) {
          errno: -4078,
          code: 'ECONNREFUSED',
          syscall: 'connect',
          address: '::1',
          port: 6379
        },
        Error: connect ECONNREFUSED 127.0.0.1:6379
            at createConnectionError (node:net:1678:14)
            at afterConnectMultiple (node:net:1708:16) {
          errno: -4078,
          code: 'ECONNREFUSED',
          syscall: 'connect',
          address: '127.0.0.1',
          port: 6379
        }
      ]
    }

    [0m [90m 34 |[39m redisClient[33m.[39mon([32m'error'[39m[33m,[39m (err) [33m=>[39m {
     [90m 35 |[39m   [36mif[39m (process[33m.[39menv[33m.[39m[33mNODE_ENV[39m [33m!==[39m [32m'test'[39m) {
    [31m[1m>[22m[39m[90m 36 |[39m     console[33m.[39merror([32m'[DB] Redis Client Error'[39m[33m,[39m err)[33m;[39m
     [90m    |[39m             [31m[1m^[22m[39m
     [90m 37 |[39m   }
     [90m 38 |[39m })[33m;[39m
     [90m 39 |[39m[0m

      at Class.error (server/config/database.js:36:13)
      at RedisSocket.<anonymous> (node_modules/@redis/client/lib/client/index.ts:796:12)
      at RedisSocket.#connect (node_modules/@redis/client/lib/client/socket.ts:246:14)
      at Class.connect (node_modules/@redis/client/lib/client/index.ts:961:5)
      at connectRedis (server/config/database.js:42:5)
      at server/app.js:79:5

  console.error
    [DB] Redis Client Error AggregateError: 
        at internalConnectMultiple (node:net:1134:18)
        at afterConnectMultiple (node:net:1715:7) {
      code: 'ECONNREFUSED',
      [errors]: [
        Error: connect ECONNREFUSED ::1:6379
            at createConnectionError (node:net:1678:14)
            at afterConnectMultiple (node:net:1708:16) {
          errno: -4078,
          code: 'ECONNREFUSED',
          syscall: 'connect',
          address: '::1',
          port: 6379
        },
        Error: connect ECONNREFUSED 127.0.0.1:6379
            at createConnectionError (node:net:1678:14)
            at afterConnectMultiple (node:net:1708:16) {
          errno: -4078,
          code: 'ECONNREFUSED',
          syscall: 'connect',
          address: '127.0.0.1',
          port: 6379
        }
      ]
    }

    [0m [90m 34 |[39m redisClient[33m.[39mon([32m'error'[39m[33m,[39m (err) [33m=>[39m {
     [90m 35 |[39m   [36mif[39m (process[33m.[39menv[33m.[39m[33mNODE_ENV[39m [33m!==[39m [32m'test'[39m) {
    [31m[1m>[22m[39m[90m 36 |[39m     console[33m.[39merror([32m'[DB] Redis Client Error'[39m[33m,[39m err)[33m;[39m
     [90m    |[39m             [31m[1m^[22m[39m
     [90m 37 |[39m   }
     [90m 38 |[39m })[33m;[39m
     [90m 39 |[39m[0m

      at Class.error (server/config/database.js:36:13)
      at RedisSocket.<anonymous> (node_modules/@redis/client/lib/client/index.ts:796:12)
      at RedisSocket.#connect (node_modules/@redis/client/lib/client/socket.ts:246:14)
      at Class.connect (node_modules/@redis/client/lib/client/index.ts:961:5)
      at connectRedis (server/config/database.js:42:5)
      at server/app.js:79:5

  console.error
    [DB] Redis Client Error AggregateError: 
        at internalConnectMultiple (node:net:1134:18)
        at afterConnectMultiple (node:net:1715:7) {
      code: 'ECONNREFUSED',
      [errors]: [
        Error: connect ECONNREFUSED ::1:6379
            at createConnectionError (node:net:1678:14)
            at afterConnectMultiple (node:net:1708:16) {
          errno: -4078,
          code: 'ECONNREFUSED',
          syscall: 'connect',
          address: '::1',
          port: 6379
        },
        Error: connect ECONNREFUSED 127.0.0.1:6379
            at createConnectionError (node:net:1678:14)
            at afterConnectMultiple (node:net:1708:16) {
          errno: -4078,
          code: 'ECONNREFUSED',
          syscall: 'connect',
          address: '127.0.0.1',
          port: 6379
        }
      ]
    }

    [0m [90m 34 |[39m redisClient[33m.[39mon([32m'error'[39m[33m,[39m (err) [33m=>[39m {
     [90m 35 |[39m   [36mif[39m (process[33m.[39menv[33m.[39m[33mNODE_ENV[39m [33m!==[39m [32m'test'[39m) {
    [31m[1m>[22m[39m[90m 36 |[39m     console[33m.[39merror([32m'[DB] Redis Client Error'[39m[33m,[39m err)[33m;[39m
     [90m    |[39m             [31m[1m^[22m[39m
     [90m 37 |[39m   }
     [90m 38 |[39m })[33m;[39m
     [90m 39 |[39m[0m

      at Class.error (server/config/database.js:36:13)
      at RedisSocket.<anonymous> (node_modules/@redis/client/lib/client/index.ts:796:12)
      at RedisSocket.#connect (node_modules/@redis/client/lib/client/socket.ts:246:14)
      at Class.connect (node_modules/@redis/client/lib/client/index.ts:961:5)
      at connectRedis (server/config/database.js:42:5)
      at server/app.js:79:5

  console.error
    [DB] Redis Client Error AggregateError: 
        at internalConnectMultiple (node:net:1134:18)
        at afterConnectMultiple (node:net:1715:7) {
      code: 'ECONNREFUSED',
      [errors]: [
        Error: connect ECONNREFUSED ::1:6379
            at createConnectionError (node:net:1678:14)
            at afterConnectMultiple (node:net:1708:16) {
          errno: -4078,
          code: 'ECONNREFUSED',
          syscall: 'connect',
          address: '::1',
          port: 6379
        },
        Error: connect ECONNREFUSED 127.0.0.1:6379
            at createConnectionError (node:net:1678:14)
            at afterConnectMultiple (node:net:1708:16) {
          errno: -4078,
          code: 'ECONNREFUSED',
          syscall: 'connect',
          address: '127.0.0.1',
          port: 6379
        }
      ]
    }

    [0m [90m 34 |[39m redisClient[33m.[39mon([32m'error'[39m[33m,[39m (err) [33m=>[39m {
     [90m 35 |[39m   [36mif[39m (process[33m.[39menv[33m.[39m[33mNODE_ENV[39m [33m!==[39m [32m'test'[39m) {
    [31m[1m>[22m[39m[90m 36 |[39m     console[33m.[39merror([32m'[DB] Redis Client Error'[39m[33m,[39m err)[33m;[39m
     [90m    |[39m             [31m[1m^[22m[39m
     [90m 37 |[39m   }
     [90m 38 |[39m })[33m;[39m
     [90m 39 |[39m[0m

      at Class.error (server/config/database.js:36:13)
      at RedisSocket.<anonymous> (node_modules/@redis/client/lib/client/index.ts:796:12)
      at RedisSocket.#connect (node_modules/@redis/client/lib/client/socket.ts:246:14)
      at Class.connect (node_modules/@redis/client/lib/client/index.ts:961:5)
      at connectRedis (server/config/database.js:42:5)
      at server/app.js:79:5

  console.error
    [DB] Redis Client Error AggregateError: 
        at internalConnectMultiple (node:net:1134:18)
        at afterConnectMultiple (node:net:1715:7) {
      code: 'ECONNREFUSED',
      [errors]: [
        Error: connect ECONNREFUSED ::1:6379
            at createConnectionError (node:net:1678:14)
            at afterConnectMultiple (node:net:1708:16) {
          errno: -4078,
          code: 'ECONNREFUSED',
          syscall: 'connect',
          address: '::1',
          port: 6379
        },
        Error: connect ECONNREFUSED 127.0.0.1:6379
            at createConnectionError (node:net:1678:14)
            at afterConnectMultiple (node:net:1708:16) {
          errno: -4078,
          code: 'ECONNREFUSED',
          syscall: 'connect',
          address: '127.0.0.1',
          port: 6379
        }
      ]
    }

    [0m [90m 34 |[39m redisClient[33m.[39mon([32m'error'[39m[33m,[39m (err) [33m=>[39m {
     [90m 35 |[39m   [36mif[39m (process[33m.[39menv[33m.[39m[33mNODE_ENV[39m [33m!==[39m [32m'test'[39m) {
    [31m[1m>[22m[39m[90m 36 |[39m     console[33m.[39merror([32m'[DB] Redis Client Error'[39m[33m,[39m err)[33m;[39m
     [90m    |[39m             [31m[1m^[22m[39m
     [90m 37 |[39m   }
     [90m 38 |[39m })[33m;[39m
     [90m 39 |[39m[0m

      at Class.error (server/config/database.js:36:13)
      at RedisSocket.<anonymous> (node_modules/@redis/client/lib/client/index.ts:796:12)
      at RedisSocket.#connect (node_modules/@redis/client/lib/client/socket.ts:246:14)
      at Class.connect (node_modules/@redis/client/lib/client/index.ts:961:5)
      at connectRedis (server/config/database.js:42:5)
      at server/app.js:79:5

  console.error
    [DB] Redis Client Error AggregateError: 
        at internalConnectMultiple (node:net:1134:18)
        at afterConnectMultiple (node:net:1715:7) {
      code: 'ECONNREFUSED',
      [errors]: [
        Error: connect ECONNREFUSED ::1:6379
            at createConnectionError (node:net:1678:14)
            at afterConnectMultiple (node:net:1708:16) {
          errno: -4078,
          code: 'ECONNREFUSED',
          syscall: 'connect',
          address: '::1',
          port: 6379
        },
        Error: connect ECONNREFUSED 127.0.0.1:6379
            at createConnectionError (node:net:1678:14)
            at afterConnectMultiple (node:net:1708:16) {
          errno: -4078,
          code: 'ECONNREFUSED',
          syscall: 'connect',
          address: '127.0.0.1',
          port: 6379
        }
      ]
    }

    [0m [90m 34 |[39m redisClient[33m.[39mon([32m'error'[39m[33m,[39m (err) [33m=>[39m {
     [90m 35 |[39m   [36mif[39m (process[33m.[39menv[33m.[39m[33mNODE_ENV[39m [33m!==[39m [32m'test'[39m) {
    [31m[1m>[22m[39m[90m 36 |[39m     console[33m.[39merror([32m'[DB] Redis Client Error'[39m[33m,[39m err)[33m;[39m
     [90m    |[39m             [31m[1m^[22m[39m
     [90m 37 |[39m   }
     [90m 38 |[39m })[33m;[39m
     [90m 39 |[39m[0m

      at Class.error (server/config/database.js:36:13)
      at RedisSocket.<anonymous> (node_modules/@redis/client/lib/client/index.ts:796:12)
      at RedisSocket.#connect (node_modules/@redis/client/lib/client/socket.ts:246:14)
      at Class.connect (node_modules/@redis/client/lib/client/index.ts:961:5)
      at connectRedis (server/config/database.js:42:5)
      at server/app.js:79:5

  console.error
    [DB] Redis Client Error AggregateError: 
        at internalConnectMultiple (node:net:1134:18)
        at afterConnectMultiple (node:net:1715:7) {
      code: 'ECONNREFUSED',
      [errors]: [
        Error: connect ECONNREFUSED ::1:6379
            at createConnectionError (node:net:1678:14)
            at afterConnectMultiple (node:net:1708:16) {
          errno: -4078,
          code: 'ECONNREFUSED',
          syscall: 'connect',
          address: '::1',
          port: 6379
        },
        Error: connect ECONNREFUSED 127.0.0.1:6379
            at createConnectionError (node:net:1678:14)
            at afterConnectMultiple (node:net:1708:16) {
          errno: -4078,
          code: 'ECONNREFUSED',
          syscall: 'connect',
          address: '127.0.0.1',
          port: 6379
        }
      ]
    }

    [0m [90m 34 |[39m redisClient[33m.[39mon([32m'error'[39m[33m,[39m (err) [33m=>[39m {
     [90m 35 |[39m   [36mif[39m (process[33m.[39menv[33m.[39m[33mNODE_ENV[39m [33m!==[39m [32m'test'[39m) {
    [31m[1m>[22m[39m[90m 36 |[39m     console[33m.[39merror([32m'[DB] Redis Client Error'[39m[33m,[39m err)[33m;[39m
     [90m    |[39m             [31m[1m^[22m[39m
     [90m 37 |[39m   }
     [90m 38 |[39m })[33m;[39m
     [90m 39 |[39m[0m

      at Class.error (server/config/database.js:36:13)
      at RedisSocket.<anonymous> (node_modules/@redis/client/lib/client/index.ts:796:12)
      at RedisSocket.#connect (node_modules/@redis/client/lib/client/socket.ts:246:14)
      at Class.connect (node_modules/@redis/client/lib/client/index.ts:961:5)
      at connectRedis (server/config/database.js:42:5)
      at server/app.js:79:5

  console.error
    [DB] Redis Client Error AggregateError: 
        at internalConnectMultiple (node:net:1134:18)
        at afterConnectMultiple (node:net:1715:7) {
      code: 'ECONNREFUSED',
      [errors]: [
        Error: connect ECONNREFUSED ::1:6379
            at createConnectionError (node:net:1678:14)
            at afterConnectMultiple (node:net:1708:16) {
          errno: -4078,
          code: 'ECONNREFUSED',
          syscall: 'connect',
          address: '::1',
          port: 6379
        },
        Error: connect ECONNREFUSED 127.0.0.1:6379
            at createConnectionError (node:net:1678:14)
            at afterConnectMultiple (node:net:1708:16) {
          errno: -4078,
          code: 'ECONNREFUSED',
          syscall: 'connect',
          address: '127.0.0.1',
          port: 6379
        }
      ]
    }

    [0m [90m 34 |[39m redisClient[33m.[39mon([32m'error'[39m[33m,[39m (err) [33m=>[39m {
     [90m 35 |[39m   [36mif[39m (process[33m.[39menv[33m.[39m[33mNODE_ENV[39m [33m!==[39m [32m'test'[39m) {
    [31m[1m>[22m[39m[90m 36 |[39m     console[33m.[39merror([32m'[DB] Redis Client Error'[39m[33m,[39m err)[33m;[39m
     [90m    |[39m             [31m[1m^[22m[39m
     [90m 37 |[39m   }
     [90m 38 |[39m })[33m;[39m
     [90m 39 |[39m[0m

      at Class.error (server/config/database.js:36:13)
      at RedisSocket.<anonymous> (node_modules/@redis/client/lib/client/index.ts:796:12)
      at RedisSocket.#connect (node_modules/@redis/client/lib/client/socket.ts:246:14)
      at Class.connect (node_modules/@redis/client/lib/client/index.ts:961:5)
      at connectRedis (server/config/database.js:42:5)
      at server/app.js:79:5

  console.error
    [DB] Redis Client Error AggregateError: 
        at internalConnectMultiple (node:net:1134:18)
        at afterConnectMultiple (node:net:1715:7) {
      code: 'ECONNREFUSED',
      [errors]: [
        Error: connect ECONNREFUSED ::1:6379
            at createConnectionError (node:net:1678:14)
            at afterConnectMultiple (node:net:1708:16) {
          errno: -4078,
          code: 'ECONNREFUSED',
          syscall: 'connect',
          address: '::1',
          port: 6379
        },
        Error: connect ECONNREFUSED 127.0.0.1:6379
            at createConnectionError (node:net:1678:14)
            at afterConnectMultiple (node:net:1708:16) {
          errno: -4078,
          code: 'ECONNREFUSED',
          syscall: 'connect',
          address: '127.0.0.1',
          port: 6379
        }
      ]
    }

    [0m [90m 34 |[39m redisClient[33m.[39mon([32m'error'[39m[33m,[39m (err) [33m=>[39m {
     [90m 35 |[39m   [36mif[39m (process[33m.[39menv[33m.[39m[33mNODE_ENV[39m [33m!==[39m [32m'test'[39m) {
    [31m[1m>[22m[39m[90m 36 |[39m     console[33m.[39merror([32m'[DB] Redis Client Error'[39m[33m,[39m err)[33m;[39m
     [90m    |[39m             [31m[1m^[22m[39m
     [90m 37 |[39m   }
     [90m 38 |[39m })[33m;[39m
     [90m 39 |[39m[0m

      at Class.error (server/config/database.js:36:13)
      at RedisSocket.<anonymous> (node_modules/@redis/client/lib/client/index.ts:796:12)
      at RedisSocket.#connect (node_modules/@redis/client/lib/client/socket.ts:246:14)
      at Class.connect (node_modules/@redis/client/lib/client/index.ts:961:5)
      at connectRedis (server/config/database.js:42:5)
      at server/app.js:79:5

  console.error
    [DB] Redis Client Error AggregateError: 
        at internalConnectMultiple (node:net:1134:18)
        at afterConnectMultiple (node:net:1715:7) {
      code: 'ECONNREFUSED',
      [errors]: [
        Error: connect ECONNREFUSED ::1:6379
            at createConnectionError (node:net:1678:14)
            at afterConnectMultiple (node:net:1708:16) {
          errno: -4078,
          code: 'ECONNREFUSED',
          syscall: 'connect',
          address: '::1',
          port: 6379
        },
        Error: connect ECONNREFUSED 127.0.0.1:6379
            at createConnectionError (node:net:1678:14)
            at afterConnectMultiple (node:net:1708:16) {
          errno: -4078,
          code: 'ECONNREFUSED',
          syscall: 'connect',
          address: '127.0.0.1',
          port: 6379
        }
      ]
    }

    [0m [90m 34 |[39m redisClient[33m.[39mon([32m'error'[39m[33m,[39m (err) [33m=>[39m {
     [90m 35 |[39m   [36mif[39m (process[33m.[39menv[33m.[39m[33mNODE_ENV[39m [33m!==[39m [32m'test'[39m) {
    [31m[1m>[22m[39m[90m 36 |[39m     console[33m.[39merror([32m'[DB] Redis Client Error'[39m[33m,[39m err)[33m;[39m
     [90m    |[39m             [31m[1m^[22m[39m
     [90m 37 |[39m   }
     [90m 38 |[39m })[33m;[39m
     [90m 39 |[39m[0m

      at Class.error (server/config/database.js:36:13)
      at RedisSocket.<anonymous> (node_modules/@redis/client/lib/client/index.ts:796:12)
      at RedisSocket.#connect (node_modules/@redis/client/lib/client/socket.ts:246:14)
      at Class.connect (node_modules/@redis/client/lib/client/index.ts:961:5)
      at connectRedis (server/config/database.js:42:5)
      at server/app.js:79:5

  console.error
    [DB] Redis Client Error AggregateError: 
        at internalConnectMultiple (node:net:1134:18)
        at afterConnectMultiple (node:net:1715:7) {
      code: 'ECONNREFUSED',
      [errors]: [
        Error: connect ECONNREFUSED ::1:6379
            at createConnectionError (node:net:1678:14)
            at afterConnectMultiple (node:net:1708:16) {
          errno: -4078,
          code: 'ECONNREFUSED',
          syscall: 'connect',
          address: '::1',
          port: 6379
        },
        Error: connect ECONNREFUSED 127.0.0.1:6379
            at createConnectionError (node:net:1678:14)
            at afterConnectMultiple (node:net:1708:16) {
          errno: -4078,
          code: 'ECONNREFUSED',
          syscall: 'connect',
          address: '127.0.0.1',
          port: 6379
        }
      ]
    }

    [0m [90m 34 |[39m redisClient[33m.[39mon([32m'error'[39m[33m,[39m (err) [33m=>[39m {
     [90m 35 |[39m   [36mif[39m (process[33m.[39menv[33m.[39m[33mNODE_ENV[39m [33m!==[39m [32m'test'[39m) {
    [31m[1m>[22m[39m[90m 36 |[39m     console[33m.[39merror([32m'[DB] Redis Client Error'[39m[33m,[39m err)[33m;[39m
     [90m    |[39m             [31m[1m^[22m[39m
     [90m 37 |[39m   }
     [90m 38 |[39m })[33m;[39m
     [90m 39 |[39m[0m

      at Class.error (server/config/database.js:36:13)
      at RedisSocket.<anonymous> (node_modules/@redis/client/lib/client/index.ts:796:12)
      at RedisSocket.#connect (node_modules/@redis/client/lib/client/socket.ts:246:14)
      at Class.connect (node_modules/@redis/client/lib/client/index.ts:961:5)
      at connectRedis (server/config/database.js:42:5)
      at server/app.js:79:5

  console.error
    [DB] Redis Client Error AggregateError: 
        at internalConnectMultiple (node:net:1134:18)
        at afterConnectMultiple (node:net:1715:7) {
      code: 'ECONNREFUSED',
      [errors]: [
        Error: connect ECONNREFUSED ::1:6379
            at createConnectionError (node:net:1678:14)
            at afterConnectMultiple (node:net:1708:16) {
          errno: -4078,
          code: 'ECONNREFUSED',
          syscall: 'connect',
          address: '::1',
          port: 6379
        },
        Error: connect ECONNREFUSED 127.0.0.1:6379
            at createConnectionError (node:net:1678:14)
            at afterConnectMultiple (node:net:1708:16) {
          errno: -4078,
          code: 'ECONNREFUSED',
          syscall: 'connect',
          address: '127.0.0.1',
          port: 6379
        }
      ]
    }

    [0m [90m 34 |[39m redisClient[33m.[39mon([32m'error'[39m[33m,[39m (err) [33m=>[39m {
     [90m 35 |[39m   [36mif[39m (process[33m.[39menv[33m.[39m[33mNODE_ENV[39m [33m!==[39m [32m'test'[39m) {
    [31m[1m>[22m[39m[90m 36 |[39m     console[33m.[39merror([32m'[DB] Redis Client Error'[39m[33m,[39m err)[33m;[39m
     [90m    |[39m             [31m[1m^[22m[39m
     [90m 37 |[39m   }
     [90m 38 |[39m })[33m;[39m
     [90m 39 |[39m[0m

      at Class.error (server/config/database.js:36:13)
      at RedisSocket.<anonymous> (node_modules/@redis/client/lib/client/index.ts:796:12)
      at RedisSocket.#connect (node_modules/@redis/client/lib/client/socket.ts:246:14)
      at Class.connect (node_modules/@redis/client/lib/client/index.ts:961:5)
      at connectRedis (server/config/database.js:42:5)
      at server/app.js:79:5

  console.error
    [DB] Redis Client Error AggregateError: 
        at internalConnectMultiple (node:net:1134:18)
        at afterConnectMultiple (node:net:1715:7) {
      code: 'ECONNREFUSED',
      [errors]: [
        Error: connect ECONNREFUSED ::1:6379
            at createConnectionError (node:net:1678:14)
            at afterConnectMultiple (node:net:1708:16) {
          errno: -4078,
          code: 'ECONNREFUSED',
          syscall: 'connect',
          address: '::1',
          port: 6379
        },
        Error: connect ECONNREFUSED 127.0.0.1:6379
            at createConnectionError (node:net:1678:14)
            at afterConnectMultiple (node:net:1708:16) {
          errno: -4078,
          code: 'ECONNREFUSED',
          syscall: 'connect',
          address: '127.0.0.1',
          port: 6379
        }
      ]
    }

    [0m [90m 34 |[39m redisClient[33m.[39mon([32m'error'[39m[33m,[39m (err) [33m=>[39m {
     [90m 35 |[39m   [36mif[39m (process[33m.[39menv[33m.[39m[33mNODE_ENV[39m [33m!==[39m [32m'test'[39m) {
    [31m[1m>[22m[39m[90m 36 |[39m     console[33m.[39merror([32m'[DB] Redis Client Error'[39m[33m,[39m err)[33m;[39m
     [90m    |[39m             [31m[1m^[22m[39m
     [90m 37 |[39m   }
     [90m 38 |[39m })[33m;[39m
     [90m 39 |[39m[0m

      at Class.error (server/config/database.js:36:13)
      at RedisSocket.<anonymous> (node_modules/@redis/client/lib/client/index.ts:796:12)
      at RedisSocket.#connect (node_modules/@redis/client/lib/client/socket.ts:246:14)
      at Class.connect (node_modules/@redis/client/lib/client/index.ts:961:5)
      at connectRedis (server/config/database.js:42:5)
      at server/app.js:79:5

  console.error
    [DB] Redis Client Error AggregateError: 
        at internalConnectMultiple (node:net:1134:18)
        at afterConnectMultiple (node:net:1715:7) {
      code: 'ECONNREFUSED',
      [errors]: [
        Error: connect ECONNREFUSED ::1:6379
            at createConnectionError (node:net:1678:14)
            at afterConnectMultiple (node:net:1708:16) {
          errno: -4078,
          code: 'ECONNREFUSED',
          syscall: 'connect',
          address: '::1',
          port: 6379
        },
        Error: connect ECONNREFUSED 127.0.0.1:6379
            at createConnectionError (node:net:1678:14)
            at afterConnectMultiple (node:net:1708:16) {
          errno: -4078,
          code: 'ECONNREFUSED',
          syscall: 'connect',
          address: '127.0.0.1',
          port: 6379
        }
      ]
    }

    [0m [90m 34 |[39m redisClient[33m.[39mon([32m'error'[39m[33m,[39m (err) [33m=>[39m {
     [90m 35 |[39m   [36mif[39m (process[33m.[39menv[33m.[39m[33mNODE_ENV[39m [33m!==[39m [32m'test'[39m) {
    [31m[1m>[22m[39m[90m 36 |[39m     console[33m.[39merror([32m'[DB] Redis Client Error'[39m[33m,[39m err)[33m;[39m
     [90m    |[39m             [31m[1m^[22m[39m
     [90m 37 |[39m   }
     [90m 38 |[39m })[33m;[39m
     [90m 39 |[39m[0m

      at Class.error (server/config/database.js:36:13)
      at RedisSocket.<anonymous> (node_modules/@redis/client/lib/client/index.ts:796:12)
      at RedisSocket.#connect (node_modules/@redis/client/lib/client/socket.ts:246:14)
      at Class.connect (node_modules/@redis/client/lib/client/index.ts:961:5)
      at connectRedis (server/config/database.js:42:5)
      at server/app.js:79:5

  console.error
    [DB] Redis Client Error AggregateError: 
        at internalConnectMultiple (node:net:1134:18)
        at afterConnectMultiple (node:net:1715:7) {
      code: 'ECONNREFUSED',
      [errors]: [
        Error: connect ECONNREFUSED ::1:6379
            at createConnectionError (node:net:1678:14)
            at afterConnectMultiple (node:net:1708:16) {
          errno: -4078,
          code: 'ECONNREFUSED',
          syscall: 'connect',
          address: '::1',
          port: 6379
        },
        Error: connect ECONNREFUSED 127.0.0.1:6379
            at createConnectionError (node:net:1678:14)
            at afterConnectMultiple (node:net:1708:16) {
          errno: -4078,
          code: 'ECONNREFUSED',
          syscall: 'connect',
          address: '127.0.0.1',
          port: 6379
        }
      ]
    }

    [0m [90m 34 |[39m redisClient[33m.[39mon([32m'error'[39m[33m,[39m (err) [33m=>[39m {
     [90m 35 |[39m   [36mif[39m (process[33m.[39menv[33m.[39m[33mNODE_ENV[39m [33m!==[39m [32m'test'[39m) {
    [31m[1m>[22m[39m[90m 36 |[39m     console[33m.[39merror([32m'[DB] Redis Client Error'[39m[33m,[39m err)[33m;[39m
     [90m    |[39m             [31m[1m^[22m[39m
     [90m 37 |[39m   }
     [90m 38 |[39m })[33m;[39m
     [90m 39 |[39m[0m

      at Class.error (server/config/database.js:36:13)
      at RedisSocket.<anonymous> (node_modules/@redis/client/lib/client/index.ts:796:12)
      at RedisSocket.#connect (node_modules/@redis/client/lib/client/socket.ts:246:14)
      at Class.connect (node_modules/@redis/client/lib/client/index.ts:961:5)
      at connectRedis (server/config/database.js:42:5)
      at server/app.js:79:5

  console.error
    [DB] Redis Client Error AggregateError: 
        at internalConnectMultiple (node:net:1134:18)
        at afterConnectMultiple (node:net:1715:7) {
      code: 'ECONNREFUSED',
      [errors]: [
        Error: connect ECONNREFUSED ::1:6379
            at createConnectionError (node:net:1678:14)
            at afterConnectMultiple (node:net:1708:16) {
          errno: -4078,
          code: 'ECONNREFUSED',
          syscall: 'connect',
          address: '::1',
          port: 6379
        },
        Error: connect ECONNREFUSED 127.0.0.1:6379
            at createConnectionError (node:net:1678:14)
            at afterConnectMultiple (node:net:1708:16) {
          errno: -4078,
          code: 'ECONNREFUSED',
          syscall: 'connect',
          address: '127.0.0.1',
          port: 6379
        }
      ]
    }

    [0m [90m 34 |[39m redisClient[33m.[39mon([32m'error'[39m[33m,[39m (err) [33m=>[39m {
     [90m 35 |[39m   [36mif[39m (process[33m.[39menv[33m.[39m[33mNODE_ENV[39m [33m!==[39m [32m'test'[39m) {
    [31m[1m>[22m[39m[90m 36 |[39m     console[33m.[39merror([32m'[DB] Redis Client Error'[39m[33m,[39m err)[33m;[39m
     [90m    |[39m             [31m[1m^[22m[39m
     [90m 37 |[39m   }
     [90m 38 |[39m })[33m;[39m
     [90m 39 |[39m[0m

      at Class.error (server/config/database.js:36:13)
      at RedisSocket.<anonymous> (node_modules/@redis/client/lib/client/index.ts:796:12)
      at RedisSocket.#connect (node_modules/@redis/client/lib/client/socket.ts:246:14)
      at Class.connect (node_modules/@redis/client/lib/client/index.ts:961:5)
      at connectRedis (server/config/database.js:42:5)
      at server/app.js:79:5

  console.error
    [DB] Redis Client Error AggregateError: 
        at internalConnectMultiple (node:net:1134:18)
        at afterConnectMultiple (node:net:1715:7) {
      code: 'ECONNREFUSED',
      [errors]: [
        Error: connect ECONNREFUSED ::1:6379
            at createConnectionError (node:net:1678:14)
            at afterConnectMultiple (node:net:1708:16) {
          errno: -4078,
          code: 'ECONNREFUSED',
          syscall: 'connect',
          address: '::1',
          port: 6379
        },
        Error: connect ECONNREFUSED 127.0.0.1:6379
            at createConnectionError (node:net:1678:14)
            at afterConnectMultiple (node:net:1708:16) {
          errno: -4078,
          code: 'ECONNREFUSED',
          syscall: 'connect',
          address: '127.0.0.1',
          port: 6379
        }
      ]
    }

    [0m [90m 34 |[39m redisClient[33m.[39mon([32m'error'[39m[33m,[39m (err) [33m=>[39m {
     [90m 35 |[39m   [36mif[39m (process[33m.[39menv[33m.[39m[33mNODE_ENV[39m [33m!==[39m [32m'test'[39m) {
    [31m[1m>[22m[39m[90m 36 |[39m     console[33m.[39merror([32m'[DB] Redis Client Error'[39m[33m,[39m err)[33m;[39m
     [90m    |[39m             [31m[1m^[22m[39m
     [90m 37 |[39m   }
     [90m 38 |[39m })[33m;[39m
     [90m 39 |[39m[0m

      at Class.error (server/config/database.js:36:13)
      at RedisSocket.<anonymous> (node_modules/@redis/client/lib/client/index.ts:796:12)
      at RedisSocket.#connect (node_modules/@redis/client/lib/client/socket.ts:246:14)
      at Class.connect (node_modules/@redis/client/lib/client/index.ts:961:5)
      at connectRedis (server/config/database.js:42:5)
      at server/app.js:79:5

  console.error
    [DB] Redis Client Error AggregateError: 
        at internalConnectMultiple (node:net:1134:18)
        at afterConnectMultiple (node:net:1715:7) {
      code: 'ECONNREFUSED',
      [errors]: [
        Error: connect ECONNREFUSED ::1:6379
            at createConnectionError (node:net:1678:14)
            at afterConnectMultiple (node:net:1708:16) {
          errno: -4078,
          code: 'ECONNREFUSED',
          syscall: 'connect',
          address: '::1',
          port: 6379
        },
        Error: connect ECONNREFUSED 127.0.0.1:6379
            at createConnectionError (node:net:1678:14)
            at afterConnectMultiple (node:net:1708:16) {
          errno: -4078,
          code: 'ECONNREFUSED',
          syscall: 'connect',
          address: '127.0.0.1',
          port: 6379
        }
      ]
    }

    [0m [90m 34 |[39m redisClient[33m.[39mon([32m'error'[39m[33m,[39m (err) [33m=>[39m {
     [90m 35 |[39m   [36mif[39m (process[33m.[39menv[33m.[39m[33mNODE_ENV[39m [33m!==[39m [32m'test'[39m) {
    [31m[1m>[22m[39m[90m 36 |[39m     console[33m.[39merror([32m'[DB] Redis Client Error'[39m[33m,[39m err)[33m;[39m
     [90m    |[39m             [31m[1m^[22m[39m
     [90m 37 |[39m   }
     [90m 38 |[39m })[33m;[39m
     [90m 39 |[39m[0m

      at Class.error (server/config/database.js:36:13)
      at RedisSocket.<anonymous> (node_modules/@redis/client/lib/client/index.ts:796:12)
      at RedisSocket.#connect (node_modules/@redis/client/lib/client/socket.ts:246:14)
      at Class.connect (node_modules/@redis/client/lib/client/index.ts:961:5)
      at connectRedis (server/config/database.js:42:5)
      at server/app.js:79:5

  console.error
    [DB] Redis Client Error AggregateError: 
        at internalConnectMultiple (node:net:1134:18)
        at afterConnectMultiple (node:net:1715:7) {
      code: 'ECONNREFUSED',
      [errors]: [
        Error: connect ECONNREFUSED ::1:6379
            at createConnectionError (node:net:1678:14)
            at afterConnectMultiple (node:net:1708:16) {
          errno: -4078,
          code: 'ECONNREFUSED',
          syscall: 'connect',
          address: '::1',
          port: 6379
        },
        Error: connect ECONNREFUSED 127.0.0.1:6379
            at createConnectionError (node:net:1678:14)
            at afterConnectMultiple (node:net:1708:16) {
          errno: -4078,
          code: 'ECONNREFUSED',
          syscall: 'connect',
          address: '127.0.0.1',
          port: 6379
        }
      ]
    }

    [0m [90m 34 |[39m redisClient[33m.[39mon([32m'error'[39m[33m,[39m (err) [33m=>[39m {
     [90m 35 |[39m   [36mif[39m (process[33m.[39menv[33m.[39m[33mNODE_ENV[39m [33m!==[39m [32m'test'[39m) {
    [31m[1m>[22m[39m[90m 36 |[39m     console[33m.[39merror([32m'[DB] Redis Client Error'[39m[33m,[39m err)[33m;[39m
     [90m    |[39m             [31m[1m^[22m[39m
     [90m 37 |[39m   }
     [90m 38 |[39m })[33m;[39m
     [90m 39 |[39m[0m

      at Class.error (server/config/database.js:36:13)
      at RedisSocket.<anonymous> (node_modules/@redis/client/lib/client/index.ts:796:12)
      at RedisSocket.#connect (node_modules/@redis/client/lib/client/socket.ts:246:14)
      at Class.connect (node_modules/@redis/client/lib/client/index.ts:961:5)
      at connectRedis (server/config/database.js:42:5)
      at server/app.js:79:5

  console.error
    [DB] Redis Client Error AggregateError: 
        at internalConnectMultiple (node:net:1134:18)
        at afterConnectMultiple (node:net:1715:7) {
      code: 'ECONNREFUSED',
      [errors]: [
        Error: connect ECONNREFUSED ::1:6379
            at createConnectionError (node:net:1678:14)
            at afterConnectMultiple (node:net:1708:16) {
          errno: -4078,
          code: 'ECONNREFUSED',
          syscall: 'connect',
          address: '::1',
          port: 6379
        },
        Error: connect ECONNREFUSED 127.0.0.1:6379
            at createConnectionError (node:net:1678:14)
            at afterConnectMultiple (node:net:1708:16) {
          errno: -4078,
          code: 'ECONNREFUSED',
          syscall: 'connect',
          address: '127.0.0.1',
          port: 6379
        }
      ]
    }

    [0m [90m 34 |[39m redisClient[33m.[39mon([32m'error'[39m[33m,[39m (err) [33m=>[39m {
     [90m 35 |[39m   [36mif[39m (process[33m.[39menv[33m.[39m[33mNODE_ENV[39m [33m!==[39m [32m'test'[39m) {
    [31m[1m>[22m[39m[90m 36 |[39m     console[33m.[39merror([32m'[DB] Redis Client Error'[39m[33m,[39m err)[33m;[39m
     [90m    |[39m             [31m[1m^[22m[39m
     [90m 37 |[39m   }
     [90m 38 |[39m })[33m;[39m
     [90m 39 |[39m[0m

      at Class.error (server/config/database.js:36:13)
      at RedisSocket.<anonymous> (node_modules/@redis/client/lib/client/index.ts:796:12)
      at RedisSocket.#connect (node_modules/@redis/client/lib/client/socket.ts:246:14)
      at Class.connect (node_modules/@redis/client/lib/client/index.ts:961:5)
      at connectRedis (server/config/database.js:42:5)
      at server/app.js:79:5

  console.error
    [DB] Redis Client Error AggregateError: 
        at internalConnectMultiple (node:net:1134:18)
        at afterConnectMultiple (node:net:1715:7) {
      code: 'ECONNREFUSED',
      [errors]: [
        Error: connect ECONNREFUSED ::1:6379
            at createConnectionError (node:net:1678:14)
            at afterConnectMultiple (node:net:1708:16) {
          errno: -4078,
          code: 'ECONNREFUSED',
          syscall: 'connect',
          address: '::1',
          port: 6379
        },
        Error: connect ECONNREFUSED 127.0.0.1:6379
            at createConnectionError (node:net:1678:14)
            at afterConnectMultiple (node:net:1708:16) {
          errno: -4078,
          code: 'ECONNREFUSED',
          syscall: 'connect',
          address: '127.0.0.1',
          port: 6379
        }
      ]
    }

    [0m [90m 34 |[39m redisClient[33m.[39mon([32m'error'[39m[33m,[39m (err) [33m=>[39m {
     [90m 35 |[39m   [36mif[39m (process[33m.[39menv[33m.[39m[33mNODE_ENV[39m [33m!==[39m [32m'test'[39m) {
    [31m[1m>[22m[39m[90m 36 |[39m     console[33m.[39merror([32m'[DB] Redis Client Error'[39m[33m,[39m err)[33m;[39m
     [90m    |[39m             [31m[1m^[22m[39m
     [90m 37 |[39m   }
     [90m 38 |[39m })[33m;[39m
     [90m 39 |[39m[0m

      at Class.error (server/config/database.js:36:13)
      at RedisSocket.<anonymous> (node_modules/@redis/client/lib/client/index.ts:796:12)
      at RedisSocket.#connect (node_modules/@redis/client/lib/client/socket.ts:246:14)
      at Class.connect (node_modules/@redis/client/lib/client/index.ts:961:5)
      at connectRedis (server/config/database.js:42:5)
      at server/app.js:79:5

  console.error
    [DB] Redis Client Error AggregateError: 
        at internalConnectMultiple (node:net:1134:18)
        at afterConnectMultiple (node:net:1715:7) {
      code: 'ECONNREFUSED',
      [errors]: [
        Error: connect ECONNREFUSED ::1:6379
            at createConnectionError (node:net:1678:14)
            at afterConnectMultiple (node:net:1708:16) {
          errno: -4078,
          code: 'ECONNREFUSED',
          syscall: 'connect',
          address: '::1',
          port: 6379
        },
        Error: connect ECONNREFUSED 127.0.0.1:6379
            at createConnectionError (node:net:1678:14)
            at afterConnectMultiple (node:net:1708:16) {
          errno: -4078,
          code: 'ECONNREFUSED',
          syscall: 'connect',
          address: '127.0.0.1',
          port: 6379
        }
      ]
    }

    [0m [90m 34 |[39m redisClient[33m.[39mon([32m'error'[39m[33m,[39m (err) [33m=>[39m {
     [90m 35 |[39m   [36mif[39m (process[33m.[39menv[33m.[39m[33mNODE_ENV[39m [33m!==[39m [32m'test'[39m) {
    [31m[1m>[22m[39m[90m 36 |[39m     console[33m.[39merror([32m'[DB] Redis Client Error'[39m[33m,[39m err)[33m;[39m
     [90m    |[39m             [31m[1m^[22m[39m
     [90m 37 |[39m   }
     [90m 38 |[39m })[33m;[39m
     [90m 39 |[39m[0m

      at Class.error (server/config/database.js:36:13)
      at RedisSocket.<anonymous> (node_modules/@redis/client/lib/client/index.ts:796:12)
      at RedisSocket.#connect (node_modules/@redis/client/lib/client/socket.ts:246:14)
      at Class.connect (node_modules/@redis/client/lib/client/index.ts:961:5)
      at connectRedis (server/config/database.js:42:5)
      at server/app.js:79:5

  console.error
    [DB] Redis Client Error AggregateError: 
        at internalConnectMultiple (node:net:1134:18)
        at afterConnectMultiple (node:net:1715:7) {
      code: 'ECONNREFUSED',
      [errors]: [
        Error: connect ECONNREFUSED ::1:6379
            at createConnectionError (node:net:1678:14)
            at afterConnectMultiple (node:net:1708:16) {
          errno: -4078,
          code: 'ECONNREFUSED',
          syscall: 'connect',
          address: '::1',
          port: 6379
        },
        Error: connect ECONNREFUSED 127.0.0.1:6379
            at createConnectionError (node:net:1678:14)
            at afterConnectMultiple (node:net:1708:16) {
          errno: -4078,
          code: 'ECONNREFUSED',
          syscall: 'connect',
          address: '127.0.0.1',
          port: 6379
        }
      ]
    }

    [0m [90m 34 |[39m redisClient[33m.[39mon([32m'error'[39m[33m,[39m (err) [33m=>[39m {
     [90m 35 |[39m   [36mif[39m (process[33m.[39menv[33m.[39m[33mNODE_ENV[39m [33m!==[39m [32m'test'[39m) {
    [31m[1m>[22m[39m[90m 36 |[39m     console[33m.[39merror([32m'[DB] Redis Client Error'[39m[33m,[39m err)[33m;[39m
     [90m    |[39m             [31m[1m^[22m[39m
     [90m 37 |[39m   }
     [90m 38 |[39m })[33m;[39m
     [90m 39 |[39m[0m

      at Class.error (server/config/database.js:36:13)
      at RedisSocket.<anonymous> (node_modules/@redis/client/lib/client/index.ts:796:12)
      at RedisSocket.#connect (node_modules/@redis/client/lib/client/socket.ts:246:14)
      at Class.connect (node_modules/@redis/client/lib/client/index.ts:961:5)
      at connectRedis (server/config/database.js:42:5)
      at server/app.js:79:5

  console.error
    [DB] Redis Client Error AggregateError: 
        at internalConnectMultiple (node:net:1134:18)
        at afterConnectMultiple (node:net:1715:7) {
      code: 'ECONNREFUSED',
      [errors]: [
        Error: connect ECONNREFUSED ::1:6379
            at createConnectionError (node:net:1678:14)
            at afterConnectMultiple (node:net:1708:16) {
          errno: -4078,
          code: 'ECONNREFUSED',
          syscall: 'connect',
          address: '::1',
          port: 6379
        },
        Error: connect ECONNREFUSED 127.0.0.1:6379
            at createConnectionError (node:net:1678:14)
            at afterConnectMultiple (node:net:1708:16) {
          errno: -4078,
          code: 'ECONNREFUSED',
          syscall: 'connect',
          address: '127.0.0.1',
          port: 6379
        }
      ]
    }

    [0m [90m 34 |[39m redisClient[33m.[39mon([32m'error'[39m[33m,[39m (err) [33m=>[39m {
     [90m 35 |[39m   [36mif[39m (process[33m.[39menv[33m.[39m[33mNODE_ENV[39m [33m!==[39m [32m'test'[39m) {
    [31m[1m>[22m[39m[90m 36 |[39m     console[33m.[39merror([32m'[DB] Redis Client Error'[39m[33m,[39m err)[33m;[39m
     [90m    |[39m             [31m[1m^[22m[39m
     [90m 37 |[39m   }
     [90m 38 |[39m })[33m;[39m
     [90m 39 |[39m[0m

      at Class.error (server/config/database.js:36:13)
      at RedisSocket.<anonymous> (node_modules/@redis/client/lib/client/index.ts:796:12)
      at RedisSocket.#connect (node_modules/@redis/client/lib/client/socket.ts:246:14)
      at Class.connect (node_modules/@redis/client/lib/client/index.ts:961:5)
      at connectRedis (server/config/database.js:42:5)
      at server/app.js:79:5

  console.error
    [DB] Redis Client Error AggregateError: 
        at internalConnectMultiple (node:net:1134:18)
        at afterConnectMultiple (node:net:1715:7) {
      code: 'ECONNREFUSED',
      [errors]: [
        Error: connect ECONNREFUSED ::1:6379
            at createConnectionError (node:net:1678:14)
            at afterConnectMultiple (node:net:1708:16) {
          errno: -4078,
          code: 'ECONNREFUSED',
          syscall: 'connect',
          address: '::1',
          port: 6379
        },
        Error: connect ECONNREFUSED 127.0.0.1:6379
            at createConnectionError (node:net:1678:14)
            at afterConnectMultiple (node:net:1708:16) {
          errno: -4078,
          code: 'ECONNREFUSED',
          syscall: 'connect',
          address: '127.0.0.1',
          port: 6379
        }
      ]
    }

    [0m [90m 34 |[39m redisClient[33m.[39mon([32m'error'[39m[33m,[39m (err) [33m=>[39m {
     [90m 35 |[39m   [36mif[39m (process[33m.[39menv[33m.[39m[33mNODE_ENV[39m [33m!==[39m [32m'test'[39m) {
    [31m[1m>[22m[39m[90m 36 |[39m     console[33m.[39merror([32m'[DB] Redis Client Error'[39m[33m,[39m err)[33m;[39m
     [90m    |[39m             [31m[1m^[22m[39m
     [90m 37 |[39m   }
     [90m 38 |[39m })[33m;[39m
     [90m 39 |[39m[0m

      at Class.error (server/config/database.js:36:13)
      at RedisSocket.<anonymous> (node_modules/@redis/client/lib/client/index.ts:796:12)
      at RedisSocket.#connect (node_modules/@redis/client/lib/client/socket.ts:246:14)
      at Class.connect (node_modules/@redis/client/lib/client/index.ts:961:5)
      at connectRedis (server/config/database.js:42:5)
      at server/app.js:79:5

  console.error
    [DB] Redis Client Error AggregateError: 
        at internalConnectMultiple (node:net:1134:18)
        at afterConnectMultiple (node:net:1715:7) {
      code: 'ECONNREFUSED',
      [errors]: [
        Error: connect ECONNREFUSED ::1:6379
            at createConnectionError (node:net:1678:14)
            at afterConnectMultiple (node:net:1708:16) {
          errno: -4078,
          code: 'ECONNREFUSED',
          syscall: 'connect',
          address: '::1',
          port: 6379
        },
        Error: connect ECONNREFUSED 127.0.0.1:6379
            at createConnectionError (node:net:1678:14)
            at afterConnectMultiple (node:net:1708:16) {
          errno: -4078,
          code: 'ECONNREFUSED',
          syscall: 'connect',
          address: '127.0.0.1',
          port: 6379
        }
      ]
    }

    [0m [90m 34 |[39m redisClient[33m.[39mon([32m'error'[39m[33m,[39m (err) [33m=>[39m {
     [90m 35 |[39m   [36mif[39m (process[33m.[39menv[33m.[39m[33mNODE_ENV[39m [33m!==[39m [32m'test'[39m) {
    [31m[1m>[22m[39m[90m 36 |[39m     console[33m.[39merror([32m'[DB] Redis Client Error'[39m[33m,[39m err)[33m;[39m
     [90m    |[39m             [31m[1m^[22m[39m
     [90m 37 |[39m   }
     [90m 38 |[39m })[33m;[39m
     [90m 39 |[39m[0m

      at Class.error (server/config/database.js:36:13)
      at RedisSocket.<anonymous> (node_modules/@redis/client/lib/client/index.ts:796:12)
      at RedisSocket.#connect (node_modules/@redis/client/lib/client/socket.ts:246:14)
      at Class.connect (node_modules/@redis/client/lib/client/index.ts:961:5)
      at connectRedis (server/config/database.js:42:5)
      at server/app.js:79:5

  console.error
    [DB] Redis Client Error AggregateError: 
        at internalConnectMultiple (node:net:1134:18)
        at afterConnectMultiple (node:net:1715:7) {
      code: 'ECONNREFUSED',
      [errors]: [
        Error: connect ECONNREFUSED ::1:6379
            at createConnectionError (node:net:1678:14)
            at afterConnectMultiple (node:net:1708:16) {
          errno: -4078,
          code: 'ECONNREFUSED',
          syscall: 'connect',
          address: '::1',
          port: 6379
        },
        Error: connect ECONNREFUSED 127.0.0.1:6379
            at createConnectionError (node:net:1678:14)
            at afterConnectMultiple (node:net:1708:16) {
          errno: -4078,
          code: 'ECONNREFUSED',
          syscall: 'connect',
          address: '127.0.0.1',
          port: 6379
        }
      ]
    }

    [0m [90m 34 |[39m redisClient[33m.[39mon([32m'error'[39m[33m,[39m (err) [33m=>[39m {
     [90m 35 |[39m   [36mif[39m (process[33m.[39menv[33m.[39m[33mNODE_ENV[39m [33m!==[39m [32m'test'[39m) {
    [31m[1m>[22m[39m[90m 36 |[39m     console[33m.[39merror([32m'[DB] Redis Client Error'[39m[33m,[39m err)[33m;[39m
     [90m    |[39m             [31m[1m^[22m[39m
     [90m 37 |[39m   }
     [90m 38 |[39m })[33m;[39m
     [90m 39 |[39m[0m

      at Class.error (server/config/database.js:36:13)
      at RedisSocket.<anonymous> (node_modules/@redis/client/lib/client/index.ts:796:12)
      at RedisSocket.#connect (node_modules/@redis/client/lib/client/socket.ts:246:14)
      at Class.connect (node_modules/@redis/client/lib/client/index.ts:961:5)
      at connectRedis (server/config/database.js:42:5)
      at server/app.js:79:5

  console.error
    [DB] Redis Client Error AggregateError: 
        at internalConnectMultiple (node:net:1134:18)
        at afterConnectMultiple (node:net:1715:7) {
      code: 'ECONNREFUSED',
      [errors]: [
        Error: connect ECONNREFUSED ::1:6379
            at createConnectionError (node:net:1678:14)
            at afterConnectMultiple (node:net:1708:16) {
          errno: -4078,
          code: 'ECONNREFUSED',
          syscall: 'connect',
          address: '::1',
          port: 6379
        },
        Error: connect ECONNREFUSED 127.0.0.1:6379
            at createConnectionError (node:net:1678:14)
            at afterConnectMultiple (node:net:1708:16) {
          errno: -4078,
          code: 'ECONNREFUSED',
          syscall: 'connect',
          address: '127.0.0.1',
          port: 6379
        }
      ]
    }

    [0m [90m 34 |[39m redisClient[33m.[39mon([32m'error'[39m[33m,[39m (err) [33m=>[39m {
     [90m 35 |[39m   [36mif[39m (process[33m.[39menv[33m.[39m[33mNODE_ENV[39m [33m!==[39m [32m'test'[39m) {
    [31m[1m>[22m[39m[90m 36 |[39m     console[33m.[39merror([32m'[DB] Redis Client Error'[39m[33m,[39m err)[33m;[39m
     [90m    |[39m             [31m[1m^[22m[39m
     [90m 37 |[39m   }
     [90m 38 |[39m })[33m;[39m
     [90m 39 |[39m[0m

      at Class.error (server/config/database.js:36:13)
      at RedisSocket.<anonymous> (node_modules/@redis/client/lib/client/index.ts:796:12)
      at RedisSocket.#connect (node_modules/@redis/client/lib/client/socket.ts:246:14)
      at Class.connect (node_modules/@redis/client/lib/client/index.ts:961:5)
      at connectRedis (server/config/database.js:42:5)
      at server/app.js:79:5

  console.error
    [DB] Redis Client Error AggregateError: 
        at internalConnectMultiple (node:net:1134:18)
        at afterConnectMultiple (node:net:1715:7) {
      code: 'ECONNREFUSED',
      [errors]: [
        Error: connect ECONNREFUSED ::1:6379
            at createConnectionError (node:net:1678:14)
            at afterConnectMultiple (node:net:1708:16) {
          errno: -4078,
          code: 'ECONNREFUSED',
          syscall: 'connect',
          address: '::1',
          port: 6379
        },
        Error: connect ECONNREFUSED 127.0.0.1:6379
            at createConnectionError (node:net:1678:14)
            at afterConnectMultiple (node:net:1708:16) {
          errno: -4078,
          code: 'ECONNREFUSED',
          syscall: 'connect',
          address: '127.0.0.1',
          port: 6379
        }
      ]
    }

    [0m [90m 34 |[39m redisClient[33m.[39mon([32m'error'[39m[33m,[39m (err) [33m=>[39m {
     [90m 35 |[39m   [36mif[39m (process[33m.[39menv[33m.[39m[33mNODE_ENV[39m [33m!==[39m [32m'test'[39m) {
    [31m[1m>[22m[39m[90m 36 |[39m     console[33m.[39merror([32m'[DB] Redis Client Error'[39m[33m,[39m err)[33m;[39m
     [90m    |[39m             [31m[1m^[22m[39m
     [90m 37 |[39m   }
     [90m 38 |[39m })[33m;[39m
     [90m 39 |[39m[0m

      at Class.error (server/config/database.js:36:13)
      at RedisSocket.<anonymous> (node_modules/@redis/client/lib/client/index.ts:796:12)
      at RedisSocket.#connect (node_modules/@redis/client/lib/client/socket.ts:246:14)
      at Class.connect (node_modules/@redis/client/lib/client/index.ts:961:5)
      at connectRedis (server/config/database.js:42:5)
      at server/app.js:79:5

  console.error
    [DB] Redis Client Error AggregateError: 
        at internalConnectMultiple (node:net:1134:18)
        at afterConnectMultiple (node:net:1715:7) {
      code: 'ECONNREFUSED',
      [errors]: [
        Error: connect ECONNREFUSED ::1:6379
            at createConnectionError (node:net:1678:14)
            at afterConnectMultiple (node:net:1708:16) {
          errno: -4078,
          code: 'ECONNREFUSED',
          syscall: 'connect',
          address: '::1',
          port: 6379
        },
        Error: connect ECONNREFUSED 127.0.0.1:6379
            at createConnectionError (node:net:1678:14)
            at afterConnectMultiple (node:net:1708:16) {
          errno: -4078,
          code: 'ECONNREFUSED',
          syscall: 'connect',
          address: '127.0.0.1',
          port: 6379
        }
      ]
    }

    [0m [90m 34 |[39m redisClient[33m.[39mon([32m'error'[39m[33m,[39m (err) [33m=>[39m {
     [90m 35 |[39m   [36mif[39m (process[33m.[39menv[33m.[39m[33mNODE_ENV[39m [33m!==[39m [32m'test'[39m) {
    [31m[1m>[22m[39m[90m 36 |[39m     console[33m.[39merror([32m'[DB] Redis Client Error'[39m[33m,[39m err)[33m;[39m
     [90m    |[39m             [31m[1m^[22m[39m
     [90m 37 |[39m   }
     [90m 38 |[39m })[33m;[39m
     [90m 39 |[39m[0m

      at Class.error (server/config/database.js:36:13)
      at RedisSocket.<anonymous> (node_modules/@redis/client/lib/client/index.ts:796:12)
      at RedisSocket.#connect (node_modules/@redis/client/lib/client/socket.ts:246:14)
      at Class.connect (node_modules/@redis/client/lib/client/index.ts:961:5)
      at connectRedis (server/config/database.js:42:5)
      at server/app.js:79:5

  console.error
    [DB] Redis Client Error AggregateError: 
        at internalConnectMultiple (node:net:1134:18)
        at afterConnectMultiple (node:net:1715:7) {
      code: 'ECONNREFUSED',
      [errors]: [
        Error: connect ECONNREFUSED ::1:6379
            at createConnectionError (node:net:1678:14)
            at afterConnectMultiple (node:net:1708:16) {
          errno: -4078,
          code: 'ECONNREFUSED',
          syscall: 'connect',
          address: '::1',
          port: 6379
        },
        Error: connect ECONNREFUSED 127.0.0.1:6379
            at createConnectionError (node:net:1678:14)
            at afterConnectMultiple (node:net:1708:16) {
          errno: -4078,
          code: 'ECONNREFUSED',
          syscall: 'connect',
          address: '127.0.0.1',
          port: 6379
        }
      ]
    }

    [0m [90m 34 |[39m redisClient[33m.[39mon([32m'error'[39m[33m,[39m (err) [33m=>[39m {
     [90m 35 |[39m   [36mif[39m (process[33m.[39menv[33m.[39m[33mNODE_ENV[39m [33m!==[39m [32m'test'[39m) {
    [31m[1m>[22m[39m[90m 36 |[39m     console[33m.[39merror([32m'[DB] Redis Client Error'[39m[33m,[39m err)[33m;[39m
     [90m    |[39m             [31m[1m^[22m[39m
     [90m 37 |[39m   }
     [90m 38 |[39m })[33m;[39m
     [90m 39 |[39m[0m

      at Class.error (server/config/database.js:36:13)
      at RedisSocket.<anonymous> (node_modules/@redis/client/lib/client/index.ts:796:12)
      at RedisSocket.#connect (node_modules/@redis/client/lib/client/socket.ts:246:14)
      at Class.connect (node_modules/@redis/client/lib/client/index.ts:961:5)
      at connectRedis (server/config/database.js:42:5)
      at server/app.js:79:5

  console.error
    [DB] Redis Client Error AggregateError: 
        at internalConnectMultiple (node:net:1134:18)
        at afterConnectMultiple (node:net:1715:7) {
      code: 'ECONNREFUSED',
      [errors]: [
        Error: connect ECONNREFUSED ::1:6379
            at createConnectionError (node:net:1678:14)
            at afterConnectMultiple (node:net:1708:16) {
          errno: -4078,
          code: 'ECONNREFUSED',
          syscall: 'connect',
          address: '::1',
          port: 6379
        },
        Error: connect ECONNREFUSED 127.0.0.1:6379
            at createConnectionError (node:net:1678:14)
            at afterConnectMultiple (node:net:1708:16) {
          errno: -4078,
          code: 'ECONNREFUSED',
          syscall: 'connect',
          address: '127.0.0.1',
          port: 6379
        }
      ]
    }

    [0m [90m 34 |[39m redisClient[33m.[39mon([32m'error'[39m[33m,[39m (err) [33m=>[39m {
     [90m 35 |[39m   [36mif[39m (process[33m.[39menv[33m.[39m[33mNODE_ENV[39m [33m!==[39m [32m'test'[39m) {
    [31m[1m>[22m[39m[90m 36 |[39m     console[33m.[39merror([32m'[DB] Redis Client Error'[39m[33m,[39m err)[33m;[39m
     [90m    |[39m             [31m[1m^[22m[39m
     [90m 37 |[39m   }
     [90m 38 |[39m })[33m;[39m
     [90m 39 |[39m[0m

      at Class.error (server/config/database.js:36:13)
      at RedisSocket.<anonymous> (node_modules/@redis/client/lib/client/index.ts:796:12)
      at RedisSocket.#connect (node_modules/@redis/client/lib/client/socket.ts:246:14)
      at Class.connect (node_modules/@redis/client/lib/client/index.ts:961:5)
      at connectRedis (server/config/database.js:42:5)
      at server/app.js:79:5

  console.error
    [DB] Redis Client Error AggregateError: 
        at internalConnectMultiple (node:net:1134:18)
        at afterConnectMultiple (node:net:1715:7) {
      code: 'ECONNREFUSED',
      [errors]: [
        Error: connect ECONNREFUSED ::1:6379
            at createConnectionError (node:net:1678:14)
            at afterConnectMultiple (node:net:1708:16) {
          errno: -4078,
          code: 'ECONNREFUSED',
          syscall: 'connect',
          address: '::1',
          port: 6379
        },
        Error: connect ECONNREFUSED 127.0.0.1:6379
            at createConnectionError (node:net:1678:14)
            at afterConnectMultiple (node:net:1708:16) {
          errno: -4078,
          code: 'ECONNREFUSED',
          syscall: 'connect',
          address: '127.0.0.1',
          port: 6379
        }
      ]
    }

    [0m [90m 34 |[39m redisClient[33m.[39mon([32m'error'[39m[33m,[39m (err) [33m=>[39m {
     [90m 35 |[39m   [36mif[39m (process[33m.[39menv[33m.[39m[33mNODE_ENV[39m [33m!==[39m [32m'test'[39m) {
    [31m[1m>[22m[39m[90m 36 |[39m     console[33m.[39merror([32m'[DB] Redis Client Error'[39m[33m,[39m err)[33m;[39m
     [90m    |[39m             [31m[1m^[22m[39m
     [90m 37 |[39m   }
     [90m 38 |[39m })[33m;[39m
     [90m 39 |[39m[0m

      at Class.error (server/config/database.js:36:13)
      at RedisSocket.<anonymous> (node_modules/@redis/client/lib/client/index.ts:796:12)
      at RedisSocket.#connect (node_modules/@redis/client/lib/client/socket.ts:246:14)
      at Class.connect (node_modules/@redis/client/lib/client/index.ts:961:5)
      at connectRedis (server/config/database.js:42:5)
      at server/app.js:79:5

  console.error
    [DB] Redis Client Error AggregateError: 
        at internalConnectMultiple (node:net:1134:18)
        at afterConnectMultiple (node:net:1715:7) {
      code: 'ECONNREFUSED',
      [errors]: [
        Error: connect ECONNREFUSED ::1:6379
            at createConnectionError (node:net:1678:14)
            at afterConnectMultiple (node:net:1708:16) {
          errno: -4078,
          code: 'ECONNREFUSED',
          syscall: 'connect',
          address: '::1',
          port: 6379
        },
        Error: connect ECONNREFUSED 127.0.0.1:6379
            at createConnectionError (node:net:1678:14)
            at afterConnectMultiple (node:net:1708:16) {
          errno: -4078,
          code: 'ECONNREFUSED',
          syscall: 'connect',
          address: '127.0.0.1',
          port: 6379
        }
      ]
    }

    [0m [90m 34 |[39m redisClient[33m.[39mon([32m'error'[39m[33m,[39m (err) [33m=>[39m {
     [90m 35 |[39m   [36mif[39m (process[33m.[39menv[33m.[39m[33mNODE_ENV[39m [33m!==[39m [32m'test'[39m) {
    [31m[1m>[22m[39m[90m 36 |[39m     console[33m.[39merror([32m'[DB] Redis Client Error'[39m[33m,[39m err)[33m;[39m
     [90m    |[39m             [31m[1m^[22m[39m
     [90m 37 |[39m   }
     [90m 38 |[39m })[33m;[39m
     [90m 39 |[39m[0m

      at Class.error (server/config/database.js:36:13)
      at RedisSocket.<anonymous> (node_modules/@redis/client/lib/client/index.ts:796:12)
      at RedisSocket.#connect (node_modules/@redis/client/lib/client/socket.ts:246:14)
      at Class.connect (node_modules/@redis/client/lib/client/index.ts:961:5)
      at connectRedis (server/config/database.js:42:5)
      at server/app.js:79:5

  console.error
    [DB] Redis Client Error AggregateError: 
        at internalConnectMultiple (node:net:1134:18)
        at afterConnectMultiple (node:net:1715:7) {
      code: 'ECONNREFUSED',
      [errors]: [
        Error: connect ECONNREFUSED ::1:6379
            at createConnectionError (node:net:1678:14)
            at afterConnectMultiple (node:net:1708:16) {
          errno: -4078,
          code: 'ECONNREFUSED',
          syscall: 'connect',
          address: '::1',
          port: 6379
        },
        Error: connect ECONNREFUSED 127.0.0.1:6379
            at createConnectionError (node:net:1678:14)
            at afterConnectMultiple (node:net:1708:16) {
          errno: -4078,
          code: 'ECONNREFUSED',
          syscall: 'connect',
          address: '127.0.0.1',
          port: 6379
        }
      ]
    }

    [0m [90m 34 |[39m redisClient[33m.[39mon([32m'error'[39m[33m,[39m (err) [33m=>[39m {
     [90m 35 |[39m   [36mif[39m (process[33m.[39menv[33m.[39m[33mNODE_ENV[39m [33m!==[39m [32m'test'[39m) {
    [31m[1m>[22m[39m[90m 36 |[39m     console[33m.[39merror([32m'[DB] Redis Client Error'[39m[33m,[39m err)[33m;[39m
     [90m    |[39m             [31m[1m^[22m[39m
     [90m 37 |[39m   }
     [90m 38 |[39m })[33m;[39m
     [90m 39 |[39m[0m

      at Class.error (server/config/database.js:36:13)
      at RedisSocket.<anonymous> (node_modules/@redis/client/lib/client/index.ts:796:12)
      at RedisSocket.#connect (node_modules/@redis/client/lib/client/socket.ts:246:14)
      at Class.connect (node_modules/@redis/client/lib/client/index.ts:961:5)
      at connectRedis (server/config/database.js:42:5)
      at server/app.js:79:5

  console.error
    [DB] Redis Client Error AggregateError: 
        at internalConnectMultiple (node:net:1134:18)
        at afterConnectMultiple (node:net:1715:7) {
      code: 'ECONNREFUSED',
      [errors]: [
        Error: connect ECONNREFUSED ::1:6379
            at createConnectionError (node:net:1678:14)
            at afterConnectMultiple (node:net:1708:16) {
          errno: -4078,
          code: 'ECONNREFUSED',
          syscall: 'connect',
          address: '::1',
          port: 6379
        },
        Error: connect ECONNREFUSED 127.0.0.1:6379
            at createConnectionError (node:net:1678:14)
            at afterConnectMultiple (node:net:1708:16) {
          errno: -4078,
          code: 'ECONNREFUSED',
          syscall: 'connect',
          address: '127.0.0.1',
          port: 6379
        }
      ]
    }

    [0m [90m 34 |[39m redisClient[33m.[39mon([32m'error'[39m[33m,[39m (err) [33m=>[39m {
     [90m 35 |[39m   [36mif[39m (process[33m.[39menv[33m.[39m[33mNODE_ENV[39m [33m!==[39m [32m'test'[39m) {
    [31m[1m>[22m[39m[90m 36 |[39m     console[33m.[39merror([32m'[DB] Redis Client Error'[39m[33m,[39m err)[33m;[39m
     [90m    |[39m             [31m[1m^[22m[39m
     [90m 37 |[39m   }
     [90m 38 |[39m })[33m;[39m
     [90m 39 |[39m[0m

      at Class.error (server/config/database.js:36:13)
      at RedisSocket.<anonymous> (node_modules/@redis/client/lib/client/index.ts:796:12)
      at RedisSocket.#connect (node_modules/@redis/client/lib/client/socket.ts:246:14)
      at Class.connect (node_modules/@redis/client/lib/client/index.ts:961:5)
      at connectRedis (server/config/database.js:42:5)
      at server/app.js:79:5

  console.error
    [DB] Redis Client Error AggregateError: 
        at internalConnectMultiple (node:net:1134:18)
        at afterConnectMultiple (node:net:1715:7) {
      code: 'ECONNREFUSED',
      [errors]: [
        Error: connect ECONNREFUSED ::1:6379
            at createConnectionError (node:net:1678:14)
            at afterConnectMultiple (node:net:1708:16) {
          errno: -4078,
          code: 'ECONNREFUSED',
          syscall: 'connect',
          address: '::1',
          port: 6379
        },
        Error: connect ECONNREFUSED 127.0.0.1:6379
            at createConnectionError (node:net:1678:14)
            at afterConnectMultiple (node:net:1708:16) {
          errno: -4078,
          code: 'ECONNREFUSED',
          syscall: 'connect',
          address: '127.0.0.1',
          port: 6379
        }
      ]
    }

    [0m [90m 34 |[39m redisClient[33m.[39mon([32m'error'[39m[33m,[39m (err) [33m=>[39m {
     [90m 35 |[39m   [36mif[39m (process[33m.[39menv[33m.[39m[33mNODE_ENV[39m [33m!==[39m [32m'test'[39m) {
    [31m[1m>[22m[39m[90m 36 |[39m     console[33m.[39merror([32m'[DB] Redis Client Error'[39m[33m,[39m err)[33m;[39m
     [90m    |[39m             [31m[1m^[22m[39m
     [90m 37 |[39m   }
     [90m 38 |[39m })[33m;[39m
     [90m 39 |[39m[0m

      at Class.error (server/config/database.js:36:13)
      at RedisSocket.<anonymous> (node_modules/@redis/client/lib/client/index.ts:796:12)
      at RedisSocket.#connect (node_modules/@redis/client/lib/client/socket.ts:246:14)
      at Class.connect (node_modules/@redis/client/lib/client/index.ts:961:5)
      at connectRedis (server/config/database.js:42:5)
      at server/app.js:79:5

  console.error
    [DB] Redis Client Error AggregateError: 
        at internalConnectMultiple (node:net:1134:18)
        at afterConnectMultiple (node:net:1715:7) {
      code: 'ECONNREFUSED',
      [errors]: [
        Error: connect ECONNREFUSED ::1:6379
            at createConnectionError (node:net:1678:14)
            at afterConnectMultiple (node:net:1708:16) {
          errno: -4078,
          code: 'ECONNREFUSED',
          syscall: 'connect',
          address: '::1',
          port: 6379
        },
        Error: connect ECONNREFUSED 127.0.0.1:6379
            at createConnectionError (node:net:1678:14)
            at afterConnectMultiple (node:net:1708:16) {
          errno: -4078,
          code: 'ECONNREFUSED',
          syscall: 'connect',
          address: '127.0.0.1',
          port: 6379
        }
      ]
    }

    [0m [90m 34 |[39m redisClient[33m.[39mon([32m'error'[39m[33m,[39m (err) [33m=>[39m {
     [90m 35 |[39m   [36mif[39m (process[33m.[39menv[33m.[39m[33mNODE_ENV[39m [33m!==[39m [32m'test'[39m) {
    [31m[1m>[22m[39m[90m 36 |[39m     console[33m.[39merror([32m'[DB] Redis Client Error'[39m[33m,[39m err)[33m;[39m
     [90m    |[39m             [31m[1m^[22m[39m
     [90m 37 |[39m   }
     [90m 38 |[39m })[33m;[39m
     [90m 39 |[39m[0m

      at Class.error (server/config/database.js:36:13)
      at RedisSocket.<anonymous> (node_modules/@redis/client/lib/client/index.ts:796:12)
      at RedisSocket.#connect (node_modules/@redis/client/lib/client/socket.ts:246:14)
      at Class.connect (node_modules/@redis/client/lib/client/index.ts:961:5)
      at connectRedis (server/config/database.js:42:5)
      at server/app.js:79:5

  console.error
    [DB] Redis Client Error AggregateError: 
        at internalConnectMultiple (node:net:1134:18)
        at afterConnectMultiple (node:net:1715:7) {
      code: 'ECONNREFUSED',
      [errors]: [
        Error: connect ECONNREFUSED ::1:6379
            at createConnectionError (node:net:1678:14)
            at afterConnectMultiple (node:net:1708:16) {
          errno: -4078,
          code: 'ECONNREFUSED',
          syscall: 'connect',
          address: '::1',
          port: 6379
        },
        Error: connect ECONNREFUSED 127.0.0.1:6379
            at createConnectionError (node:net:1678:14)
            at afterConnectMultiple (node:net:1708:16) {
          errno: -4078,
          code: 'ECONNREFUSED',
          syscall: 'connect',
          address: '127.0.0.1',
          port: 6379
        }
      ]
    }

    [0m [90m 34 |[39m redisClient[33m.[39mon([32m'error'[39m[33m,[39m (err) [33m=>[39m {
     [90m 35 |[39m   [36mif[39m (process[33m.[39menv[33m.[39m[33mNODE_ENV[39m [33m!==[39m [32m'test'[39m) {
    [31m[1m>[22m[39m[90m 36 |[39m     console[33m.[39merror([32m'[DB] Redis Client Error'[39m[33m,[39m err)[33m;[39m
     [90m    |[39m             [31m[1m^[22m[39m
     [90m 37 |[39m   }
     [90m 38 |[39m })[33m;[39m
     [90m 39 |[39m[0m

      at Class.error (server/config/database.js:36:13)
      at RedisSocket.<anonymous> (node_modules/@redis/client/lib/client/index.ts:796:12)
      at RedisSocket.#connect (node_modules/@redis/client/lib/client/socket.ts:246:14)
      at Class.connect (node_modules/@redis/client/lib/client/index.ts:961:5)
      at connectRedis (server/config/database.js:42:5)
      at server/app.js:79:5

  console.error
    [DB] Redis Client Error AggregateError: 
        at internalConnectMultiple (node:net:1134:18)
        at afterConnectMultiple (node:net:1715:7) {
      code: 'ECONNREFUSED',
      [errors]: [
        Error: connect ECONNREFUSED ::1:6379
            at createConnectionError (node:net:1678:14)
            at afterConnectMultiple (node:net:1708:16) {
          errno: -4078,
          code: 'ECONNREFUSED',
          syscall: 'connect',
          address: '::1',
          port: 6379
        },
        Error: connect ECONNREFUSED 127.0.0.1:6379
            at createConnectionError (node:net:1678:14)
            at afterConnectMultiple (node:net:1708:16) {
          errno: -4078,
          code: 'ECONNREFUSED',
          syscall: 'connect',
          address: '127.0.0.1',
          port: 6379
        }
      ]
    }

    [0m [90m 34 |[39m redisClient[33m.[39mon([32m'error'[39m[33m,[39m (err) [33m=>[39m {
     [90m 35 |[39m   [36mif[39m (process[33m.[39menv[33m.[39m[33mNODE_ENV[39m [33m!==[39m [32m'test'[39m) {
    [31m[1m>[22m[39m[90m 36 |[39m     console[33m.[39merror([32m'[DB] Redis Client Error'[39m[33m,[39m err)[33m;[39m
     [90m    |[39m             [31m[1m^[22m[39m
     [90m 37 |[39m   }
     [90m 38 |[39m })[33m;[39m
     [90m 39 |[39m[0m

      at Class.error (server/config/database.js:36:13)
      at RedisSocket.<anonymous> (node_modules/@redis/client/lib/client/index.ts:796:12)
      at RedisSocket.#connect (node_modules/@redis/client/lib/client/socket.ts:246:14)
      at Class.connect (node_modules/@redis/client/lib/client/index.ts:961:5)
      at connectRedis (server/config/database.js:42:5)
      at server/app.js:79:5

  console.error
    [DB] Redis Client Error AggregateError: 
        at internalConnectMultiple (node:net:1134:18)
        at afterConnectMultiple (node:net:1715:7) {
      code: 'ECONNREFUSED',
      [errors]: [
        Error: connect ECONNREFUSED ::1:6379
            at createConnectionError (node:net:1678:14)
            at afterConnectMultiple (node:net:1708:16) {
          errno: -4078,
          code: 'ECONNREFUSED',
          syscall: 'connect',
          address: '::1',
          port: 6379
        },
        Error: connect ECONNREFUSED 127.0.0.1:6379
            at createConnectionError (node:net:1678:14)
            at afterConnectMultiple (node:net:1708:16) {
          errno: -4078,
          code: 'ECONNREFUSED',
          syscall: 'connect',
          address: '127.0.0.1',
          port: 6379
        }
      ]
    }

    [0m [90m 34 |[39m redisClient[33m.[39mon([32m'error'[39m[33m,[39m (err) [33m=>[39m {
     [90m 35 |[39m   [36mif[39m (process[33m.[39menv[33m.[39m[33mNODE_ENV[39m [33m!==[39m [32m'test'[39m) {
    [31m[1m>[22m[39m[90m 36 |[39m     console[33m.[39merror([32m'[DB] Redis Client Error'[39m[33m,[39m err)[33m;[39m
     [90m    |[39m             [31m[1m^[22m[39m
     [90m 37 |[39m   }
     [90m 38 |[39m })[33m;[39m
     [90m 39 |[39m[0m

      at Class.error (server/config/database.js:36:13)
      at RedisSocket.<anonymous> (node_modules/@redis/client/lib/client/index.ts:796:12)
      at RedisSocket.#connect (node_modules/@redis/client/lib/client/socket.ts:246:14)
      at Class.connect (node_modules/@redis/client/lib/client/index.ts:961:5)
      at connectRedis (server/config/database.js:42:5)
      at server/app.js:79:5

  console.error
    [DB] Redis Client Error AggregateError: 
        at internalConnectMultiple (node:net:1134:18)
        at afterConnectMultiple (node:net:1715:7) {
      code: 'ECONNREFUSED',
      [errors]: [
        Error: connect ECONNREFUSED ::1:6379
            at createConnectionError (node:net:1678:14)
            at afterConnectMultiple (node:net:1708:16) {
          errno: -4078,
          code: 'ECONNREFUSED',
          syscall: 'connect',
          address: '::1',
          port: 6379
        },
        Error: connect ECONNREFUSED 127.0.0.1:6379
            at createConnectionError (node:net:1678:14)
            at afterConnectMultiple (node:net:1708:16) {
          errno: -4078,
          code: 'ECONNREFUSED',
          syscall: 'connect',
          address: '127.0.0.1',
          port: 6379
        }
      ]
    }

    [0m [90m 34 |[39m redisClient[33m.[39mon([32m'error'[39m[33m,[39m (err) [33m=>[39m {
     [90m 35 |[39m   [36mif[39m (process[33m.[39menv[33m.[39m[33mNODE_ENV[39m [33m!==[39m [32m'test'[39m) {
    [31m[1m>[22m[39m[90m 36 |[39m     console[33m.[39merror([32m'[DB] Redis Client Error'[39m[33m,[39m err)[33m;[39m
     [90m    |[39m             [31m[1m^[22m[39m
     [90m 37 |[39m   }
     [90m 38 |[39m })[33m;[39m
     [90m 39 |[39m[0m

      at Class.error (server/config/database.js:36:13)
      at RedisSocket.<anonymous> (node_modules/@redis/client/lib/client/index.ts:796:12)
      at RedisSocket.#connect (node_modules/@redis/client/lib/client/socket.ts:246:14)
      at Class.connect (node_modules/@redis/client/lib/client/index.ts:961:5)
      at connectRedis (server/config/database.js:42:5)
      at server/app.js:79:5

  console.error
    [DB] Redis Client Error AggregateError: 
        at internalConnectMultiple (node:net:1134:18)
        at afterConnectMultiple (node:net:1715:7) {
      code: 'ECONNREFUSED',
      [errors]: [
        Error: connect ECONNREFUSED ::1:6379
            at createConnectionError (node:net:1678:14)
            at afterConnectMultiple (node:net:1708:16) {
          errno: -4078,
          code: 'ECONNREFUSED',
          syscall: 'connect',
          address: '::1',
          port: 6379
        },
        Error: connect ECONNREFUSED 127.0.0.1:6379
            at createConnectionError (node:net:1678:14)
            at afterConnectMultiple (node:net:1708:16) {
          errno: -4078,
          code: 'ECONNREFUSED',
          syscall: 'connect',
          address: '127.0.0.1',
          port: 6379
        }
      ]
    }

    [0m [90m 34 |[39m redisClient[33m.[39mon([32m'error'[39m[33m,[39m (err) [33m=>[39m {
     [90m 35 |[39m   [36mif[39m (process[33m.[39menv[33m.[39m[33mNODE_ENV[39m [33m!==[39m [32m'test'[39m) {
    [31m[1m>[22m[39m[90m 36 |[39m     console[33m.[39merror([32m'[DB] Redis Client Error'[39m[33m,[39m err)[33m;[39m
     [90m    |[39m             [31m[1m^[22m[39m
     [90m 37 |[39m   }
     [90m 38 |[39m })[33m;[39m
     [90m 39 |[39m[0m

      at Class.error (server/config/database.js:36:13)
      at RedisSocket.<anonymous> (node_modules/@redis/client/lib/client/index.ts:796:12)
      at RedisSocket.#connect (node_modules/@redis/client/lib/client/socket.ts:246:14)
      at Class.connect (node_modules/@redis/client/lib/client/index.ts:961:5)
      at connectRedis (server/config/database.js:42:5)
      at server/app.js:79:5

  console.error
    [DB] Redis Client Error AggregateError: 
        at internalConnectMultiple (node:net:1134:18)
        at afterConnectMultiple (node:net:1715:7) {
      code: 'ECONNREFUSED',
      [errors]: [
        Error: connect ECONNREFUSED ::1:6379
            at createConnectionError (node:net:1678:14)
            at afterConnectMultiple (node:net:1708:16) {
          errno: -4078,
          code: 'ECONNREFUSED',
          syscall: 'connect',
          address: '::1',
          port: 6379
        },
        Error: connect ECONNREFUSED 127.0.0.1:6379
            at createConnectionError (node:net:1678:14)
            at afterConnectMultiple (node:net:1708:16) {
          errno: -4078,
          code: 'ECONNREFUSED',
          syscall: 'connect',
          address: '127.0.0.1',
          port: 6379
        }
      ]
    }

    [0m [90m 34 |[39m redisClient[33m.[39mon([32m'error'[39m[33m,[39m (err) [33m=>[39m {
     [90m 35 |[39m   [36mif[39m (process[33m.[39menv[33m.[39m[33mNODE_ENV[39m [33m!==[39m [32m'test'[39m) {
    [31m[1m>[22m[39m[90m 36 |[39m     console[33m.[39merror([32m'[DB] Redis Client Error'[39m[33m,[39m err)[33m;[39m
     [90m    |[39m             [31m[1m^[22m[39m
     [90m 37 |[39m   }
     [90m 38 |[39m })[33m;[39m
     [90m 39 |[39m[0m

      at Class.error (server/config/database.js:36:13)
      at RedisSocket.<anonymous> (node_modules/@redis/client/lib/client/index.ts:796:12)
      at RedisSocket.#connect (node_modules/@redis/client/lib/client/socket.ts:246:14)
      at Class.connect (node_modules/@redis/client/lib/client/index.ts:961:5)
      at connectRedis (server/config/database.js:42:5)
      at server/app.js:79:5

  console.error
    [DB] Redis Client Error AggregateError: 
        at internalConnectMultiple (node:net:1134:18)
        at afterConnectMultiple (node:net:1715:7) {
      code: 'ECONNREFUSED',
      [errors]: [
        Error: connect ECONNREFUSED ::1:6379
            at createConnectionError (node:net:1678:14)
            at afterConnectMultiple (node:net:1708:16) {
          errno: -4078,
          code: 'ECONNREFUSED',
          syscall: 'connect',
          address: '::1',
          port: 6379
        },
        Error: connect ECONNREFUSED 127.0.0.1:6379
            at createConnectionError (node:net:1678:14)
            at afterConnectMultiple (node:net:1708:16) {
          errno: -4078,
          code: 'ECONNREFUSED',
          syscall: 'connect',
          address: '127.0.0.1',
          port: 6379
        }
      ]
    }

    [0m [90m 34 |[39m redisClient[33m.[39mon([32m'error'[39m[33m,[39m (err) [33m=>[39m {
     [90m 35 |[39m   [36mif[39m (process[33m.[39menv[33m.[39m[33mNODE_ENV[39m [33m!==[39m [32m'test'[39m) {
    [31m[1m>[22m[39m[90m 36 |[39m     console[33m.[39merror([32m'[DB] Redis Client Error'[39m[33m,[39m err)[33m;[39m
     [90m    |[39m             [31m[1m^[22m[39m
     [90m 37 |[39m   }
     [90m 38 |[39m })[33m;[39m
     [90m 39 |[39m[0m

      at Class.error (server/config/database.js:36:13)
      at RedisSocket.<anonymous> (node_modules/@redis/client/lib/client/index.ts:796:12)
      at RedisSocket.#connect (node_modules/@redis/client/lib/client/socket.ts:246:14)
      at Class.connect (node_modules/@redis/client/lib/client/index.ts:961:5)
      at connectRedis (server/config/database.js:42:5)
      at server/app.js:79:5

  console.error
    [DB] Redis Client Error AggregateError: 
        at internalConnectMultiple (node:net:1134:18)
        at afterConnectMultiple (node:net:1715:7) {
      code: 'ECONNREFUSED',
      [errors]: [
        Error: connect ECONNREFUSED ::1:6379
            at createConnectionError (node:net:1678:14)
            at afterConnectMultiple (node:net:1708:16) {
          errno: -4078,
          code: 'ECONNREFUSED',
          syscall: 'connect',
          address: '::1',
          port: 6379
        },
        Error: connect ECONNREFUSED 127.0.0.1:6379
            at createConnectionError (node:net:1678:14)
            at afterConnectMultiple (node:net:1708:16) {
          errno: -4078,
          code: 'ECONNREFUSED',
          syscall: 'connect',
          address: '127.0.0.1',
          port: 6379
        }
      ]
    }

    [0m [90m 34 |[39m redisClient[33m.[39mon([32m'error'[39m[33m,[39m (err) [33m=>[39m {
     [90m 35 |[39m   [36mif[39m (process[33m.[39menv[33m.[39m[33mNODE_ENV[39m [33m!==[39m [32m'test'[39m) {
    [31m[1m>[22m[39m[90m 36 |[39m     console[33m.[39merror([32m'[DB] Redis Client Error'[39m[33m,[39m err)[33m;[39m
     [90m    |[39m             [31m[1m^[22m[39m
     [90m 37 |[39m   }
     [90m 38 |[39m })[33m;[39m
     [90m 39 |[39m[0m

      at Class.error (server/config/database.js:36:13)
      at RedisSocket.<anonymous> (node_modules/@redis/client/lib/client/index.ts:796:12)
      at RedisSocket.#connect (node_modules/@redis/client/lib/client/socket.ts:246:14)
      at Class.connect (node_modules/@redis/client/lib/client/index.ts:961:5)
      at connectRedis (server/config/database.js:42:5)
      at server/app.js:79:5

  console.error
    [DB] Redis Client Error AggregateError: 
        at internalConnectMultiple (node:net:1134:18)
        at afterConnectMultiple (node:net:1715:7) {
      code: 'ECONNREFUSED',
      [errors]: [
        Error: connect ECONNREFUSED ::1:6379
            at createConnectionError (node:net:1678:14)
            at afterConnectMultiple (node:net:1708:16) {
          errno: -4078,
          code: 'ECONNREFUSED',
          syscall: 'connect',
          address: '::1',
          port: 6379
        },
        Error: connect ECONNREFUSED 127.0.0.1:6379
            at createConnectionError (node:net:1678:14)
            at afterConnectMultiple (node:net:1708:16) {
          errno: -4078,
          code: 'ECONNREFUSED',
          syscall: 'connect',
          address: '127.0.0.1',
          port: 6379
        }
      ]
    }

    [0m [90m 34 |[39m redisClient[33m.[39mon([32m'error'[39m[33m,[39m (err) [33m=>[39m {
     [90m 35 |[39m   [36mif[39m (process[33m.[39menv[33m.[39m[33mNODE_ENV[39m [33m!==[39m [32m'test'[39m) {
    [31m[1m>[22m[39m[90m 36 |[39m     console[33m.[39merror([32m'[DB] Redis Client Error'[39m[33m,[39m err)[33m;[39m
     [90m    |[39m             [31m[1m^[22m[39m
     [90m 37 |[39m   }
     [90m 38 |[39m })[33m;[39m
     [90m 39 |[39m[0m

      at Class.error (server/config/database.js:36:13)
      at RedisSocket.<anonymous> (node_modules/@redis/client/lib/client/index.ts:796:12)
      at RedisSocket.#connect (node_modules/@redis/client/lib/client/socket.ts:246:14)
      at Class.connect (node_modules/@redis/client/lib/client/index.ts:961:5)
      at connectRedis (server/config/database.js:42:5)
      at server/app.js:79:5

  console.error
    [DB] Redis Client Error AggregateError: 
        at internalConnectMultiple (node:net:1134:18)
        at afterConnectMultiple (node:net:1715:7) {
      code: 'ECONNREFUSED',
      [errors]: [
        Error: connect ECONNREFUSED ::1:6379
            at createConnectionError (node:net:1678:14)
            at afterConnectMultiple (node:net:1708:16) {
          errno: -4078,
          code: 'ECONNREFUSED',
          syscall: 'connect',
          address: '::1',
          port: 6379
        },
        Error: connect ECONNREFUSED 127.0.0.1:6379
            at createConnectionError (node:net:1678:14)
            at afterConnectMultiple (node:net:1708:16) {
          errno: -4078,
          code: 'ECONNREFUSED',
          syscall: 'connect',
          address: '127.0.0.1',
          port: 6379
        }
      ]
    }

    [0m [90m 34 |[39m redisClient[33m.[39mon([32m'error'[39m[33m,[39m (err) [33m=>[39m {
     [90m 35 |[39m   [36mif[39m (process[33m.[39menv[33m.[39m[33mNODE_ENV[39m [33m!==[39m [32m'test'[39m) {
    [31m[1m>[22m[39m[90m 36 |[39m     console[33m.[39merror([32m'[DB] Redis Client Error'[39m[33m,[39m err)[33m;[39m
     [90m    |[39m             [31m[1m^[22m[39m
     [90m 37 |[39m   }
     [90m 38 |[39m })[33m;[39m
     [90m 39 |[39m[0m

      at Class.error (server/config/database.js:36:13)
      at RedisSocket.<anonymous> (node_modules/@redis/client/lib/client/index.ts:796:12)
      at RedisSocket.#connect (node_modules/@redis/client/lib/client/socket.ts:246:14)
      at Class.connect (node_modules/@redis/client/lib/client/index.ts:961:5)
      at connectRedis (server/config/database.js:42:5)
      at server/app.js:79:5

  console.error
    [DB] Redis Client Error AggregateError: 
        at internalConnectMultiple (node:net:1134:18)
        at afterConnectMultiple (node:net:1715:7) {
      code: 'ECONNREFUSED',
      [errors]: [
        Error: connect ECONNREFUSED ::1:6379
            at createConnectionError (node:net:1678:14)
            at afterConnectMultiple (node:net:1708:16) {
          errno: -4078,
          code: 'ECONNREFUSED',
          syscall: 'connect',
          address: '::1',
          port: 6379
        },
        Error: connect ECONNREFUSED 127.0.0.1:6379
            at createConnectionError (node:net:1678:14)
            at afterConnectMultiple (node:net:1708:16) {
          errno: -4078,
          code: 'ECONNREFUSED',
          syscall: 'connect',
          address: '127.0.0.1',
          port: 6379
        }
      ]
    }

    [0m [90m 34 |[39m redisClient[33m.[39mon([32m'error'[39m[33m,[39m (err) [33m=>[39m {
     [90m 35 |[39m   [36mif[39m (process[33m.[39menv[33m.[39m[33mNODE_ENV[39m [33m!==[39m [32m'test'[39m) {
    [31m[1m>[22m[39m[90m 36 |[39m     console[33m.[39merror([32m'[DB] Redis Client Error'[39m[33m,[39m err)[33m;[39m
     [90m    |[39m             [31m[1m^[22m[39m
     [90m 37 |[39m   }
     [90m 38 |[39m })[33m;[39m
     [90m 39 |[39m[0m

      at Class.error (server/config/database.js:36:13)
      at RedisSocket.<anonymous> (node_modules/@redis/client/lib/client/index.ts:796:12)
      at RedisSocket.#connect (node_modules/@redis/client/lib/client/socket.ts:246:14)
      at Class.connect (node_modules/@redis/client/lib/client/index.ts:961:5)
      at connectRedis (server/config/database.js:42:5)
      at server/app.js:79:5

  console.error
    [DB] Redis Client Error AggregateError: 
        at internalConnectMultiple (node:net:1134:18)
        at afterConnectMultiple (node:net:1715:7) {
      code: 'ECONNREFUSED',
      [errors]: [
        Error: connect ECONNREFUSED ::1:6379
            at createConnectionError (node:net:1678:14)
            at afterConnectMultiple (node:net:1708:16) {
          errno: -4078,
          code: 'ECONNREFUSED',
          syscall: 'connect',
          address: '::1',
          port: 6379
        },
        Error: connect ECONNREFUSED 127.0.0.1:6379
            at createConnectionError (node:net:1678:14)
            at afterConnectMultiple (node:net:1708:16) {
          errno: -4078,
          code: 'ECONNREFUSED',
          syscall: 'connect',
          address: '127.0.0.1',
          port: 6379
        }
      ]
    }

    [0m [90m 34 |[39m redisClient[33m.[39mon([32m'error'[39m[33m,[39m (err) [33m=>[39m {
     [90m 35 |[39m   [36mif[39m (process[33m.[39menv[33m.[39m[33mNODE_ENV[39m [33m!==[39m [32m'test'[39m) {
    [31m[1m>[22m[39m[90m 36 |[39m     console[33m.[39merror([32m'[DB] Redis Client Error'[39m[33m,[39m err)[33m;[39m
     [90m    |[39m             [31m[1m^[22m[39m
     [90m 37 |[39m   }
     [90m 38 |[39m })[33m;[39m
     [90m 39 |[39m[0m

      at Class.error (server/config/database.js:36:13)
      at RedisSocket.<anonymous> (node_modules/@redis/client/lib/client/index.ts:796:12)
      at RedisSocket.#connect (node_modules/@redis/client/lib/client/socket.ts:246:14)
      at Class.connect (node_modules/@redis/client/lib/client/index.ts:961:5)
      at connectRedis (server/config/database.js:42:5)
      at server/app.js:79:5

  console.error
    [DB] Redis Client Error AggregateError: 
        at internalConnectMultiple (node:net:1134:18)
        at afterConnectMultiple (node:net:1715:7) {
      code: 'ECONNREFUSED',
      [errors]: [
        Error: connect ECONNREFUSED ::1:6379
            at createConnectionError (node:net:1678:14)
            at afterConnectMultiple (node:net:1708:16) {
          errno: -4078,
          code: 'ECONNREFUSED',
          syscall: 'connect',
          address: '::1',
          port: 6379
        },
        Error: connect ECONNREFUSED 127.0.0.1:6379
            at createConnectionError (node:net:1678:14)
            at afterConnectMultiple (node:net:1708:16) {
          errno: -4078,
          code: 'ECONNREFUSED',
          syscall: 'connect',
          address: '127.0.0.1',
          port: 6379
        }
      ]
    }

    [0m [90m 34 |[39m redisClient[33m.[39mon([32m'error'[39m[33m,[39m (err) [33m=>[39m {
     [90m 35 |[39m   [36mif[39m (process[33m.[39menv[33m.[39m[33mNODE_ENV[39m [33m!==[39m [32m'test'[39m) {
    [31m[1m>[22m[39m[90m 36 |[39m     console[33m.[39merror([32m'[DB] Redis Client Error'[39m[33m,[39m err)[33m;[39m
     [90m    |[39m             [31m[1m^[22m[39m
     [90m 37 |[39m   }
     [90m 38 |[39m })[33m;[39m
     [90m 39 |[39m[0m

      at Class.error (server/config/database.js:36:13)
      at RedisSocket.<anonymous> (node_modules/@redis/client/lib/client/index.ts:796:12)
      at RedisSocket.#connect (node_modules/@redis/client/lib/client/socket.ts:246:14)
      at Class.connect (node_modules/@redis/client/lib/client/index.ts:961:5)
      at connectRedis (server/config/database.js:42:5)
      at server/app.js:79:5

  console.error
    [DB] Redis Client Error AggregateError: 
        at internalConnectMultiple (node:net:1134:18)
        at afterConnectMultiple (node:net:1715:7) {
      code: 'ECONNREFUSED',
      [errors]: [
        Error: connect ECONNREFUSED ::1:6379
            at createConnectionError (node:net:1678:14)
            at afterConnectMultiple (node:net:1708:16) {
          errno: -4078,
          code: 'ECONNREFUSED',
          syscall: 'connect',
          address: '::1',
          port: 6379
        },
        Error: connect ECONNREFUSED 127.0.0.1:6379
            at createConnectionError (node:net:1678:14)
            at afterConnectMultiple (node:net:1708:16) {
          errno: -4078,
          code: 'ECONNREFUSED',
          syscall: 'connect',
          address: '127.0.0.1',
          port: 6379
        }
      ]
    }

    [0m [90m 34 |[39m redisClient[33m.[39mon([32m'error'[39m[33m,[39m (err) [33m=>[39m {
     [90m 35 |[39m   [36mif[39m (process[33m.[39menv[33m.[39m[33mNODE_ENV[39m [33m!==[39m [32m'test'[39m) {
    [31m[1m>[22m[39m[90m 36 |[39m     console[33m.[39merror([32m'[DB] Redis Client Error'[39m[33m,[39m err)[33m;[39m
     [90m    |[39m             [31m[1m^[22m[39m
     [90m 37 |[39m   }
     [90m 38 |[39m })[33m;[39m
     [90m 39 |[39m[0m

      at Class.error (server/config/database.js:36:13)
      at RedisSocket.<anonymous> (node_modules/@redis/client/lib/client/index.ts:796:12)
      at RedisSocket.#connect (node_modules/@redis/client/lib/client/socket.ts:246:14)
      at Class.connect (node_modules/@redis/client/lib/client/index.ts:961:5)
      at connectRedis (server/config/database.js:42:5)
      at server/app.js:79:5

  console.error
    [DB] Redis Client Error AggregateError: 
        at internalConnectMultiple (node:net:1134:18)
        at afterConnectMultiple (node:net:1715:7) {
      code: 'ECONNREFUSED',
      [errors]: [
        Error: connect ECONNREFUSED ::1:6379
            at createConnectionError (node:net:1678:14)
            at afterConnectMultiple (node:net:1708:16) {
          errno: -4078,
          code: 'ECONNREFUSED',
          syscall: 'connect',
          address: '::1',
          port: 6379
        },
        Error: connect ECONNREFUSED 127.0.0.1:6379
            at createConnectionError (node:net:1678:14)
            at afterConnectMultiple (node:net:1708:16) {
          errno: -4078,
          code: 'ECONNREFUSED',
          syscall: 'connect',
          address: '127.0.0.1',
          port: 6379
        }
      ]
    }

    [0m [90m 34 |[39m redisClient[33m.[39mon([32m'error'[39m[33m,[39m (err) [33m=>[39m {
     [90m 35 |[39m   [36mif[39m (process[33m.[39menv[33m.[39m[33mNODE_ENV[39m [33m!==[39m [32m'test'[39m) {
    [31m[1m>[22m[39m[90m 36 |[39m     console[33m.[39merror([32m'[DB] Redis Client Error'[39m[33m,[39m err)[33m;[39m
     [90m    |[39m             [31m[1m^[22m[39m
     [90m 37 |[39m   }
     [90m 38 |[39m })[33m;[39m
     [90m 39 |[39m[0m

      at Class.error (server/config/database.js:36:13)
      at RedisSocket.<anonymous> (node_modules/@redis/client/lib/client/index.ts:796:12)
      at RedisSocket.#connect (node_modules/@redis/client/lib/client/socket.ts:246:14)
      at Class.connect (node_modules/@redis/client/lib/client/index.ts:961:5)
      at connectRedis (server/config/database.js:42:5)
      at server/app.js:79:5

  console.error
    [DB] Redis Client Error AggregateError: 
        at internalConnectMultiple (node:net:1134:18)
        at afterConnectMultiple (node:net:1715:7) {
      code: 'ECONNREFUSED',
      [errors]: [
        Error: connect ECONNREFUSED ::1:6379
            at createConnectionError (node:net:1678:14)
            at afterConnectMultiple (node:net:1708:16) {
          errno: -4078,
          code: 'ECONNREFUSED',
          syscall: 'connect',
          address: '::1',
          port: 6379
        },
        Error: connect ECONNREFUSED 127.0.0.1:6379
            at createConnectionError (node:net:1678:14)
            at afterConnectMultiple (node:net:1708:16) {
          errno: -4078,
          code: 'ECONNREFUSED',
          syscall: 'connect',
          address: '127.0.0.1',
          port: 6379
        }
      ]
    }

    [0m [90m 34 |[39m redisClient[33m.[39mon([32m'error'[39m[33m,[39m (err) [33m=>[39m {
     [90m 35 |[39m   [36mif[39m (process[33m.[39menv[33m.[39m[33mNODE_ENV[39m [33m!==[39m [32m'test'[39m) {
    [31m[1m>[22m[39m[90m 36 |[39m     console[33m.[39merror([32m'[DB] Redis Client Error'[39m[33m,[39m err)[33m;[39m
     [90m    |[39m             [31m[1m^[22m[39m
     [90m 37 |[39m   }
     [90m 38 |[39m })[33m;[39m
     [90m 39 |[39m[0m

      at Class.error (server/config/database.js:36:13)
      at RedisSocket.<anonymous> (node_modules/@redis/client/lib/client/index.ts:796:12)
      at RedisSocket.#connect (node_modules/@redis/client/lib/client/socket.ts:246:14)
      at Class.connect (node_modules/@redis/client/lib/client/index.ts:961:5)
      at connectRedis (server/config/database.js:42:5)
      at server/app.js:79:5

  console.error
    [DB] Redis Client Error AggregateError: 
        at internalConnectMultiple (node:net:1134:18)
        at afterConnectMultiple (node:net:1715:7) {
      code: 'ECONNREFUSED',
      [errors]: [
        Error: connect ECONNREFUSED ::1:6379
            at createConnectionError (node:net:1678:14)
            at afterConnectMultiple (node:net:1708:16) {
          errno: -4078,
          code: 'ECONNREFUSED',
          syscall: 'connect',
          address: '::1',
          port: 6379
        },
        Error: connect ECONNREFUSED 127.0.0.1:6379
            at createConnectionError (node:net:1678:14)
            at afterConnectMultiple (node:net:1708:16) {
          errno: -4078,
          code: 'ECONNREFUSED',
          syscall: 'connect',
          address: '127.0.0.1',
          port: 6379
        }
      ]
    }

    [0m [90m 34 |[39m redisClient[33m.[39mon([32m'error'[39m[33m,[39m (err) [33m=>[39m {
     [90m 35 |[39m   [36mif[39m (process[33m.[39menv[33m.[39m[33mNODE_ENV[39m [33m!==[39m [32m'test'[39m) {
    [31m[1m>[22m[39m[90m 36 |[39m     console[33m.[39merror([32m'[DB] Redis Client Error'[39m[33m,[39m err)[33m;[39m
     [90m    |[39m             [31m[1m^[22m[39m
     [90m 37 |[39m   }
     [90m 38 |[39m })[33m;[39m
     [90m 39 |[39m[0m

      at Class.error (server/config/database.js:36:13)
      at RedisSocket.<anonymous> (node_modules/@redis/client/lib/client/index.ts:796:12)
      at RedisSocket.#connect (node_modules/@redis/client/lib/client/socket.ts:246:14)
      at Class.connect (node_modules/@redis/client/lib/client/index.ts:961:5)
      at connectRedis (server/config/database.js:42:5)
      at server/app.js:79:5

  console.error
    [DB] Redis Client Error AggregateError: 
        at internalConnectMultiple (node:net:1134:18)
        at afterConnectMultiple (node:net:1715:7) {
      code: 'ECONNREFUSED',
      [errors]: [
        Error: connect ECONNREFUSED ::1:6379
            at createConnectionError (node:net:1678:14)
            at afterConnectMultiple (node:net:1708:16) {
          errno: -4078,
          code: 'ECONNREFUSED',
          syscall: 'connect',
          address: '::1',
          port: 6379
        },
        Error: connect ECONNREFUSED 127.0.0.1:6379
            at createConnectionError (node:net:1678:14)
            at afterConnectMultiple (node:net:1708:16) {
          errno: -4078,
          code: 'ECONNREFUSED',
          syscall: 'connect',
          address: '127.0.0.1',
          port: 6379
        }
      ]
    }

    [0m [90m 34 |[39m redisClient[33m.[39mon([32m'error'[39m[33m,[39m (err) [33m=>[39m {
     [90m 35 |[39m   [36mif[39m (process[33m.[39menv[33m.[39m[33mNODE_ENV[39m [33m!==[39m [32m'test'[39m) {
    [31m[1m>[22m[39m[90m 36 |[39m     console[33m.[39merror([32m'[DB] Redis Client Error'[39m[33m,[39m err)[33m;[39m
     [90m    |[39m             [31m[1m^[22m[39m
     [90m 37 |[39m   }
     [90m 38 |[39m })[33m;[39m
     [90m 39 |[39m[0m

      at Class.error (server/config/database.js:36:13)
      at RedisSocket.<anonymous> (node_modules/@redis/client/lib/client/index.ts:796:12)
      at RedisSocket.#connect (node_modules/@redis/client/lib/client/socket.ts:246:14)
      at Class.connect (node_modules/@redis/client/lib/client/index.ts:961:5)
      at connectRedis (server/config/database.js:42:5)
      at server/app.js:79:5

  console.error
    [DB] Redis Client Error AggregateError: 
        at internalConnectMultiple (node:net:1134:18)
        at afterConnectMultiple (node:net:1715:7) {
      code: 'ECONNREFUSED',
      [errors]: [
        Error: connect ECONNREFUSED ::1:6379
            at createConnectionError (node:net:1678:14)
            at afterConnectMultiple (node:net:1708:16) {
          errno: -4078,
          code: 'ECONNREFUSED',
          syscall: 'connect',
          address: '::1',
          port: 6379
        },
        Error: connect ECONNREFUSED 127.0.0.1:6379
            at createConnectionError (node:net:1678:14)
            at afterConnectMultiple (node:net:1708:16) {
          errno: -4078,
          code: 'ECONNREFUSED',
          syscall: 'connect',
          address: '127.0.0.1',
          port: 6379
        }
      ]
    }

    [0m [90m 34 |[39m redisClient[33m.[39mon([32m'error'[39m[33m,[39m (err) [33m=>[39m {
     [90m 35 |[39m   [36mif[39m (process[33m.[39menv[33m.[39m[33mNODE_ENV[39m [33m!==[39m [32m'test'[39m) {
    [31m[1m>[22m[39m[90m 36 |[39m     console[33m.[39merror([32m'[DB] Redis Client Error'[39m[33m,[39m err)[33m;[39m
     [90m    |[39m             [31m[1m^[22m[39m
     [90m 37 |[39m   }
     [90m 38 |[39m })[33m;[39m
     [90m 39 |[39m[0m

      at Class.error (server/config/database.js:36:13)
      at RedisSocket.<anonymous> (node_modules/@redis/client/lib/client/index.ts:796:12)
      at RedisSocket.#connect (node_modules/@redis/client/lib/client/socket.ts:246:14)
      at Class.connect (node_modules/@redis/client/lib/client/index.ts:961:5)
      at connectRedis (server/config/database.js:42:5)
      at server/app.js:79:5

  console.error
    [DB] Redis Client Error AggregateError: 
        at internalConnectMultiple (node:net:1134:18)
        at afterConnectMultiple (node:net:1715:7) {
      code: 'ECONNREFUSED',
      [errors]: [
        Error: connect ECONNREFUSED ::1:6379
            at createConnectionError (node:net:1678:14)
            at afterConnectMultiple (node:net:1708:16) {
          errno: -4078,
          code: 'ECONNREFUSED',
          syscall: 'connect',
          address: '::1',
          port: 6379
        },
        Error: connect ECONNREFUSED 127.0.0.1:6379
            at createConnectionError (node:net:1678:14)
            at afterConnectMultiple (node:net:1708:16) {
          errno: -4078,
          code: 'ECONNREFUSED',
          syscall: 'connect',
          address: '127.0.0.1',
          port: 6379
        }
      ]
    }

    [0m [90m 34 |[39m redisClient[33m.[39mon([32m'error'[39m[33m,[39m (err) [33m=>[39m {
     [90m 35 |[39m   [36mif[39m (process[33m.[39menv[33m.[39m[33mNODE_ENV[39m [33m!==[39m [32m'test'[39m) {
    [31m[1m>[22m[39m[90m 36 |[39m     console[33m.[39merror([32m'[DB] Redis Client Error'[39m[33m,[39m err)[33m;[39m
     [90m    |[39m             [31m[1m^[22m[39m
     [90m 37 |[39m   }
     [90m 38 |[39m })[33m;[39m
     [90m 39 |[39m[0m

      at Class.error (server/config/database.js:36:13)
      at RedisSocket.<anonymous> (node_modules/@redis/client/lib/client/index.ts:796:12)
      at RedisSocket.#connect (node_modules/@redis/client/lib/client/socket.ts:246:14)
      at Class.connect (node_modules/@redis/client/lib/client/index.ts:961:5)
      at connectRedis (server/config/database.js:42:5)
      at server/app.js:79:5

  console.error
    [DB] Redis Client Error AggregateError: 
        at internalConnectMultiple (node:net:1134:18)
        at afterConnectMultiple (node:net:1715:7) {
      code: 'ECONNREFUSED',
      [errors]: [
        Error: connect ECONNREFUSED ::1:6379
            at createConnectionError (node:net:1678:14)
            at afterConnectMultiple (node:net:1708:16) {
          errno: -4078,
          code: 'ECONNREFUSED',
          syscall: 'connect',
          address: '::1',
          port: 6379
        },
        Error: connect ECONNREFUSED 127.0.0.1:6379
            at createConnectionError (node:net:1678:14)
            at afterConnectMultiple (node:net:1708:16) {
          errno: -4078,
          code: 'ECONNREFUSED',
          syscall: 'connect',
          address: '127.0.0.1',
          port: 6379
        }
      ]
    }

    [0m [90m 34 |[39m redisClient[33m.[39mon([32m'error'[39m[33m,[39m (err) [33m=>[39m {
     [90m 35 |[39m   [36mif[39m (process[33m.[39menv[33m.[39m[33mNODE_ENV[39m [33m!==[39m [32m'test'[39m) {
    [31m[1m>[22m[39m[90m 36 |[39m     console[33m.[39merror([32m'[DB] Redis Client Error'[39m[33m,[39m err)[33m;[39m
     [90m    |[39m             [31m[1m^[22m[39m
     [90m 37 |[39m   }
     [90m 38 |[39m })[33m;[39m
     [90m 39 |[39m[0m

      at Class.error (server/config/database.js:36:13)
      at RedisSocket.<anonymous> (node_modules/@redis/client/lib/client/index.ts:796:12)
      at RedisSocket.#connect (node_modules/@redis/client/lib/client/socket.ts:246:14)
      at Class.connect (node_modules/@redis/client/lib/client/index.ts:961:5)
      at connectRedis (server/config/database.js:42:5)
      at server/app.js:79:5

  console.error
    [DB] Redis Client Error AggregateError: 
        at internalConnectMultiple (node:net:1134:18)
        at afterConnectMultiple (node:net:1715:7) {
      code: 'ECONNREFUSED',
      [errors]: [
        Error: connect ECONNREFUSED ::1:6379
            at createConnectionError (node:net:1678:14)
            at afterConnectMultiple (node:net:1708:16) {
          errno: -4078,
          code: 'ECONNREFUSED',
          syscall: 'connect',
          address: '::1',
          port: 6379
        },
        Error: connect ECONNREFUSED 127.0.0.1:6379
            at createConnectionError (node:net:1678:14)
            at afterConnectMultiple (node:net:1708:16) {
          errno: -4078,
          code: 'ECONNREFUSED',
          syscall: 'connect',
          address: '127.0.0.1',
          port: 6379
        }
      ]
    }

    [0m [90m 34 |[39m redisClient[33m.[39mon([32m'error'[39m[33m,[39m (err) [33m=>[39m {
     [90m 35 |[39m   [36mif[39m (process[33m.[39menv[33m.[39m[33mNODE_ENV[39m [33m!==[39m [32m'test'[39m) {
    [31m[1m>[22m[39m[90m 36 |[39m     console[33m.[39merror([32m'[DB] Redis Client Error'[39m[33m,[39m err)[33m;[39m
     [90m    |[39m             [31m[1m^[22m[39m
     [90m 37 |[39m   }
     [90m 38 |[39m })[33m;[39m
     [90m 39 |[39m[0m

      at Class.error (server/config/database.js:36:13)
      at RedisSocket.<anonymous> (node_modules/@redis/client/lib/client/index.ts:796:12)
      at RedisSocket.#connect (node_modules/@redis/client/lib/client/socket.ts:246:14)
      at Class.connect (node_modules/@redis/client/lib/client/index.ts:961:5)
      at connectRedis (server/config/database.js:42:5)
      at server/app.js:79:5

  console.error
    [DB] Redis Client Error AggregateError: 
        at internalConnectMultiple (node:net:1134:18)
        at afterConnectMultiple (node:net:1715:7) {
      code: 'ECONNREFUSED',
      [errors]: [
        Error: connect ECONNREFUSED ::1:6379
            at createConnectionError (node:net:1678:14)
            at afterConnectMultiple (node:net:1708:16) {
          errno: -4078,
          code: 'ECONNREFUSED',
          syscall: 'connect',
          address: '::1',
          port: 6379
        },
        Error: connect ECONNREFUSED 127.0.0.1:6379
            at createConnectionError (node:net:1678:14)
            at afterConnectMultiple (node:net:1708:16) {
          errno: -4078,
          code: 'ECONNREFUSED',
          syscall: 'connect',
          address: '127.0.0.1',
          port: 6379
        }
      ]
    }

    [0m [90m 34 |[39m redisClient[33m.[39mon([32m'error'[39m[33m,[39m (err) [33m=>[39m {
     [90m 35 |[39m   [36mif[39m (process[33m.[39menv[33m.[39m[33mNODE_ENV[39m [33m!==[39m [32m'test'[39m) {
    [31m[1m>[22m[39m[90m 36 |[39m     console[33m.[39merror([32m'[DB] Redis Client Error'[39m[33m,[39m err)[33m;[39m
     [90m    |[39m             [31m[1m^[22m[39m
     [90m 37 |[39m   }
     [90m 38 |[39m })[33m;[39m
     [90m 39 |[39m[0m

      at Class.error (server/config/database.js:36:13)
      at RedisSocket.<anonymous> (node_modules/@redis/client/lib/client/index.ts:796:12)
      at RedisSocket.#connect (node_modules/@redis/client/lib/client/socket.ts:246:14)
      at Class.connect (node_modules/@redis/client/lib/client/index.ts:961:5)
      at connectRedis (server/config/database.js:42:5)
      at server/app.js:79:5

  console.error
    [DB] Redis Client Error AggregateError: 
        at internalConnectMultiple (node:net:1134:18)
        at afterConnectMultiple (node:net:1715:7) {
      code: 'ECONNREFUSED',
      [errors]: [
        Error: connect ECONNREFUSED ::1:6379
            at createConnectionError (node:net:1678:14)
            at afterConnectMultiple (node:net:1708:16) {
          errno: -4078,
          code: 'ECONNREFUSED',
          syscall: 'connect',
          address: '::1',
          port: 6379
        },
        Error: connect ECONNREFUSED 127.0.0.1:6379
            at createConnectionError (node:net:1678:14)
            at afterConnectMultiple (node:net:1708:16) {
          errno: -4078,
          code: 'ECONNREFUSED',
          syscall: 'connect',
          address: '127.0.0.1',
          port: 6379
        }
      ]
    }

    [0m [90m 34 |[39m redisClient[33m.[39mon([32m'error'[39m[33m,[39m (err) [33m=>[39m {
     [90m 35 |[39m   [36mif[39m (process[33m.[39menv[33m.[39m[33mNODE_ENV[39m [33m!==[39m [32m'test'[39m) {
    [31m[1m>[22m[39m[90m 36 |[39m     console[33m.[39merror([32m'[DB] Redis Client Error'[39m[33m,[39m err)[33m;[39m
     [90m    |[39m             [31m[1m^[22m[39m
     [90m 37 |[39m   }
     [90m 38 |[39m })[33m;[39m
     [90m 39 |[39m[0m

      at Class.error (server/config/database.js:36:13)
      at RedisSocket.<anonymous> (node_modules/@redis/client/lib/client/index.ts:796:12)
      at RedisSocket.#connect (node_modules/@redis/client/lib/client/socket.ts:246:14)
      at Class.connect (node_modules/@redis/client/lib/client/index.ts:961:5)
      at connectRedis (server/config/database.js:42:5)
      at server/app.js:79:5

  console.error
    [DB] Redis Client Error AggregateError: 
        at internalConnectMultiple (node:net:1134:18)
        at afterConnectMultiple (node:net:1715:7) {
      code: 'ECONNREFUSED',
      [errors]: [
        Error: connect ECONNREFUSED ::1:6379
            at createConnectionError (node:net:1678:14)
            at afterConnectMultiple (node:net:1708:16) {
          errno: -4078,
          code: 'ECONNREFUSED',
          syscall: 'connect',
          address: '::1',
          port: 6379
        },
        Error: connect ECONNREFUSED 127.0.0.1:6379
            at createConnectionError (node:net:1678:14)
            at afterConnectMultiple (node:net:1708:16) {
          errno: -4078,
          code: 'ECONNREFUSED',
          syscall: 'connect',
          address: '127.0.0.1',
          port: 6379
        }
      ]
    }

    [0m [90m 34 |[39m redisClient[33m.[39mon([32m'error'[39m[33m,[39m (err) [33m=>[39m {
     [90m 35 |[39m   [36mif[39m (process[33m.[39menv[33m.[39m[33mNODE_ENV[39m [33m!==[39m [32m'test'[39m) {
    [31m[1m>[22m[39m[90m 36 |[39m     console[33m.[39merror([32m'[DB] Redis Client Error'[39m[33m,[39m err)[33m;[39m
     [90m    |[39m             [31m[1m^[22m[39m
     [90m 37 |[39m   }
     [90m 38 |[39m })[33m;[39m
     [90m 39 |[39m[0m

      at Class.error (server/config/database.js:36:13)
      at RedisSocket.<anonymous> (node_modules/@redis/client/lib/client/index.ts:796:12)
      at RedisSocket.#connect (node_modules/@redis/client/lib/client/socket.ts:246:14)
      at Class.connect (node_modules/@redis/client/lib/client/index.ts:961:5)
      at connectRedis (server/config/database.js:42:5)
      at server/app.js:79:5

  console.error
    [DB] Redis Client Error AggregateError: 
        at internalConnectMultiple (node:net:1134:18)
        at afterConnectMultiple (node:net:1715:7) {
      code: 'ECONNREFUSED',
      [errors]: [
        Error: connect ECONNREFUSED ::1:6379
            at createConnectionError (node:net:1678:14)
            at afterConnectMultiple (node:net:1708:16) {
          errno: -4078,
          code: 'ECONNREFUSED',
          syscall: 'connect',
          address: '::1',
          port: 6379
        },
        Error: connect ECONNREFUSED 127.0.0.1:6379
            at createConnectionError (node:net:1678:14)
            at afterConnectMultiple (node:net:1708:16) {
          errno: -4078,
          code: 'ECONNREFUSED',
          syscall: 'connect',
          address: '127.0.0.1',
          port: 6379
        }
      ]
    }

    [0m [90m 34 |[39m redisClient[33m.[39mon([32m'error'[39m[33m,[39m (err) [33m=>[39m {
     [90m 35 |[39m   [36mif[39m (process[33m.[39menv[33m.[39m[33mNODE_ENV[39m [33m!==[39m [32m'test'[39m) {
    [31m[1m>[22m[39m[90m 36 |[39m     console[33m.[39merror([32m'[DB] Redis Client Error'[39m[33m,[39m err)[33m;[39m
     [90m    |[39m             [31m[1m^[22m[39m
     [90m 37 |[39m   }
     [90m 38 |[39m })[33m;[39m
     [90m 39 |[39m[0m

      at Class.error (server/config/database.js:36:13)
      at RedisSocket.<anonymous> (node_modules/@redis/client/lib/client/index.ts:796:12)
      at RedisSocket.#connect (node_modules/@redis/client/lib/client/socket.ts:246:14)
      at Class.connect (node_modules/@redis/client/lib/client/index.ts:961:5)
      at connectRedis (server/config/database.js:42:5)
      at server/app.js:79:5

  console.error
    [DB] Redis Client Error AggregateError: 
        at internalConnectMultiple (node:net:1134:18)
        at afterConnectMultiple (node:net:1715:7) {
      code: 'ECONNREFUSED',
      [errors]: [
        Error: connect ECONNREFUSED ::1:6379
            at createConnectionError (node:net:1678:14)
            at afterConnectMultiple (node:net:1708:16) {
          errno: -4078,
          code: 'ECONNREFUSED',
          syscall: 'connect',
          address: '::1',
          port: 6379
        },
        Error: connect ECONNREFUSED 127.0.0.1:6379
            at createConnectionError (node:net:1678:14)
            at afterConnectMultiple (node:net:1708:16) {
          errno: -4078,
          code: 'ECONNREFUSED',
          syscall: 'connect',
          address: '127.0.0.1',
          port: 6379
        }
      ]
    }

    [0m [90m 34 |[39m redisClient[33m.[39mon([32m'error'[39m[33m,[39m (err) [33m=>[39m {
     [90m 35 |[39m   [36mif[39m (process[33m.[39menv[33m.[39m[33mNODE_ENV[39m [33m!==[39m [32m'test'[39m) {
    [31m[1m>[22m[39m[90m 36 |[39m     console[33m.[39merror([32m'[DB] Redis Client Error'[39m[33m,[39m err)[33m;[39m
     [90m    |[39m             [31m[1m^[22m[39m
     [90m 37 |[39m   }
     [90m 38 |[39m })[33m;[39m
     [90m 39 |[39m[0m

      at Class.error (server/config/database.js:36:13)
      at RedisSocket.<anonymous> (node_modules/@redis/client/lib/client/index.ts:796:12)
      at RedisSocket.#connect (node_modules/@redis/client/lib/client/socket.ts:246:14)
      at Class.connect (node_modules/@redis/client/lib/client/index.ts:961:5)
      at connectRedis (server/config/database.js:42:5)
      at server/app.js:79:5

  console.error
    [DB] Redis Client Error AggregateError: 
        at internalConnectMultiple (node:net:1134:18)
        at afterConnectMultiple (node:net:1715:7) {
      code: 'ECONNREFUSED',
      [errors]: [
        Error: connect ECONNREFUSED ::1:6379
            at createConnectionError (node:net:1678:14)
            at afterConnectMultiple (node:net:1708:16) {
          errno: -4078,
          code: 'ECONNREFUSED',
          syscall: 'connect',
          address: '::1',
          port: 6379
        },
        Error: connect ECONNREFUSED 127.0.0.1:6379
            at createConnectionError (node:net:1678:14)
            at afterConnectMultiple (node:net:1708:16) {
          errno: -4078,
          code: 'ECONNREFUSED',
          syscall: 'connect',
          address: '127.0.0.1',
          port: 6379
        }
      ]
    }

    [0m [90m 34 |[39m redisClient[33m.[39mon([32m'error'[39m[33m,[39m (err) [33m=>[39m {
     [90m 35 |[39m   [36mif[39m (process[33m.[39menv[33m.[39m[33mNODE_ENV[39m [33m!==[39m [32m'test'[39m) {
    [31m[1m>[22m[39m[90m 36 |[39m     console[33m.[39merror([32m'[DB] Redis Client Error'[39m[33m,[39m err)[33m;[39m
     [90m    |[39m             [31m[1m^[22m[39m
     [90m 37 |[39m   }
     [90m 38 |[39m })[33m;[39m
     [90m 39 |[39m[0m

      at Class.error (server/config/database.js:36:13)
      at RedisSocket.<anonymous> (node_modules/@redis/client/lib/client/index.ts:796:12)
      at RedisSocket.#connect (node_modules/@redis/client/lib/client/socket.ts:246:14)
      at Class.connect (node_modules/@redis/client/lib/client/index.ts:961:5)
      at connectRedis (server/config/database.js:42:5)
      at server/app.js:79:5

  console.error
    [DB] Redis Client Error AggregateError: 
        at internalConnectMultiple (node:net:1134:18)
        at afterConnectMultiple (node:net:1715:7) {
      code: 'ECONNREFUSED',
      [errors]: [
        Error: connect ECONNREFUSED ::1:6379
            at createConnectionError (node:net:1678:14)
            at afterConnectMultiple (node:net:1708:16) {
          errno: -4078,
          code: 'ECONNREFUSED',
          syscall: 'connect',
          address: '::1',
          port: 6379
        },
        Error: connect ECONNREFUSED 127.0.0.1:6379
            at createConnectionError (node:net:1678:14)
            at afterConnectMultiple (node:net:1708:16) {
          errno: -4078,
          code: 'ECONNREFUSED',
          syscall: 'connect',
          address: '127.0.0.1',
          port: 6379
        }
      ]
    }

    [0m [90m 34 |[39m redisClient[33m.[39mon([32m'error'[39m[33m,[39m (err) [33m=>[39m {
     [90m 35 |[39m   [36mif[39m (process[33m.[39menv[33m.[39m[33mNODE_ENV[39m [33m!==[39m [32m'test'[39m) {
    [31m[1m>[22m[39m[90m 36 |[39m     console[33m.[39merror([32m'[DB] Redis Client Error'[39m[33m,[39m err)[33m;[39m
     [90m    |[39m             [31m[1m^[22m[39m
     [90m 37 |[39m   }
     [90m 38 |[39m })[33m;[39m
     [90m 39 |[39m[0m

      at Class.error (server/config/database.js:36:13)
      at RedisSocket.<anonymous> (node_modules/@redis/client/lib/client/index.ts:796:12)
      at RedisSocket.#connect (node_modules/@redis/client/lib/client/socket.ts:246:14)
      at Class.connect (node_modules/@redis/client/lib/client/index.ts:961:5)
      at connectRedis (server/config/database.js:42:5)
      at server/app.js:79:5

  console.error
    [DB] Redis Client Error AggregateError: 
        at internalConnectMultiple (node:net:1134:18)
        at afterConnectMultiple (node:net:1715:7) {
      code: 'ECONNREFUSED',
      [errors]: [
        Error: connect ECONNREFUSED ::1:6379
            at createConnectionError (node:net:1678:14)
            at afterConnectMultiple (node:net:1708:16) {
          errno: -4078,
          code: 'ECONNREFUSED',
          syscall: 'connect',
          address: '::1',
          port: 6379
        },
        Error: connect ECONNREFUSED 127.0.0.1:6379
            at createConnectionError (node:net:1678:14)
            at afterConnectMultiple (node:net:1708:16) {
          errno: -4078,
          code: 'ECONNREFUSED',
          syscall: 'connect',
          address: '127.0.0.1',
          port: 6379
        }
      ]
    }

    [0m [90m 34 |[39m redisClient[33m.[39mon([32m'error'[39m[33m,[39m (err) [33m=>[39m {
     [90m 35 |[39m   [36mif[39m (process[33m.[39menv[33m.[39m[33mNODE_ENV[39m [33m!==[39m [32m'test'[39m) {
    [31m[1m>[22m[39m[90m 36 |[39m     console[33m.[39merror([32m'[DB] Redis Client Error'[39m[33m,[39m err)[33m;[39m
     [90m    |[39m             [31m[1m^[22m[39m
     [90m 37 |[39m   }
     [90m 38 |[39m })[33m;[39m
     [90m 39 |[39m[0m

      at Class.error (server/config/database.js:36:13)
      at RedisSocket.<anonymous> (node_modules/@redis/client/lib/client/index.ts:796:12)
      at RedisSocket.#connect (node_modules/@redis/client/lib/client/socket.ts:246:14)
      at Class.connect (node_modules/@redis/client/lib/client/index.ts:961:5)
      at connectRedis (server/config/database.js:42:5)
      at server/app.js:79:5

  console.error
    [DB] Redis Client Error AggregateError: 
        at internalConnectMultiple (node:net:1134:18)
        at afterConnectMultiple (node:net:1715:7) {
      code: 'ECONNREFUSED',
      [errors]: [
        Error: connect ECONNREFUSED ::1:6379
            at createConnectionError (node:net:1678:14)
            at afterConnectMultiple (node:net:1708:16) {
          errno: -4078,
          code: 'ECONNREFUSED',
          syscall: 'connect',
          address: '::1',
          port: 6379
        },
        Error: connect ECONNREFUSED 127.0.0.1:6379
            at createConnectionError (node:net:1678:14)
            at afterConnectMultiple (node:net:1708:16) {
          errno: -4078,
          code: 'ECONNREFUSED',
          syscall: 'connect',
          address: '127.0.0.1',
          port: 6379
        }
      ]
    }

    [0m [90m 34 |[39m redisClient[33m.[39mon([32m'error'[39m[33m,[39m (err) [33m=>[39m {
     [90m 35 |[39m   [36mif[39m (process[33m.[39menv[33m.[39m[33mNODE_ENV[39m [33m!==[39m [32m'test'[39m) {
    [31m[1m>[22m[39m[90m 36 |[39m     console[33m.[39merror([32m'[DB] Redis Client Error'[39m[33m,[39m err)[33m;[39m
     [90m    |[39m             [31m[1m^[22m[39m
     [90m 37 |[39m   }
     [90m 38 |[39m })[33m;[39m
     [90m 39 |[39m[0m

      at Class.error (server/config/database.js:36:13)
      at RedisSocket.<anonymous> (node_modules/@redis/client/lib/client/index.ts:796:12)
      at RedisSocket.#connect (node_modules/@redis/client/lib/client/socket.ts:246:14)
      at Class.connect (node_modules/@redis/client/lib/client/index.ts:961:5)
      at connectRedis (server/config/database.js:42:5)
      at server/app.js:79:5

  console.error
    [DB] Redis Client Error AggregateError: 
        at internalConnectMultiple (node:net:1134:18)
        at afterConnectMultiple (node:net:1715:7) {
      code: 'ECONNREFUSED',
      [errors]: [
        Error: connect ECONNREFUSED ::1:6379
            at createConnectionError (node:net:1678:14)
            at afterConnectMultiple (node:net:1708:16) {
          errno: -4078,
          code: 'ECONNREFUSED',
          syscall: 'connect',
          address: '::1',
          port: 6379
        },
        Error: connect ECONNREFUSED 127.0.0.1:6379
            at createConnectionError (node:net:1678:14)
            at afterConnectMultiple (node:net:1708:16) {
          errno: -4078,
          code: 'ECONNREFUSED',
          syscall: 'connect',
          address: '127.0.0.1',
          port: 6379
        }
      ]
    }

    [0m [90m 34 |[39m redisClient[33m.[39mon([32m'error'[39m[33m,[39m (err) [33m=>[39m {
     [90m 35 |[39m   [36mif[39m (process[33m.[39menv[33m.[39m[33mNODE_ENV[39m [33m!==[39m [32m'test'[39m) {
    [31m[1m>[22m[39m[90m 36 |[39m     console[33m.[39merror([32m'[DB] Redis Client Error'[39m[33m,[39m err)[33m;[39m
     [90m    |[39m             [31m[1m^[22m[39m
     [90m 37 |[39m   }
     [90m 38 |[39m })[33m;[39m
     [90m 39 |[39m[0m

      at Class.error (server/config/database.js:36:13)
      at RedisSocket.<anonymous> (node_modules/@redis/client/lib/client/index.ts:796:12)
      at RedisSocket.#connect (node_modules/@redis/client/lib/client/socket.ts:246:14)
      at Class.connect (node_modules/@redis/client/lib/client/index.ts:961:5)
      at connectRedis (server/config/database.js:42:5)
      at server/app.js:79:5

  console.error
    [DB] Redis Client Error AggregateError: 
        at internalConnectMultiple (node:net:1134:18)
        at afterConnectMultiple (node:net:1715:7) {
      code: 'ECONNREFUSED',
      [errors]: [
        Error: connect ECONNREFUSED ::1:6379
            at createConnectionError (node:net:1678:14)
            at afterConnectMultiple (node:net:1708:16) {
          errno: -4078,
          code: 'ECONNREFUSED',
          syscall: 'connect',
          address: '::1',
          port: 6379
        },
        Error: connect ECONNREFUSED 127.0.0.1:6379
            at createConnectionError (node:net:1678:14)
            at afterConnectMultiple (node:net:1708:16) {
          errno: -4078,
          code: 'ECONNREFUSED',
          syscall: 'connect',
          address: '127.0.0.1',
          port: 6379
        }
      ]
    }

    [0m [90m 34 |[39m redisClient[33m.[39mon([32m'error'[39m[33m,[39m (err) [33m=>[39m {
     [90m 35 |[39m   [36mif[39m (process[33m.[39menv[33m.[39m[33mNODE_ENV[39m [33m!==[39m [32m'test'[39m) {
    [31m[1m>[22m[39m[90m 36 |[39m     console[33m.[39merror([32m'[DB] Redis Client Error'[39m[33m,[39m err)[33m;[39m
     [90m    |[39m             [31m[1m^[22m[39m
     [90m 37 |[39m   }
     [90m 38 |[39m })[33m;[39m
     [90m 39 |[39m[0m

      at Class.error (server/config/database.js:36:13)
      at RedisSocket.<anonymous> (node_modules/@redis/client/lib/client/index.ts:796:12)
      at RedisSocket.#connect (node_modules/@redis/client/lib/client/socket.ts:246:14)
      at Class.connect (node_modules/@redis/client/lib/client/index.ts:961:5)
      at connectRedis (server/config/database.js:42:5)
      at server/app.js:79:5

  console.error
    [DB] Redis Client Error AggregateError: 
        at internalConnectMultiple (node:net:1134:18)
        at afterConnectMultiple (node:net:1715:7) {
      code: 'ECONNREFUSED',
      [errors]: [
        Error: connect ECONNREFUSED ::1:6379
            at createConnectionError (node:net:1678:14)
            at afterConnectMultiple (node:net:1708:16) {
          errno: -4078,
          code: 'ECONNREFUSED',
          syscall: 'connect',
          address: '::1',
          port: 6379
        },
        Error: connect ECONNREFUSED 127.0.0.1:6379
            at createConnectionError (node:net:1678:14)
            at afterConnectMultiple (node:net:1708:16) {
          errno: -4078,
          code: 'ECONNREFUSED',
          syscall: 'connect',
          address: '127.0.0.1',
          port: 6379
        }
      ]
    }

    [0m [90m 34 |[39m redisClient[33m.[39mon([32m'error'[39m[33m,[39m (err) [33m=>[39m {
     [90m 35 |[39m   [36mif[39m (process[33m.[39menv[33m.[39m[33mNODE_ENV[39m [33m!==[39m [32m'test'[39m) {
    [31m[1m>[22m[39m[90m 36 |[39m     console[33m.[39merror([32m'[DB] Redis Client Error'[39m[33m,[39m err)[33m;[39m
     [90m    |[39m             [31m[1m^[22m[39m
     [90m 37 |[39m   }
     [90m 38 |[39m })[33m;[39m
     [90m 39 |[39m[0m

      at Class.error (server/config/database.js:36:13)
      at RedisSocket.<anonymous> (node_modules/@redis/client/lib/client/index.ts:796:12)
      at RedisSocket.#connect (node_modules/@redis/client/lib/client/socket.ts:246:14)
      at Class.connect (node_modules/@redis/client/lib/client/index.ts:961:5)
      at connectRedis (server/config/database.js:42:5)
      at server/app.js:79:5

  console.error
    [DB] Redis Client Error AggregateError: 
        at internalConnectMultiple (node:net:1134:18)
        at afterConnectMultiple (node:net:1715:7) {
      code: 'ECONNREFUSED',
      [errors]: [
        Error: connect ECONNREFUSED ::1:6379
            at createConnectionError (node:net:1678:14)
            at afterConnectMultiple (node:net:1708:16) {
          errno: -4078,
          code: 'ECONNREFUSED',
          syscall: 'connect',
          address: '::1',
          port: 6379
        },
        Error: connect ECONNREFUSED 127.0.0.1:6379
            at createConnectionError (node:net:1678:14)
            at afterConnectMultiple (node:net:1708:16) {
          errno: -4078,
          code: 'ECONNREFUSED',
          syscall: 'connect',
          address: '127.0.0.1',
          port: 6379
        }
      ]
    }

    [0m [90m 34 |[39m redisClient[33m.[39mon([32m'error'[39m[33m,[39m (err) [33m=>[39m {
     [90m 35 |[39m   [36mif[39m (process[33m.[39menv[33m.[39m[33mNODE_ENV[39m [33m!==[39m [32m'test'[39m) {
    [31m[1m>[22m[39m[90m 36 |[39m     console[33m.[39merror([32m'[DB] Redis Client Error'[39m[33m,[39m err)[33m;[39m
     [90m    |[39m             [31m[1m^[22m[39m
     [90m 37 |[39m   }
     [90m 38 |[39m })[33m;[39m
     [90m 39 |[39m[0m

      at Class.error (server/config/database.js:36:13)
      at RedisSocket.<anonymous> (node_modules/@redis/client/lib/client/index.ts:796:12)
      at RedisSocket.#connect (node_modules/@redis/client/lib/client/socket.ts:246:14)
      at Class.connect (node_modules/@redis/client/lib/client/index.ts:961:5)
      at connectRedis (server/config/database.js:42:5)
      at server/app.js:79:5

  console.error
    [DB] Redis Client Error AggregateError: 
        at internalConnectMultiple (node:net:1134:18)
        at afterConnectMultiple (node:net:1715:7) {
      code: 'ECONNREFUSED',
      [errors]: [
        Error: connect ECONNREFUSED ::1:6379
            at createConnectionError (node:net:1678:14)
            at afterConnectMultiple (node:net:1708:16) {
          errno: -4078,
          code: 'ECONNREFUSED',
          syscall: 'connect',
          address: '::1',
          port: 6379
        },
        Error: connect ECONNREFUSED 127.0.0.1:6379
            at createConnectionError (node:net:1678:14)
            at afterConnectMultiple (node:net:1708:16) {
          errno: -4078,
          code: 'ECONNREFUSED',
          syscall: 'connect',
          address: '127.0.0.1',
          port: 6379
        }
      ]
    }

    [0m [90m 34 |[39m redisClient[33m.[39mon([32m'error'[39m[33m,[39m (err) [33m=>[39m {
     [90m 35 |[39m   [36mif[39m (process[33m.[39menv[33m.[39m[33mNODE_ENV[39m [33m!==[39m [32m'test'[39m) {
    [31m[1m>[22m[39m[90m 36 |[39m     console[33m.[39merror([32m'[DB] Redis Client Error'[39m[33m,[39m err)[33m;[39m
     [90m    |[39m             [31m[1m^[22m[39m
     [90m 37 |[39m   }
     [90m 38 |[39m })[33m;[39m
     [90m 39 |[39m[0m

      at Class.error (server/config/database.js:36:13)
      at RedisSocket.<anonymous> (node_modules/@redis/client/lib/client/index.ts:796:12)
      at RedisSocket.#connect (node_modules/@redis/client/lib/client/socket.ts:246:14)
      at Class.connect (node_modules/@redis/client/lib/client/index.ts:961:5)
      at connectRedis (server/config/database.js:42:5)
      at server/app.js:79:5

  console.error
    [DB] Redis Client Error AggregateError: 
        at internalConnectMultiple (node:net:1134:18)
        at afterConnectMultiple (node:net:1715:7) {
      code: 'ECONNREFUSED',
      [errors]: [
        Error: connect ECONNREFUSED ::1:6379
            at createConnectionError (node:net:1678:14)
            at afterConnectMultiple (node:net:1708:16) {
          errno: -4078,
          code: 'ECONNREFUSED',
          syscall: 'connect',
          address: '::1',
          port: 6379
        },
        Error: connect ECONNREFUSED 127.0.0.1:6379
            at createConnectionError (node:net:1678:14)
            at afterConnectMultiple (node:net:1708:16) {
          errno: -4078,
          code: 'ECONNREFUSED',
          syscall: 'connect',
          address: '127.0.0.1',
          port: 6379
        }
      ]
    }

    [0m [90m 34 |[39m redisClient[33m.[39mon([32m'error'[39m[33m,[39m (err) [33m=>[39m {
     [90m 35 |[39m   [36mif[39m (process[33m.[39menv[33m.[39m[33mNODE_ENV[39m [33m!==[39m [32m'test'[39m) {
    [31m[1m>[22m[39m[90m 36 |[39m     console[33m.[39merror([32m'[DB] Redis Client Error'[39m[33m,[39m err)[33m;[39m
     [90m    |[39m             [31m[1m^[22m[39m
     [90m 37 |[39m   }
     [90m 38 |[39m })[33m;[39m
     [90m 39 |[39m[0m

      at Class.error (server/config/database.js:36:13)
      at RedisSocket.<anonymous> (node_modules/@redis/client/lib/client/index.ts:796:12)
      at RedisSocket.#connect (node_modules/@redis/client/lib/client/socket.ts:246:14)
      at Class.connect (node_modules/@redis/client/lib/client/index.ts:961:5)
      at connectRedis (server/config/database.js:42:5)
      at server/app.js:79:5

  console.error
    [DB] Redis Client Error AggregateError: 
        at internalConnectMultiple (node:net:1134:18)
        at afterConnectMultiple (node:net:1715:7) {
      code: 'ECONNREFUSED',
      [errors]: [
        Error: connect ECONNREFUSED ::1:6379
            at createConnectionError (node:net:1678:14)
            at afterConnectMultiple (node:net:1708:16) {
          errno: -4078,
          code: 'ECONNREFUSED',
          syscall: 'connect',
          address: '::1',
          port: 6379
        },
        Error: connect ECONNREFUSED 127.0.0.1:6379
            at createConnectionError (node:net:1678:14)
            at afterConnectMultiple (node:net:1708:16) {
          errno: -4078,
          code: 'ECONNREFUSED',
          syscall: 'connect',
          address: '127.0.0.1',
          port: 6379
        }
      ]
    }

    [0m [90m 34 |[39m redisClient[33m.[39mon([32m'error'[39m[33m,[39m (err) [33m=>[39m {
     [90m 35 |[39m   [36mif[39m (process[33m.[39menv[33m.[39m[33mNODE_ENV[39m [33m!==[39m [32m'test'[39m) {
    [31m[1m>[22m[39m[90m 36 |[39m     console[33m.[39merror([32m'[DB] Redis Client Error'[39m[33m,[39m err)[33m;[39m
     [90m    |[39m             [31m[1m^[22m[39m
     [90m 37 |[39m   }
     [90m 38 |[39m })[33m;[39m
     [90m 39 |[39m[0m

      at Class.error (server/config/database.js:36:13)
      at RedisSocket.<anonymous> (node_modules/@redis/client/lib/client/index.ts:796:12)
      at RedisSocket.#connect (node_modules/@redis/client/lib/client/socket.ts:246:14)
      at Class.connect (node_modules/@redis/client/lib/client/index.ts:961:5)
      at connectRedis (server/config/database.js:42:5)
      at server/app.js:79:5

  console.error
    [DB] Redis Client Error AggregateError: 
        at internalConnectMultiple (node:net:1134:18)
        at afterConnectMultiple (node:net:1715:7) {
      code: 'ECONNREFUSED',
      [errors]: [
        Error: connect ECONNREFUSED ::1:6379
            at createConnectionError (node:net:1678:14)
            at afterConnectMultiple (node:net:1708:16) {
          errno: -4078,
          code: 'ECONNREFUSED',
          syscall: 'connect',
          address: '::1',
          port: 6379
        },
        Error: connect ECONNREFUSED 127.0.0.1:6379
            at createConnectionError (node:net:1678:14)
            at afterConnectMultiple (node:net:1708:16) {
          errno: -4078,
          code: 'ECONNREFUSED',
          syscall: 'connect',
          address: '127.0.0.1',
          port: 6379
        }
      ]
    }

    [0m [90m 34 |[39m redisClient[33m.[39mon([32m'error'[39m[33m,[39m (err) [33m=>[39m {
     [90m 35 |[39m   [36mif[39m (process[33m.[39menv[33m.[39m[33mNODE_ENV[39m [33m!==[39m [32m'test'[39m) {
    [31m[1m>[22m[39m[90m 36 |[39m     console[33m.[39merror([32m'[DB] Redis Client Error'[39m[33m,[39m err)[33m;[39m
     [90m    |[39m             [31m[1m^[22m[39m
     [90m 37 |[39m   }
     [90m 38 |[39m })[33m;[39m
     [90m 39 |[39m[0m

      at Class.error (server/config/database.js:36:13)
      at RedisSocket.<anonymous> (node_modules/@redis/client/lib/client/index.ts:796:12)
      at RedisSocket.#connect (node_modules/@redis/client/lib/client/socket.ts:246:14)
      at Class.connect (node_modules/@redis/client/lib/client/index.ts:961:5)
      at connectRedis (server/config/database.js:42:5)
      at server/app.js:79:5

  console.error
    [DB] Redis Client Error AggregateError: 
        at internalConnectMultiple (node:net:1134:18)
        at afterConnectMultiple (node:net:1715:7) {
      code: 'ECONNREFUSED',
      [errors]: [
        Error: connect ECONNREFUSED ::1:6379
            at createConnectionError (node:net:1678:14)
            at afterConnectMultiple (node:net:1708:16) {
          errno: -4078,
          code: 'ECONNREFUSED',
          syscall: 'connect',
          address: '::1',
          port: 6379
        },
        Error: connect ECONNREFUSED 127.0.0.1:6379
            at createConnectionError (node:net:1678:14)
            at afterConnectMultiple (node:net:1708:16) {
          errno: -4078,
          code: 'ECONNREFUSED',
          syscall: 'connect',
          address: '127.0.0.1',
          port: 6379
        }
      ]
    }

    [0m [90m 34 |[39m redisClient[33m.[39mon([32m'error'[39m[33m,[39m (err) [33m=>[39m {
     [90m 35 |[39m   [36mif[39m (process[33m.[39menv[33m.[39m[33mNODE_ENV[39m [33m!==[39m [32m'test'[39m) {
    [31m[1m>[22m[39m[90m 36 |[39m     console[33m.[39merror([32m'[DB] Redis Client Error'[39m[33m,[39m err)[33m;[39m
     [90m    |[39m             [31m[1m^[22m[39m
     [90m 37 |[39m   }
     [90m 38 |[39m })[33m;[39m
     [90m 39 |[39m[0m

      at Class.error (server/config/database.js:36:13)
      at RedisSocket.<anonymous> (node_modules/@redis/client/lib/client/index.ts:796:12)
      at RedisSocket.#connect (node_modules/@redis/client/lib/client/socket.ts:246:14)
      at Class.connect (node_modules/@redis/client/lib/client/index.ts:961:5)
      at connectRedis (server/config/database.js:42:5)
      at server/app.js:79:5

  console.error
    [DB] Redis Client Error AggregateError: 
        at internalConnectMultiple (node:net:1134:18)
        at afterConnectMultiple (node:net:1715:7) {
      code: 'ECONNREFUSED',
      [errors]: [
        Error: connect ECONNREFUSED ::1:6379
            at createConnectionError (node:net:1678:14)
            at afterConnectMultiple (node:net:1708:16) {
          errno: -4078,
          code: 'ECONNREFUSED',
          syscall: 'connect',
          address: '::1',
          port: 6379
        },
        Error: connect ECONNREFUSED 127.0.0.1:6379
            at createConnectionError (node:net:1678:14)
            at afterConnectMultiple (node:net:1708:16) {
          errno: -4078,
          code: 'ECONNREFUSED',
          syscall: 'connect',
          address: '127.0.0.1',
          port: 6379
        }
      ]
    }

    [0m [90m 34 |[39m redisClient[33m.[39mon([32m'error'[39m[33m,[39m (err) [33m=>[39m {
     [90m 35 |[39m   [36mif[39m (process[33m.[39menv[33m.[39m[33mNODE_ENV[39m [33m!==[39m [32m'test'[39m) {
    [31m[1m>[22m[39m[90m 36 |[39m     console[33m.[39merror([32m'[DB] Redis Client Error'[39m[33m,[39m err)[33m;[39m
     [90m    |[39m             [31m[1m^[22m[39m
     [90m 37 |[39m   }
     [90m 38 |[39m })[33m;[39m
     [90m 39 |[39m[0m

      at Class.error (server/config/database.js:36:13)
      at RedisSocket.<anonymous> (node_modules/@redis/client/lib/client/index.ts:796:12)
      at RedisSocket.#connect (node_modules/@redis/client/lib/client/socket.ts:246:14)
      at Class.connect (node_modules/@redis/client/lib/client/index.ts:961:5)
      at connectRedis (server/config/database.js:42:5)
      at server/app.js:79:5

  console.error
    [DB] Redis Client Error AggregateError: 
        at internalConnectMultiple (node:net:1134:18)
        at afterConnectMultiple (node:net:1715:7) {
      code: 'ECONNREFUSED',
      [errors]: [
        Error: connect ECONNREFUSED ::1:6379
            at createConnectionError (node:net:1678:14)
            at afterConnectMultiple (node:net:1708:16) {
          errno: -4078,
          code: 'ECONNREFUSED',
          syscall: 'connect',
          address: '::1',
          port: 6379
        },
        Error: connect ECONNREFUSED 127.0.0.1:6379
            at createConnectionError (node:net:1678:14)
            at afterConnectMultiple (node:net:1708:16) {
          errno: -4078,
          code: 'ECONNREFUSED',
          syscall: 'connect',
          address: '127.0.0.1',
          port: 6379
        }
      ]
    }

    [0m [90m 34 |[39m redisClient[33m.[39mon([32m'error'[39m[33m,[39m (err) [33m=>[39m {
     [90m 35 |[39m   [36mif[39m (process[33m.[39menv[33m.[39m[33mNODE_ENV[39m [33m!==[39m [32m'test'[39m) {
    [31m[1m>[22m[39m[90m 36 |[39m     console[33m.[39merror([32m'[DB] Redis Client Error'[39m[33m,[39m err)[33m;[39m
     [90m    |[39m             [31m[1m^[22m[39m
     [90m 37 |[39m   }
     [90m 38 |[39m })[33m;[39m
     [90m 39 |[39m[0m

      at Class.error (server/config/database.js:36:13)
      at RedisSocket.<anonymous> (node_modules/@redis/client/lib/client/index.ts:796:12)
      at RedisSocket.#connect (node_modules/@redis/client/lib/client/socket.ts:246:14)
      at Class.connect (node_modules/@redis/client/lib/client/index.ts:961:5)
      at connectRedis (server/config/database.js:42:5)
      at server/app.js:79:5

  console.error
    [DB] Redis Client Error AggregateError: 
        at internalConnectMultiple (node:net:1134:18)
        at afterConnectMultiple (node:net:1715:7) {
      code: 'ECONNREFUSED',
      [errors]: [
        Error: connect ECONNREFUSED ::1:6379
            at createConnectionError (node:net:1678:14)
            at afterConnectMultiple (node:net:1708:16) {
          errno: -4078,
          code: 'ECONNREFUSED',
          syscall: 'connect',
          address: '::1',
          port: 6379
        },
        Error: connect ECONNREFUSED 127.0.0.1:6379
            at createConnectionError (node:net:1678:14)
            at afterConnectMultiple (node:net:1708:16) {
          errno: -4078,
          code: 'ECONNREFUSED',
          syscall: 'connect',
          address: '127.0.0.1',
          port: 6379
        }
      ]
    }

    [0m [90m 34 |[39m redisClient[33m.[39mon([32m'error'[39m[33m,[39m (err) [33m=>[39m {
     [90m 35 |[39m   [36mif[39m (process[33m.[39menv[33m.[39m[33mNODE_ENV[39m [33m!==[39m [32m'test'[39m) {
    [31m[1m>[22m[39m[90m 36 |[39m     console[33m.[39merror([32m'[DB] Redis Client Error'[39m[33m,[39m err)[33m;[39m
     [90m    |[39m             [31m[1m^[22m[39m
     [90m 37 |[39m   }
     [90m 38 |[39m })[33m;[39m
     [90m 39 |[39m[0m

      at Class.error (server/config/database.js:36:13)
      at RedisSocket.<anonymous> (node_modules/@redis/client/lib/client/index.ts:796:12)
      at RedisSocket.#connect (node_modules/@redis/client/lib/client/socket.ts:246:14)
      at Class.connect (node_modules/@redis/client/lib/client/index.ts:961:5)
      at connectRedis (server/config/database.js:42:5)
      at server/app.js:79:5

  console.error
    [DB] Redis Client Error AggregateError: 
        at internalConnectMultiple (node:net:1134:18)
        at afterConnectMultiple (node:net:1715:7) {
      code: 'ECONNREFUSED',
      [errors]: [
        Error: connect ECONNREFUSED ::1:6379
            at createConnectionError (node:net:1678:14)
            at afterConnectMultiple (node:net:1708:16) {
          errno: -4078,
          code: 'ECONNREFUSED',
          syscall: 'connect',
          address: '::1',
          port: 6379
        },
        Error: connect ECONNREFUSED 127.0.0.1:6379
            at createConnectionError (node:net:1678:14)
            at afterConnectMultiple (node:net:1708:16) {
          errno: -4078,
          code: 'ECONNREFUSED',
          syscall: 'connect',
          address: '127.0.0.1',
          port: 6379
        }
      ]
    }

    [0m [90m 34 |[39m redisClient[33m.[39mon([32m'error'[39m[33m,[39m (err) [33m=>[39m {
     [90m 35 |[39m   [36mif[39m (process[33m.[39menv[33m.[39m[33mNODE_ENV[39m [33m!==[39m [32m'test'[39m) {
    [31m[1m>[22m[39m[90m 36 |[39m     console[33m.[39merror([32m'[DB] Redis Client Error'[39m[33m,[39m err)[33m;[39m
     [90m    |[39m             [31m[1m^[22m[39m
     [90m 37 |[39m   }
     [90m 38 |[39m })[33m;[39m
     [90m 39 |[39m[0m

      at Class.error (server/config/database.js:36:13)
      at RedisSocket.<anonymous> (node_modules/@redis/client/lib/client/index.ts:796:12)
      at RedisSocket.#connect (node_modules/@redis/client/lib/client/socket.ts:246:14)
      at Class.connect (node_modules/@redis/client/lib/client/index.ts:961:5)
      at connectRedis (server/config/database.js:42:5)
      at server/app.js:79:5

  console.error
    [DB] Redis Client Error AggregateError: 
        at internalConnectMultiple (node:net:1134:18)
        at afterConnectMultiple (node:net:1715:7) {
      code: 'ECONNREFUSED',
      [errors]: [
        Error: connect ECONNREFUSED ::1:6379
            at createConnectionError (node:net:1678:14)
            at afterConnectMultiple (node:net:1708:16) {
          errno: -4078,
          code: 'ECONNREFUSED',
          syscall: 'connect',
          address: '::1',
          port: 6379
        },
        Error: connect ECONNREFUSED 127.0.0.1:6379
            at createConnectionError (node:net:1678:14)
            at afterConnectMultiple (node:net:1708:16) {
          errno: -4078,
          code: 'ECONNREFUSED',
          syscall: 'connect',
          address: '127.0.0.1',
          port: 6379
        }
      ]
    }

    [0m [90m 34 |[39m redisClient[33m.[39mon([32m'error'[39m[33m,[39m (err) [33m=>[39m {
     [90m 35 |[39m   [36mif[39m (process[33m.[39menv[33m.[39m[33mNODE_ENV[39m [33m!==[39m [32m'test'[39m) {
    [31m[1m>[22m[39m[90m 36 |[39m     console[33m.[39merror([32m'[DB] Redis Client Error'[39m[33m,[39m err)[33m;[39m
     [90m    |[39m             [31m[1m^[22m[39m
     [90m 37 |[39m   }
     [90m 38 |[39m })[33m;[39m
     [90m 39 |[39m[0m

      at Class.error (server/config/database.js:36:13)
      at RedisSocket.<anonymous> (node_modules/@redis/client/lib/client/index.ts:796:12)
      at RedisSocket.#connect (node_modules/@redis/client/lib/client/socket.ts:246:14)
      at Class.connect (node_modules/@redis/client/lib/client/index.ts:961:5)
      at connectRedis (server/config/database.js:42:5)
      at server/app.js:79:5

  console.error
    [DB] Redis Client Error AggregateError: 
        at internalConnectMultiple (node:net:1134:18)
        at afterConnectMultiple (node:net:1715:7) {
      code: 'ECONNREFUSED',
      [errors]: [
        Error: connect ECONNREFUSED ::1:6379
            at createConnectionError (node:net:1678:14)
            at afterConnectMultiple (node:net:1708:16) {
          errno: -4078,
          code: 'ECONNREFUSED',
          syscall: 'connect',
          address: '::1',
          port: 6379
        },
        Error: connect ECONNREFUSED 127.0.0.1:6379
            at createConnectionError (node:net:1678:14)
            at afterConnectMultiple (node:net:1708:16) {
          errno: -4078,
          code: 'ECONNREFUSED',
          syscall: 'connect',
          address: '127.0.0.1',
          port: 6379
        }
      ]
    }

    [0m [90m 34 |[39m redisClient[33m.[39mon([32m'error'[39m[33m,[39m (err) [33m=>[39m {
     [90m 35 |[39m   [36mif[39m (process[33m.[39menv[33m.[39m[33mNODE_ENV[39m [33m!==[39m [32m'test'[39m) {
    [31m[1m>[22m[39m[90m 36 |[39m     console[33m.[39merror([32m'[DB] Redis Client Error'[39m[33m,[39m err)[33m;[39m
     [90m    |[39m             [31m[1m^[22m[39m
     [90m 37 |[39m   }
     [90m 38 |[39m })[33m;[39m
     [90m 39 |[39m[0m

      at Class.error (server/config/database.js:36:13)
      at RedisSocket.<anonymous> (node_modules/@redis/client/lib/client/index.ts:796:12)
      at RedisSocket.#connect (node_modules/@redis/client/lib/client/socket.ts:246:14)
      at Class.connect (node_modules/@redis/client/lib/client/index.ts:961:5)
      at connectRedis (server/config/database.js:42:5)
      at server/app.js:79:5

  console.error
    [DB] Redis Client Error AggregateError: 
        at internalConnectMultiple (node:net:1134:18)
        at afterConnectMultiple (node:net:1715:7) {
      code: 'ECONNREFUSED',
      [errors]: [
        Error: connect ECONNREFUSED ::1:6379
            at createConnectionError (node:net:1678:14)
            at afterConnectMultiple (node:net:1708:16) {
          errno: -4078,
          code: 'ECONNREFUSED',
          syscall: 'connect',
          address: '::1',
          port: 6379
        },
        Error: connect ECONNREFUSED 127.0.0.1:6379
            at createConnectionError (node:net:1678:14)
            at afterConnectMultiple (node:net:1708:16) {
          errno: -4078,
          code: 'ECONNREFUSED',
          syscall: 'connect',
          address: '127.0.0.1',
          port: 6379
        }
      ]
    }

    [0m [90m 34 |[39m redisClient[33m.[39mon([32m'error'[39m[33m,[39m (err) [33m=>[39m {
     [90m 35 |[39m   [36mif[39m (process[33m.[39menv[33m.[39m[33mNODE_ENV[39m [33m!==[39m [32m'test'[39m) {
    [31m[1m>[22m[39m[90m 36 |[39m     console[33m.[39merror([32m'[DB] Redis Client Error'[39m[33m,[39m err)[33m;[39m
     [90m    |[39m             [31m[1m^[22m[39m
     [90m 37 |[39m   }
     [90m 38 |[39m })[33m;[39m
     [90m 39 |[39m[0m

      at Class.error (server/config/database.js:36:13)
      at RedisSocket.<anonymous> (node_modules/@redis/client/lib/client/index.ts:796:12)
      at RedisSocket.#connect (node_modules/@redis/client/lib/client/socket.ts:246:14)
      at Class.connect (node_modules/@redis/client/lib/client/index.ts:961:5)
      at connectRedis (server/config/database.js:42:5)
      at server/app.js:79:5

  console.error
    [DB] Redis Client Error AggregateError: 
        at internalConnectMultiple (node:net:1134:18)
        at afterConnectMultiple (node:net:1715:7) {
      code: 'ECONNREFUSED',
      [errors]: [
        Error: connect ECONNREFUSED ::1:6379
            at createConnectionError (node:net:1678:14)
            at afterConnectMultiple (node:net:1708:16) {
          errno: -4078,
          code: 'ECONNREFUSED',
          syscall: 'connect',
          address: '::1',
          port: 6379
        },
        Error: connect ECONNREFUSED 127.0.0.1:6379
            at createConnectionError (node:net:1678:14)
            at afterConnectMultiple (node:net:1708:16) {
          errno: -4078,
          code: 'ECONNREFUSED',
          syscall: 'connect',
          address: '127.0.0.1',
          port: 6379
        }
      ]
    }

    [0m [90m 34 |[39m redisClient[33m.[39mon([32m'error'[39m[33m,[39m (err) [33m=>[39m {
     [90m 35 |[39m   [36mif[39m (process[33m.[39menv[33m.[39m[33mNODE_ENV[39m [33m!==[39m [32m'test'[39m) {
    [31m[1m>[22m[39m[90m 36 |[39m     console[33m.[39merror([32m'[DB] Redis Client Error'[39m[33m,[39m err)[33m;[39m
     [90m    |[39m             [31m[1m^[22m[39m
     [90m 37 |[39m   }
     [90m 38 |[39m })[33m;[39m
     [90m 39 |[39m[0m

      at Class.error (server/config/database.js:36:13)
      at RedisSocket.<anonymous> (node_modules/@redis/client/lib/client/index.ts:796:12)
      at RedisSocket.#connect (node_modules/@redis/client/lib/client/socket.ts:246:14)
      at Class.connect (node_modules/@redis/client/lib/client/index.ts:961:5)
      at connectRedis (server/config/database.js:42:5)
      at server/app.js:79:5

  console.error
    [DB] Redis Client Error AggregateError: 
        at internalConnectMultiple (node:net:1134:18)
        at afterConnectMultiple (node:net:1715:7) {
      code: 'ECONNREFUSED',
      [errors]: [
        Error: connect ECONNREFUSED ::1:6379
            at createConnectionError (node:net:1678:14)
            at afterConnectMultiple (node:net:1708:16) {
          errno: -4078,
          code: 'ECONNREFUSED',
          syscall: 'connect',
          address: '::1',
          port: 6379
        },
        Error: connect ECONNREFUSED 127.0.0.1:6379
            at createConnectionError (node:net:1678:14)
            at afterConnectMultiple (node:net:1708:16) {
          errno: -4078,
          code: 'ECONNREFUSED',
          syscall: 'connect',
          address: '127.0.0.1',
          port: 6379
        }
      ]
    }

    [0m [90m 34 |[39m redisClient[33m.[39mon([32m'error'[39m[33m,[39m (err) [33m=>[39m {
     [90m 35 |[39m   [36mif[39m (process[33m.[39menv[33m.[39m[33mNODE_ENV[39m [33m!==[39m [32m'test'[39m) {
    [31m[1m>[22m[39m[90m 36 |[39m     console[33m.[39merror([32m'[DB] Redis Client Error'[39m[33m,[39m err)[33m;[39m
     [90m    |[39m             [31m[1m^[22m[39m
     [90m 37 |[39m   }
     [90m 38 |[39m })[33m;[39m
     [90m 39 |[39m[0m

      at Class.error (server/config/database.js:36:13)
      at RedisSocket.<anonymous> (node_modules/@redis/client/lib/client/index.ts:796:12)
      at RedisSocket.#connect (node_modules/@redis/client/lib/client/socket.ts:246:14)
      at Class.connect (node_modules/@redis/client/lib/client/index.ts:961:5)
      at connectRedis (server/config/database.js:42:5)
      at server/app.js:79:5

  console.error
    [DB] Redis Client Error AggregateError: 
        at internalConnectMultiple (node:net:1134:18)
        at afterConnectMultiple (node:net:1715:7) {
      code: 'ECONNREFUSED',
      [errors]: [
        Error: connect ECONNREFUSED ::1:6379
            at createConnectionError (node:net:1678:14)
            at afterConnectMultiple (node:net:1708:16) {
          errno: -4078,
          code: 'ECONNREFUSED',
          syscall: 'connect',
          address: '::1',
          port: 6379
        },
        Error: connect ECONNREFUSED 127.0.0.1:6379
            at createConnectionError (node:net:1678:14)
            at afterConnectMultiple (node:net:1708:16) {
          errno: -4078,
          code: 'ECONNREFUSED',
          syscall: 'connect',
          address: '127.0.0.1',
          port: 6379
        }
      ]
    }

    [0m [90m 34 |[39m redisClient[33m.[39mon([32m'error'[39m[33m,[39m (err) [33m=>[39m {
     [90m 35 |[39m   [36mif[39m (process[33m.[39menv[33m.[39m[33mNODE_ENV[39m [33m!==[39m [32m'test'[39m) {
    [31m[1m>[22m[39m[90m 36 |[39m     console[33m.[39merror([32m'[DB] Redis Client Error'[39m[33m,[39m err)[33m;[39m
     [90m    |[39m             [31m[1m^[22m[39m
     [90m 37 |[39m   }
     [90m 38 |[39m })[33m;[39m
     [90m 39 |[39m[0m

      at Class.error (server/config/database.js:36:13)
      at RedisSocket.<anonymous> (node_modules/@redis/client/lib/client/index.ts:796:12)
      at RedisSocket.#connect (node_modules/@redis/client/lib/client/socket.ts:246:14)
      at Class.connect (node_modules/@redis/client/lib/client/index.ts:961:5)
      at connectRedis (server/config/database.js:42:5)
      at server/app.js:79:5

  console.error
    [DB] Redis Client Error AggregateError: 
        at internalConnectMultiple (node:net:1134:18)
        at afterConnectMultiple (node:net:1715:7) {
      code: 'ECONNREFUSED',
      [errors]: [
        Error: connect ECONNREFUSED ::1:6379
            at createConnectionError (node:net:1678:14)
            at afterConnectMultiple (node:net:1708:16) {
          errno: -4078,
          code: 'ECONNREFUSED',
          syscall: 'connect',
          address: '::1',
          port: 6379
        },
        Error: connect ECONNREFUSED 127.0.0.1:6379
            at createConnectionError (node:net:1678:14)
            at afterConnectMultiple (node:net:1708:16) {
          errno: -4078,
          code: 'ECONNREFUSED',
          syscall: 'connect',
          address: '127.0.0.1',
          port: 6379
        }
      ]
    }

    [0m [90m 34 |[39m redisClient[33m.[39mon([32m'error'[39m[33m,[39m (err) [33m=>[39m {
     [90m 35 |[39m   [36mif[39m (process[33m.[39menv[33m.[39m[33mNODE_ENV[39m [33m!==[39m [32m'test'[39m) {
    [31m[1m>[22m[39m[90m 36 |[39m     console[33m.[39merror([32m'[DB] Redis Client Error'[39m[33m,[39m err)[33m;[39m
     [90m    |[39m             [31m[1m^[22m[39m
     [90m 37 |[39m   }
     [90m 38 |[39m })[33m;[39m
     [90m 39 |[39m[0m

      at Class.error (server/config/database.js:36:13)
      at RedisSocket.<anonymous> (node_modules/@redis/client/lib/client/index.ts:796:12)
      at RedisSocket.#connect (node_modules/@redis/client/lib/client/socket.ts:246:14)
      at Class.connect (node_modules/@redis/client/lib/client/index.ts:961:5)
      at connectRedis (server/config/database.js:42:5)
      at server/app.js:79:5

  console.error
    [DB] Redis Client Error AggregateError: 
        at internalConnectMultiple (node:net:1134:18)
        at afterConnectMultiple (node:net:1715:7) {
      code: 'ECONNREFUSED',
      [errors]: [
        Error: connect ECONNREFUSED ::1:6379
            at createConnectionError (node:net:1678:14)
            at afterConnectMultiple (node:net:1708:16) {
          errno: -4078,
          code: 'ECONNREFUSED',
          syscall: 'connect',
          address: '::1',
          port: 6379
        },
        Error: connect ECONNREFUSED 127.0.0.1:6379
            at createConnectionError (node:net:1678:14)
            at afterConnectMultiple (node:net:1708:16) {
          errno: -4078,
          code: 'ECONNREFUSED',
          syscall: 'connect',
          address: '127.0.0.1',
          port: 6379
        }
      ]
    }

    [0m [90m 34 |[39m redisClient[33m.[39mon([32m'error'[39m[33m,[39m (err) [33m=>[39m {
     [90m 35 |[39m   [36mif[39m (process[33m.[39menv[33m.[39m[33mNODE_ENV[39m [33m!==[39m [32m'test'[39m) {
    [31m[1m>[22m[39m[90m 36 |[39m     console[33m.[39merror([32m'[DB] Redis Client Error'[39m[33m,[39m err)[33m;[39m
     [90m    |[39m             [31m[1m^[22m[39m
     [90m 37 |[39m   }
     [90m 38 |[39m })[33m;[39m
     [90m 39 |[39m[0m

      at Class.error (server/config/database.js:36:13)
      at RedisSocket.<anonymous> (node_modules/@redis/client/lib/client/index.ts:796:12)
      at RedisSocket.#connect (node_modules/@redis/client/lib/client/socket.ts:246:14)
      at Class.connect (node_modules/@redis/client/lib/client/index.ts:961:5)
      at connectRedis (server/config/database.js:42:5)
      at server/app.js:79:5

  console.error
    [DB] Redis Client Error AggregateError: 
        at internalConnectMultiple (node:net:1134:18)
        at afterConnectMultiple (node:net:1715:7) {
      code: 'ECONNREFUSED',
      [errors]: [
        Error: connect ECONNREFUSED ::1:6379
            at createConnectionError (node:net:1678:14)
            at afterConnectMultiple (node:net:1708:16) {
          errno: -4078,
          code: 'ECONNREFUSED',
          syscall: 'connect',
          address: '::1',
          port: 6379
        },
        Error: connect ECONNREFUSED 127.0.0.1:6379
            at createConnectionError (node:net:1678:14)
            at afterConnectMultiple (node:net:1708:16) {
          errno: -4078,
          code: 'ECONNREFUSED',
          syscall: 'connect',
          address: '127.0.0.1',
          port: 6379
        }
      ]
    }

    [0m [90m 34 |[39m redisClient[33m.[39mon([32m'error'[39m[33m,[39m (err) [33m=>[39m {
     [90m 35 |[39m   [36mif[39m (process[33m.[39menv[33m.[39m[33mNODE_ENV[39m [33m!==[39m [32m'test'[39m) {
    [31m[1m>[22m[39m[90m 36 |[39m     console[33m.[39merror([32m'[DB] Redis Client Error'[39m[33m,[39m err)[33m;[39m
     [90m    |[39m             [31m[1m^[22m[39m
     [90m 37 |[39m   }
     [90m 38 |[39m })[33m;[39m
     [90m 39 |[39m[0m

      at Class.error (server/config/database.js:36:13)
      at RedisSocket.<anonymous> (node_modules/@redis/client/lib/client/index.ts:796:12)
      at RedisSocket.#connect (node_modules/@redis/client/lib/client/socket.ts:246:14)
      at Class.connect (node_modules/@redis/client/lib/client/index.ts:961:5)
      at connectRedis (server/config/database.js:42:5)
      at server/app.js:79:5

  console.error
    [DB] Redis Client Error AggregateError: 
        at internalConnectMultiple (node:net:1134:18)
        at afterConnectMultiple (node:net:1715:7) {
      code: 'ECONNREFUSED',
      [errors]: [
        Error: connect ECONNREFUSED ::1:6379
            at createConnectionError (node:net:1678:14)
            at afterConnectMultiple (node:net:1708:16) {
          errno: -4078,
          code: 'ECONNREFUSED',
          syscall: 'connect',
          address: '::1',
          port: 6379
        },
        Error: connect ECONNREFUSED 127.0.0.1:6379
            at createConnectionError (node:net:1678:14)
            at afterConnectMultiple (node:net:1708:16) {
          errno: -4078,
          code: 'ECONNREFUSED',
          syscall: 'connect',
          address: '127.0.0.1',
          port: 6379
        }
      ]
    }

    [0m [90m 34 |[39m redisClient[33m.[39mon([32m'error'[39m[33m,[39m (err) [33m=>[39m {
     [90m 35 |[39m   [36mif[39m (process[33m.[39menv[33m.[39m[33mNODE_ENV[39m [33m!==[39m [32m'test'[39m) {
    [31m[1m>[22m[39m[90m 36 |[39m     console[33m.[39merror([32m'[DB] Redis Client Error'[39m[33m,[39m err)[33m;[39m
     [90m    |[39m             [31m[1m^[22m[39m
     [90m 37 |[39m   }
     [90m 38 |[39m })[33m;[39m
     [90m 39 |[39m[0m

      at Class.error (server/config/database.js:36:13)
      at RedisSocket.<anonymous> (node_modules/@redis/client/lib/client/index.ts:796:12)
      at RedisSocket.#connect (node_modules/@redis/client/lib/client/socket.ts:246:14)
      at Class.connect (node_modules/@redis/client/lib/client/index.ts:961:5)
      at connectRedis (server/config/database.js:42:5)
      at server/app.js:79:5

  console.error
    [DB] Redis Client Error AggregateError: 
        at internalConnectMultiple (node:net:1134:18)
        at afterConnectMultiple (node:net:1715:7) {
      code: 'ECONNREFUSED',
      [errors]: [
        Error: connect ECONNREFUSED ::1:6379
            at createConnectionError (node:net:1678:14)
            at afterConnectMultiple (node:net:1708:16) {
          errno: -4078,
          code: 'ECONNREFUSED',
          syscall: 'connect',
          address: '::1',
          port: 6379
        },
        Error: connect ECONNREFUSED 127.0.0.1:6379
            at createConnectionError (node:net:1678:14)
            at afterConnectMultiple (node:net:1708:16) {
          errno: -4078,
          code: 'ECONNREFUSED',
          syscall: 'connect',
          address: '127.0.0.1',
          port: 6379
        }
      ]
    }

    [0m [90m 34 |[39m redisClient[33m.[39mon([32m'error'[39m[33m,[39m (err) [33m=>[39m {
     [90m 35 |[39m   [36mif[39m (process[33m.[39menv[33m.[39m[33mNODE_ENV[39m [33m!==[39m [32m'test'[39m) {
    [31m[1m>[22m[39m[90m 36 |[39m     console[33m.[39merror([32m'[DB] Redis Client Error'[39m[33m,[39m err)[33m;[39m
     [90m    |[39m             [31m[1m^[22m[39m
     [90m 37 |[39m   }
     [90m 38 |[39m })[33m;[39m
     [90m 39 |[39m[0m

      at Class.error (server/config/database.js:36:13)
      at RedisSocket.<anonymous> (node_modules/@redis/client/lib/client/index.ts:796:12)
      at RedisSocket.#connect (node_modules/@redis/client/lib/client/socket.ts:246:14)
      at Class.connect (node_modules/@redis/client/lib/client/index.ts:961:5)
      at connectRedis (server/config/database.js:42:5)
      at server/app.js:79:5

  console.error
    [DB] Redis Client Error AggregateError: 
        at internalConnectMultiple (node:net:1134:18)
        at afterConnectMultiple (node:net:1715:7) {
      code: 'ECONNREFUSED',
      [errors]: [
        Error: connect ECONNREFUSED ::1:6379
            at createConnectionError (node:net:1678:14)
            at afterConnectMultiple (node:net:1708:16) {
          errno: -4078,
          code: 'ECONNREFUSED',
          syscall: 'connect',
          address: '::1',
          port: 6379
        },
        Error: connect ECONNREFUSED 127.0.0.1:6379
            at createConnectionError (node:net:1678:14)
            at afterConnectMultiple (node:net:1708:16) {
          errno: -4078,
          code: 'ECONNREFUSED',
          syscall: 'connect',
          address: '127.0.0.1',
          port: 6379
        }
      ]
    }

    [0m [90m 34 |[39m redisClient[33m.[39mon([32m'error'[39m[33m,[39m (err) [33m=>[39m {
     [90m 35 |[39m   [36mif[39m (process[33m.[39menv[33m.[39m[33mNODE_ENV[39m [33m!==[39m [32m'test'[39m) {
    [31m[1m>[22m[39m[90m 36 |[39m     console[33m.[39merror([32m'[DB] Redis Client Error'[39m[33m,[39m err)[33m;[39m
     [90m    |[39m             [31m[1m^[22m[39m
     [90m 37 |[39m   }
     [90m 38 |[39m })[33m;[39m
     [90m 39 |[39m[0m

      at Class.error (server/config/database.js:36:13)
      at RedisSocket.<anonymous> (node_modules/@redis/client/lib/client/index.ts:796:12)
      at RedisSocket.#connect (node_modules/@redis/client/lib/client/socket.ts:246:14)
      at Class.connect (node_modules/@redis/client/lib/client/index.ts:961:5)
      at connectRedis (server/config/database.js:42:5)
      at server/app.js:79:5

  console.error
    [DB] Redis Client Error AggregateError: 
        at internalConnectMultiple (node:net:1134:18)
        at afterConnectMultiple (node:net:1715:7) {
      code: 'ECONNREFUSED',
      [errors]: [
        Error: connect ECONNREFUSED ::1:6379
            at createConnectionError (node:net:1678:14)
            at afterConnectMultiple (node:net:1708:16) {
          errno: -4078,
          code: 'ECONNREFUSED',
          syscall: 'connect',
          address: '::1',
          port: 6379
        },
        Error: connect ECONNREFUSED 127.0.0.1:6379
            at createConnectionError (node:net:1678:14)
            at afterConnectMultiple (node:net:1708:16) {
          errno: -4078,
          code: 'ECONNREFUSED',
          syscall: 'connect',
          address: '127.0.0.1',
          port: 6379
        }
      ]
    }

    [0m [90m 34 |[39m redisClient[33m.[39mon([32m'error'[39m[33m,[39m (err) [33m=>[39m {
     [90m 35 |[39m   [36mif[39m (process[33m.[39menv[33m.[39m[33mNODE_ENV[39m [33m!==[39m [32m'test'[39m) {
    [31m[1m>[22m[39m[90m 36 |[39m     console[33m.[39merror([32m'[DB] Redis Client Error'[39m[33m,[39m err)[33m;[39m
     [90m    |[39m             [31m[1m^[22m[39m
     [90m 37 |[39m   }
     [90m 38 |[39m })[33m;[39m
     [90m 39 |[39m[0m

      at Class.error (server/config/database.js:36:13)
      at RedisSocket.<anonymous> (node_modules/@redis/client/lib/client/index.ts:796:12)
      at RedisSocket.#connect (node_modules/@redis/client/lib/client/socket.ts:246:14)
      at Class.connect (node_modules/@redis/client/lib/client/index.ts:961:5)
      at connectRedis (server/config/database.js:42:5)
      at server/app.js:79:5

  console.error
    [DB] Redis Client Error AggregateError: 
        at internalConnectMultiple (node:net:1134:18)
        at afterConnectMultiple (node:net:1715:7) {
      code: 'ECONNREFUSED',
      [errors]: [
        Error: connect ECONNREFUSED ::1:6379
            at createConnectionError (node:net:1678:14)
            at afterConnectMultiple (node:net:1708:16) {
          errno: -4078,
          code: 'ECONNREFUSED',
          syscall: 'connect',
          address: '::1',
          port: 6379
        },
        Error: connect ECONNREFUSED 127.0.0.1:6379
            at createConnectionError (node:net:1678:14)
            at afterConnectMultiple (node:net:1708:16) {
          errno: -4078,
          code: 'ECONNREFUSED',
          syscall: 'connect',
          address: '127.0.0.1',
          port: 6379
        }
      ]
    }

    [0m [90m 34 |[39m redisClient[33m.[39mon([32m'error'[39m[33m,[39m (err) [33m=>[39m {
     [90m 35 |[39m   [36mif[39m (process[33m.[39menv[33m.[39m[33mNODE_ENV[39m [33m!==[39m [32m'test'[39m) {
    [31m[1m>[22m[39m[90m 36 |[39m     console[33m.[39merror([32m'[DB] Redis Client Error'[39m[33m,[39m err)[33m;[39m
     [90m    |[39m             [31m[1m^[22m[39m
     [90m 37 |[39m   }
     [90m 38 |[39m })[33m;[39m
     [90m 39 |[39m[0m

      at Class.error (server/config/database.js:36:13)
      at RedisSocket.<anonymous> (node_modules/@redis/client/lib/client/index.ts:796:12)
      at RedisSocket.#connect (node_modules/@redis/client/lib/client/socket.ts:246:14)
      at Class.connect (node_modules/@redis/client/lib/client/index.ts:961:5)
      at connectRedis (server/config/database.js:42:5)
      at server/app.js:79:5

  console.error
    [DB] Redis Client Error AggregateError: 
        at internalConnectMultiple (node:net:1134:18)
        at afterConnectMultiple (node:net:1715:7) {
      code: 'ECONNREFUSED',
      [errors]: [
        Error: connect ECONNREFUSED ::1:6379
            at createConnectionError (node:net:1678:14)
            at afterConnectMultiple (node:net:1708:16) {
          errno: -4078,
          code: 'ECONNREFUSED',
          syscall: 'connect',
          address: '::1',
          port: 6379
        },
        Error: connect ECONNREFUSED 127.0.0.1:6379
            at createConnectionError (node:net:1678:14)
            at afterConnectMultiple (node:net:1708:16) {
          errno: -4078,
          code: 'ECONNREFUSED',
          syscall: 'connect',
          address: '127.0.0.1',
          port: 6379
        }
      ]
    }

    [0m [90m 34 |[39m redisClient[33m.[39mon([32m'error'[39m[33m,[39m (err) [33m=>[39m {
     [90m 35 |[39m   [36mif[39m (process[33m.[39menv[33m.[39m[33mNODE_ENV[39m [33m!==[39m [32m'test'[39m) {
    [31m[1m>[22m[39m[90m 36 |[39m     console[33m.[39merror([32m'[DB] Redis Client Error'[39m[33m,[39m err)[33m;[39m
     [90m    |[39m             [31m[1m^[22m[39m
     [90m 37 |[39m   }
     [90m 38 |[39m })[33m;[39m
     [90m 39 |[39m[0m

      at Class.error (server/config/database.js:36:13)
      at RedisSocket.<anonymous> (node_modules/@redis/client/lib/client/index.ts:796:12)
      at RedisSocket.#connect (node_modules/@redis/client/lib/client/socket.ts:246:14)
      at Class.connect (node_modules/@redis/client/lib/client/index.ts:961:5)
      at connectRedis (server/config/database.js:42:5)
      at server/app.js:79:5

  console.error
    [DB] Redis Client Error AggregateError: 
        at internalConnectMultiple (node:net:1134:18)
        at afterConnectMultiple (node:net:1715:7) {
      code: 'ECONNREFUSED',
      [errors]: [
        Error: connect ECONNREFUSED ::1:6379
            at createConnectionError (node:net:1678:14)
            at afterConnectMultiple (node:net:1708:16) {
          errno: -4078,
          code: 'ECONNREFUSED',
          syscall: 'connect',
          address: '::1',
          port: 6379
        },
        Error: connect ECONNREFUSED 127.0.0.1:6379
            at createConnectionError (node:net:1678:14)
            at afterConnectMultiple (node:net:1708:16) {
          errno: -4078,
          code: 'ECONNREFUSED',
          syscall: 'connect',
          address: '127.0.0.1',
          port: 6379
        }
      ]
    }

    [0m [90m 34 |[39m redisClient[33m.[39mon([32m'error'[39m[33m,[39m (err) [33m=>[39m {
     [90m 35 |[39m   [36mif[39m (process[33m.[39menv[33m.[39m[33mNODE_ENV[39m [33m!==[39m [32m'test'[39m) {
    [31m[1m>[22m[39m[90m 36 |[39m     console[33m.[39merror([32m'[DB] Redis Client Error'[39m[33m,[39m err)[33m;[39m
     [90m    |[39m             [31m[1m^[22m[39m
     [90m 37 |[39m   }
     [90m 38 |[39m })[33m;[39m
     [90m 39 |[39m[0m

      at Class.error (server/config/database.js:36:13)
      at RedisSocket.<anonymous> (node_modules/@redis/client/lib/client/index.ts:796:12)
      at RedisSocket.#connect (node_modules/@redis/client/lib/client/socket.ts:246:14)
      at Class.connect (node_modules/@redis/client/lib/client/index.ts:961:5)
      at connectRedis (server/config/database.js:42:5)
      at server/app.js:79:5

  console.error
    [DB] Redis Client Error AggregateError: 
        at internalConnectMultiple (node:net:1134:18)
        at afterConnectMultiple (node:net:1715:7) {
      code: 'ECONNREFUSED',
      [errors]: [
        Error: connect ECONNREFUSED ::1:6379
            at createConnectionError (node:net:1678:14)
            at afterConnectMultiple (node:net:1708:16) {
          errno: -4078,
          code: 'ECONNREFUSED',
          syscall: 'connect',
          address: '::1',
          port: 6379
        },
        Error: connect ECONNREFUSED 127.0.0.1:6379
            at createConnectionError (node:net:1678:14)
            at afterConnectMultiple (node:net:1708:16) {
          errno: -4078,
          code: 'ECONNREFUSED',
          syscall: 'connect',
          address: '127.0.0.1',
          port: 6379
        }
      ]
    }

    [0m [90m 34 |[39m redisClient[33m.[39mon([32m'error'[39m[33m,[39m (err) [33m=>[39m {
     [90m 35 |[39m   [36mif[39m (process[33m.[39menv[33m.[39m[33mNODE_ENV[39m [33m!==[39m [32m'test'[39m) {
    [31m[1m>[22m[39m[90m 36 |[39m     console[33m.[39merror([32m'[DB] Redis Client Error'[39m[33m,[39m err)[33m;[39m
     [90m    |[39m             [31m[1m^[22m[39m
     [90m 37 |[39m   }
     [90m 38 |[39m })[33m;[39m
     [90m 39 |[39m[0m

      at Class.error (server/config/database.js:36:13)
      at RedisSocket.<anonymous> (node_modules/@redis/client/lib/client/index.ts:796:12)
      at RedisSocket.#connect (node_modules/@redis/client/lib/client/socket.ts:246:14)
      at Class.connect (node_modules/@redis/client/lib/client/index.ts:961:5)
      at connectRedis (server/config/database.js:42:5)
      at server/app.js:79:5

  console.error
    [DB] Redis Client Error AggregateError: 
        at internalConnectMultiple (node:net:1134:18)
        at afterConnectMultiple (node:net:1715:7) {
      code: 'ECONNREFUSED',
      [errors]: [
        Error: connect ECONNREFUSED ::1:6379
            at createConnectionError (node:net:1678:14)
            at afterConnectMultiple (node:net:1708:16) {
          errno: -4078,
          code: 'ECONNREFUSED',
          syscall: 'connect',
          address: '::1',
          port: 6379
        },
        Error: connect ECONNREFUSED 127.0.0.1:6379
            at createConnectionError (node:net:1678:14)
            at afterConnectMultiple (node:net:1708:16) {
          errno: -4078,
          code: 'ECONNREFUSED',
          syscall: 'connect',
          address: '127.0.0.1',
          port: 6379
        }
      ]
    }

    [0m [90m 34 |[39m redisClient[33m.[39mon([32m'error'[39m[33m,[39m (err) [33m=>[39m {
     [90m 35 |[39m   [36mif[39m (process[33m.[39menv[33m.[39m[33mNODE_ENV[39m [33m!==[39m [32m'test'[39m) {
    [31m[1m>[22m[39m[90m 36 |[39m     console[33m.[39merror([32m'[DB] Redis Client Error'[39m[33m,[39m err)[33m;[39m
     [90m    |[39m             [31m[1m^[22m[39m
     [90m 37 |[39m   }
     [90m 38 |[39m })[33m;[39m
     [90m 39 |[39m[0m

      at Class.error (server/config/database.js:36:13)
      at RedisSocket.<anonymous> (node_modules/@redis/client/lib/client/index.ts:796:12)
      at RedisSocket.#connect (node_modules/@redis/client/lib/client/socket.ts:246:14)
      at Class.connect (node_modules/@redis/client/lib/client/index.ts:961:5)
      at connectRedis (server/config/database.js:42:5)
      at server/app.js:79:5

  console.error
    [DB] Redis Client Error AggregateError: 
        at internalConnectMultiple (node:net:1134:18)
        at afterConnectMultiple (node:net:1715:7) {
      code: 'ECONNREFUSED',
      [errors]: [
        Error: connect ECONNREFUSED ::1:6379
            at createConnectionError (node:net:1678:14)
            at afterConnectMultiple (node:net:1708:16) {
          errno: -4078,
          code: 'ECONNREFUSED',
          syscall: 'connect',
          address: '::1',
          port: 6379
        },
        Error: connect ECONNREFUSED 127.0.0.1:6379
            at createConnectionError (node:net:1678:14)
            at afterConnectMultiple (node:net:1708:16) {
          errno: -4078,
          code: 'ECONNREFUSED',
          syscall: 'connect',
          address: '127.0.0.1',
          port: 6379
        }
      ]
    }

    [0m [90m 34 |[39m redisClient[33m.[39mon([32m'error'[39m[33m,[39m (err) [33m=>[39m {
     [90m 35 |[39m   [36mif[39m (process[33m.[39menv[33m.[39m[33mNODE_ENV[39m [33m!==[39m [32m'test'[39m) {
    [31m[1m>[22m[39m[90m 36 |[39m     console[33m.[39merror([32m'[DB] Redis Client Error'[39m[33m,[39m err)[33m;[39m
     [90m    |[39m             [31m[1m^[22m[39m
     [90m 37 |[39m   }
     [90m 38 |[39m })[33m;[39m
     [90m 39 |[39m[0m

      at Class.error (server/config/database.js:36:13)
      at RedisSocket.<anonymous> (node_modules/@redis/client/lib/client/index.ts:796:12)
      at RedisSocket.#connect (node_modules/@redis/client/lib/client/socket.ts:246:14)
      at Class.connect (node_modules/@redis/client/lib/client/index.ts:961:5)
      at connectRedis (server/config/database.js:42:5)
      at server/app.js:79:5

  console.error
    [DB] Redis Client Error AggregateError: 
        at internalConnectMultiple (node:net:1134:18)
        at afterConnectMultiple (node:net:1715:7) {
      code: 'ECONNREFUSED',
      [errors]: [
        Error: connect ECONNREFUSED ::1:6379
            at createConnectionError (node:net:1678:14)
            at afterConnectMultiple (node:net:1708:16) {
          errno: -4078,
          code: 'ECONNREFUSED',
          syscall: 'connect',
          address: '::1',
          port: 6379
        },
        Error: connect ECONNREFUSED 127.0.0.1:6379
            at createConnectionError (node:net:1678:14)
            at afterConnectMultiple (node:net:1708:16) {
          errno: -4078,
          code: 'ECONNREFUSED',
          syscall: 'connect',
          address: '127.0.0.1',
          port: 6379
        }
      ]
    }

    [0m [90m 34 |[39m redisClient[33m.[39mon([32m'error'[39m[33m,[39m (err) [33m=>[39m {
     [90m 35 |[39m   [36mif[39m (process[33m.[39menv[33m.[39m[33mNODE_ENV[39m [33m!==[39m [32m'test'[39m) {
    [31m[1m>[22m[39m[90m 36 |[39m     console[33m.[39merror([32m'[DB] Redis Client Error'[39m[33m,[39m err)[33m;[39m
     [90m    |[39m             [31m[1m^[22m[39m
     [90m 37 |[39m   }
     [90m 38 |[39m })[33m;[39m
     [90m 39 |[39m[0m

      at Class.error (server/config/database.js:36:13)
      at RedisSocket.<anonymous> (node_modules/@redis/client/lib/client/index.ts:796:12)
      at RedisSocket.#connect (node_modules/@redis/client/lib/client/socket.ts:246:14)
      at Class.connect (node_modules/@redis/client/lib/client/index.ts:961:5)
      at connectRedis (server/config/database.js:42:5)
      at server/app.js:79:5

  console.error
    [DB] Redis Client Error AggregateError: 
        at internalConnectMultiple (node:net:1134:18)
        at afterConnectMultiple (node:net:1715:7) {
      code: 'ECONNREFUSED',
      [errors]: [
        Error: connect ECONNREFUSED ::1:6379
            at createConnectionError (node:net:1678:14)
            at afterConnectMultiple (node:net:1708:16) {
          errno: -4078,
          code: 'ECONNREFUSED',
          syscall: 'connect',
          address: '::1',
          port: 6379
        },
        Error: connect ECONNREFUSED 127.0.0.1:6379
            at createConnectionError (node:net:1678:14)
            at afterConnectMultiple (node:net:1708:16) {
          errno: -4078,
          code: 'ECONNREFUSED',
          syscall: 'connect',
          address: '127.0.0.1',
          port: 6379
        }
      ]
    }

    [0m [90m 34 |[39m redisClient[33m.[39mon([32m'error'[39m[33m,[39m (err) [33m=>[39m {
     [90m 35 |[39m   [36mif[39m (process[33m.[39menv[33m.[39m[33mNODE_ENV[39m [33m!==[39m [32m'test'[39m) {
    [31m[1m>[22m[39m[90m 36 |[39m     console[33m.[39merror([32m'[DB] Redis Client Error'[39m[33m,[39m err)[33m;[39m
     [90m    |[39m             [31m[1m^[22m[39m
     [90m 37 |[39m   }
     [90m 38 |[39m })[33m;[39m
     [90m 39 |[39m[0m

      at Class.error (server/config/database.js:36:13)
      at RedisSocket.<anonymous> (node_modules/@redis/client/lib/client/index.ts:796:12)
      at RedisSocket.#connect (node_modules/@redis/client/lib/client/socket.ts:246:14)
      at Class.connect (node_modules/@redis/client/lib/client/index.ts:961:5)
      at connectRedis (server/config/database.js:42:5)
      at server/app.js:79:5

  console.error
    [DB] Redis Client Error AggregateError: 
        at internalConnectMultiple (node:net:1134:18)
        at afterConnectMultiple (node:net:1715:7) {
      code: 'ECONNREFUSED',
      [errors]: [
        Error: connect ECONNREFUSED ::1:6379
            at createConnectionError (node:net:1678:14)
            at afterConnectMultiple (node:net:1708:16) {
          errno: -4078,
          code: 'ECONNREFUSED',
          syscall: 'connect',
          address: '::1',
          port: 6379
        },
        Error: connect ECONNREFUSED 127.0.0.1:6379
            at createConnectionError (node:net:1678:14)
            at afterConnectMultiple (node:net:1708:16) {
          errno: -4078,
          code: 'ECONNREFUSED',
          syscall: 'connect',
          address: '127.0.0.1',
          port: 6379
        }
      ]
    }

    [0m [90m 34 |[39m redisClient[33m.[39mon([32m'error'[39m[33m,[39m (err) [33m=>[39m {
     [90m 35 |[39m   [36mif[39m (process[33m.[39menv[33m.[39m[33mNODE_ENV[39m [33m!==[39m [32m'test'[39m) {
    [31m[1m>[22m[39m[90m 36 |[39m     console[33m.[39merror([32m'[DB] Redis Client Error'[39m[33m,[39m err)[33m;[39m
     [90m    |[39m             [31m[1m^[22m[39m
     [90m 37 |[39m   }
     [90m 38 |[39m })[33m;[39m
     [90m 39 |[39m[0m

      at Class.error (server/config/database.js:36:13)
      at RedisSocket.<anonymous> (node_modules/@redis/client/lib/client/index.ts:796:12)
      at RedisSocket.#connect (node_modules/@redis/client/lib/client/socket.ts:246:14)
      at Class.connect (node_modules/@redis/client/lib/client/index.ts:961:5)
      at connectRedis (server/config/database.js:42:5)
      at server/app.js:79:5

  console.error
    [DB] Redis Client Error AggregateError: 
        at internalConnectMultiple (node:net:1134:18)
        at afterConnectMultiple (node:net:1715:7) {
      code: 'ECONNREFUSED',
      [errors]: [
        Error: connect ECONNREFUSED ::1:6379
            at createConnectionError (node:net:1678:14)
            at afterConnectMultiple (node:net:1708:16) {
          errno: -4078,
          code: 'ECONNREFUSED',
          syscall: 'connect',
          address: '::1',
          port: 6379
        },
        Error: connect ECONNREFUSED 127.0.0.1:6379
            at createConnectionError (node:net:1678:14)
            at afterConnectMultiple (node:net:1708:16) {
          errno: -4078,
          code: 'ECONNREFUSED',
          syscall: 'connect',
          address: '127.0.0.1',
          port: 6379
        }
      ]
    }

    [0m [90m 34 |[39m redisClient[33m.[39mon([32m'error'[39m[33m,[39m (err) [33m=>[39m {
     [90m 35 |[39m   [36mif[39m (process[33m.[39menv[33m.[39m[33mNODE_ENV[39m [33m!==[39m [32m'test'[39m) {
    [31m[1m>[22m[39m[90m 36 |[39m     console[33m.[39merror([32m'[DB] Redis Client Error'[39m[33m,[39m err)[33m;[39m
     [90m    |[39m             [31m[1m^[22m[39m
     [90m 37 |[39m   }
     [90m 38 |[39m })[33m;[39m
     [90m 39 |[39m[0m

      at Class.error (server/config/database.js:36:13)
      at RedisSocket.<anonymous> (node_modules/@redis/client/lib/client/index.ts:796:12)
      at RedisSocket.#connect (node_modules/@redis/client/lib/client/socket.ts:246:14)
      at Class.connect (node_modules/@redis/client/lib/client/index.ts:961:5)
      at connectRedis (server/config/database.js:42:5)
      at server/app.js:79:5

  console.error
    [DB] Redis Client Error AggregateError: 
        at internalConnectMultiple (node:net:1134:18)
        at afterConnectMultiple (node:net:1715:7) {
      code: 'ECONNREFUSED',
      [errors]: [
        Error: connect ECONNREFUSED ::1:6379
            at createConnectionError (node:net:1678:14)
            at afterConnectMultiple (node:net:1708:16) {
          errno: -4078,
          code: 'ECONNREFUSED',
          syscall: 'connect',
          address: '::1',
          port: 6379
        },
        Error: connect ECONNREFUSED 127.0.0.1:6379
            at createConnectionError (node:net:1678:14)
            at afterConnectMultiple (node:net:1708:16) {
          errno: -4078,
          code: 'ECONNREFUSED',
          syscall: 'connect',
          address: '127.0.0.1',
          port: 6379
        }
      ]
    }

    [0m [90m 34 |[39m redisClient[33m.[39mon([32m'error'[39m[33m,[39m (err) [33m=>[39m {
     [90m 35 |[39m   [36mif[39m (process[33m.[39menv[33m.[39m[33mNODE_ENV[39m [33m!==[39m [32m'test'[39m) {
    [31m[1m>[22m[39m[90m 36 |[39m     console[33m.[39merror([32m'[DB] Redis Client Error'[39m[33m,[39m err)[33m;[39m
     [90m    |[39m             [31m[1m^[22m[39m
     [90m 37 |[39m   }
     [90m 38 |[39m })[33m;[39m
     [90m 39 |[39m[0m

      at Class.error (server/config/database.js:36:13)
      at RedisSocket.<anonymous> (node_modules/@redis/client/lib/client/index.ts:796:12)
      at RedisSocket.#connect (node_modules/@redis/client/lib/client/socket.ts:246:14)
      at Class.connect (node_modules/@redis/client/lib/client/index.ts:961:5)
      at connectRedis (server/config/database.js:42:5)
      at server/app.js:79:5

  console.error
    [DB] Redis Client Error AggregateError: 
        at internalConnectMultiple (node:net:1134:18)
        at afterConnectMultiple (node:net:1715:7) {
      code: 'ECONNREFUSED',
      [errors]: [
        Error: connect ECONNREFUSED ::1:6379
            at createConnectionError (node:net:1678:14)
            at afterConnectMultiple (node:net:1708:16) {
          errno: -4078,
          code: 'ECONNREFUSED',
          syscall: 'connect',
          address: '::1',
          port: 6379
        },
        Error: connect ECONNREFUSED 127.0.0.1:6379
            at createConnectionError (node:net:1678:14)
            at afterConnectMultiple (node:net:1708:16) {
          errno: -4078,
          code: 'ECONNREFUSED',
          syscall: 'connect',
          address: '127.0.0.1',
          port: 6379
        }
      ]
    }

    [0m [90m 34 |[39m redisClient[33m.[39mon([32m'error'[39m[33m,[39m (err) [33m=>[39m {
     [90m 35 |[39m   [36mif[39m (process[33m.[39menv[33m.[39m[33mNODE_ENV[39m [33m!==[39m [32m'test'[39m) {
    [31m[1m>[22m[39m[90m 36 |[39m     console[33m.[39merror([32m'[DB] Redis Client Error'[39m[33m,[39m err)[33m;[39m
     [90m    |[39m             [31m[1m^[22m[39m
     [90m 37 |[39m   }
     [90m 38 |[39m })[33m;[39m
     [90m 39 |[39m[0m

      at Class.error (server/config/database.js:36:13)
      at RedisSocket.<anonymous> (node_modules/@redis/client/lib/client/index.ts:796:12)
      at RedisSocket.#connect (node_modules/@redis/client/lib/client/socket.ts:246:14)
      at Class.connect (node_modules/@redis/client/lib/client/index.ts:961:5)
      at connectRedis (server/config/database.js:42:5)
      at server/app.js:79:5

  console.error
    [DB] Redis Client Error AggregateError: 
        at internalConnectMultiple (node:net:1134:18)
        at afterConnectMultiple (node:net:1715:7) {
      code: 'ECONNREFUSED',
      [errors]: [
        Error: connect ECONNREFUSED ::1:6379
            at createConnectionError (node:net:1678:14)
            at afterConnectMultiple (node:net:1708:16) {
          errno: -4078,
          code: 'ECONNREFUSED',
          syscall: 'connect',
          address: '::1',
          port: 6379
        },
        Error: connect ECONNREFUSED 127.0.0.1:6379
            at createConnectionError (node:net:1678:14)
            at afterConnectMultiple (node:net:1708:16) {
          errno: -4078,
          code: 'ECONNREFUSED',
          syscall: 'connect',
          address: '127.0.0.1',
          port: 6379
        }
      ]
    }

    [0m [90m 34 |[39m redisClient[33m.[39mon([32m'error'[39m[33m,[39m (err) [33m=>[39m {
     [90m 35 |[39m   [36mif[39m (process[33m.[39menv[33m.[39m[33mNODE_ENV[39m [33m!==[39m [32m'test'[39m) {
    [31m[1m>[22m[39m[90m 36 |[39m     console[33m.[39merror([32m'[DB] Redis Client Error'[39m[33m,[39m err)[33m;[39m
     [90m    |[39m             [31m[1m^[22m[39m
     [90m 37 |[39m   }
     [90m 38 |[39m })[33m;[39m
     [90m 39 |[39m[0m

      at Class.error (server/config/database.js:36:13)
      at RedisSocket.<anonymous> (node_modules/@redis/client/lib/client/index.ts:796:12)
      at RedisSocket.#connect (node_modules/@redis/client/lib/client/socket.ts:246:14)
      at Class.connect (node_modules/@redis/client/lib/client/index.ts:961:5)
      at connectRedis (server/config/database.js:42:5)
      at server/app.js:79:5

  console.error
    [DB] Redis Client Error AggregateError: 
        at internalConnectMultiple (node:net:1134:18)
        at afterConnectMultiple (node:net:1715:7) {
      code: 'ECONNREFUSED',
      [errors]: [
        Error: connect ECONNREFUSED ::1:6379
            at createConnectionError (node:net:1678:14)
            at afterConnectMultiple (node:net:1708:16) {
          errno: -4078,
          code: 'ECONNREFUSED',
          syscall: 'connect',
          address: '::1',
          port: 6379
        },
        Error: connect ECONNREFUSED 127.0.0.1:6379
            at createConnectionError (node:net:1678:14)
            at afterConnectMultiple (node:net:1708:16) {
          errno: -4078,
          code: 'ECONNREFUSED',
          syscall: 'connect',
          address: '127.0.0.1',
          port: 6379
        }
      ]
    }

    [0m [90m 34 |[39m redisClient[33m.[39mon([32m'error'[39m[33m,[39m (err) [33m=>[39m {
     [90m 35 |[39m   [36mif[39m (process[33m.[39menv[33m.[39m[33mNODE_ENV[39m [33m!==[39m [32m'test'[39m) {
    [31m[1m>[22m[39m[90m 36 |[39m     console[33m.[39merror([32m'[DB] Redis Client Error'[39m[33m,[39m err)[33m;[39m
     [90m    |[39m             [31m[1m^[22m[39m
     [90m 37 |[39m   }
     [90m 38 |[39m })[33m;[39m
     [90m 39 |[39m[0m

      at Class.error (server/config/database.js:36:13)
      at RedisSocket.<anonymous> (node_modules/@redis/client/lib/client/index.ts:796:12)
      at RedisSocket.#connect (node_modules/@redis/client/lib/client/socket.ts:246:14)
      at Class.connect (node_modules/@redis/client/lib/client/index.ts:961:5)
      at connectRedis (server/config/database.js:42:5)
      at server/app.js:79:5

  console.error
    [DB] Redis Client Error AggregateError: 
        at internalConnectMultiple (node:net:1134:18)
        at afterConnectMultiple (node:net:1715:7) {
      code: 'ECONNREFUSED',
      [errors]: [
        Error: connect ECONNREFUSED ::1:6379
            at createConnectionError (node:net:1678:14)
            at afterConnectMultiple (node:net:1708:16) {
          errno: -4078,
          code: 'ECONNREFUSED',
          syscall: 'connect',
          address: '::1',
          port: 6379
        },
        Error: connect ECONNREFUSED 127.0.0.1:6379
            at createConnectionError (node:net:1678:14)
            at afterConnectMultiple (node:net:1708:16) {
          errno: -4078,
          code: 'ECONNREFUSED',
          syscall: 'connect',
          address: '127.0.0.1',
          port: 6379
        }
      ]
    }

    [0m [90m 34 |[39m redisClient[33m.[39mon([32m'error'[39m[33m,[39m (err) [33m=>[39m {
     [90m 35 |[39m   [36mif[39m (process[33m.[39menv[33m.[39m[33mNODE_ENV[39m [33m!==[39m [32m'test'[39m) {
    [31m[1m>[22m[39m[90m 36 |[39m     console[33m.[39merror([32m'[DB] Redis Client Error'[39m[33m,[39m err)[33m;[39m
     [90m    |[39m             [31m[1m^[22m[39m
     [90m 37 |[39m   }
     [90m 38 |[39m })[33m;[39m
     [90m 39 |[39m[0m

      at Class.error (server/config/database.js:36:13)
      at RedisSocket.<anonymous> (node_modules/@redis/client/lib/client/index.ts:796:12)
      at RedisSocket.#connect (node_modules/@redis/client/lib/client/socket.ts:246:14)
      at Class.connect (node_modules/@redis/client/lib/client/index.ts:961:5)
      at connectRedis (server/config/database.js:42:5)
      at server/app.js:79:5

  console.error
    [DB] Redis Client Error AggregateError: 
        at internalConnectMultiple (node:net:1134:18)
        at afterConnectMultiple (node:net:1715:7) {
      code: 'ECONNREFUSED',
      [errors]: [
        Error: connect ECONNREFUSED ::1:6379
            at createConnectionError (node:net:1678:14)
            at afterConnectMultiple (node:net:1708:16) {
          errno: -4078,
          code: 'ECONNREFUSED',
          syscall: 'connect',
          address: '::1',
          port: 6379
        },
        Error: connect ECONNREFUSED 127.0.0.1:6379
            at createConnectionError (node:net:1678:14)
            at afterConnectMultiple (node:net:1708:16) {
          errno: -4078,
          code: 'ECONNREFUSED',
          syscall: 'connect',
          address: '127.0.0.1',
          port: 6379
        }
      ]
    }

    [0m [90m 34 |[39m redisClient[33m.[39mon([32m'error'[39m[33m,[39m (err) [33m=>[39m {
     [90m 35 |[39m   [36mif[39m (process[33m.[39menv[33m.[39m[33mNODE_ENV[39m [33m!==[39m [32m'test'[39m) {
    [31m[1m>[22m[39m[90m 36 |[39m     console[33m.[39merror([32m'[DB] Redis Client Error'[39m[33m,[39m err)[33m;[39m
     [90m    |[39m             [31m[1m^[22m[39m
     [90m 37 |[39m   }
     [90m 38 |[39m })[33m;[39m
     [90m 39 |[39m[0m

      at Class.error (server/config/database.js:36:13)
      at RedisSocket.<anonymous> (node_modules/@redis/client/lib/client/index.ts:796:12)
      at RedisSocket.#connect (node_modules/@redis/client/lib/client/socket.ts:246:14)
      at Class.connect (node_modules/@redis/client/lib/client/index.ts:961:5)
      at connectRedis (server/config/database.js:42:5)
      at server/app.js:79:5

  console.error
    [DB] Redis Client Error AggregateError: 
        at internalConnectMultiple (node:net:1134:18)
        at afterConnectMultiple (node:net:1715:7) {
      code: 'ECONNREFUSED',
      [errors]: [
        Error: connect ECONNREFUSED ::1:6379
            at createConnectionError (node:net:1678:14)
            at afterConnectMultiple (node:net:1708:16) {
          errno: -4078,
          code: 'ECONNREFUSED',
          syscall: 'connect',
          address: '::1',
          port: 6379
        },
        Error: connect ECONNREFUSED 127.0.0.1:6379
            at createConnectionError (node:net:1678:14)
            at afterConnectMultiple (node:net:1708:16) {
          errno: -4078,
          code: 'ECONNREFUSED',
          syscall: 'connect',
          address: '127.0.0.1',
          port: 6379
        }
      ]
    }

    [0m [90m 34 |[39m redisClient[33m.[39mon([32m'error'[39m[33m,[39m (err) [33m=>[39m {
     [90m 35 |[39m   [36mif[39m (process[33m.[39menv[33m.[39m[33mNODE_ENV[39m [33m!==[39m [32m'test'[39m) {
    [31m[1m>[22m[39m[90m 36 |[39m     console[33m.[39merror([32m'[DB] Redis Client Error'[39m[33m,[39m err)[33m;[39m
     [90m    |[39m             [31m[1m^[22m[39m
     [90m 37 |[39m   }
     [90m 38 |[39m })[33m;[39m
     [90m 39 |[39m[0m

      at Class.error (server/config/database.js:36:13)
      at RedisSocket.<anonymous> (node_modules/@redis/client/lib/client/index.ts:796:12)
      at RedisSocket.#connect (node_modules/@redis/client/lib/client/socket.ts:246:14)
      at Class.connect (node_modules/@redis/client/lib/client/index.ts:961:5)
      at connectRedis (server/config/database.js:42:5)
      at server/app.js:79:5

  console.error
    [DB] Redis Client Error AggregateError: 
        at internalConnectMultiple (node:net:1134:18)
        at afterConnectMultiple (node:net:1715:7) {
      code: 'ECONNREFUSED',
      [errors]: [
        Error: connect ECONNREFUSED ::1:6379
            at createConnectionError (node:net:1678:14)
            at afterConnectMultiple (node:net:1708:16) {
          errno: -4078,
          code: 'ECONNREFUSED',
          syscall: 'connect',
          address: '::1',
          port: 6379
        },
        Error: connect ECONNREFUSED 127.0.0.1:6379
            at createConnectionError (node:net:1678:14)
            at afterConnectMultiple (node:net:1708:16) {
          errno: -4078,
          code: 'ECONNREFUSED',
          syscall: 'connect',
          address: '127.0.0.1',
          port: 6379
        }
      ]
    }

    [0m [90m 34 |[39m redisClient[33m.[39mon([32m'error'[39m[33m,[39m (err) [33m=>[39m {
     [90m 35 |[39m   [36mif[39m (process[33m.[39menv[33m.[39m[33mNODE_ENV[39m [33m!==[39m [32m'test'[39m) {
    [31m[1m>[22m[39m[90m 36 |[39m     console[33m.[39merror([32m'[DB] Redis Client Error'[39m[33m,[39m err)[33m;[39m
     [90m    |[39m             [31m[1m^[22m[39m
     [90m 37 |[39m   }
     [90m 38 |[39m })[33m;[39m
     [90m 39 |[39m[0m

      at Class.error (server/config/database.js:36:13)
      at RedisSocket.<anonymous> (node_modules/@redis/client/lib/client/index.ts:796:12)
      at RedisSocket.#connect (node_modules/@redis/client/lib/client/socket.ts:246:14)
      at Class.connect (node_modules/@redis/client/lib/client/index.ts:961:5)
      at connectRedis (server/config/database.js:42:5)
      at server/app.js:79:5

  console.error
    [DB] Redis Client Error AggregateError: 
        at internalConnectMultiple (node:net:1134:18)
        at afterConnectMultiple (node:net:1715:7) {
      code: 'ECONNREFUSED',
      [errors]: [
        Error: connect ECONNREFUSED ::1:6379
            at createConnectionError (node:net:1678:14)
            at afterConnectMultiple (node:net:1708:16) {
          errno: -4078,
          code: 'ECONNREFUSED',
          syscall: 'connect',
          address: '::1',
          port: 6379
        },
        Error: connect ECONNREFUSED 127.0.0.1:6379
            at createConnectionError (node:net:1678:14)
            at afterConnectMultiple (node:net:1708:16) {
          errno: -4078,
          code: 'ECONNREFUSED',
          syscall: 'connect',
          address: '127.0.0.1',
          port: 6379
        }
      ]
    }

    [0m [90m 34 |[39m redisClient[33m.[39mon([32m'error'[39m[33m,[39m (err) [33m=>[39m {
     [90m 35 |[39m   [36mif[39m (process[33m.[39menv[33m.[39m[33mNODE_ENV[39m [33m!==[39m [32m'test'[39m) {
    [31m[1m>[22m[39m[90m 36 |[39m     console[33m.[39merror([32m'[DB] Redis Client Error'[39m[33m,[39m err)[33m;[39m
     [90m    |[39m             [31m[1m^[22m[39m
     [90m 37 |[39m   }
     [90m 38 |[39m })[33m;[39m
     [90m 39 |[39m[0m

      at Class.error (server/config/database.js:36:13)
      at RedisSocket.<anonymous> (node_modules/@redis/client/lib/client/index.ts:796:12)
      at RedisSocket.#connect (node_modules/@redis/client/lib/client/socket.ts:246:14)
      at Class.connect (node_modules/@redis/client/lib/client/index.ts:961:5)
      at connectRedis (server/config/database.js:42:5)
      at server/app.js:79:5

  console.error
    [DB] Redis Client Error AggregateError: 
        at internalConnectMultiple (node:net:1134:18)
        at afterConnectMultiple (node:net:1715:7) {
      code: 'ECONNREFUSED',
      [errors]: [
        Error: connect ECONNREFUSED ::1:6379
            at createConnectionError (node:net:1678:14)
            at afterConnectMultiple (node:net:1708:16) {
          errno: -4078,
          code: 'ECONNREFUSED',
          syscall: 'connect',
          address: '::1',
          port: 6379
        },
        Error: connect ECONNREFUSED 127.0.0.1:6379
            at createConnectionError (node:net:1678:14)
            at afterConnectMultiple (node:net:1708:16) {
          errno: -4078,
          code: 'ECONNREFUSED',
          syscall: 'connect',
          address: '127.0.0.1',
          port: 6379
        }
      ]
    }

    [0m [90m 34 |[39m redisClient[33m.[39mon([32m'error'[39m[33m,[39m (err) [33m=>[39m {
     [90m 35 |[39m   [36mif[39m (process[33m.[39menv[33m.[39m[33mNODE_ENV[39m [33m!==[39m [32m'test'[39m) {
    [31m[1m>[22m[39m[90m 36 |[39m     console[33m.[39merror([32m'[DB] Redis Client Error'[39m[33m,[39m err)[33m;[39m
     [90m    |[39m             [31m[1m^[22m[39m
     [90m 37 |[39m   }
     [90m 38 |[39m })[33m;[39m
     [90m 39 |[39m[0m

      at Class.error (server/config/database.js:36:13)
      at RedisSocket.<anonymous> (node_modules/@redis/client/lib/client/index.ts:796:12)
      at RedisSocket.#connect (node_modules/@redis/client/lib/client/socket.ts:246:14)
      at Class.connect (node_modules/@redis/client/lib/client/index.ts:961:5)
      at connectRedis (server/config/database.js:42:5)
      at server/app.js:79:5

  console.error
    [DB] Redis Client Error AggregateError: 
        at internalConnectMultiple (node:net:1134:18)
        at afterConnectMultiple (node:net:1715:7) {
      code: 'ECONNREFUSED',
      [errors]: [
        Error: connect ECONNREFUSED ::1:6379
            at createConnectionError (node:net:1678:14)
            at afterConnectMultiple (node:net:1708:16) {
          errno: -4078,
          code: 'ECONNREFUSED',
          syscall: 'connect',
          address: '::1',
          port: 6379
        },
        Error: connect ECONNREFUSED 127.0.0.1:6379
            at createConnectionError (node:net:1678:14)
            at afterConnectMultiple (node:net:1708:16) {
          errno: -4078,
          code: 'ECONNREFUSED',
          syscall: 'connect',
          address: '127.0.0.1',
          port: 6379
        }
      ]
    }

    [0m [90m 34 |[39m redisClient[33m.[39mon([32m'error'[39m[33m,[39m (err) [33m=>[39m {
     [90m 35 |[39m   [36mif[39m (process[33m.[39menv[33m.[39m[33mNODE_ENV[39m [33m!==[39m [32m'test'[39m) {
    [31m[1m>[22m[39m[90m 36 |[39m     console[33m.[39merror([32m'[DB] Redis Client Error'[39m[33m,[39m err)[33m;[39m
     [90m    |[39m             [31m[1m^[22m[39m
     [90m 37 |[39m   }
     [90m 38 |[39m })[33m;[39m
     [90m 39 |[39m[0m

      at Class.error (server/config/database.js:36:13)
      at RedisSocket.<anonymous> (node_modules/@redis/client/lib/client/index.ts:796:12)
      at RedisSocket.#connect (node_modules/@redis/client/lib/client/socket.ts:246:14)
      at Class.connect (node_modules/@redis/client/lib/client/index.ts:961:5)
      at connectRedis (server/config/database.js:42:5)
      at server/app.js:79:5

  console.error
    [DB] Redis Client Error AggregateError: 
        at internalConnectMultiple (node:net:1134:18)
        at afterConnectMultiple (node:net:1715:7) {
      code: 'ECONNREFUSED',
      [errors]: [
        Error: connect ECONNREFUSED ::1:6379
            at createConnectionError (node:net:1678:14)
            at afterConnectMultiple (node:net:1708:16) {
          errno: -4078,
          code: 'ECONNREFUSED',
          syscall: 'connect',
          address: '::1',
          port: 6379
        },
        Error: connect ECONNREFUSED 127.0.0.1:6379
            at createConnectionError (node:net:1678:14)
            at afterConnectMultiple (node:net:1708:16) {
          errno: -4078,
          code: 'ECONNREFUSED',
          syscall: 'connect',
          address: '127.0.0.1',
          port: 6379
        }
      ]
    }

    [0m [90m 34 |[39m redisClient[33m.[39mon([32m'error'[39m[33m,[39m (err) [33m=>[39m {
     [90m 35 |[39m   [36mif[39m (process[33m.[39menv[33m.[39m[33mNODE_ENV[39m [33m!==[39m [32m'test'[39m) {
    [31m[1m>[22m[39m[90m 36 |[39m     console[33m.[39merror([32m'[DB] Redis Client Error'[39m[33m,[39m err)[33m;[39m
     [90m    |[39m             [31m[1m^[22m[39m
     [90m 37 |[39m   }
     [90m 38 |[39m })[33m;[39m
     [90m 39 |[39m[0m

      at Class.error (server/config/database.js:36:13)
      at RedisSocket.<anonymous> (node_modules/@redis/client/lib/client/index.ts:796:12)
      at RedisSocket.#connect (node_modules/@redis/client/lib/client/socket.ts:246:14)
      at Class.connect (node_modules/@redis/client/lib/client/index.ts:961:5)
      at connectRedis (server/config/database.js:42:5)
      at server/app.js:79:5

  console.error
    [DB] Redis Client Error AggregateError: 
        at internalConnectMultiple (node:net:1134:18)
        at afterConnectMultiple (node:net:1715:7) {
      code: 'ECONNREFUSED',
      [errors]: [
        Error: connect ECONNREFUSED ::1:6379
            at createConnectionError (node:net:1678:14)
            at afterConnectMultiple (node:net:1708:16) {
          errno: -4078,
          code: 'ECONNREFUSED',
          syscall: 'connect',
          address: '::1',
          port: 6379
        },
        Error: connect ECONNREFUSED 127.0.0.1:6379
            at createConnectionError (node:net:1678:14)
            at afterConnectMultiple (node:net:1708:16) {
          errno: -4078,
          code: 'ECONNREFUSED',
          syscall: 'connect',
          address: '127.0.0.1',
          port: 6379
        }
      ]
    }

    [0m [90m 34 |[39m redisClient[33m.[39mon([32m'error'[39m[33m,[39m (err) [33m=>[39m {
     [90m 35 |[39m   [36mif[39m (process[33m.[39menv[33m.[39m[33mNODE_ENV[39m [33m!==[39m [32m'test'[39m) {
    [31m[1m>[22m[39m[90m 36 |[39m     console[33m.[39merror([32m'[DB] Redis Client Error'[39m[33m,[39m err)[33m;[39m
     [90m    |[39m             [31m[1m^[22m[39m
     [90m 37 |[39m   }
     [90m 38 |[39m })[33m;[39m
     [90m 39 |[39m[0m

      at Class.error (server/config/database.js:36:13)
      at RedisSocket.<anonymous> (node_modules/@redis/client/lib/client/index.ts:796:12)
      at RedisSocket.#connect (node_modules/@redis/client/lib/client/socket.ts:246:14)
      at Class.connect (node_modules/@redis/client/lib/client/index.ts:961:5)
      at connectRedis (server/config/database.js:42:5)
      at server/app.js:79:5

  console.error
    [DB] Redis Client Error AggregateError: 
        at internalConnectMultiple (node:net:1134:18)
        at afterConnectMultiple (node:net:1715:7) {
      code: 'ECONNREFUSED',
      [errors]: [
        Error: connect ECONNREFUSED ::1:6379
            at createConnectionError (node:net:1678:14)
            at afterConnectMultiple (node:net:1708:16) {
          errno: -4078,
          code: 'ECONNREFUSED',
          syscall: 'connect',
          address: '::1',
          port: 6379
        },
        Error: connect ECONNREFUSED 127.0.0.1:6379
            at createConnectionError (node:net:1678:14)
            at afterConnectMultiple (node:net:1708:16) {
          errno: -4078,
          code: 'ECONNREFUSED',
          syscall: 'connect',
          address: '127.0.0.1',
          port: 6379
        }
      ]
    }

    [0m [90m 34 |[39m redisClient[33m.[39mon([32m'error'[39m[33m,[39m (err) [33m=>[39m {
     [90m 35 |[39m   [36mif[39m (process[33m.[39menv[33m.[39m[33mNODE_ENV[39m [33m!==[39m [32m'test'[39m) {
    [31m[1m>[22m[39m[90m 36 |[39m     console[33m.[39merror([32m'[DB] Redis Client Error'[39m[33m,[39m err)[33m;[39m
     [90m    |[39m             [31m[1m^[22m[39m
     [90m 37 |[39m   }
     [90m 38 |[39m })[33m;[39m
     [90m 39 |[39m[0m

      at Class.error (server/config/database.js:36:13)
      at RedisSocket.<anonymous> (node_modules/@redis/client/lib/client/index.ts:796:12)
      at RedisSocket.#connect (node_modules/@redis/client/lib/client/socket.ts:246:14)
      at Class.connect (node_modules/@redis/client/lib/client/index.ts:961:5)
      at connectRedis (server/config/database.js:42:5)
      at server/app.js:79:5

  console.error
    [DB] Redis Client Error AggregateError: 
        at internalConnectMultiple (node:net:1134:18)
        at afterConnectMultiple (node:net:1715:7) {
      code: 'ECONNREFUSED',
      [errors]: [
        Error: connect ECONNREFUSED ::1:6379
            at createConnectionError (node:net:1678:14)
            at afterConnectMultiple (node:net:1708:16) {
          errno: -4078,
          code: 'ECONNREFUSED',
          syscall: 'connect',
          address: '::1',
          port: 6379
        },
        Error: connect ECONNREFUSED 127.0.0.1:6379
            at createConnectionError (node:net:1678:14)
            at afterConnectMultiple (node:net:1708:16) {
          errno: -4078,
          code: 'ECONNREFUSED',
          syscall: 'connect',
          address: '127.0.0.1',
          port: 6379
        }
      ]
    }

    [0m [90m 34 |[39m redisClient[33m.[39mon([32m'error'[39m[33m,[39m (err) [33m=>[39m {
     [90m 35 |[39m   [36mif[39m (process[33m.[39menv[33m.[39m[33mNODE_ENV[39m [33m!==[39m [32m'test'[39m) {
    [31m[1m>[22m[39m[90m 36 |[39m     console[33m.[39merror([32m'[DB] Redis Client Error'[39m[33m,[39m err)[33m;[39m
     [90m    |[39m             [31m[1m^[22m[39m
     [90m 37 |[39m   }
     [90m 38 |[39m })[33m;[39m
     [90m 39 |[39m[0m

      at Class.error (server/config/database.js:36:13)
      at RedisSocket.<anonymous> (node_modules/@redis/client/lib/client/index.ts:796:12)
      at RedisSocket.#connect (node_modules/@redis/client/lib/client/socket.ts:246:14)
      at Class.connect (node_modules/@redis/client/lib/client/index.ts:961:5)
      at connectRedis (server/config/database.js:42:5)
      at server/app.js:79:5

  console.error
    [DB] Redis Client Error AggregateError: 
        at internalConnectMultiple (node:net:1134:18)
        at afterConnectMultiple (node:net:1715:7) {
      code: 'ECONNREFUSED',
      [errors]: [
        Error: connect ECONNREFUSED ::1:6379
            at createConnectionError (node:net:1678:14)
            at afterConnectMultiple (node:net:1708:16) {
          errno: -4078,
          code: 'ECONNREFUSED',
          syscall: 'connect',
          address: '::1',
          port: 6379
        },
        Error: connect ECONNREFUSED 127.0.0.1:6379
            at createConnectionError (node:net:1678:14)
            at afterConnectMultiple (node:net:1708:16) {
          errno: -4078,
          code: 'ECONNREFUSED',
          syscall: 'connect',
          address: '127.0.0.1',
          port: 6379
        }
      ]
    }

    [0m [90m 34 |[39m redisClient[33m.[39mon([32m'error'[39m[33m,[39m (err) [33m=>[39m {
     [90m 35 |[39m   [36mif[39m (process[33m.[39menv[33m.[39m[33mNODE_ENV[39m [33m!==[39m [32m'test'[39m) {
    [31m[1m>[22m[39m[90m 36 |[39m     console[33m.[39merror([32m'[DB] Redis Client Error'[39m[33m,[39m err)[33m;[39m
     [90m    |[39m             [31m[1m^[22m[39m
     [90m 37 |[39m   }
     [90m 38 |[39m })[33m;[39m
     [90m 39 |[39m[0m

      at Class.error (server/config/database.js:36:13)
      at RedisSocket.<anonymous> (node_modules/@redis/client/lib/client/index.ts:796:12)
      at RedisSocket.#connect (node_modules/@redis/client/lib/client/socket.ts:246:14)
      at Class.connect (node_modules/@redis/client/lib/client/index.ts:961:5)
      at connectRedis (server/config/database.js:42:5)
      at server/app.js:79:5

  console.error
    [DB] Redis Client Error AggregateError: 
        at internalConnectMultiple (node:net:1134:18)
        at afterConnectMultiple (node:net:1715:7) {
      code: 'ECONNREFUSED',
      [errors]: [
        Error: connect ECONNREFUSED ::1:6379
            at createConnectionError (node:net:1678:14)
            at afterConnectMultiple (node:net:1708:16) {
          errno: -4078,
          code: 'ECONNREFUSED',
          syscall: 'connect',
          address: '::1',
          port: 6379
        },
        Error: connect ECONNREFUSED 127.0.0.1:6379
            at createConnectionError (node:net:1678:14)
            at afterConnectMultiple (node:net:1708:16) {
          errno: -4078,
          code: 'ECONNREFUSED',
          syscall: 'connect',
          address: '127.0.0.1',
          port: 6379
        }
      ]
    }

    [0m [90m 34 |[39m redisClient[33m.[39mon([32m'error'[39m[33m,[39m (err) [33m=>[39m {
     [90m 35 |[39m   [36mif[39m (process[33m.[39menv[33m.[39m[33mNODE_ENV[39m [33m!==[39m [32m'test'[39m) {
    [31m[1m>[22m[39m[90m 36 |[39m     console[33m.[39merror([32m'[DB] Redis Client Error'[39m[33m,[39m err)[33m;[39m
     [90m    |[39m             [31m[1m^[22m[39m
     [90m 37 |[39m   }
     [90m 38 |[39m })[33m;[39m
     [90m 39 |[39m[0m

      at Class.error (server/config/database.js:36:13)
      at RedisSocket.<anonymous> (node_modules/@redis/client/lib/client/index.ts:796:12)
      at RedisSocket.#connect (node_modules/@redis/client/lib/client/socket.ts:246:14)
      at Class.connect (node_modules/@redis/client/lib/client/index.ts:961:5)
      at connectRedis (server/config/database.js:42:5)
      at server/app.js:79:5

  console.error
    [DB] Redis Client Error AggregateError: 
        at internalConnectMultiple (node:net:1134:18)
        at afterConnectMultiple (node:net:1715:7) {
      code: 'ECONNREFUSED',
      [errors]: [
        Error: connect ECONNREFUSED ::1:6379
            at createConnectionError (node:net:1678:14)
            at afterConnectMultiple (node:net:1708:16) {
          errno: -4078,
          code: 'ECONNREFUSED',
          syscall: 'connect',
          address: '::1',
          port: 6379
        },
        Error: connect ECONNREFUSED 127.0.0.1:6379
            at createConnectionError (node:net:1678:14)
            at afterConnectMultiple (node:net:1708:16) {
          errno: -4078,
          code: 'ECONNREFUSED',
          syscall: 'connect',
          address: '127.0.0.1',
          port: 6379
        }
      ]
    }

    [0m [90m 34 |[39m redisClient[33m.[39mon([32m'error'[39m[33m,[39m (err) [33m=>[39m {
     [90m 35 |[39m   [36mif[39m (process[33m.[39menv[33m.[39m[33mNODE_ENV[39m [33m!==[39m [32m'test'[39m) {
    [31m[1m>[22m[39m[90m 36 |[39m     console[33m.[39merror([32m'[DB] Redis Client Error'[39m[33m,[39m err)[33m;[39m
     [90m    |[39m             [31m[1m^[22m[39m
     [90m 37 |[39m   }
     [90m 38 |[39m })[33m;[39m
     [90m 39 |[39m[0m

      at Class.error (server/config/database.js:36:13)
      at RedisSocket.<anonymous> (node_modules/@redis/client/lib/client/index.ts:796:12)
      at RedisSocket.#connect (node_modules/@redis/client/lib/client/socket.ts:246:14)
      at Class.connect (node_modules/@redis/client/lib/client/index.ts:961:5)
      at connectRedis (server/config/database.js:42:5)
      at server/app.js:79:5

  console.error
    [DB] Redis Client Error AggregateError: 
        at internalConnectMultiple (node:net:1134:18)
        at afterConnectMultiple (node:net:1715:7) {
      code: 'ECONNREFUSED',
      [errors]: [
        Error: connect ECONNREFUSED ::1:6379
            at createConnectionError (node:net:1678:14)
            at afterConnectMultiple (node:net:1708:16) {
          errno: -4078,
          code: 'ECONNREFUSED',
          syscall: 'connect',
          address: '::1',
          port: 6379
        },
        Error: connect ECONNREFUSED 127.0.0.1:6379
            at createConnectionError (node:net:1678:14)
            at afterConnectMultiple (node:net:1708:16) {
          errno: -4078,
          code: 'ECONNREFUSED',
          syscall: 'connect',
          address: '127.0.0.1',
          port: 6379
        }
      ]
    }

    [0m [90m 34 |[39m redisClient[33m.[39mon([32m'error'[39m[33m,[39m (err) [33m=>[39m {
     [90m 35 |[39m   [36mif[39m (process[33m.[39menv[33m.[39m[33mNODE_ENV[39m [33m!==[39m [32m'test'[39m) {
    [31m[1m>[22m[39m[90m 36 |[39m     console[33m.[39merror([32m'[DB] Redis Client Error'[39m[33m,[39m err)[33m;[39m
     [90m    |[39m             [31m[1m^[22m[39m
     [90m 37 |[39m   }
     [90m 38 |[39m })[33m;[39m
     [90m 39 |[39m[0m

      at Class.error (server/config/database.js:36:13)
      at RedisSocket.<anonymous> (node_modules/@redis/client/lib/client/index.ts:796:12)
      at RedisSocket.#connect (node_modules/@redis/client/lib/client/socket.ts:246:14)
      at Class.connect (node_modules/@redis/client/lib/client/index.ts:961:5)
      at connectRedis (server/config/database.js:42:5)
      at server/app.js:79:5

  console.error
    [DB] Redis Client Error AggregateError: 
        at internalConnectMultiple (node:net:1134:18)
        at afterConnectMultiple (node:net:1715:7) {
      code: 'ECONNREFUSED',
      [errors]: [
        Error: connect ECONNREFUSED ::1:6379
            at createConnectionError (node:net:1678:14)
            at afterConnectMultiple (node:net:1708:16) {
          errno: -4078,
          code: 'ECONNREFUSED',
          syscall: 'connect',
          address: '::1',
          port: 6379
        },
        Error: connect ECONNREFUSED 127.0.0.1:6379
            at createConnectionError (node:net:1678:14)
            at afterConnectMultiple (node:net:1708:16) {
          errno: -4078,
          code: 'ECONNREFUSED',
          syscall: 'connect',
          address: '127.0.0.1',
          port: 6379
        }
      ]
    }

    [0m [90m 34 |[39m redisClient[33m.[39mon([32m'error'[39m[33m,[39m (err) [33m=>[39m {
     [90m 35 |[39m   [36mif[39m (process[33m.[39menv[33m.[39m[33mNODE_ENV[39m [33m!==[39m [32m'test'[39m) {
    [31m[1m>[22m[39m[90m 36 |[39m     console[33m.[39merror([32m'[DB] Redis Client Error'[39m[33m,[39m err)[33m;[39m
     [90m    |[39m             [31m[1m^[22m[39m
     [90m 37 |[39m   }
     [90m 38 |[39m })[33m;[39m
     [90m 39 |[39m[0m

      at Class.error (server/config/database.js:36:13)
      at RedisSocket.<anonymous> (node_modules/@redis/client/lib/client/index.ts:796:12)
      at RedisSocket.#connect (node_modules/@redis/client/lib/client/socket.ts:246:14)
      at Class.connect (node_modules/@redis/client/lib/client/index.ts:961:5)
      at connectRedis (server/config/database.js:42:5)
      at server/app.js:79:5

  console.error
    [DB] Redis Client Error AggregateError: 
        at internalConnectMultiple (node:net:1134:18)
        at afterConnectMultiple (node:net:1715:7) {
      code: 'ECONNREFUSED',
      [errors]: [
        Error: connect ECONNREFUSED ::1:6379
            at createConnectionError (node:net:1678:14)
            at afterConnectMultiple (node:net:1708:16) {
          errno: -4078,
          code: 'ECONNREFUSED',
          syscall: 'connect',
          address: '::1',
          port: 6379
        },
        Error: connect ECONNREFUSED 127.0.0.1:6379
            at createConnectionError (node:net:1678:14)
            at afterConnectMultiple (node:net:1708:16) {
          errno: -4078,
          code: 'ECONNREFUSED',
          syscall: 'connect',
          address: '127.0.0.1',
          port: 6379
        }
      ]
    }

    [0m [90m 34 |[39m redisClient[33m.[39mon([32m'error'[39m[33m,[39m (err) [33m=>[39m {
     [90m 35 |[39m   [36mif[39m (process[33m.[39menv[33m.[39m[33mNODE_ENV[39m [33m!==[39m [32m'test'[39m) {
    [31m[1m>[22m[39m[90m 36 |[39m     console[33m.[39merror([32m'[DB] Redis Client Error'[39m[33m,[39m err)[33m;[39m
     [90m    |[39m             [31m[1m^[22m[39m
     [90m 37 |[39m   }
     [90m 38 |[39m })[33m;[39m
     [90m 39 |[39m[0m

      at Class.error (server/config/database.js:36:13)
      at RedisSocket.<anonymous> (node_modules/@redis/client/lib/client/index.ts:796:12)
      at RedisSocket.#connect (node_modules/@redis/client/lib/client/socket.ts:246:14)
      at Class.connect (node_modules/@redis/client/lib/client/index.ts:961:5)
      at connectRedis (server/config/database.js:42:5)
      at server/app.js:79:5

  console.error
    [DB] Redis Client Error AggregateError: 
        at internalConnectMultiple (node:net:1134:18)
        at afterConnectMultiple (node:net:1715:7) {
      code: 'ECONNREFUSED',
      [errors]: [
        Error: connect ECONNREFUSED ::1:6379
            at createConnectionError (node:net:1678:14)
            at afterConnectMultiple (node:net:1708:16) {
          errno: -4078,
          code: 'ECONNREFUSED',
          syscall: 'connect',
          address: '::1',
          port: 6379
        },
        Error: connect ECONNREFUSED 127.0.0.1:6379
            at createConnectionError (node:net:1678:14)
            at afterConnectMultiple (node:net:1708:16) {
          errno: -4078,
          code: 'ECONNREFUSED',
          syscall: 'connect',
          address: '127.0.0.1',
          port: 6379
        }
      ]
    }

    [0m [90m 34 |[39m redisClient[33m.[39mon([32m'error'[39m[33m,[39m (err) [33m=>[39m {
     [90m 35 |[39m   [36mif[39m (process[33m.[39menv[33m.[39m[33mNODE_ENV[39m [33m!==[39m [32m'test'[39m) {
    [31m[1m>[22m[39m[90m 36 |[39m     console[33m.[39merror([32m'[DB] Redis Client Error'[39m[33m,[39m err)[33m;[39m
     [90m    |[39m             [31m[1m^[22m[39m
     [90m 37 |[39m   }
     [90m 38 |[39m })[33m;[39m
     [90m 39 |[39m[0m

      at Class.error (server/config/database.js:36:13)
      at RedisSocket.<anonymous> (node_modules/@redis/client/lib/client/index.ts:796:12)
      at RedisSocket.#connect (node_modules/@redis/client/lib/client/socket.ts:246:14)
      at Class.connect (node_modules/@redis/client/lib/client/index.ts:961:5)
      at connectRedis (server/config/database.js:42:5)
      at server/app.js:79:5

  console.error
    [DB] Redis Client Error AggregateError: 
        at internalConnectMultiple (node:net:1134:18)
        at afterConnectMultiple (node:net:1715:7) {
      code: 'ECONNREFUSED',
      [errors]: [
        Error: connect ECONNREFUSED ::1:6379
            at createConnectionError (node:net:1678:14)
            at afterConnectMultiple (node:net:1708:16) {
          errno: -4078,
          code: 'ECONNREFUSED',
          syscall: 'connect',
          address: '::1',
          port: 6379
        },
        Error: connect ECONNREFUSED 127.0.0.1:6379
            at createConnectionError (node:net:1678:14)
            at afterConnectMultiple (node:net:1708:16) {
          errno: -4078,
          code: 'ECONNREFUSED',
          syscall: 'connect',
          address: '127.0.0.1',
          port: 6379
        }
      ]
    }

    [0m [90m 34 |[39m redisClient[33m.[39mon([32m'error'[39m[33m,[39m (err) [33m=>[39m {
     [90m 35 |[39m   [36mif[39m (process[33m.[39menv[33m.[39m[33mNODE_ENV[39m [33m!==[39m [32m'test'[39m) {
    [31m[1m>[22m[39m[90m 36 |[39m     console[33m.[39merror([32m'[DB] Redis Client Error'[39m[33m,[39m err)[33m;[39m
     [90m    |[39m             [31m[1m^[22m[39m
     [90m 37 |[39m   }
     [90m 38 |[39m })[33m;[39m
     [90m 39 |[39m[0m

      at Class.error (server/config/database.js:36:13)
      at RedisSocket.<anonymous> (node_modules/@redis/client/lib/client/index.ts:796:12)
      at RedisSocket.#connect (node_modules/@redis/client/lib/client/socket.ts:246:14)
      at Class.connect (node_modules/@redis/client/lib/client/index.ts:961:5)
      at connectRedis (server/config/database.js:42:5)
      at server/app.js:79:5

  console.error
    [DB] Redis Client Error AggregateError: 
        at internalConnectMultiple (node:net:1134:18)
        at afterConnectMultiple (node:net:1715:7) {
      code: 'ECONNREFUSED',
      [errors]: [
        Error: connect ECONNREFUSED ::1:6379
            at createConnectionError (node:net:1678:14)
            at afterConnectMultiple (node:net:1708:16) {
          errno: -4078,
          code: 'ECONNREFUSED',
          syscall: 'connect',
          address: '::1',
          port: 6379
        },
        Error: connect ECONNREFUSED 127.0.0.1:6379
            at createConnectionError (node:net:1678:14)
            at afterConnectMultiple (node:net:1708:16) {
          errno: -4078,
          code: 'ECONNREFUSED',
          syscall: 'connect',
          address: '127.0.0.1',
          port: 6379
        }
      ]
    }

    [0m [90m 34 |[39m redisClient[33m.[39mon([32m'error'[39m[33m,[39m (err) [33m=>[39m {
     [90m 35 |[39m   [36mif[39m (process[33m.[39menv[33m.[39m[33mNODE_ENV[39m [33m!==[39m [32m'test'[39m) {
    [31m[1m>[22m[39m[90m 36 |[39m     console[33m.[39merror([32m'[DB] Redis Client Error'[39m[33m,[39m err)[33m;[39m
     [90m    |[39m             [31m[1m^[22m[39m
     [90m 37 |[39m   }
     [90m 38 |[39m })[33m;[39m
     [90m 39 |[39m[0m

      at Class.error (server/config/database.js:36:13)
      at RedisSocket.<anonymous> (node_modules/@redis/client/lib/client/index.ts:796:12)
      at RedisSocket.#connect (node_modules/@redis/client/lib/client/socket.ts:246:14)
      at Class.connect (node_modules/@redis/client/lib/client/index.ts:961:5)
      at connectRedis (server/config/database.js:42:5)
      at server/app.js:79:5

  console.error
    [DB] Redis Client Error AggregateError: 
        at internalConnectMultiple (node:net:1134:18)
        at afterConnectMultiple (node:net:1715:7) {
      code: 'ECONNREFUSED',
      [errors]: [
        Error: connect ECONNREFUSED ::1:6379
            at createConnectionError (node:net:1678:14)
            at afterConnectMultiple (node:net:1708:16) {
          errno: -4078,
          code: 'ECONNREFUSED',
          syscall: 'connect',
          address: '::1',
          port: 6379
        },
        Error: connect ECONNREFUSED 127.0.0.1:6379
            at createConnectionError (node:net:1678:14)
            at afterConnectMultiple (node:net:1708:16) {
          errno: -4078,
          code: 'ECONNREFUSED',
          syscall: 'connect',
          address: '127.0.0.1',
          port: 6379
        }
      ]
    }

    [0m [90m 34 |[39m redisClient[33m.[39mon([32m'error'[39m[33m,[39m (err) [33m=>[39m {
     [90m 35 |[39m   [36mif[39m (process[33m.[39menv[33m.[39m[33mNODE_ENV[39m [33m!==[39m [32m'test'[39m) {
    [31m[1m>[22m[39m[90m 36 |[39m     console[33m.[39merror([32m'[DB] Redis Client Error'[39m[33m,[39m err)[33m;[39m
     [90m    |[39m             [31m[1m^[22m[39m
     [90m 37 |[39m   }
     [90m 38 |[39m })[33m;[39m
     [90m 39 |[39m[0m

      at Class.error (server/config/database.js:36:13)
      at RedisSocket.<anonymous> (node_modules/@redis/client/lib/client/index.ts:796:12)
      at RedisSocket.#connect (node_modules/@redis/client/lib/client/socket.ts:246:14)
      at Class.connect (node_modules/@redis/client/lib/client/index.ts:961:5)
      at connectRedis (server/config/database.js:42:5)
      at server/app.js:79:5

  console.error
    [DB] Redis Client Error AggregateError: 
        at internalConnectMultiple (node:net:1134:18)
        at afterConnectMultiple (node:net:1715:7) {
      code: 'ECONNREFUSED',
      [errors]: [
        Error: connect ECONNREFUSED ::1:6379
            at createConnectionError (node:net:1678:14)
            at afterConnectMultiple (node:net:1708:16) {
          errno: -4078,
          code: 'ECONNREFUSED',
          syscall: 'connect',
          address: '::1',
          port: 6379
        },
        Error: connect ECONNREFUSED 127.0.0.1:6379
            at createConnectionError (node:net:1678:14)
            at afterConnectMultiple (node:net:1708:16) {
          errno: -4078,
          code: 'ECONNREFUSED',
          syscall: 'connect',
          address: '127.0.0.1',
          port: 6379
        }
      ]
    }

    [0m [90m 34 |[39m redisClient[33m.[39mon([32m'error'[39m[33m,[39m (err) [33m=>[39m {
     [90m 35 |[39m   [36mif[39m (process[33m.[39menv[33m.[39m[33mNODE_ENV[39m [33m!==[39m [32m'test'[39m) {
    [31m[1m>[22m[39m[90m 36 |[39m     console[33m.[39merror([32m'[DB] Redis Client Error'[39m[33m,[39m err)[33m;[39m
     [90m    |[39m             [31m[1m^[22m[39m
     [90m 37 |[39m   }
     [90m 38 |[39m })[33m;[39m
     [90m 39 |[39m[0m

      at Class.error (server/config/database.js:36:13)
      at RedisSocket.<anonymous> (node_modules/@redis/client/lib/client/index.ts:796:12)
      at RedisSocket.#connect (node_modules/@redis/client/lib/client/socket.ts:246:14)
      at Class.connect (node_modules/@redis/client/lib/client/index.ts:961:5)
      at connectRedis (server/config/database.js:42:5)
      at server/app.js:79:5

  console.error
    [DB] Redis Client Error AggregateError: 
        at internalConnectMultiple (node:net:1134:18)
        at afterConnectMultiple (node:net:1715:7) {
      code: 'ECONNREFUSED',
      [errors]: [
        Error: connect ECONNREFUSED ::1:6379
            at createConnectionError (node:net:1678:14)
            at afterConnectMultiple (node:net:1708:16) {
          errno: -4078,
          code: 'ECONNREFUSED',
          syscall: 'connect',
          address: '::1',
          port: 6379
        },
        Error: connect ECONNREFUSED 127.0.0.1:6379
            at createConnectionError (node:net:1678:14)
            at afterConnectMultiple (node:net:1708:16) {
          errno: -4078,
          code: 'ECONNREFUSED',
          syscall: 'connect',
          address: '127.0.0.1',
          port: 6379
        }
      ]
    }

    [0m [90m 34 |[39m redisClient[33m.[39mon([32m'error'[39m[33m,[39m (err) [33m=>[39m {
     [90m 35 |[39m   [36mif[39m (process[33m.[39menv[33m.[39m[33mNODE_ENV[39m [33m!==[39m [32m'test'[39m) {
    [31m[1m>[22m[39m[90m 36 |[39m     console[33m.[39merror([32m'[DB] Redis Client Error'[39m[33m,[39m err)[33m;[39m
     [90m    |[39m             [31m[1m^[22m[39m
     [90m 37 |[39m   }
     [90m 38 |[39m })[33m;[39m
     [90m 39 |[39m[0m

      at Class.error (server/config/database.js:36:13)
      at RedisSocket.<anonymous> (node_modules/@redis/client/lib/client/index.ts:796:12)
      at RedisSocket.#connect (node_modules/@redis/client/lib/client/socket.ts:246:14)
      at Class.connect (node_modules/@redis/client/lib/client/index.ts:961:5)
      at connectRedis (server/config/database.js:42:5)
      at server/app.js:79:5

  console.error
    [DB] Redis Client Error AggregateError: 
        at internalConnectMultiple (node:net:1134:18)
        at afterConnectMultiple (node:net:1715:7) {
      code: 'ECONNREFUSED',
      [errors]: [
        Error: connect ECONNREFUSED ::1:6379
            at createConnectionError (node:net:1678:14)
            at afterConnectMultiple (node:net:1708:16) {
          errno: -4078,
          code: 'ECONNREFUSED',
          syscall: 'connect',
          address: '::1',
          port: 6379
        },
        Error: connect ECONNREFUSED 127.0.0.1:6379
            at createConnectionError (node:net:1678:14)
            at afterConnectMultiple (node:net:1708:16) {
          errno: -4078,
          code: 'ECONNREFUSED',
          syscall: 'connect',
          address: '127.0.0.1',
          port: 6379
        }
      ]
    }

    [0m [90m 34 |[39m redisClient[33m.[39mon([32m'error'[39m[33m,[39m (err) [33m=>[39m {
     [90m 35 |[39m   [36mif[39m (process[33m.[39menv[33m.[39m[33mNODE_ENV[39m [33m!==[39m [32m'test'[39m) {
    [31m[1m>[22m[39m[90m 36 |[39m     console[33m.[39merror([32m'[DB] Redis Client Error'[39m[33m,[39m err)[33m;[39m
     [90m    |[39m             [31m[1m^[22m[39m
     [90m 37 |[39m   }
     [90m 38 |[39m })[33m;[39m
     [90m 39 |[39m[0m

      at Class.error (server/config/database.js:36:13)
      at RedisSocket.<anonymous> (node_modules/@redis/client/lib/client/index.ts:796:12)
      at RedisSocket.#connect (node_modules/@redis/client/lib/client/socket.ts:246:14)
      at Class.connect (node_modules/@redis/client/lib/client/index.ts:961:5)
      at connectRedis (server/config/database.js:42:5)
      at server/app.js:79:5

  console.error
    [DB] Redis Client Error AggregateError: 
        at internalConnectMultiple (node:net:1134:18)
        at afterConnectMultiple (node:net:1715:7) {
      code: 'ECONNREFUSED',
      [errors]: [
        Error: connect ECONNREFUSED ::1:6379
            at createConnectionError (node:net:1678:14)
            at afterConnectMultiple (node:net:1708:16) {
          errno: -4078,
          code: 'ECONNREFUSED',
          syscall: 'connect',
          address: '::1',
          port: 6379
        },
        Error: connect ECONNREFUSED 127.0.0.1:6379
            at createConnectionError (node:net:1678:14)
            at afterConnectMultiple (node:net:1708:16) {
          errno: -4078,
          code: 'ECONNREFUSED',
          syscall: 'connect',
          address: '127.0.0.1',
          port: 6379
        }
      ]
    }

    [0m [90m 34 |[39m redisClient[33m.[39mon([32m'error'[39m[33m,[39m (err) [33m=>[39m {
     [90m 35 |[39m   [36mif[39m (process[33m.[39menv[33m.[39m[33mNODE_ENV[39m [33m!==[39m [32m'test'[39m) {
    [31m[1m>[22m[39m[90m 36 |[39m     console[33m.[39merror([32m'[DB] Redis Client Error'[39m[33m,[39m err)[33m;[39m
     [90m    |[39m             [31m[1m^[22m[39m
     [90m 37 |[39m   }
     [90m 38 |[39m })[33m;[39m
     [90m 39 |[39m[0m

      at Class.error (server/config/database.js:36:13)
      at RedisSocket.<anonymous> (node_modules/@redis/client/lib/client/index.ts:796:12)
      at RedisSocket.#connect (node_modules/@redis/client/lib/client/socket.ts:246:14)
      at Class.connect (node_modules/@redis/client/lib/client/index.ts:961:5)
      at connectRedis (server/config/database.js:42:5)
      at server/app.js:79:5

  console.error
    [DB] Redis Client Error AggregateError: 
        at internalConnectMultiple (node:net:1134:18)
        at afterConnectMultiple (node:net:1715:7) {
      code: 'ECONNREFUSED',
      [errors]: [
        Error: connect ECONNREFUSED ::1:6379
            at createConnectionError (node:net:1678:14)
            at afterConnectMultiple (node:net:1708:16) {
          errno: -4078,
          code: 'ECONNREFUSED',
          syscall: 'connect',
          address: '::1',
          port: 6379
        },
        Error: connect ECONNREFUSED 127.0.0.1:6379
            at createConnectionError (node:net:1678:14)
            at afterConnectMultiple (node:net:1708:16) {
          errno: -4078,
          code: 'ECONNREFUSED',
          syscall: 'connect',
          address: '127.0.0.1',
          port: 6379
        }
      ]
    }

    [0m [90m 34 |[39m redisClient[33m.[39mon([32m'error'[39m[33m,[39m (err) [33m=>[39m {
     [90m 35 |[39m   [36mif[39m (process[33m.[39menv[33m.[39m[33mNODE_ENV[39m [33m!==[39m [32m'test'[39m) {
    [31m[1m>[22m[39m[90m 36 |[39m     console[33m.[39merror([32m'[DB] Redis Client Error'[39m[33m,[39m err)[33m;[39m
     [90m    |[39m             [31m[1m^[22m[39m
     [90m 37 |[39m   }
     [90m 38 |[39m })[33m;[39m
     [90m 39 |[39m[0m

      at Class.error (server/config/database.js:36:13)
      at RedisSocket.<anonymous> (node_modules/@redis/client/lib/client/index.ts:796:12)
      at RedisSocket.#connect (node_modules/@redis/client/lib/client/socket.ts:246:14)
      at Class.connect (node_modules/@redis/client/lib/client/index.ts:961:5)
      at connectRedis (server/config/database.js:42:5)
      at server/app.js:79:5

  console.error
    [DB] Redis Client Error AggregateError: 
        at internalConnectMultiple (node:net:1134:18)
        at afterConnectMultiple (node:net:1715:7) {
      code: 'ECONNREFUSED',
      [errors]: [
        Error: connect ECONNREFUSED ::1:6379
            at createConnectionError (node:net:1678:14)
            at afterConnectMultiple (node:net:1708:16) {
          errno: -4078,
          code: 'ECONNREFUSED',
          syscall: 'connect',
          address: '::1',
          port: 6379
        },
        Error: connect ECONNREFUSED 127.0.0.1:6379
            at createConnectionError (node:net:1678:14)
            at afterConnectMultiple (node:net:1708:16) {
          errno: -4078,
          code: 'ECONNREFUSED',
          syscall: 'connect',
          address: '127.0.0.1',
          port: 6379
        }
      ]
    }

    [0m [90m 34 |[39m redisClient[33m.[39mon([32m'error'[39m[33m,[39m (err) [33m=>[39m {
     [90m 35 |[39m   [36mif[39m (process[33m.[39menv[33m.[39m[33mNODE_ENV[39m [33m!==[39m [32m'test'[39m) {
    [31m[1m>[22m[39m[90m 36 |[39m     console[33m.[39merror([32m'[DB] Redis Client Error'[39m[33m,[39m err)[33m;[39m
     [90m    |[39m             [31m[1m^[22m[39m
     [90m 37 |[39m   }
     [90m 38 |[39m })[33m;[39m
     [90m 39 |[39m[0m

      at Class.error (server/config/database.js:36:13)
      at RedisSocket.<anonymous> (node_modules/@redis/client/lib/client/index.ts:796:12)
      at RedisSocket.#connect (node_modules/@redis/client/lib/client/socket.ts:246:14)
      at Class.connect (node_modules/@redis/client/lib/client/index.ts:961:5)
      at connectRedis (server/config/database.js:42:5)
      at server/app.js:79:5

  console.error
    [DB] Redis Client Error AggregateError: 
        at internalConnectMultiple (node:net:1134:18)
        at afterConnectMultiple (node:net:1715:7) {
      code: 'ECONNREFUSED',
      [errors]: [
        Error: connect ECONNREFUSED ::1:6379
            at createConnectionError (node:net:1678:14)
            at afterConnectMultiple (node:net:1708:16) {
          errno: -4078,
          code: 'ECONNREFUSED',
          syscall: 'connect',
          address: '::1',
          port: 6379
        },
        Error: connect ECONNREFUSED 127.0.0.1:6379
            at createConnectionError (node:net:1678:14)
            at afterConnectMultiple (node:net:1708:16) {
          errno: -4078,
          code: 'ECONNREFUSED',
          syscall: 'connect',
          address: '127.0.0.1',
          port: 6379
        }
      ]
    }

    [0m [90m 34 |[39m redisClient[33m.[39mon([32m'error'[39m[33m,[39m (err) [33m=>[39m {
     [90m 35 |[39m   [36mif[39m (process[33m.[39menv[33m.[39m[33mNODE_ENV[39m [33m!==[39m [32m'test'[39m) {
    [31m[1m>[22m[39m[90m 36 |[39m     console[33m.[39merror([32m'[DB] Redis Client Error'[39m[33m,[39m err)[33m;[39m
     [90m    |[39m             [31m[1m^[22m[39m
     [90m 37 |[39m   }
     [90m 38 |[39m })[33m;[39m
     [90m 39 |[39m[0m

      at Class.error (server/config/database.js:36:13)
      at RedisSocket.<anonymous> (node_modules/@redis/client/lib/client/index.ts:796:12)
      at RedisSocket.#connect (node_modules/@redis/client/lib/client/socket.ts:246:14)
      at Class.connect (node_modules/@redis/client/lib/client/index.ts:961:5)
      at connectRedis (server/config/database.js:42:5)
      at server/app.js:79:5

  console.error
    [DB] Redis Client Error AggregateError: 
        at internalConnectMultiple (node:net:1134:18)
        at afterConnectMultiple (node:net:1715:7) {
      code: 'ECONNREFUSED',
      [errors]: [
        Error: connect ECONNREFUSED ::1:6379
            at createConnectionError (node:net:1678:14)
            at afterConnectMultiple (node:net:1708:16) {
          errno: -4078,
          code: 'ECONNREFUSED',
          syscall: 'connect',
          address: '::1',
          port: 6379
        },
        Error: connect ECONNREFUSED 127.0.0.1:6379
            at createConnectionError (node:net:1678:14)
            at afterConnectMultiple (node:net:1708:16) {
          errno: -4078,
          code: 'ECONNREFUSED',
          syscall: 'connect',
          address: '127.0.0.1',
          port: 6379
        }
      ]
    }

    [0m [90m 34 |[39m redisClient[33m.[39mon([32m'error'[39m[33m,[39m (err) [33m=>[39m {
     [90m 35 |[39m   [36mif[39m (process[33m.[39menv[33m.[39m[33mNODE_ENV[39m [33m!==[39m [32m'test'[39m) {
    [31m[1m>[22m[39m[90m 36 |[39m     console[33m.[39merror([32m'[DB] Redis Client Error'[39m[33m,[39m err)[33m;[39m
     [90m    |[39m             [31m[1m^[22m[39m
     [90m 37 |[39m   }
     [90m 38 |[39m })[33m;[39m
     [90m 39 |[39m[0m

      at Class.error (server/config/database.js:36:13)
      at RedisSocket.<anonymous> (node_modules/@redis/client/lib/client/index.ts:796:12)
      at RedisSocket.#connect (node_modules/@redis/client/lib/client/socket.ts:246:14)
      at Class.connect (node_modules/@redis/client/lib/client/index.ts:961:5)
      at connectRedis (server/config/database.js:42:5)
      at server/app.js:79:5

  console.error
    [DB] Redis Client Error AggregateError: 
        at internalConnectMultiple (node:net:1134:18)
        at afterConnectMultiple (node:net:1715:7) {
      code: 'ECONNREFUSED',
      [errors]: [
        Error: connect ECONNREFUSED ::1:6379
            at createConnectionError (node:net:1678:14)
            at afterConnectMultiple (node:net:1708:16) {
          errno: -4078,
          code: 'ECONNREFUSED',
          syscall: 'connect',
          address: '::1',
          port: 6379
        },
        Error: connect ECONNREFUSED 127.0.0.1:6379
            at createConnectionError (node:net:1678:14)
            at afterConnectMultiple (node:net:1708:16) {
          errno: -4078,
          code: 'ECONNREFUSED',
          syscall: 'connect',
          address: '127.0.0.1',
          port: 6379
        }
      ]
    }

    [0m [90m 34 |[39m redisClient[33m.[39mon([32m'error'[39m[33m,[39m (err) [33m=>[39m {
     [90m 35 |[39m   [36mif[39m (process[33m.[39menv[33m.[39m[33mNODE_ENV[39m [33m!==[39m [32m'test'[39m) {
    [31m[1m>[22m[39m[90m 36 |[39m     console[33m.[39merror([32m'[DB] Redis Client Error'[39m[33m,[39m err)[33m;[39m
     [90m    |[39m             [31m[1m^[22m[39m
     [90m 37 |[39m   }
     [90m 38 |[39m })[33m;[39m
     [90m 39 |[39m[0m

      at Class.error (server/config/database.js:36:13)
      at RedisSocket.<anonymous> (node_modules/@redis/client/lib/client/index.ts:796:12)
      at RedisSocket.#connect (node_modules/@redis/client/lib/client/socket.ts:246:14)
      at Class.connect (node_modules/@redis/client/lib/client/index.ts:961:5)
      at connectRedis (server/config/database.js:42:5)
      at server/app.js:79:5

  console.error
    [DB] Redis Client Error AggregateError: 
        at internalConnectMultiple (node:net:1134:18)
        at afterConnectMultiple (node:net:1715:7) {
      code: 'ECONNREFUSED',
      [errors]: [
        Error: connect ECONNREFUSED ::1:6379
            at createConnectionError (node:net:1678:14)
            at afterConnectMultiple (node:net:1708:16) {
          errno: -4078,
          code: 'ECONNREFUSED',
          syscall: 'connect',
          address: '::1',
          port: 6379
        },
        Error: connect ECONNREFUSED 127.0.0.1:6379
            at createConnectionError (node:net:1678:14)
            at afterConnectMultiple (node:net:1708:16) {
          errno: -4078,
          code: 'ECONNREFUSED',
          syscall: 'connect',
          address: '127.0.0.1',
          port: 6379
        }
      ]
    }

    [0m [90m 34 |[39m redisClient[33m.[39mon([32m'error'[39m[33m,[39m (err) [33m=>[39m {
     [90m 35 |[39m   [36mif[39m (process[33m.[39menv[33m.[39m[33mNODE_ENV[39m [33m!==[39m [32m'test'[39m) {
    [31m[1m>[22m[39m[90m 36 |[39m     console[33m.[39merror([32m'[DB] Redis Client Error'[39m[33m,[39m err)[33m;[39m
     [90m    |[39m             [31m[1m^[22m[39m
     [90m 37 |[39m   }
     [90m 38 |[39m })[33m;[39m
     [90m 39 |[39m[0m

      at Class.error (server/config/database.js:36:13)
      at RedisSocket.<anonymous> (node_modules/@redis/client/lib/client/index.ts:796:12)
      at RedisSocket.#connect (node_modules/@redis/client/lib/client/socket.ts:246:14)
      at Class.connect (node_modules/@redis/client/lib/client/index.ts:961:5)
      at connectRedis (server/config/database.js:42:5)
      at server/app.js:79:5

  console.error
    [DB] Redis Client Error AggregateError: 
        at internalConnectMultiple (node:net:1134:18)
        at afterConnectMultiple (node:net:1715:7) {
      code: 'ECONNREFUSED',
      [errors]: [
        Error: connect ECONNREFUSED ::1:6379
            at createConnectionError (node:net:1678:14)
            at afterConnectMultiple (node:net:1708:16) {
          errno: -4078,
          code: 'ECONNREFUSED',
          syscall: 'connect',
          address: '::1',
          port: 6379
        },
        Error: connect ECONNREFUSED 127.0.0.1:6379
            at createConnectionError (node:net:1678:14)
            at afterConnectMultiple (node:net:1708:16) {
          errno: -4078,
          code: 'ECONNREFUSED',
          syscall: 'connect',
          address: '127.0.0.1',
          port: 6379
        }
      ]
    }

    [0m [90m 34 |[39m redisClient[33m.[39mon([32m'error'[39m[33m,[39m (err) [33m=>[39m {
     [90m 35 |[39m   [36mif[39m (process[33m.[39menv[33m.[39m[33mNODE_ENV[39m [33m!==[39m [32m'test'[39m) {
    [31m[1m>[22m[39m[90m 36 |[39m     console[33m.[39merror([32m'[DB] Redis Client Error'[39m[33m,[39m err)[33m;[39m
     [90m    |[39m             [31m[1m^[22m[39m
     [90m 37 |[39m   }
     [90m 38 |[39m })[33m;[39m
     [90m 39 |[39m[0m

      at Class.error (server/config/database.js:36:13)
      at RedisSocket.<anonymous> (node_modules/@redis/client/lib/client/index.ts:796:12)
      at RedisSocket.#connect (node_modules/@redis/client/lib/client/socket.ts:246:14)
      at Class.connect (node_modules/@redis/client/lib/client/index.ts:961:5)
      at connectRedis (server/config/database.js:42:5)
      at server/app.js:79:5

  console.error
    [DB] Redis Client Error AggregateError: 
        at internalConnectMultiple (node:net:1134:18)
        at afterConnectMultiple (node:net:1715:7) {
      code: 'ECONNREFUSED',
      [errors]: [
        Error: connect ECONNREFUSED ::1:6379
            at createConnectionError (node:net:1678:14)
            at afterConnectMultiple (node:net:1708:16) {
          errno: -4078,
          code: 'ECONNREFUSED',
          syscall: 'connect',
          address: '::1',
          port: 6379
        },
        Error: connect ECONNREFUSED 127.0.0.1:6379
            at createConnectionError (node:net:1678:14)
            at afterConnectMultiple (node:net:1708:16) {
          errno: -4078,
          code: 'ECONNREFUSED',
          syscall: 'connect',
          address: '127.0.0.1',
          port: 6379
        }
      ]
    }

    [0m [90m 34 |[39m redisClient[33m.[39mon([32m'error'[39m[33m,[39m (err) [33m=>[39m {
     [90m 35 |[39m   [36mif[39m (process[33m.[39menv[33m.[39m[33mNODE_ENV[39m [33m!==[39m [32m'test'[39m) {
    [31m[1m>[22m[39m[90m 36 |[39m     console[33m.[39merror([32m'[DB] Redis Client Error'[39m[33m,[39m err)[33m;[39m
     [90m    |[39m             [31m[1m^[22m[39m
     [90m 37 |[39m   }
     [90m 38 |[39m })[33m;[39m
     [90m 39 |[39m[0m

      at Class.error (server/config/database.js:36:13)
      at RedisSocket.<anonymous> (node_modules/@redis/client/lib/client/index.ts:796:12)
      at RedisSocket.#connect (node_modules/@redis/client/lib/client/socket.ts:246:14)
      at Class.connect (node_modules/@redis/client/lib/client/index.ts:961:5)
      at connectRedis (server/config/database.js:42:5)
      at server/app.js:79:5

  console.error
    [DB] Redis Client Error AggregateError: 
        at internalConnectMultiple (node:net:1134:18)
        at afterConnectMultiple (node:net:1715:7) {
      code: 'ECONNREFUSED',
      [errors]: [
        Error: connect ECONNREFUSED ::1:6379
            at createConnectionError (node:net:1678:14)
            at afterConnectMultiple (node:net:1708:16) {
          errno: -4078,
          code: 'ECONNREFUSED',
          syscall: 'connect',
          address: '::1',
          port: 6379
        },
        Error: connect ECONNREFUSED 127.0.0.1:6379
            at createConnectionError (node:net:1678:14)
            at afterConnectMultiple (node:net:1708:16) {
          errno: -4078,
          code: 'ECONNREFUSED',
          syscall: 'connect',
          address: '127.0.0.1',
          port: 6379
        }
      ]
    }

    [0m [90m 34 |[39m redisClient[33m.[39mon([32m'error'[39m[33m,[39m (err) [33m=>[39m {
     [90m 35 |[39m   [36mif[39m (process[33m.[39menv[33m.[39m[33mNODE_ENV[39m [33m!==[39m [32m'test'[39m) {
    [31m[1m>[22m[39m[90m 36 |[39m     console[33m.[39merror([32m'[DB] Redis Client Error'[39m[33m,[39m err)[33m;[39m
     [90m    |[39m             [31m[1m^[22m[39m
     [90m 37 |[39m   }
     [90m 38 |[39m })[33m;[39m
     [90m 39 |[39m[0m

      at Class.error (server/config/database.js:36:13)
      at RedisSocket.<anonymous> (node_modules/@redis/client/lib/client/index.ts:796:12)
      at RedisSocket.#connect (node_modules/@redis/client/lib/client/socket.ts:246:14)
      at Class.connect (node_modules/@redis/client/lib/client/index.ts:961:5)
      at connectRedis (server/config/database.js:42:5)
      at server/app.js:79:5

  console.error
    [DB] Redis Client Error AggregateError: 
        at internalConnectMultiple (node:net:1134:18)
        at afterConnectMultiple (node:net:1715:7) {
      code: 'ECONNREFUSED',
      [errors]: [
        Error: connect ECONNREFUSED ::1:6379
            at createConnectionError (node:net:1678:14)
            at afterConnectMultiple (node:net:1708:16) {
          errno: -4078,
          code: 'ECONNREFUSED',
          syscall: 'connect',
          address: '::1',
          port: 6379
        },
        Error: connect ECONNREFUSED 127.0.0.1:6379
            at createConnectionError (node:net:1678:14)
            at afterConnectMultiple (node:net:1708:16) {
          errno: -4078,
          code: 'ECONNREFUSED',
          syscall: 'connect',
          address: '127.0.0.1',
          port: 6379
        }
      ]
    }

    [0m [90m 34 |[39m redisClient[33m.[39mon([32m'error'[39m[33m,[39m (err) [33m=>[39m {
     [90m 35 |[39m   [36mif[39m (process[33m.[39menv[33m.[39m[33mNODE_ENV[39m [33m!==[39m [32m'test'[39m) {
    [31m[1m>[22m[39m[90m 36 |[39m     console[33m.[39merror([32m'[DB] Redis Client Error'[39m[33m,[39m err)[33m;[39m
     [90m    |[39m             [31m[1m^[22m[39m
     [90m 37 |[39m   }
     [90m 38 |[39m })[33m;[39m
     [90m 39 |[39m[0m

      at Class.error (server/config/database.js:36:13)
      at RedisSocket.<anonymous> (node_modules/@redis/client/lib/client/index.ts:796:12)
      at RedisSocket.#connect (node_modules/@redis/client/lib/client/socket.ts:246:14)
      at Class.connect (node_modules/@redis/client/lib/client/index.ts:961:5)
      at connectRedis (server/config/database.js:42:5)
      at server/app.js:79:5

  console.error
    [DB] Redis Client Error AggregateError: 
        at internalConnectMultiple (node:net:1134:18)
        at afterConnectMultiple (node:net:1715:7) {
      code: 'ECONNREFUSED',
      [errors]: [
        Error: connect ECONNREFUSED ::1:6379
            at createConnectionError (node:net:1678:14)
            at afterConnectMultiple (node:net:1708:16) {
          errno: -4078,
          code: 'ECONNREFUSED',
          syscall: 'connect',
          address: '::1',
          port: 6379
        },
        Error: connect ECONNREFUSED 127.0.0.1:6379
            at createConnectionError (node:net:1678:14)
            at afterConnectMultiple (node:net:1708:16) {
          errno: -4078,
          code: 'ECONNREFUSED',
          syscall: 'connect',
          address: '127.0.0.1',
          port: 6379
        }
      ]
    }

    [0m [90m 34 |[39m redisClient[33m.[39mon([32m'error'[39m[33m,[39m (err) [33m=>[39m {
     [90m 35 |[39m   [36mif[39m (process[33m.[39menv[33m.[39m[33mNODE_ENV[39m [33m!==[39m [32m'test'[39m) {
    [31m[1m>[22m[39m[90m 36 |[39m     console[33m.[39merror([32m'[DB] Redis Client Error'[39m[33m,[39m err)[33m;[39m
     [90m    |[39m             [31m[1m^[22m[39m
     [90m 37 |[39m   }
     [90m 38 |[39m })[33m;[39m
     [90m 39 |[39m[0m

      at Class.error (server/config/database.js:36:13)
      at RedisSocket.<anonymous> (node_modules/@redis/client/lib/client/index.ts:796:12)
      at RedisSocket.#connect (node_modules/@redis/client/lib/client/socket.ts:246:14)
      at Class.connect (node_modules/@redis/client/lib/client/index.ts:961:5)
      at connectRedis (server/config/database.js:42:5)
      at server/app.js:79:5

  console.error
    [DB] Redis Client Error AggregateError: 
        at internalConnectMultiple (node:net:1134:18)
        at afterConnectMultiple (node:net:1715:7) {
      code: 'ECONNREFUSED',
      [errors]: [
        Error: connect ECONNREFUSED ::1:6379
            at createConnectionError (node:net:1678:14)
            at afterConnectMultiple (node:net:1708:16) {
          errno: -4078,
          code: 'ECONNREFUSED',
          syscall: 'connect',
          address: '::1',
          port: 6379
        },
        Error: connect ECONNREFUSED 127.0.0.1:6379
            at createConnectionError (node:net:1678:14)
            at afterConnectMultiple (node:net:1708:16) {
          errno: -4078,
          code: 'ECONNREFUSED',
          syscall: 'connect',
          address: '127.0.0.1',
          port: 6379
        }
      ]
    }

    [0m [90m 34 |[39m redisClient[33m.[39mon([32m'error'[39m[33m,[39m (err) [33m=>[39m {
     [90m 35 |[39m   [36mif[39m (process[33m.[39menv[33m.[39m[33mNODE_ENV[39m [33m!==[39m [32m'test'[39m) {
    [31m[1m>[22m[39m[90m 36 |[39m     console[33m.[39merror([32m'[DB] Redis Client Error'[39m[33m,[39m err)[33m;[39m
     [90m    |[39m             [31m[1m^[22m[39m
     [90m 37 |[39m   }
     [90m 38 |[39m })[33m;[39m
     [90m 39 |[39m[0m

      at Class.error (server/config/database.js:36:13)
      at RedisSocket.<anonymous> (node_modules/@redis/client/lib/client/index.ts:796:12)
      at RedisSocket.#connect (node_modules/@redis/client/lib/client/socket.ts:246:14)
      at Class.connect (node_modules/@redis/client/lib/client/index.ts:961:5)
      at connectRedis (server/config/database.js:42:5)
      at server/app.js:79:5

  console.error
    [DB] Redis Client Error AggregateError: 
        at internalConnectMultiple (node:net:1134:18)
        at afterConnectMultiple (node:net:1715:7) {
      code: 'ECONNREFUSED',
      [errors]: [
        Error: connect ECONNREFUSED ::1:6379
            at createConnectionError (node:net:1678:14)
            at afterConnectMultiple (node:net:1708:16) {
          errno: -4078,
          code: 'ECONNREFUSED',
          syscall: 'connect',
          address: '::1',
          port: 6379
        },
        Error: connect ECONNREFUSED 127.0.0.1:6379
            at createConnectionError (node:net:1678:14)
            at afterConnectMultiple (node:net:1708:16) {
          errno: -4078,
          code: 'ECONNREFUSED',
          syscall: 'connect',
          address: '127.0.0.1',
          port: 6379
        }
      ]
    }

    [0m [90m 34 |[39m redisClient[33m.[39mon([32m'error'[39m[33m,[39m (err) [33m=>[39m {
     [90m 35 |[39m   [36mif[39m (process[33m.[39menv[33m.[39m[33mNODE_ENV[39m [33m!==[39m [32m'test'[39m) {
    [31m[1m>[22m[39m[90m 36 |[39m     console[33m.[39merror([32m'[DB] Redis Client Error'[39m[33m,[39m err)[33m;[39m
     [90m    |[39m             [31m[1m^[22m[39m
     [90m 37 |[39m   }
     [90m 38 |[39m })[33m;[39m
     [90m 39 |[39m[0m

      at Class.error (server/config/database.js:36:13)
      at RedisSocket.<anonymous> (node_modules/@redis/client/lib/client/index.ts:796:12)
      at RedisSocket.#connect (node_modules/@redis/client/lib/client/socket.ts:246:14)
      at Class.connect (node_modules/@redis/client/lib/client/index.ts:961:5)
      at connectRedis (server/config/database.js:42:5)
      at server/app.js:79:5

  console.error
    [DB] Redis Client Error AggregateError: 
        at internalConnectMultiple (node:net:1134:18)
        at afterConnectMultiple (node:net:1715:7) {
      code: 'ECONNREFUSED',
      [errors]: [
        Error: connect ECONNREFUSED ::1:6379
            at createConnectionError (node:net:1678:14)
            at afterConnectMultiple (node:net:1708:16) {
          errno: -4078,
          code: 'ECONNREFUSED',
          syscall: 'connect',
          address: '::1',
          port: 6379
        },
        Error: connect ECONNREFUSED 127.0.0.1:6379
            at createConnectionError (node:net:1678:14)
            at afterConnectMultiple (node:net:1708:16) {
          errno: -4078,
          code: 'ECONNREFUSED',
          syscall: 'connect',
          address: '127.0.0.1',
          port: 6379
        }
      ]
    }

    [0m [90m 34 |[39m redisClient[33m.[39mon([32m'error'[39m[33m,[39m (err) [33m=>[39m {
     [90m 35 |[39m   [36mif[39m (process[33m.[39menv[33m.[39m[33mNODE_ENV[39m [33m!==[39m [32m'test'[39m) {
    [31m[1m>[22m[39m[90m 36 |[39m     console[33m.[39merror([32m'[DB] Redis Client Error'[39m[33m,[39m err)[33m;[39m
     [90m    |[39m             [31m[1m^[22m[39m
     [90m 37 |[39m   }
     [90m 38 |[39m })[33m;[39m
     [90m 39 |[39m[0m

      at Class.error (server/config/database.js:36:13)
      at RedisSocket.<anonymous> (node_modules/@redis/client/lib/client/index.ts:796:12)
      at RedisSocket.#connect (node_modules/@redis/client/lib/client/socket.ts:246:14)
      at Class.connect (node_modules/@redis/client/lib/client/index.ts:961:5)
      at connectRedis (server/config/database.js:42:5)
      at server/app.js:79:5

  console.error
    [DB] Redis Client Error AggregateError: 
        at internalConnectMultiple (node:net:1134:18)
        at afterConnectMultiple (node:net:1715:7) {
      code: 'ECONNREFUSED',
      [errors]: [
        Error: connect ECONNREFUSED ::1:6379
            at createConnectionError (node:net:1678:14)
            at afterConnectMultiple (node:net:1708:16) {
          errno: -4078,
          code: 'ECONNREFUSED',
          syscall: 'connect',
          address: '::1',
          port: 6379
        },
        Error: connect ECONNREFUSED 127.0.0.1:6379
            at createConnectionError (node:net:1678:14)
            at afterConnectMultiple (node:net:1708:16) {
          errno: -4078,
          code: 'ECONNREFUSED',
          syscall: 'connect',
          address: '127.0.0.1',
          port: 6379
        }
      ]
    }

    [0m [90m 34 |[39m redisClient[33m.[39mon([32m'error'[39m[33m,[39m (err) [33m=>[39m {
     [90m 35 |[39m   [36mif[39m (process[33m.[39menv[33m.[39m[33mNODE_ENV[39m [33m!==[39m [32m'test'[39m) {
    [31m[1m>[22m[39m[90m 36 |[39m     console[33m.[39merror([32m'[DB] Redis Client Error'[39m[33m,[39m err)[33m;[39m
     [90m    |[39m             [31m[1m^[22m[39m
     [90m 37 |[39m   }
     [90m 38 |[39m })[33m;[39m
     [90m 39 |[39m[0m

      at Class.error (server/config/database.js:36:13)
      at RedisSocket.<anonymous> (node_modules/@redis/client/lib/client/index.ts:796:12)
      at RedisSocket.#connect (node_modules/@redis/client/lib/client/socket.ts:246:14)
      at Class.connect (node_modules/@redis/client/lib/client/index.ts:961:5)
      at connectRedis (server/config/database.js:42:5)
      at server/app.js:79:5

  console.error
    [DB] Redis Client Error AggregateError: 
        at internalConnectMultiple (node:net:1134:18)
        at afterConnectMultiple (node:net:1715:7) {
      code: 'ECONNREFUSED',
      [errors]: [
        Error: connect ECONNREFUSED ::1:6379
            at createConnectionError (node:net:1678:14)
            at afterConnectMultiple (node:net:1708:16) {
          errno: -4078,
          code: 'ECONNREFUSED',
          syscall: 'connect',
          address: '::1',
          port: 6379
        },
        Error: connect ECONNREFUSED 127.0.0.1:6379
            at createConnectionError (node:net:1678:14)
            at afterConnectMultiple (node:net:1708:16) {
          errno: -4078,
          code: 'ECONNREFUSED',
          syscall: 'connect',
          address: '127.0.0.1',
          port: 6379
        }
      ]
    }

    [0m [90m 34 |[39m redisClient[33m.[39mon([32m'error'[39m[33m,[39m (err) [33m=>[39m {
     [90m 35 |[39m   [36mif[39m (process[33m.[39menv[33m.[39m[33mNODE_ENV[39m [33m!==[39m [32m'test'[39m) {
    [31m[1m>[22m[39m[90m 36 |[39m     console[33m.[39merror([32m'[DB] Redis Client Error'[39m[33m,[39m err)[33m;[39m
     [90m    |[39m             [31m[1m^[22m[39m
     [90m 37 |[39m   }
     [90m 38 |[39m })[33m;[39m
     [90m 39 |[39m[0m

      at Class.error (server/config/database.js:36:13)
      at RedisSocket.<anonymous> (node_modules/@redis/client/lib/client/index.ts:796:12)
      at RedisSocket.#connect (node_modules/@redis/client/lib/client/socket.ts:246:14)
      at Class.connect (node_modules/@redis/client/lib/client/index.ts:961:5)
      at connectRedis (server/config/database.js:42:5)
      at server/app.js:79:5

  console.error
    [DB] Redis Client Error AggregateError: 
        at internalConnectMultiple (node:net:1134:18)
        at afterConnectMultiple (node:net:1715:7) {
      code: 'ECONNREFUSED',
      [errors]: [
        Error: connect ECONNREFUSED ::1:6379
            at createConnectionError (node:net:1678:14)
            at afterConnectMultiple (node:net:1708:16) {
          errno: -4078,
          code: 'ECONNREFUSED',
          syscall: 'connect',
          address: '::1',
          port: 6379
        },
        Error: connect ECONNREFUSED 127.0.0.1:6379
            at createConnectionError (node:net:1678:14)
            at afterConnectMultiple (node:net:1708:16) {
          errno: -4078,
          code: 'ECONNREFUSED',
          syscall: 'connect',
          address: '127.0.0.1',
          port: 6379
        }
      ]
    }

    [0m [90m 34 |[39m redisClient[33m.[39mon([32m'error'[39m[33m,[39m (err) [33m=>[39m {
     [90m 35 |[39m   [36mif[39m (process[33m.[39menv[33m.[39m[33mNODE_ENV[39m [33m!==[39m [32m'test'[39m) {
    [31m[1m>[22m[39m[90m 36 |[39m     console[33m.[39merror([32m'[DB] Redis Client Error'[39m[33m,[39m err)[33m;[39m
     [90m    |[39m             [31m[1m^[22m[39m
     [90m 37 |[39m   }
     [90m 38 |[39m })[33m;[39m
     [90m 39 |[39m[0m

      at Class.error (server/config/database.js:36:13)
      at RedisSocket.<anonymous> (node_modules/@redis/client/lib/client/index.ts:796:12)
      at RedisSocket.#connect (node_modules/@redis/client/lib/client/socket.ts:246:14)
      at Class.connect (node_modules/@redis/client/lib/client/index.ts:961:5)
      at connectRedis (server/config/database.js:42:5)
      at server/app.js:79:5

  console.error
    [DB] Redis Client Error AggregateError: 
        at internalConnectMultiple (node:net:1134:18)
        at afterConnectMultiple (node:net:1715:7) {
      code: 'ECONNREFUSED',
      [errors]: [
        Error: connect ECONNREFUSED ::1:6379
            at createConnectionError (node:net:1678:14)
            at afterConnectMultiple (node:net:1708:16) {
          errno: -4078,
          code: 'ECONNREFUSED',
          syscall: 'connect',
          address: '::1',
          port: 6379
        },
        Error: connect ECONNREFUSED 127.0.0.1:6379
            at createConnectionError (node:net:1678:14)
            at afterConnectMultiple (node:net:1708:16) {
          errno: -4078,
          code: 'ECONNREFUSED',
          syscall: 'connect',
          address: '127.0.0.1',
          port: 6379
        }
      ]
    }

    [0m [90m 34 |[39m redisClient[33m.[39mon([32m'error'[39m[33m,[39m (err) [33m=>[39m {
     [90m 35 |[39m   [36mif[39m (process[33m.[39menv[33m.[39m[33mNODE_ENV[39m [33m!==[39m [32m'test'[39m) {
    [31m[1m>[22m[39m[90m 36 |[39m     console[33m.[39merror([32m'[DB] Redis Client Error'[39m[33m,[39m err)[33m;[39m
     [90m    |[39m             [31m[1m^[22m[39m
     [90m 37 |[39m   }
     [90m 38 |[39m })[33m;[39m
     [90m 39 |[39m[0m

      at Class.error (server/config/database.js:36:13)
      at RedisSocket.<anonymous> (node_modules/@redis/client/lib/client/index.ts:796:12)
      at RedisSocket.#connect (node_modules/@redis/client/lib/client/socket.ts:246:14)
      at Class.connect (node_modules/@redis/client/lib/client/index.ts:961:5)
      at connectRedis (server/config/database.js:42:5)
      at server/app.js:79:5

  console.error
    [DB] Redis Client Error AggregateError: 
        at internalConnectMultiple (node:net:1134:18)
        at afterConnectMultiple (node:net:1715:7) {
      code: 'ECONNREFUSED',
      [errors]: [
        Error: connect ECONNREFUSED ::1:6379
            at createConnectionError (node:net:1678:14)
            at afterConnectMultiple (node:net:1708:16) {
          errno: -4078,
          code: 'ECONNREFUSED',
          syscall: 'connect',
          address: '::1',
          port: 6379
        },
        Error: connect ECONNREFUSED 127.0.0.1:6379
            at createConnectionError (node:net:1678:14)
            at afterConnectMultiple (node:net:1708:16) {
          errno: -4078,
          code: 'ECONNREFUSED',
          syscall: 'connect',
          address: '127.0.0.1',
          port: 6379
        }
      ]
    }

    [0m [90m 34 |[39m redisClient[33m.[39mon([32m'error'[39m[33m,[39m (err) [33m=>[39m {
     [90m 35 |[39m   [36mif[39m (process[33m.[39menv[33m.[39m[33mNODE_ENV[39m [33m!==[39m [32m'test'[39m) {
    [31m[1m>[22m[39m[90m 36 |[39m     console[33m.[39merror([32m'[DB] Redis Client Error'[39m[33m,[39m err)[33m;[39m
     [90m    |[39m             [31m[1m^[22m[39m
     [90m 37 |[39m   }
     [90m 38 |[39m })[33m;[39m
     [90m 39 |[39m[0m

      at Class.error (server/config/database.js:36:13)
      at RedisSocket.<anonymous> (node_modules/@redis/client/lib/client/index.ts:796:12)
      at RedisSocket.#connect (node_modules/@redis/client/lib/client/socket.ts:246:14)
      at Class.connect (node_modules/@redis/client/lib/client/index.ts:961:5)
      at connectRedis (server/config/database.js:42:5)
      at server/app.js:79:5

  console.error
    [DB] Redis Client Error AggregateError: 
        at internalConnectMultiple (node:net:1134:18)
        at afterConnectMultiple (node:net:1715:7) {
      code: 'ECONNREFUSED',
      [errors]: [
        Error: connect ECONNREFUSED ::1:6379
            at createConnectionError (node:net:1678:14)
            at afterConnectMultiple (node:net:1708:16) {
          errno: -4078,
          code: 'ECONNREFUSED',
          syscall: 'connect',
          address: '::1',
          port: 6379
        },
        Error: connect ECONNREFUSED 127.0.0.1:6379
            at createConnectionError (node:net:1678:14)
            at afterConnectMultiple (node:net:1708:16) {
          errno: -4078,
          code: 'ECONNREFUSED',
          syscall: 'connect',
          address: '127.0.0.1',
          port: 6379
        }
      ]
    }

    [0m [90m 34 |[39m redisClient[33m.[39mon([32m'error'[39m[33m,[39m (err) [33m=>[39m {
     [90m 35 |[39m   [36mif[39m (process[33m.[39menv[33m.[39m[33mNODE_ENV[39m [33m!==[39m [32m'test'[39m) {
    [31m[1m>[22m[39m[90m 36 |[39m     console[33m.[39merror([32m'[DB] Redis Client Error'[39m[33m,[39m err)[33m;[39m
     [90m    |[39m             [31m[1m^[22m[39m
     [90m 37 |[39m   }
     [90m 38 |[39m })[33m;[39m
     [90m 39 |[39m[0m

      at Class.error (server/config/database.js:36:13)
      at RedisSocket.<anonymous> (node_modules/@redis/client/lib/client/index.ts:796:12)
      at RedisSocket.#connect (node_modules/@redis/client/lib/client/socket.ts:246:14)
      at Class.connect (node_modules/@redis/client/lib/client/index.ts:961:5)
      at connectRedis (server/config/database.js:42:5)
      at server/app.js:79:5

  console.error
    [DB] Redis Client Error AggregateError: 
        at internalConnectMultiple (node:net:1134:18)
        at afterConnectMultiple (node:net:1715:7) {
      code: 'ECONNREFUSED',
      [errors]: [
        Error: connect ECONNREFUSED ::1:6379
            at createConnectionError (node:net:1678:14)
            at afterConnectMultiple (node:net:1708:16) {
          errno: -4078,
          code: 'ECONNREFUSED',
          syscall: 'connect',
          address: '::1',
          port: 6379
        },
        Error: connect ECONNREFUSED 127.0.0.1:6379
            at createConnectionError (node:net:1678:14)
            at afterConnectMultiple (node:net:1708:16) {
          errno: -4078,
          code: 'ECONNREFUSED',
          syscall: 'connect',
          address: '127.0.0.1',
          port: 6379
        }
      ]
    }

    [0m [90m 34 |[39m redisClient[33m.[39mon([32m'error'[39m[33m,[39m (err) [33m=>[39m {
     [90m 35 |[39m   [36mif[39m (process[33m.[39menv[33m.[39m[33mNODE_ENV[39m [33m!==[39m [32m'test'[39m) {
    [31m[1m>[22m[39m[90m 36 |[39m     console[33m.[39merror([32m'[DB] Redis Client Error'[39m[33m,[39m err)[33m;[39m
     [90m    |[39m             [31m[1m^[22m[39m
     [90m 37 |[39m   }
     [90m 38 |[39m })[33m;[39m
     [90m 39 |[39m[0m

      at Class.error (server/config/database.js:36:13)
      at RedisSocket.<anonymous> (node_modules/@redis/client/lib/client/index.ts:796:12)
      at RedisSocket.#connect (node_modules/@redis/client/lib/client/socket.ts:246:14)
      at Class.connect (node_modules/@redis/client/lib/client/index.ts:961:5)
      at connectRedis (server/config/database.js:42:5)
      at server/app.js:79:5

  console.error
    [DB] Redis Client Error AggregateError: 
        at internalConnectMultiple (node:net:1134:18)
        at afterConnectMultiple (node:net:1715:7) {
      code: 'ECONNREFUSED',
      [errors]: [
        Error: connect ECONNREFUSED ::1:6379
            at createConnectionError (node:net:1678:14)
            at afterConnectMultiple (node:net:1708:16) {
          errno: -4078,
          code: 'ECONNREFUSED',
          syscall: 'connect',
          address: '::1',
          port: 6379
        },
        Error: connect ECONNREFUSED 127.0.0.1:6379
            at createConnectionError (node:net:1678:14)
            at afterConnectMultiple (node:net:1708:16) {
          errno: -4078,
          code: 'ECONNREFUSED',
          syscall: 'connect',
          address: '127.0.0.1',
          port: 6379
        }
      ]
    }

    [0m [90m 34 |[39m redisClient[33m.[39mon([32m'error'[39m[33m,[39m (err) [33m=>[39m {
     [90m 35 |[39m   [36mif[39m (process[33m.[39menv[33m.[39m[33mNODE_ENV[39m [33m!==[39m [32m'test'[39m) {
    [31m[1m>[22m[39m[90m 36 |[39m     console[33m.[39merror([32m'[DB] Redis Client Error'[39m[33m,[39m err)[33m;[39m
     [90m    |[39m             [31m[1m^[22m[39m
     [90m 37 |[39m   }
     [90m 38 |[39m })[33m;[39m
     [90m 39 |[39m[0m

      at Class.error (server/config/database.js:36:13)
      at RedisSocket.<anonymous> (node_modules/@redis/client/lib/client/index.ts:796:12)
      at RedisSocket.#connect (node_modules/@redis/client/lib/client/socket.ts:246:14)
      at Class.connect (node_modules/@redis/client/lib/client/index.ts:961:5)
      at connectRedis (server/config/database.js:42:5)
      at server/app.js:79:5

  console.error
    [DB] Redis Client Error AggregateError: 
        at internalConnectMultiple (node:net:1134:18)
        at afterConnectMultiple (node:net:1715:7) {
      code: 'ECONNREFUSED',
      [errors]: [
        Error: connect ECONNREFUSED ::1:6379
            at createConnectionError (node:net:1678:14)
            at afterConnectMultiple (node:net:1708:16) {
          errno: -4078,
          code: 'ECONNREFUSED',
          syscall: 'connect',
          address: '::1',
          port: 6379
        },
        Error: connect ECONNREFUSED 127.0.0.1:6379
            at createConnectionError (node:net:1678:14)
            at afterConnectMultiple (node:net:1708:16) {
          errno: -4078,
          code: 'ECONNREFUSED',
          syscall: 'connect',
          address: '127.0.0.1',
          port: 6379
        }
      ]
    }

    [0m [90m 34 |[39m redisClient[33m.[39mon([32m'error'[39m[33m,[39m (err) [33m=>[39m {
     [90m 35 |[39m   [36mif[39m (process[33m.[39menv[33m.[39m[33mNODE_ENV[39m [33m!==[39m [32m'test'[39m) {
    [31m[1m>[22m[39m[90m 36 |[39m     console[33m.[39merror([32m'[DB] Redis Client Error'[39m[33m,[39m err)[33m;[39m
     [90m    |[39m             [31m[1m^[22m[39m
     [90m 37 |[39m   }
     [90m 38 |[39m })[33m;[39m
     [90m 39 |[39m[0m

      at Class.error (server/config/database.js:36:13)
      at RedisSocket.<anonymous> (node_modules/@redis/client/lib/client/index.ts:796:12)
      at RedisSocket.#connect (node_modules/@redis/client/lib/client/socket.ts:246:14)
      at Class.connect (node_modules/@redis/client/lib/client/index.ts:961:5)
      at connectRedis (server/config/database.js:42:5)
      at server/app.js:79:5

  console.error
    [DB] Redis Client Error AggregateError: 
        at internalConnectMultiple (node:net:1134:18)
        at afterConnectMultiple (node:net:1715:7) {
      code: 'ECONNREFUSED',
      [errors]: [
        Error: connect ECONNREFUSED ::1:6379
            at createConnectionError (node:net:1678:14)
            at afterConnectMultiple (node:net:1708:16) {
          errno: -4078,
          code: 'ECONNREFUSED',
          syscall: 'connect',
          address: '::1',
          port: 6379
        },
        Error: connect ECONNREFUSED 127.0.0.1:6379
            at createConnectionError (node:net:1678:14)
            at afterConnectMultiple (node:net:1708:16) {
          errno: -4078,
          code: 'ECONNREFUSED',
          syscall: 'connect',
          address: '127.0.0.1',
          port: 6379
        }
      ]
    }

    [0m [90m 34 |[39m redisClient[33m.[39mon([32m'error'[39m[33m,[39m (err) [33m=>[39m {
     [90m 35 |[39m   [36mif[39m (process[33m.[39menv[33m.[39m[33mNODE_ENV[39m [33m!==[39m [32m'test'[39m) {
    [31m[1m>[22m[39m[90m 36 |[39m     console[33m.[39merror([32m'[DB] Redis Client Error'[39m[33m,[39m err)[33m;[39m
     [90m    |[39m             [31m[1m^[22m[39m
     [90m 37 |[39m   }
     [90m 38 |[39m })[33m;[39m
     [90m 39 |[39m[0m

      at Class.error (server/config/database.js:36:13)
      at RedisSocket.<anonymous> (node_modules/@redis/client/lib/client/index.ts:796:12)
      at RedisSocket.#connect (node_modules/@redis/client/lib/client/socket.ts:246:14)
      at Class.connect (node_modules/@redis/client/lib/client/index.ts:961:5)
      at connectRedis (server/config/database.js:42:5)
      at server/app.js:79:5

  console.error
    [DB] Redis Client Error AggregateError: 
        at internalConnectMultiple (node:net:1134:18)
        at afterConnectMultiple (node:net:1715:7) {
      code: 'ECONNREFUSED',
      [errors]: [
        Error: connect ECONNREFUSED ::1:6379
            at createConnectionError (node:net:1678:14)
            at afterConnectMultiple (node:net:1708:16) {
          errno: -4078,
          code: 'ECONNREFUSED',
          syscall: 'connect',
          address: '::1',
          port: 6379
        },
        Error: connect ECONNREFUSED 127.0.0.1:6379
            at createConnectionError (node:net:1678:14)
            at afterConnectMultiple (node:net:1708:16) {
          errno: -4078,
          code: 'ECONNREFUSED',
          syscall: 'connect',
          address: '127.0.0.1',
          port: 6379
        }
      ]
    }

    [0m [90m 34 |[39m redisClient[33m.[39mon([32m'error'[39m[33m,[39m (err) [33m=>[39m {
     [90m 35 |[39m   [36mif[39m (process[33m.[39menv[33m.[39m[33mNODE_ENV[39m [33m!==[39m [32m'test'[39m) {
    [31m[1m>[22m[39m[90m 36 |[39m     console[33m.[39merror([32m'[DB] Redis Client Error'[39m[33m,[39m err)[33m;[39m
     [90m    |[39m             [31m[1m^[22m[39m
     [90m 37 |[39m   }
     [90m 38 |[39m })[33m;[39m
     [90m 39 |[39m[0m

      at Class.error (server/config/database.js:36:13)
      at RedisSocket.<anonymous> (node_modules/@redis/client/lib/client/index.ts:796:12)
      at RedisSocket.#connect (node_modules/@redis/client/lib/client/socket.ts:246:14)
      at Class.connect (node_modules/@redis/client/lib/client/index.ts:961:5)
      at connectRedis (server/config/database.js:42:5)
      at server/app.js:79:5

  console.error
    [DB] Redis Client Error AggregateError: 
        at internalConnectMultiple (node:net:1134:18)
        at afterConnectMultiple (node:net:1715:7) {
      code: 'ECONNREFUSED',
      [errors]: [
        Error: connect ECONNREFUSED ::1:6379
            at createConnectionError (node:net:1678:14)
            at afterConnectMultiple (node:net:1708:16) {
          errno: -4078,
          code: 'ECONNREFUSED',
          syscall: 'connect',
          address: '::1',
          port: 6379
        },
        Error: connect ECONNREFUSED 127.0.0.1:6379
            at createConnectionError (node:net:1678:14)
            at afterConnectMultiple (node:net:1708:16) {
          errno: -4078,
          code: 'ECONNREFUSED',
          syscall: 'connect',
          address: '127.0.0.1',
          port: 6379
        }
      ]
    }

    [0m [90m 34 |[39m redisClient[33m.[39mon([32m'error'[39m[33m,[39m (err) [33m=>[39m {
     [90m 35 |[39m   [36mif[39m (process[33m.[39menv[33m.[39m[33mNODE_ENV[39m [33m!==[39m [32m'test'[39m) {
    [31m[1m>[22m[39m[90m 36 |[39m     console[33m.[39merror([32m'[DB] Redis Client Error'[39m[33m,[39m err)[33m;[39m
     [90m    |[39m             [31m[1m^[22m[39m
     [90m 37 |[39m   }
     [90m 38 |[39m })[33m;[39m
     [90m 39 |[39m[0m

      at Class.error (server/config/database.js:36:13)
      at RedisSocket.<anonymous> (node_modules/@redis/client/lib/client/index.ts:796:12)
      at RedisSocket.#connect (node_modules/@redis/client/lib/client/socket.ts:246:14)
      at Class.connect (node_modules/@redis/client/lib/client/index.ts:961:5)
      at connectRedis (server/config/database.js:42:5)
      at server/app.js:79:5

  console.error
    [DB] Redis Client Error AggregateError: 
        at internalConnectMultiple (node:net:1134:18)
        at afterConnectMultiple (node:net:1715:7) {
      code: 'ECONNREFUSED',
      [errors]: [
        Error: connect ECONNREFUSED ::1:6379
            at createConnectionError (node:net:1678:14)
            at afterConnectMultiple (node:net:1708:16) {
          errno: -4078,
          code: 'ECONNREFUSED',
          syscall: 'connect',
          address: '::1',
          port: 6379
        },
        Error: connect ECONNREFUSED 127.0.0.1:6379
            at createConnectionError (node:net:1678:14)
            at afterConnectMultiple (node:net:1708:16) {
          errno: -4078,
          code: 'ECONNREFUSED',
          syscall: 'connect',
          address: '127.0.0.1',
          port: 6379
        }
      ]
    }

    [0m [90m 34 |[39m redisClient[33m.[39mon([32m'error'[39m[33m,[39m (err) [33m=>[39m {
     [90m 35 |[39m   [36mif[39m (process[33m.[39menv[33m.[39m[33mNODE_ENV[39m [33m!==[39m [32m'test'[39m) {
    [31m[1m>[22m[39m[90m 36 |[39m     console[33m.[39merror([32m'[DB] Redis Client Error'[39m[33m,[39m err)[33m;[39m
     [90m    |[39m             [31m[1m^[22m[39m
     [90m 37 |[39m   }
     [90m 38 |[39m })[33m;[39m
     [90m 39 |[39m[0m

      at Class.error (server/config/database.js:36:13)
      at RedisSocket.<anonymous> (node_modules/@redis/client/lib/client/index.ts:796:12)
      at RedisSocket.#connect (node_modules/@redis/client/lib/client/socket.ts:246:14)
      at Class.connect (node_modules/@redis/client/lib/client/index.ts:961:5)
      at connectRedis (server/config/database.js:42:5)
      at server/app.js:79:5

  console.error
    [DB] Redis Client Error AggregateError: 
        at internalConnectMultiple (node:net:1134:18)
        at afterConnectMultiple (node:net:1715:7) {
      code: 'ECONNREFUSED',
      [errors]: [
        Error: connect ECONNREFUSED ::1:6379
            at createConnectionError (node:net:1678:14)
            at afterConnectMultiple (node:net:1708:16) {
          errno: -4078,
          code: 'ECONNREFUSED',
          syscall: 'connect',
          address: '::1',
          port: 6379
        },
        Error: connect ECONNREFUSED 127.0.0.1:6379
            at createConnectionError (node:net:1678:14)
            at afterConnectMultiple (node:net:1708:16) {
          errno: -4078,
          code: 'ECONNREFUSED',
          syscall: 'connect',
          address: '127.0.0.1',
          port: 6379
        }
      ]
    }

    [0m [90m 34 |[39m redisClient[33m.[39mon([32m'error'[39m[33m,[39m (err) [33m=>[39m {
     [90m 35 |[39m   [36mif[39m (process[33m.[39menv[33m.[39m[33mNODE_ENV[39m [33m!==[39m [32m'test'[39m) {
    [31m[1m>[22m[39m[90m 36 |[39m     console[33m.[39merror([32m'[DB] Redis Client Error'[39m[33m,[39m err)[33m;[39m
     [90m    |[39m             [31m[1m^[22m[39m
     [90m 37 |[39m   }
     [90m 38 |[39m })[33m;[39m
     [90m 39 |[39m[0m

      at Class.error (server/config/database.js:36:13)
      at RedisSocket.<anonymous> (node_modules/@redis/client/lib/client/index.ts:796:12)
      at RedisSocket.#connect (node_modules/@redis/client/lib/client/socket.ts:246:14)
      at Class.connect (node_modules/@redis/client/lib/client/index.ts:961:5)
      at connectRedis (server/config/database.js:42:5)
      at server/app.js:79:5

  console.error
    [DB] Redis Client Error AggregateError: 
        at internalConnectMultiple (node:net:1134:18)
        at afterConnectMultiple (node:net:1715:7) {
      code: 'ECONNREFUSED',
      [errors]: [
        Error: connect ECONNREFUSED ::1:6379
            at createConnectionError (node:net:1678:14)
            at afterConnectMultiple (node:net:1708:16) {
          errno: -4078,
          code: 'ECONNREFUSED',
          syscall: 'connect',
          address: '::1',
          port: 6379
        },
        Error: connect ECONNREFUSED 127.0.0.1:6379
            at createConnectionError (node:net:1678:14)
            at afterConnectMultiple (node:net:1708:16) {
          errno: -4078,
          code: 'ECONNREFUSED',
          syscall: 'connect',
          address: '127.0.0.1',
          port: 6379
        }
      ]
    }

    [0m [90m 34 |[39m redisClient[33m.[39mon([32m'error'[39m[33m,[39m (err) [33m=>[39m {
     [90m 35 |[39m   [36mif[39m (process[33m.[39menv[33m.[39m[33mNODE_ENV[39m [33m!==[39m [32m'test'[39m) {
    [31m[1m>[22m[39m[90m 36 |[39m     console[33m.[39merror([32m'[DB] Redis Client Error'[39m[33m,[39m err)[33m;[39m
     [90m    |[39m             [31m[1m^[22m[39m
     [90m 37 |[39m   }
     [90m 38 |[39m })[33m;[39m
     [90m 39 |[39m[0m

      at Class.error (server/config/database.js:36:13)
      at RedisSocket.<anonymous> (node_modules/@redis/client/lib/client/index.ts:796:12)
      at RedisSocket.#connect (node_modules/@redis/client/lib/client/socket.ts:246:14)
      at Class.connect (node_modules/@redis/client/lib/client/index.ts:961:5)
      at connectRedis (server/config/database.js:42:5)
      at server/app.js:79:5

  console.error
    [DB] Redis Client Error AggregateError: 
        at internalConnectMultiple (node:net:1134:18)
        at afterConnectMultiple (node:net:1715:7) {
      code: 'ECONNREFUSED',
      [errors]: [
        Error: connect ECONNREFUSED ::1:6379
            at createConnectionError (node:net:1678:14)
            at afterConnectMultiple (node:net:1708:16) {
          errno: -4078,
          code: 'ECONNREFUSED',
          syscall: 'connect',
          address: '::1',
          port: 6379
        },
        Error: connect ECONNREFUSED 127.0.0.1:6379
            at createConnectionError (node:net:1678:14)
            at afterConnectMultiple (node:net:1708:16) {
          errno: -4078,
          code: 'ECONNREFUSED',
          syscall: 'connect',
          address: '127.0.0.1',
          port: 6379
        }
      ]
    }

    [0m [90m 34 |[39m redisClient[33m.[39mon([32m'error'[39m[33m,[39m (err) [33m=>[39m {
     [90m 35 |[39m   [36mif[39m (process[33m.[39menv[33m.[39m[33mNODE_ENV[39m [33m!==[39m [32m'test'[39m) {
    [31m[1m>[22m[39m[90m 36 |[39m     console[33m.[39merror([32m'[DB] Redis Client Error'[39m[33m,[39m err)[33m;[39m
     [90m    |[39m             [31m[1m^[22m[39m
     [90m 37 |[39m   }
     [90m 38 |[39m })[33m;[39m
     [90m 39 |[39m[0m

      at Class.error (server/config/database.js:36:13)
      at RedisSocket.<anonymous> (node_modules/@redis/client/lib/client/index.ts:796:12)
      at RedisSocket.#connect (node_modules/@redis/client/lib/client/socket.ts:246:14)
      at Class.connect (node_modules/@redis/client/lib/client/index.ts:961:5)
      at connectRedis (server/config/database.js:42:5)
      at server/app.js:79:5

  console.error
    [DB] Redis Client Error AggregateError: 
        at internalConnectMultiple (node:net:1134:18)
        at afterConnectMultiple (node:net:1715:7) {
      code: 'ECONNREFUSED',
      [errors]: [
        Error: connect ECONNREFUSED ::1:6379
            at createConnectionError (node:net:1678:14)
            at afterConnectMultiple (node:net:1708:16) {
          errno: -4078,
          code: 'ECONNREFUSED',
          syscall: 'connect',
          address: '::1',
          port: 6379
        },
        Error: connect ECONNREFUSED 127.0.0.1:6379
            at createConnectionError (node:net:1678:14)
            at afterConnectMultiple (node:net:1708:16) {
          errno: -4078,
          code: 'ECONNREFUSED',
          syscall: 'connect',
          address: '127.0.0.1',
          port: 6379
        }
      ]
    }

    [0m [90m 34 |[39m redisClient[33m.[39mon([32m'error'[39m[33m,[39m (err) [33m=>[39m {
     [90m 35 |[39m   [36mif[39m (process[33m.[39menv[33m.[39m[33mNODE_ENV[39m [33m!==[39m [32m'test'[39m) {
    [31m[1m>[22m[39m[90m 36 |[39m     console[33m.[39merror([32m'[DB] Redis Client Error'[39m[33m,[39m err)[33m;[39m
     [90m    |[39m             [31m[1m^[22m[39m
     [90m 37 |[39m   }
     [90m 38 |[39m })[33m;[39m
     [90m 39 |[39m[0m

      at Class.error (server/config/database.js:36:13)
      at RedisSocket.<anonymous> (node_modules/@redis/client/lib/client/index.ts:796:12)
      at RedisSocket.#connect (node_modules/@redis/client/lib/client/socket.ts:246:14)
      at Class.connect (node_modules/@redis/client/lib/client/index.ts:961:5)
      at connectRedis (server/config/database.js:42:5)
      at server/app.js:79:5

  console.error
    [DB] Redis Client Error AggregateError: 
        at internalConnectMultiple (node:net:1134:18)
        at afterConnectMultiple (node:net:1715:7) {
      code: 'ECONNREFUSED',
      [errors]: [
        Error: connect ECONNREFUSED ::1:6379
            at createConnectionError (node:net:1678:14)
            at afterConnectMultiple (node:net:1708:16) {
          errno: -4078,
          code: 'ECONNREFUSED',
          syscall: 'connect',
          address: '::1',
          port: 6379
        },
        Error: connect ECONNREFUSED 127.0.0.1:6379
            at createConnectionError (node:net:1678:14)
            at afterConnectMultiple (node:net:1708:16) {
          errno: -4078,
          code: 'ECONNREFUSED',
          syscall: 'connect',
          address: '127.0.0.1',
          port: 6379
        }
      ]
    }

    [0m [90m 34 |[39m redisClient[33m.[39mon([32m'error'[39m[33m,[39m (err) [33m=>[39m {
     [90m 35 |[39m   [36mif[39m (process[33m.[39menv[33m.[39m[33mNODE_ENV[39m [33m!==[39m [32m'test'[39m) {
    [31m[1m>[22m[39m[90m 36 |[39m     console[33m.[39merror([32m'[DB] Redis Client Error'[39m[33m,[39m err)[33m;[39m
     [90m    |[39m             [31m[1m^[22m[39m
     [90m 37 |[39m   }
     [90m 38 |[39m })[33m;[39m
     [90m 39 |[39m[0m

      at Class.error (server/config/database.js:36:13)
      at RedisSocket.<anonymous> (node_modules/@redis/client/lib/client/index.ts:796:12)
      at RedisSocket.#connect (node_modules/@redis/client/lib/client/socket.ts:246:14)
      at Class.connect (node_modules/@redis/client/lib/client/index.ts:961:5)
      at connectRedis (server/config/database.js:42:5)
      at server/app.js:79:5

  console.error
    [DB] Redis Client Error AggregateError: 
        at internalConnectMultiple (node:net:1134:18)
        at afterConnectMultiple (node:net:1715:7) {
      code: 'ECONNREFUSED',
      [errors]: [
        Error: connect ECONNREFUSED ::1:6379
            at createConnectionError (node:net:1678:14)
            at afterConnectMultiple (node:net:1708:16) {
          errno: -4078,
          code: 'ECONNREFUSED',
          syscall: 'connect',
          address: '::1',
          port: 6379
        },
        Error: connect ECONNREFUSED 127.0.0.1:6379
            at createConnectionError (node:net:1678:14)
            at afterConnectMultiple (node:net:1708:16) {
          errno: -4078,
          code: 'ECONNREFUSED',
          syscall: 'connect',
          address: '127.0.0.1',
          port: 6379
        }
      ]
    }

    [0m [90m 34 |[39m redisClient[33m.[39mon([32m'error'[39m[33m,[39m (err) [33m=>[39m {
     [90m 35 |[39m   [36mif[39m (process[33m.[39menv[33m.[39m[33mNODE_ENV[39m [33m!==[39m [32m'test'[39m) {
    [31m[1m>[22m[39m[90m 36 |[39m     console[33m.[39merror([32m'[DB] Redis Client Error'[39m[33m,[39m err)[33m;[39m
     [90m    |[39m             [31m[1m^[22m[39m
     [90m 37 |[39m   }
     [90m 38 |[39m })[33m;[39m
     [90m 39 |[39m[0m

      at Class.error (server/config/database.js:36:13)
      at RedisSocket.<anonymous> (node_modules/@redis/client/lib/client/index.ts:796:12)
      at RedisSocket.#connect (node_modules/@redis/client/lib/client/socket.ts:246:14)
      at Class.connect (node_modules/@redis/client/lib/client/index.ts:961:5)
      at connectRedis (server/config/database.js:42:5)
      at server/app.js:79:5

  console.error
    [DB] Redis Client Error AggregateError: 
        at internalConnectMultiple (node:net:1134:18)
        at afterConnectMultiple (node:net:1715:7) {
      code: 'ECONNREFUSED',
      [errors]: [
        Error: connect ECONNREFUSED ::1:6379
            at createConnectionError (node:net:1678:14)
            at afterConnectMultiple (node:net:1708:16) {
          errno: -4078,
          code: 'ECONNREFUSED',
          syscall: 'connect',
          address: '::1',
          port: 6379
        },
        Error: connect ECONNREFUSED 127.0.0.1:6379
            at createConnectionError (node:net:1678:14)
            at afterConnectMultiple (node:net:1708:16) {
          errno: -4078,
          code: 'ECONNREFUSED',
          syscall: 'connect',
          address: '127.0.0.1',
          port: 6379
        }
      ]
    }

    [0m [90m 34 |[39m redisClient[33m.[39mon([32m'error'[39m[33m,[39m (err) [33m=>[39m {
     [90m 35 |[39m   [36mif[39m (process[33m.[39menv[33m.[39m[33mNODE_ENV[39m [33m!==[39m [32m'test'[39m) {
    [31m[1m>[22m[39m[90m 36 |[39m     console[33m.[39merror([32m'[DB] Redis Client Error'[39m[33m,[39m err)[33m;[39m
     [90m    |[39m             [31m[1m^[22m[39m
     [90m 37 |[39m   }
     [90m 38 |[39m })[33m;[39m
     [90m 39 |[39m[0m

      at Class.error (server/config/database.js:36:13)
      at RedisSocket.<anonymous> (node_modules/@redis/client/lib/client/index.ts:796:12)
      at RedisSocket.#connect (node_modules/@redis/client/lib/client/socket.ts:246:14)
      at Class.connect (node_modules/@redis/client/lib/client/index.ts:961:5)
      at connectRedis (server/config/database.js:42:5)
      at server/app.js:79:5

  console.error
    [DB] Redis Client Error AggregateError: 
        at internalConnectMultiple (node:net:1134:18)
        at afterConnectMultiple (node:net:1715:7) {
      code: 'ECONNREFUSED',
      [errors]: [
        Error: connect ECONNREFUSED ::1:6379
            at createConnectionError (node:net:1678:14)
            at afterConnectMultiple (node:net:1708:16) {
          errno: -4078,
          code: 'ECONNREFUSED',
          syscall: 'connect',
          address: '::1',
          port: 6379
        },
        Error: connect ECONNREFUSED 127.0.0.1:6379
            at createConnectionError (node:net:1678:14)
            at afterConnectMultiple (node:net:1708:16) {
          errno: -4078,
          code: 'ECONNREFUSED',
          syscall: 'connect',
          address: '127.0.0.1',
          port: 6379
        }
      ]
    }

    [0m [90m 34 |[39m redisClient[33m.[39mon([32m'error'[39m[33m,[39m (err) [33m=>[39m {
     [90m 35 |[39m   [36mif[39m (process[33m.[39menv[33m.[39m[33mNODE_ENV[39m [33m!==[39m [32m'test'[39m) {
    [31m[1m>[22m[39m[90m 36 |[39m     console[33m.[39merror([32m'[DB] Redis Client Error'[39m[33m,[39m err)[33m;[39m
     [90m    |[39m             [31m[1m^[22m[39m
     [90m 37 |[39m   }
     [90m 38 |[39m })[33m;[39m
     [90m 39 |[39m[0m

      at Class.error (server/config/database.js:36:13)
      at RedisSocket.<anonymous> (node_modules/@redis/client/lib/client/index.ts:796:12)
      at RedisSocket.#connect (node_modules/@redis/client/lib/client/socket.ts:246:14)
      at Class.connect (node_modules/@redis/client/lib/client/index.ts:961:5)
      at connectRedis (server/config/database.js:42:5)
      at server/app.js:79:5

  console.error
    [DB] Redis Client Error AggregateError: 
        at internalConnectMultiple (node:net:1134:18)
        at afterConnectMultiple (node:net:1715:7) {
      code: 'ECONNREFUSED',
      [errors]: [
        Error: connect ECONNREFUSED ::1:6379
            at createConnectionError (node:net:1678:14)
            at afterConnectMultiple (node:net:1708:16) {
          errno: -4078,
          code: 'ECONNREFUSED',
          syscall: 'connect',
          address: '::1',
          port: 6379
        },
        Error: connect ECONNREFUSED 127.0.0.1:6379
            at createConnectionError (node:net:1678:14)
            at afterConnectMultiple (node:net:1708:16) {
          errno: -4078,
          code: 'ECONNREFUSED',
          syscall: 'connect',
          address: '127.0.0.1',
          port: 6379
        }
      ]
    }

    [0m [90m 34 |[39m redisClient[33m.[39mon([32m'error'[39m[33m,[39m (err) [33m=>[39m {
     [90m 35 |[39m   [36mif[39m (process[33m.[39menv[33m.[39m[33mNODE_ENV[39m [33m!==[39m [32m'test'[39m) {
    [31m[1m>[22m[39m[90m 36 |[39m     console[33m.[39merror([32m'[DB] Redis Client Error'[39m[33m,[39m err)[33m;[39m
     [90m    |[39m             [31m[1m^[22m[39m
     [90m 37 |[39m   }
     [90m 38 |[39m })[33m;[39m
     [90m 39 |[39m[0m

      at Class.error (server/config/database.js:36:13)
      at RedisSocket.<anonymous> (node_modules/@redis/client/lib/client/index.ts:796:12)
      at RedisSocket.#connect (node_modules/@redis/client/lib/client/socket.ts:246:14)
      at Class.connect (node_modules/@redis/client/lib/client/index.ts:961:5)
      at connectRedis (server/config/database.js:42:5)
      at server/app.js:79:5

  console.error
    [DB] Redis Client Error AggregateError: 
        at internalConnectMultiple (node:net:1134:18)
        at afterConnectMultiple (node:net:1715:7) {
      code: 'ECONNREFUSED',
      [errors]: [
        Error: connect ECONNREFUSED ::1:6379
            at createConnectionError (node:net:1678:14)
            at afterConnectMultiple (node:net:1708:16) {
          errno: -4078,
          code: 'ECONNREFUSED',
          syscall: 'connect',
          address: '::1',
          port: 6379
        },
        Error: connect ECONNREFUSED 127.0.0.1:6379
            at createConnectionError (node:net:1678:14)
            at afterConnectMultiple (node:net:1708:16) {
          errno: -4078,
          code: 'ECONNREFUSED',
          syscall: 'connect',
          address: '127.0.0.1',
          port: 6379
        }
      ]
    }

    [0m [90m 34 |[39m redisClient[33m.[39mon([32m'error'[39m[33m,[39m (err) [33m=>[39m {
     [90m 35 |[39m   [36mif[39m (process[33m.[39menv[33m.[39m[33mNODE_ENV[39m [33m!==[39m [32m'test'[39m) {
    [31m[1m>[22m[39m[90m 36 |[39m     console[33m.[39merror([32m'[DB] Redis Client Error'[39m[33m,[39m err)[33m;[39m
     [90m    |[39m             [31m[1m^[22m[39m
     [90m 37 |[39m   }
     [90m 38 |[39m })[33m;[39m
     [90m 39 |[39m[0m

      at Class.error (server/config/database.js:36:13)
      at RedisSocket.<anonymous> (node_modules/@redis/client/lib/client/index.ts:796:12)
      at RedisSocket.#connect (node_modules/@redis/client/lib/client/socket.ts:246:14)
      at Class.connect (node_modules/@redis/client/lib/client/index.ts:961:5)
      at connectRedis (server/config/database.js:42:5)
      at server/app.js:79:5

  console.error
    [DB] Redis Client Error AggregateError: 
        at internalConnectMultiple (node:net:1134:18)
        at afterConnectMultiple (node:net:1715:7) {
      code: 'ECONNREFUSED',
      [errors]: [
        Error: connect ECONNREFUSED ::1:6379
            at createConnectionError (node:net:1678:14)
            at afterConnectMultiple (node:net:1708:16) {
          errno: -4078,
          code: 'ECONNREFUSED',
          syscall: 'connect',
          address: '::1',
          port: 6379
        },
        Error: connect ECONNREFUSED 127.0.0.1:6379
            at createConnectionError (node:net:1678:14)
            at afterConnectMultiple (node:net:1708:16) {
          errno: -4078,
          code: 'ECONNREFUSED',
          syscall: 'connect',
          address: '127.0.0.1',
          port: 6379
        }
      ]
    }

    [0m [90m 34 |[39m redisClient[33m.[39mon([32m'error'[39m[33m,[39m (err) [33m=>[39m {
     [90m 35 |[39m   [36mif[39m (process[33m.[39menv[33m.[39m[33mNODE_ENV[39m [33m!==[39m [32m'test'[39m) {
    [31m[1m>[22m[39m[90m 36 |[39m     console[33m.[39merror([32m'[DB] Redis Client Error'[39m[33m,[39m err)[33m;[39m
     [90m    |[39m             [31m[1m^[22m[39m
     [90m 37 |[39m   }
     [90m 38 |[39m })[33m;[39m
     [90m 39 |[39m[0m

      at Class.error (server/config/database.js:36:13)
      at RedisSocket.<anonymous> (node_modules/@redis/client/lib/client/index.ts:796:12)
      at RedisSocket.#connect (node_modules/@redis/client/lib/client/socket.ts:246:14)
      at Class.connect (node_modules/@redis/client/lib/client/index.ts:961:5)
      at connectRedis (server/config/database.js:42:5)
      at server/app.js:79:5

  console.error
    [DB] Redis Client Error AggregateError: 
        at internalConnectMultiple (node:net:1134:18)
        at afterConnectMultiple (node:net:1715:7) {
      code: 'ECONNREFUSED',
      [errors]: [
        Error: connect ECONNREFUSED ::1:6379
            at createConnectionError (node:net:1678:14)
            at afterConnectMultiple (node:net:1708:16) {
          errno: -4078,
          code: 'ECONNREFUSED',
          syscall: 'connect',
          address: '::1',
          port: 6379
        },
        Error: connect ECONNREFUSED 127.0.0.1:6379
            at createConnectionError (node:net:1678:14)
            at afterConnectMultiple (node:net:1708:16) {
          errno: -4078,
          code: 'ECONNREFUSED',
          syscall: 'connect',
          address: '127.0.0.1',
          port: 6379
        }
      ]
    }

    [0m [90m 34 |[39m redisClient[33m.[39mon([32m'error'[39m[33m,[39m (err) [33m=>[39m {
     [90m 35 |[39m   [36mif[39m (process[33m.[39menv[33m.[39m[33mNODE_ENV[39m [33m!==[39m [32m'test'[39m) {
    [31m[1m>[22m[39m[90m 36 |[39m     console[33m.[39merror([32m'[DB] Redis Client Error'[39m[33m,[39m err)[33m;[39m
     [90m    |[39m             [31m[1m^[22m[39m
     [90m 37 |[39m   }
     [90m 38 |[39m })[33m;[39m
     [90m 39 |[39m[0m

      at Class.error (server/config/database.js:36:13)
      at RedisSocket.<anonymous> (node_modules/@redis/client/lib/client/index.ts:796:12)
      at RedisSocket.#connect (node_modules/@redis/client/lib/client/socket.ts:246:14)
      at Class.connect (node_modules/@redis/client/lib/client/index.ts:961:5)
      at connectRedis (server/config/database.js:42:5)
      at server/app.js:79:5

  console.error
    [DB] Redis Client Error AggregateError: 
        at internalConnectMultiple (node:net:1134:18)
        at afterConnectMultiple (node:net:1715:7) {
      code: 'ECONNREFUSED',
      [errors]: [
        Error: connect ECONNREFUSED ::1:6379
            at createConnectionError (node:net:1678:14)
            at afterConnectMultiple (node:net:1708:16) {
          errno: -4078,
          code: 'ECONNREFUSED',
          syscall: 'connect',
          address: '::1',
          port: 6379
        },
        Error: connect ECONNREFUSED 127.0.0.1:6379
            at createConnectionError (node:net:1678:14)
            at afterConnectMultiple (node:net:1708:16) {
          errno: -4078,
          code: 'ECONNREFUSED',
          syscall: 'connect',
          address: '127.0.0.1',
          port: 6379
        }
      ]
    }

    [0m [90m 34 |[39m redisClient[33m.[39mon([32m'error'[39m[33m,[39m (err) [33m=>[39m {
     [90m 35 |[39m   [36mif[39m (process[33m.[39menv[33m.[39m[33mNODE_ENV[39m [33m!==[39m [32m'test'[39m) {
    [31m[1m>[22m[39m[90m 36 |[39m     console[33m.[39merror([32m'[DB] Redis Client Error'[39m[33m,[39m err)[33m;[39m
     [90m    |[39m             [31m[1m^[22m[39m
     [90m 37 |[39m   }
     [90m 38 |[39m })[33m;[39m
     [90m 39 |[39m[0m

      at Class.error (server/config/database.js:36:13)
      at RedisSocket.<anonymous> (node_modules/@redis/client/lib/client/index.ts:796:12)
      at RedisSocket.#connect (node_modules/@redis/client/lib/client/socket.ts:246:14)
      at Class.connect (node_modules/@redis/client/lib/client/index.ts:961:5)
      at connectRedis (server/config/database.js:42:5)
      at server/app.js:79:5

  console.error
    [DB] Redis Client Error AggregateError: 
        at internalConnectMultiple (node:net:1134:18)
        at afterConnectMultiple (node:net:1715:7) {
      code: 'ECONNREFUSED',
      [errors]: [
        Error: connect ECONNREFUSED ::1:6379
            at createConnectionError (node:net:1678:14)
            at afterConnectMultiple (node:net:1708:16) {
          errno: -4078,
          code: 'ECONNREFUSED',
          syscall: 'connect',
          address: '::1',
          port: 6379
        },
        Error: connect ECONNREFUSED 127.0.0.1:6379
            at createConnectionError (node:net:1678:14)
            at afterConnectMultiple (node:net:1708:16) {
          errno: -4078,
          code: 'ECONNREFUSED',
          syscall: 'connect',
          address: '127.0.0.1',
          port: 6379
        }
      ]
    }

    [0m [90m 34 |[39m redisClient[33m.[39mon([32m'error'[39m[33m,[39m (err) [33m=>[39m {
     [90m 35 |[39m   [36mif[39m (process[33m.[39menv[33m.[39m[33mNODE_ENV[39m [33m!==[39m [32m'test'[39m) {
    [31m[1m>[22m[39m[90m 36 |[39m     console[33m.[39merror([32m'[DB] Redis Client Error'[39m[33m,[39m err)[33m;[39m
     [90m    |[39m             [31m[1m^[22m[39m
     [90m 37 |[39m   }
     [90m 38 |[39m })[33m;[39m
     [90m 39 |[39m[0m

      at Class.error (server/config/database.js:36:13)
      at RedisSocket.<anonymous> (node_modules/@redis/client/lib/client/index.ts:796:12)
      at RedisSocket.#connect (node_modules/@redis/client/lib/client/socket.ts:246:14)
      at Class.connect (node_modules/@redis/client/lib/client/index.ts:961:5)
      at connectRedis (server/config/database.js:42:5)
      at server/app.js:79:5

  console.error
    [DB] Redis Client Error AggregateError: 
        at internalConnectMultiple (node:net:1134:18)
        at afterConnectMultiple (node:net:1715:7) {
      code: 'ECONNREFUSED',
      [errors]: [
        Error: connect ECONNREFUSED ::1:6379
            at createConnectionError (node:net:1678:14)
            at afterConnectMultiple (node:net:1708:16) {
          errno: -4078,
          code: 'ECONNREFUSED',
          syscall: 'connect',
          address: '::1',
          port: 6379
        },
        Error: connect ECONNREFUSED 127.0.0.1:6379
            at createConnectionError (node:net:1678:14)
            at afterConnectMultiple (node:net:1708:16) {
          errno: -4078,
          code: 'ECONNREFUSED',
          syscall: 'connect',
          address: '127.0.0.1',
          port: 6379
        }
      ]
    }

    [0m [90m 34 |[39m redisClient[33m.[39mon([32m'error'[39m[33m,[39m (err) [33m=>[39m {
     [90m 35 |[39m   [36mif[39m (process[33m.[39menv[33m.[39m[33mNODE_ENV[39m [33m!==[39m [32m'test'[39m) {
    [31m[1m>[22m[39m[90m 36 |[39m     console[33m.[39merror([32m'[DB] Redis Client Error'[39m[33m,[39m err)[33m;[39m
     [90m    |[39m             [31m[1m^[22m[39m
     [90m 37 |[39m   }
     [90m 38 |[39m })[33m;[39m
     [90m 39 |[39m[0m

      at Class.error (server/config/database.js:36:13)
      at RedisSocket.<anonymous> (node_modules/@redis/client/lib/client/index.ts:796:12)
      at RedisSocket.#connect (node_modules/@redis/client/lib/client/socket.ts:246:14)
      at Class.connect (node_modules/@redis/client/lib/client/index.ts:961:5)
      at connectRedis (server/config/database.js:42:5)
      at server/app.js:79:5

  console.error
    [DB] Redis Client Error AggregateError: 
        at internalConnectMultiple (node:net:1134:18)
        at afterConnectMultiple (node:net:1715:7) {
      code: 'ECONNREFUSED',
      [errors]: [
        Error: connect ECONNREFUSED ::1:6379
            at createConnectionError (node:net:1678:14)
            at afterConnectMultiple (node:net:1708:16) {
          errno: -4078,
          code: 'ECONNREFUSED',
          syscall: 'connect',
          address: '::1',
          port: 6379
        },
        Error: connect ECONNREFUSED 127.0.0.1:6379
            at createConnectionError (node:net:1678:14)
            at afterConnectMultiple (node:net:1708:16) {
          errno: -4078,
          code: 'ECONNREFUSED',
          syscall: 'connect',
          address: '127.0.0.1',
          port: 6379
        }
      ]
    }

    [0m [90m 34 |[39m redisClient[33m.[39mon([32m'error'[39m[33m,[39m (err) [33m=>[39m {
     [90m 35 |[39m   [36mif[39m (process[33m.[39menv[33m.[39m[33mNODE_ENV[39m [33m!==[39m [32m'test'[39m) {
    [31m[1m>[22m[39m[90m 36 |[39m     console[33m.[39merror([32m'[DB] Redis Client Error'[39m[33m,[39m err)[33m;[39m
     [90m    |[39m             [31m[1m^[22m[39m
     [90m 37 |[39m   }
     [90m 38 |[39m })[33m;[39m
     [90m 39 |[39m[0m

      at Class.error (server/config/database.js:36:13)
      at RedisSocket.<anonymous> (node_modules/@redis/client/lib/client/index.ts:796:12)
      at RedisSocket.#connect (node_modules/@redis/client/lib/client/socket.ts:246:14)
      at Class.connect (node_modules/@redis/client/lib/client/index.ts:961:5)
      at connectRedis (server/config/database.js:42:5)
      at server/app.js:79:5

  console.error
    [DB] Redis Client Error AggregateError: 
        at internalConnectMultiple (node:net:1134:18)
        at afterConnectMultiple (node:net:1715:7) {
      code: 'ECONNREFUSED',
      [errors]: [
        Error: connect ECONNREFUSED ::1:6379
            at createConnectionError (node:net:1678:14)
            at afterConnectMultiple (node:net:1708:16) {
          errno: -4078,
          code: 'ECONNREFUSED',
          syscall: 'connect',
          address: '::1',
          port: 6379
        },
        Error: connect ECONNREFUSED 127.0.0.1:6379
            at createConnectionError (node:net:1678:14)
            at afterConnectMultiple (node:net:1708:16) {
          errno: -4078,
          code: 'ECONNREFUSED',
          syscall: 'connect',
          address: '127.0.0.1',
          port: 6379
        }
      ]
    }

    [0m [90m 34 |[39m redisClient[33m.[39mon([32m'error'[39m[33m,[39m (err) [33m=>[39m {
     [90m 35 |[39m   [36mif[39m (process[33m.[39menv[33m.[39m[33mNODE_ENV[39m [33m!==[39m [32m'test'[39m) {
    [31m[1m>[22m[39m[90m 36 |[39m     console[33m.[39merror([32m'[DB] Redis Client Error'[39m[33m,[39m err)[33m;[39m
     [90m    |[39m             [31m[1m^[22m[39m
     [90m 37 |[39m   }
     [90m 38 |[39m })[33m;[39m
     [90m 39 |[39m[0m

      at Class.error (server/config/database.js:36:13)
      at RedisSocket.<anonymous> (node_modules/@redis/client/lib/client/index.ts:796:12)
      at RedisSocket.#connect (node_modules/@redis/client/lib/client/socket.ts:246:14)
      at Class.connect (node_modules/@redis/client/lib/client/index.ts:961:5)
      at connectRedis (server/config/database.js:42:5)
      at server/app.js:79:5

  console.error
    [DB] Redis Client Error AggregateError: 
        at internalConnectMultiple (node:net:1134:18)
        at afterConnectMultiple (node:net:1715:7) {
      code: 'ECONNREFUSED',
      [errors]: [
        Error: connect ECONNREFUSED ::1:6379
            at createConnectionError (node:net:1678:14)
            at afterConnectMultiple (node:net:1708:16) {
          errno: -4078,
          code: 'ECONNREFUSED',
          syscall: 'connect',
          address: '::1',
          port: 6379
        },
        Error: connect ECONNREFUSED 127.0.0.1:6379
            at createConnectionError (node:net:1678:14)
            at afterConnectMultiple (node:net:1708:16) {
          errno: -4078,
          code: 'ECONNREFUSED',
          syscall: 'connect',
          address: '127.0.0.1',
          port: 6379
        }
      ]
    }

    [0m [90m 34 |[39m redisClient[33m.[39mon([32m'error'[39m[33m,[39m (err) [33m=>[39m {
     [90m 35 |[39m   [36mif[39m (process[33m.[39menv[33m.[39m[33mNODE_ENV[39m [33m!==[39m [32m'test'[39m) {
    [31m[1m>[22m[39m[90m 36 |[39m     console[33m.[39merror([32m'[DB] Redis Client Error'[39m[33m,[39m err)[33m;[39m
     [90m    |[39m             [31m[1m^[22m[39m
     [90m 37 |[39m   }
     [90m 38 |[39m })[33m;[39m
     [90m 39 |[39m[0m

      at Class.error (server/config/database.js:36:13)
      at RedisSocket.<anonymous> (node_modules/@redis/client/lib/client/index.ts:796:12)
      at RedisSocket.#connect (node_modules/@redis/client/lib/client/socket.ts:246:14)
      at Class.connect (node_modules/@redis/client/lib/client/index.ts:961:5)
      at connectRedis (server/config/database.js:42:5)
      at server/app.js:79:5

  console.error
    [DB] Redis Client Error AggregateError: 
        at internalConnectMultiple (node:net:1134:18)
        at afterConnectMultiple (node:net:1715:7) {
      code: 'ECONNREFUSED',
      [errors]: [
        Error: connect ECONNREFUSED ::1:6379
            at createConnectionError (node:net:1678:14)
            at afterConnectMultiple (node:net:1708:16) {
          errno: -4078,
          code: 'ECONNREFUSED',
          syscall: 'connect',
          address: '::1',
          port: 6379
        },
        Error: connect ECONNREFUSED 127.0.0.1:6379
            at createConnectionError (node:net:1678:14)
            at afterConnectMultiple (node:net:1708:16) {
          errno: -4078,
          code: 'ECONNREFUSED',
          syscall: 'connect',
          address: '127.0.0.1',
          port: 6379
        }
      ]
    }

    [0m [90m 34 |[39m redisClient[33m.[39mon([32m'error'[39m[33m,[39m (err) [33m=>[39m {
     [90m 35 |[39m   [36mif[39m (process[33m.[39menv[33m.[39m[33mNODE_ENV[39m [33m!==[39m [32m'test'[39m) {
    [31m[1m>[22m[39m[90m 36 |[39m     console[33m.[39merror([32m'[DB] Redis Client Error'[39m[33m,[39m err)[33m;[39m
     [90m    |[39m             [31m[1m^[22m[39m
     [90m 37 |[39m   }
     [90m 38 |[39m })[33m;[39m
     [90m 39 |[39m[0m

      at Class.error (server/config/database.js:36:13)
      at RedisSocket.<anonymous> (node_modules/@redis/client/lib/client/index.ts:796:12)
      at RedisSocket.#connect (node_modules/@redis/client/lib/client/socket.ts:246:14)
      at Class.connect (node_modules/@redis/client/lib/client/index.ts:961:5)
      at connectRedis (server/config/database.js:42:5)
      at server/app.js:79:5

  console.error
    [DB] Redis Client Error AggregateError: 
        at internalConnectMultiple (node:net:1134:18)
        at afterConnectMultiple (node:net:1715:7) {
      code: 'ECONNREFUSED',
      [errors]: [
        Error: connect ECONNREFUSED ::1:6379
            at createConnectionError (node:net:1678:14)
            at afterConnectMultiple (node:net:1708:16) {
          errno: -4078,
          code: 'ECONNREFUSED',
          syscall: 'connect',
          address: '::1',
          port: 6379
        },
        Error: connect ECONNREFUSED 127.0.0.1:6379
            at createConnectionError (node:net:1678:14)
            at afterConnectMultiple (node:net:1708:16) {
          errno: -4078,
          code: 'ECONNREFUSED',
          syscall: 'connect',
          address: '127.0.0.1',
          port: 6379
        }
      ]
    }

    [0m [90m 34 |[39m redisClient[33m.[39mon([32m'error'[39m[33m,[39m (err) [33m=>[39m {
     [90m 35 |[39m   [36mif[39m (process[33m.[39menv[33m.[39m[33mNODE_ENV[39m [33m!==[39m [32m'test'[39m) {
    [31m[1m>[22m[39m[90m 36 |[39m     console[33m.[39merror([32m'[DB] Redis Client Error'[39m[33m,[39m err)[33m;[39m
     [90m    |[39m             [31m[1m^[22m[39m
     [90m 37 |[39m   }
     [90m 38 |[39m })[33m;[39m
     [90m 39 |[39m[0m

      at Class.error (server/config/database.js:36:13)
      at RedisSocket.<anonymous> (node_modules/@redis/client/lib/client/index.ts:796:12)
      at RedisSocket.#connect (node_modules/@redis/client/lib/client/socket.ts:246:14)
      at Class.connect (node_modules/@redis/client/lib/client/index.ts:961:5)
      at connectRedis (server/config/database.js:42:5)
      at server/app.js:79:5

  console.error
    [DB] Redis Client Error AggregateError: 
        at internalConnectMultiple (node:net:1134:18)
        at afterConnectMultiple (node:net:1715:7) {
      code: 'ECONNREFUSED',
      [errors]: [
        Error: connect ECONNREFUSED ::1:6379
            at createConnectionError (node:net:1678:14)
            at afterConnectMultiple (node:net:1708:16) {
          errno: -4078,
          code: 'ECONNREFUSED',
          syscall: 'connect',
          address: '::1',
          port: 6379
        },
        Error: connect ECONNREFUSED 127.0.0.1:6379
            at createConnectionError (node:net:1678:14)
            at afterConnectMultiple (node:net:1708:16) {
          errno: -4078,
          code: 'ECONNREFUSED',
          syscall: 'connect',
          address: '127.0.0.1',
          port: 6379
        }
      ]
    }

    [0m [90m 34 |[39m redisClient[33m.[39mon([32m'error'[39m[33m,[39m (err) [33m=>[39m {
     [90m 35 |[39m   [36mif[39m (process[33m.[39menv[33m.[39m[33mNODE_ENV[39m [33m!==[39m [32m'test'[39m) {
    [31m[1m>[22m[39m[90m 36 |[39m     console[33m.[39merror([32m'[DB] Redis Client Error'[39m[33m,[39m err)[33m;[39m
     [90m    |[39m             [31m[1m^[22m[39m
     [90m 37 |[39m   }
     [90m 38 |[39m })[33m;[39m
     [90m 39 |[39m[0m

      at Class.error (server/config/database.js:36:13)
      at RedisSocket.<anonymous> (node_modules/@redis/client/lib/client/index.ts:796:12)
      at RedisSocket.#connect (node_modules/@redis/client/lib/client/socket.ts:246:14)
      at Class.connect (node_modules/@redis/client/lib/client/index.ts:961:5)
      at connectRedis (server/config/database.js:42:5)
      at server/app.js:79:5

  console.error
    [DB] Redis Client Error AggregateError: 
        at internalConnectMultiple (node:net:1134:18)
        at afterConnectMultiple (node:net:1715:7) {
      code: 'ECONNREFUSED',
      [errors]: [
        Error: connect ECONNREFUSED ::1:6379
            at createConnectionError (node:net:1678:14)
            at afterConnectMultiple (node:net:1708:16) {
          errno: -4078,
          code: 'ECONNREFUSED',
          syscall: 'connect',
          address: '::1',
          port: 6379
        },
        Error: connect ECONNREFUSED 127.0.0.1:6379
            at createConnectionError (node:net:1678:14)
            at afterConnectMultiple (node:net:1708:16) {
          errno: -4078,
          code: 'ECONNREFUSED',
          syscall: 'connect',
          address: '127.0.0.1',
          port: 6379
        }
      ]
    }

    [0m [90m 34 |[39m redisClient[33m.[39mon([32m'error'[39m[33m,[39m (err) [33m=>[39m {
     [90m 35 |[39m   [36mif[39m (process[33m.[39menv[33m.[39m[33mNODE_ENV[39m [33m!==[39m [32m'test'[39m) {
    [31m[1m>[22m[39m[90m 36 |[39m     console[33m.[39merror([32m'[DB] Redis Client Error'[39m[33m,[39m err)[33m;[39m
     [90m    |[39m             [31m[1m^[22m[39m
     [90m 37 |[39m   }
     [90m 38 |[39m })[33m;[39m
     [90m 39 |[39m[0m

      at Class.error (server/config/database.js:36:13)
      at RedisSocket.<anonymous> (node_modules/@redis/client/lib/client/index.ts:796:12)
      at RedisSocket.#connect (node_modules/@redis/client/lib/client/socket.ts:246:14)
      at Class.connect (node_modules/@redis/client/lib/client/index.ts:961:5)
      at connectRedis (server/config/database.js:42:5)
      at server/app.js:79:5

  console.error
    [DB] Redis Client Error AggregateError: 
        at internalConnectMultiple (node:net:1134:18)
        at afterConnectMultiple (node:net:1715:7) {
      code: 'ECONNREFUSED',
      [errors]: [
        Error: connect ECONNREFUSED ::1:6379
            at createConnectionError (node:net:1678:14)
            at afterConnectMultiple (node:net:1708:16) {
          errno: -4078,
          code: 'ECONNREFUSED',
          syscall: 'connect',
          address: '::1',
          port: 6379
        },
        Error: connect ECONNREFUSED 127.0.0.1:6379
            at createConnectionError (node:net:1678:14)
            at afterConnectMultiple (node:net:1708:16) {
          errno: -4078,
          code: 'ECONNREFUSED',
          syscall: 'connect',
          address: '127.0.0.1',
          port: 6379
        }
      ]
    }

    [0m [90m 34 |[39m redisClient[33m.[39mon([32m'error'[39m[33m,[39m (err) [33m=>[39m {
     [90m 35 |[39m   [36mif[39m (process[33m.[39menv[33m.[39m[33mNODE_ENV[39m [33m!==[39m [32m'test'[39m) {
    [31m[1m>[22m[39m[90m 36 |[39m     console[33m.[39merror([32m'[DB] Redis Client Error'[39m[33m,[39m err)[33m;[39m
     [90m    |[39m             [31m[1m^[22m[39m
     [90m 37 |[39m   }
     [90m 38 |[39m })[33m;[39m
     [90m 39 |[39m[0m

      at Class.error (server/config/database.js:36:13)
      at RedisSocket.<anonymous> (node_modules/@redis/client/lib/client/index.ts:796:12)
      at RedisSocket.#connect (node_modules/@redis/client/lib/client/socket.ts:246:14)
      at Class.connect (node_modules/@redis/client/lib/client/index.ts:961:5)
      at connectRedis (server/config/database.js:42:5)
      at server/app.js:79:5

  console.error
    [DB] Redis Client Error AggregateError: 
        at internalConnectMultiple (node:net:1134:18)
        at afterConnectMultiple (node:net:1715:7) {
      code: 'ECONNREFUSED',
      [errors]: [
        Error: connect ECONNREFUSED ::1:6379
            at createConnectionError (node:net:1678:14)
            at afterConnectMultiple (node:net:1708:16) {
          errno: -4078,
          code: 'ECONNREFUSED',
          syscall: 'connect',
          address: '::1',
          port: 6379
        },
        Error: connect ECONNREFUSED 127.0.0.1:6379
            at createConnectionError (node:net:1678:14)
            at afterConnectMultiple (node:net:1708:16) {
          errno: -4078,
          code: 'ECONNREFUSED',
          syscall: 'connect',
          address: '127.0.0.1',
          port: 6379
        }
      ]
    }

    [0m [90m 34 |[39m redisClient[33m.[39mon([32m'error'[39m[33m,[39m (err) [33m=>[39m {
     [90m 35 |[39m   [36mif[39m (process[33m.[39menv[33m.[39m[33mNODE_ENV[39m [33m!==[39m [32m'test'[39m) {
    [31m[1m>[22m[39m[90m 36 |[39m     console[33m.[39merror([32m'[DB] Redis Client Error'[39m[33m,[39m err)[33m;[39m
     [90m    |[39m             [31m[1m^[22m[39m
     [90m 37 |[39m   }
     [90m 38 |[39m })[33m;[39m
     [90m 39 |[39m[0m

      at Class.error (server/config/database.js:36:13)
      at RedisSocket.<anonymous> (node_modules/@redis/client/lib/client/index.ts:796:12)
      at RedisSocket.#connect (node_modules/@redis/client/lib/client/socket.ts:246:14)
      at Class.connect (node_modules/@redis/client/lib/client/index.ts:961:5)
      at connectRedis (server/config/database.js:42:5)
      at server/app.js:79:5

  console.error
    [DB] Redis Client Error AggregateError: 
        at internalConnectMultiple (node:net:1134:18)
        at afterConnectMultiple (node:net:1715:7) {
      code: 'ECONNREFUSED',
      [errors]: [
        Error: connect ECONNREFUSED ::1:6379
            at createConnectionError (node:net:1678:14)
            at afterConnectMultiple (node:net:1708:16) {
          errno: -4078,
          code: 'ECONNREFUSED',
          syscall: 'connect',
          address: '::1',
          port: 6379
        },
        Error: connect ECONNREFUSED 127.0.0.1:6379
            at createConnectionError (node:net:1678:14)
            at afterConnectMultiple (node:net:1708:16) {
          errno: -4078,
          code: 'ECONNREFUSED',
          syscall: 'connect',
          address: '127.0.0.1',
          port: 6379
        }
      ]
    }

    [0m [90m 34 |[39m redisClient[33m.[39mon([32m'error'[39m[33m,[39m (err) [33m=>[39m {
     [90m 35 |[39m   [36mif[39m (process[33m.[39menv[33m.[39m[33mNODE_ENV[39m [33m!==[39m [32m'test'[39m) {
    [31m[1m>[22m[39m[90m 36 |[39m     console[33m.[39merror([32m'[DB] Redis Client Error'[39m[33m,[39m err)[33m;[39m
     [90m    |[39m             [31m[1m^[22m[39m
     [90m 37 |[39m   }
     [90m 38 |[39m })[33m;[39m
     [90m 39 |[39m[0m

      at Class.error (server/config/database.js:36:13)
      at RedisSocket.<anonymous> (node_modules/@redis/client/lib/client/index.ts:796:12)
      at RedisSocket.#connect (node_modules/@redis/client/lib/client/socket.ts:246:14)
      at Class.connect (node_modules/@redis/client/lib/client/index.ts:961:5)
      at connectRedis (server/config/database.js:42:5)
      at server/app.js:79:5

  console.error
    [DB] Redis Client Error AggregateError: 
        at internalConnectMultiple (node:net:1134:18)
        at afterConnectMultiple (node:net:1715:7) {
      code: 'ECONNREFUSED',
      [errors]: [
        Error: connect ECONNREFUSED ::1:6379
            at createConnectionError (node:net:1678:14)
            at afterConnectMultiple (node:net:1708:16) {
          errno: -4078,
          code: 'ECONNREFUSED',
          syscall: 'connect',
          address: '::1',
          port: 6379
        },
        Error: connect ECONNREFUSED 127.0.0.1:6379
            at createConnectionError (node:net:1678:14)
            at afterConnectMultiple (node:net:1708:16) {
          errno: -4078,
          code: 'ECONNREFUSED',
          syscall: 'connect',
          address: '127.0.0.1',
          port: 6379
        }
      ]
    }

    [0m [90m 34 |[39m redisClient[33m.[39mon([32m'error'[39m[33m,[39m (err) [33m=>[39m {
     [90m 35 |[39m   [36mif[39m (process[33m.[39menv[33m.[39m[33mNODE_ENV[39m [33m!==[39m [32m'test'[39m) {
    [31m[1m>[22m[39m[90m 36 |[39m     console[33m.[39merror([32m'[DB] Redis Client Error'[39m[33m,[39m err)[33m;[39m
     [90m    |[39m             [31m[1m^[22m[39m
     [90m 37 |[39m   }
     [90m 38 |[39m })[33m;[39m
     [90m 39 |[39m[0m

      at Class.error (server/config/database.js:36:13)
      at RedisSocket.<anonymous> (node_modules/@redis/client/lib/client/index.ts:796:12)
      at RedisSocket.#connect (node_modules/@redis/client/lib/client/socket.ts:246:14)
      at Class.connect (node_modules/@redis/client/lib/client/index.ts:961:5)
      at connectRedis (server/config/database.js:42:5)
      at server/app.js:79:5

  console.error
    [DB] Redis Client Error AggregateError: 
        at internalConnectMultiple (node:net:1134:18)
        at afterConnectMultiple (node:net:1715:7) {
      code: 'ECONNREFUSED',
      [errors]: [
        Error: connect ECONNREFUSED ::1:6379
            at createConnectionError (node:net:1678:14)
            at afterConnectMultiple (node:net:1708:16) {
          errno: -4078,
          code: 'ECONNREFUSED',
          syscall: 'connect',
          address: '::1',
          port: 6379
        },
        Error: connect ECONNREFUSED 127.0.0.1:6379
            at createConnectionError (node:net:1678:14)
            at afterConnectMultiple (node:net:1708:16) {
          errno: -4078,
          code: 'ECONNREFUSED',
          syscall: 'connect',
          address: '127.0.0.1',
          port: 6379
        }
      ]
    }

    [0m [90m 34 |[39m redisClient[33m.[39mon([32m'error'[39m[33m,[39m (err) [33m=>[39m {
     [90m 35 |[39m   [36mif[39m (process[33m.[39menv[33m.[39m[33mNODE_ENV[39m [33m!==[39m [32m'test'[39m) {
    [31m[1m>[22m[39m[90m 36 |[39m     console[33m.[39merror([32m'[DB] Redis Client Error'[39m[33m,[39m err)[33m;[39m
     [90m    |[39m             [31m[1m^[22m[39m
     [90m 37 |[39m   }
     [90m 38 |[39m })[33m;[39m
     [90m 39 |[39m[0m

      at Class.error (server/config/database.js:36:13)
      at RedisSocket.<anonymous> (node_modules/@redis/client/lib/client/index.ts:796:12)
      at RedisSocket.#connect (node_modules/@redis/client/lib/client/socket.ts:246:14)
      at Class.connect (node_modules/@redis/client/lib/client/index.ts:961:5)
      at connectRedis (server/config/database.js:42:5)
      at server/app.js:79:5

  console.error
    [DB] Redis Client Error AggregateError: 
        at internalConnectMultiple (node:net:1134:18)
        at afterConnectMultiple (node:net:1715:7) {
      code: 'ECONNREFUSED',
      [errors]: [
        Error: connect ECONNREFUSED ::1:6379
            at createConnectionError (node:net:1678:14)
            at afterConnectMultiple (node:net:1708:16) {
          errno: -4078,
          code: 'ECONNREFUSED',
          syscall: 'connect',
          address: '::1',
          port: 6379
        },
        Error: connect ECONNREFUSED 127.0.0.1:6379
            at createConnectionError (node:net:1678:14)
            at afterConnectMultiple (node:net:1708:16) {
          errno: -4078,
          code: 'ECONNREFUSED',
          syscall: 'connect',
          address: '127.0.0.1',
          port: 6379
        }
      ]
    }

    [0m [90m 34 |[39m redisClient[33m.[39mon([32m'error'[39m[33m,[39m (err) [33m=>[39m {
     [90m 35 |[39m   [36mif[39m (process[33m.[39menv[33m.[39m[33mNODE_ENV[39m [33m!==[39m [32m'test'[39m) {
    [31m[1m>[22m[39m[90m 36 |[39m     console[33m.[39merror([32m'[DB] Redis Client Error'[39m[33m,[39m err)[33m;[39m
     [90m    |[39m             [31m[1m^[22m[39m
     [90m 37 |[39m   }
     [90m 38 |[39m })[33m;[39m
     [90m 39 |[39m[0m

      at Class.error (server/config/database.js:36:13)
      at RedisSocket.<anonymous> (node_modules/@redis/client/lib/client/index.ts:796:12)
      at RedisSocket.#connect (node_modules/@redis/client/lib/client/socket.ts:246:14)
      at Class.connect (node_modules/@redis/client/lib/client/index.ts:961:5)
      at connectRedis (server/config/database.js:42:5)
      at server/app.js:79:5

  console.error
    [DB] Redis Client Error AggregateError: 
        at internalConnectMultiple (node:net:1134:18)
        at afterConnectMultiple (node:net:1715:7) {
      code: 'ECONNREFUSED',
      [errors]: [
        Error: connect ECONNREFUSED ::1:6379
            at createConnectionError (node:net:1678:14)
            at afterConnectMultiple (node:net:1708:16) {
          errno: -4078,
          code: 'ECONNREFUSED',
          syscall: 'connect',
          address: '::1',
          port: 6379
        },
        Error: connect ECONNREFUSED 127.0.0.1:6379
            at createConnectionError (node:net:1678:14)
            at afterConnectMultiple (node:net:1708:16) {
          errno: -4078,
          code: 'ECONNREFUSED',
          syscall: 'connect',
          address: '127.0.0.1',
          port: 6379
        }
      ]
    }

    [0m [90m 34 |[39m redisClient[33m.[39mon([32m'error'[39m[33m,[39m (err) [33m=>[39m {
     [90m 35 |[39m   [36mif[39m (process[33m.[39menv[33m.[39m[33mNODE_ENV[39m [33m!==[39m [32m'test'[39m) {
    [31m[1m>[22m[39m[90m 36 |[39m     console[33m.[39merror([32m'[DB] Redis Client Error'[39m[33m,[39m err)[33m;[39m
     [90m    |[39m             [31m[1m^[22m[39m
     [90m 37 |[39m   }
     [90m 38 |[39m })[33m;[39m
     [90m 39 |[39m[0m

      at Class.error (server/config/database.js:36:13)
      at RedisSocket.<anonymous> (node_modules/@redis/client/lib/client/index.ts:796:12)
      at RedisSocket.#connect (node_modules/@redis/client/lib/client/socket.ts:246:14)
      at Class.connect (node_modules/@redis/client/lib/client/index.ts:961:5)
      at connectRedis (server/config/database.js:42:5)
      at server/app.js:79:5

  console.error
    [DB] Redis Client Error AggregateError: 
        at internalConnectMultiple (node:net:1134:18)
        at afterConnectMultiple (node:net:1715:7) {
      code: 'ECONNREFUSED',
      [errors]: [
        Error: connect ECONNREFUSED ::1:6379
            at createConnectionError (node:net:1678:14)
            at afterConnectMultiple (node:net:1708:16) {
          errno: -4078,
          code: 'ECONNREFUSED',
          syscall: 'connect',
          address: '::1',
          port: 6379
        },
        Error: connect ECONNREFUSED 127.0.0.1:6379
            at createConnectionError (node:net:1678:14)
            at afterConnectMultiple (node:net:1708:16) {
          errno: -4078,
          code: 'ECONNREFUSED',
          syscall: 'connect',
          address: '127.0.0.1',
          port: 6379
        }
      ]
    }

    [0m [90m 34 |[39m redisClient[33m.[39mon([32m'error'[39m[33m,[39m (err) [33m=>[39m {
     [90m 35 |[39m   [36mif[39m (process[33m.[39menv[33m.[39m[33mNODE_ENV[39m [33m!==[39m [32m'test'[39m) {
    [31m[1m>[22m[39m[90m 36 |[39m     console[33m.[39merror([32m'[DB] Redis Client Error'[39m[33m,[39m err)[33m;[39m
     [90m    |[39m             [31m[1m^[22m[39m
     [90m 37 |[39m   }
     [90m 38 |[39m })[33m;[39m
     [90m 39 |[39m[0m

      at Class.error (server/config/database.js:36:13)
      at RedisSocket.<anonymous> (node_modules/@redis/client/lib/client/index.ts:796:12)
      at RedisSocket.#connect (node_modules/@redis/client/lib/client/socket.ts:246:14)
      at Class.connect (node_modules/@redis/client/lib/client/index.ts:961:5)
      at connectRedis (server/config/database.js:42:5)
      at server/app.js:79:5

  console.error
    [DB] Redis Client Error AggregateError: 
        at internalConnectMultiple (node:net:1134:18)
        at afterConnectMultiple (node:net:1715:7) {
      code: 'ECONNREFUSED',
      [errors]: [
        Error: connect ECONNREFUSED ::1:6379
            at createConnectionError (node:net:1678:14)
            at afterConnectMultiple (node:net:1708:16) {
          errno: -4078,
          code: 'ECONNREFUSED',
          syscall: 'connect',
          address: '::1',
          port: 6379
        },
        Error: connect ECONNREFUSED 127.0.0.1:6379
            at createConnectionError (node:net:1678:14)
            at afterConnectMultiple (node:net:1708:16) {
          errno: -4078,
          code: 'ECONNREFUSED',
          syscall: 'connect',
          address: '127.0.0.1',
          port: 6379
        }
      ]
    }

    [0m [90m 34 |[39m redisClient[33m.[39mon([32m'error'[39m[33m,[39m (err) [33m=>[39m {
     [90m 35 |[39m   [36mif[39m (process[33m.[39menv[33m.[39m[33mNODE_ENV[39m [33m!==[39m [32m'test'[39m) {
    [31m[1m>[22m[39m[90m 36 |[39m     console[33m.[39merror([32m'[DB] Redis Client Error'[39m[33m,[39m err)[33m;[39m
     [90m    |[39m             [31m[1m^[22m[39m
     [90m 37 |[39m   }
     [90m 38 |[39m })[33m;[39m
     [90m 39 |[39m[0m

      at Class.error (server/config/database.js:36:13)
      at RedisSocket.<anonymous> (node_modules/@redis/client/lib/client/index.ts:796:12)
      at RedisSocket.#connect (node_modules/@redis/client/lib/client/socket.ts:246:14)
      at Class.connect (node_modules/@redis/client/lib/client/index.ts:961:5)
      at connectRedis (server/config/database.js:42:5)
      at server/app.js:79:5

  console.error
    [DB] Redis Client Error AggregateError: 
        at internalConnectMultiple (node:net:1134:18)
        at afterConnectMultiple (node:net:1715:7) {
      code: 'ECONNREFUSED',
      [errors]: [
        Error: connect ECONNREFUSED ::1:6379
            at createConnectionError (node:net:1678:14)
            at afterConnectMultiple (node:net:1708:16) {
          errno: -4078,
          code: 'ECONNREFUSED',
          syscall: 'connect',
          address: '::1',
          port: 6379
        },
        Error: connect ECONNREFUSED 127.0.0.1:6379
            at createConnectionError (node:net:1678:14)
            at afterConnectMultiple (node:net:1708:16) {
          errno: -4078,
          code: 'ECONNREFUSED',
          syscall: 'connect',
          address: '127.0.0.1',
          port: 6379
        }
      ]
    }

    [0m [90m 34 |[39m redisClient[33m.[39mon([32m'error'[39m[33m,[39m (err) [33m=>[39m {
     [90m 35 |[39m   [36mif[39m (process[33m.[39menv[33m.[39m[33mNODE_ENV[39m [33m!==[39m [32m'test'[39m) {
    [31m[1m>[22m[39m[90m 36 |[39m     console[33m.[39merror([32m'[DB] Redis Client Error'[39m[33m,[39m err)[33m;[39m
     [90m    |[39m             [31m[1m^[22m[39m
     [90m 37 |[39m   }
     [90m 38 |[39m })[33m;[39m
     [90m 39 |[39m[0m

      at Class.error (server/config/database.js:36:13)
      at RedisSocket.<anonymous> (node_modules/@redis/client/lib/client/index.ts:796:12)
      at RedisSocket.#connect (node_modules/@redis/client/lib/client/socket.ts:246:14)
      at Class.connect (node_modules/@redis/client/lib/client/index.ts:961:5)
      at connectRedis (server/config/database.js:42:5)
      at server/app.js:79:5

  console.error
    [DB] Redis Client Error AggregateError: 
        at internalConnectMultiple (node:net:1134:18)
        at afterConnectMultiple (node:net:1715:7) {
      code: 'ECONNREFUSED',
      [errors]: [
        Error: connect ECONNREFUSED ::1:6379
            at createConnectionError (node:net:1678:14)
            at afterConnectMultiple (node:net:1708:16) {
          errno: -4078,
          code: 'ECONNREFUSED',
          syscall: 'connect',
          address: '::1',
          port: 6379
        },
        Error: connect ECONNREFUSED 127.0.0.1:6379
            at createConnectionError (node:net:1678:14)
            at afterConnectMultiple (node:net:1708:16) {
          errno: -4078,
          code: 'ECONNREFUSED',
          syscall: 'connect',
          address: '127.0.0.1',
          port: 6379
        }
      ]
    }

    [0m [90m 34 |[39m redisClient[33m.[39mon([32m'error'[39m[33m,[39m (err) [33m=>[39m {
     [90m 35 |[39m   [36mif[39m (process[33m.[39menv[33m.[39m[33mNODE_ENV[39m [33m!==[39m [32m'test'[39m) {
    [31m[1m>[22m[39m[90m 36 |[39m     console[33m.[39merror([32m'[DB] Redis Client Error'[39m[33m,[39m err)[33m;[39m
     [90m    |[39m             [31m[1m^[22m[39m
     [90m 37 |[39m   }
     [90m 38 |[39m })[33m;[39m
     [90m 39 |[39m[0m

      at Class.error (server/config/database.js:36:13)
      at RedisSocket.<anonymous> (node_modules/@redis/client/lib/client/index.ts:796:12)
      at RedisSocket.#connect (node_modules/@redis/client/lib/client/socket.ts:246:14)
      at Class.connect (node_modules/@redis/client/lib/client/index.ts:961:5)
      at connectRedis (server/config/database.js:42:5)
      at server/app.js:79:5

  console.error
    [DB] Redis Client Error AggregateError: 
        at internalConnectMultiple (node:net:1134:18)
        at afterConnectMultiple (node:net:1715:7) {
      code: 'ECONNREFUSED',
      [errors]: [
        Error: connect ECONNREFUSED ::1:6379
            at createConnectionError (node:net:1678:14)
            at afterConnectMultiple (node:net:1708:16) {
          errno: -4078,
          code: 'ECONNREFUSED',
          syscall: 'connect',
          address: '::1',
          port: 6379
        },
        Error: connect ECONNREFUSED 127.0.0.1:6379
            at createConnectionError (node:net:1678:14)
            at afterConnectMultiple (node:net:1708:16) {
          errno: -4078,
          code: 'ECONNREFUSED',
          syscall: 'connect',
          address: '127.0.0.1',
          port: 6379
        }
      ]
    }

    [0m [90m 34 |[39m redisClient[33m.[39mon([32m'error'[39m[33m,[39m (err) [33m=>[39m {
     [90m 35 |[39m   [36mif[39m (process[33m.[39menv[33m.[39m[33mNODE_ENV[39m [33m!==[39m [32m'test'[39m) {
    [31m[1m>[22m[39m[90m 36 |[39m     console[33m.[39merror([32m'[DB] Redis Client Error'[39m[33m,[39m err)[33m;[39m
     [90m    |[39m             [31m[1m^[22m[39m
     [90m 37 |[39m   }
     [90m 38 |[39m })[33m;[39m
     [90m 39 |[39m[0m

      at Class.error (server/config/database.js:36:13)
      at RedisSocket.<anonymous> (node_modules/@redis/client/lib/client/index.ts:796:12)
      at RedisSocket.#connect (node_modules/@redis/client/lib/client/socket.ts:246:14)
      at Class.connect (node_modules/@redis/client/lib/client/index.ts:961:5)
      at connectRedis (server/config/database.js:42:5)
      at server/app.js:79:5

  console.error
    [DB] Redis Client Error AggregateError: 
        at internalConnectMultiple (node:net:1134:18)
        at afterConnectMultiple (node:net:1715:7) {
      code: 'ECONNREFUSED',
      [errors]: [
        Error: connect ECONNREFUSED ::1:6379
            at createConnectionError (node:net:1678:14)
            at afterConnectMultiple (node:net:1708:16) {
          errno: -4078,
          code: 'ECONNREFUSED',
          syscall: 'connect',
          address: '::1',
          port: 6379
        },
        Error: connect ECONNREFUSED 127.0.0.1:6379
            at createConnectionError (node:net:1678:14)
            at afterConnectMultiple (node:net:1708:16) {
          errno: -4078,
          code: 'ECONNREFUSED',
          syscall: 'connect',
          address: '127.0.0.1',
          port: 6379
        }
      ]
    }

    [0m [90m 34 |[39m redisClient[33m.[39mon([32m'error'[39m[33m,[39m (err) [33m=>[39m {
     [90m 35 |[39m   [36mif[39m (process[33m.[39menv[33m.[39m[33mNODE_ENV[39m [33m!==[39m [32m'test'[39m) {
    [31m[1m>[22m[39m[90m 36 |[39m     console[33m.[39merror([32m'[DB] Redis Client Error'[39m[33m,[39m err)[33m;[39m
     [90m    |[39m             [31m[1m^[22m[39m
     [90m 37 |[39m   }
     [90m 38 |[39m })[33m;[39m
     [90m 39 |[39m[0m

      at Class.error (server/config/database.js:36:13)
      at RedisSocket.<anonymous> (node_modules/@redis/client/lib/client/index.ts:796:12)
      at RedisSocket.#connect (node_modules/@redis/client/lib/client/socket.ts:246:14)
      at Class.connect (node_modules/@redis/client/lib/client/index.ts:961:5)
      at connectRedis (server/config/database.js:42:5)
      at server/app.js:79:5

  console.error
    [DB] Redis Client Error AggregateError: 
        at internalConnectMultiple (node:net:1134:18)
        at afterConnectMultiple (node:net:1715:7) {
      code: 'ECONNREFUSED',
      [errors]: [
        Error: connect ECONNREFUSED ::1:6379
            at createConnectionError (node:net:1678:14)
            at afterConnectMultiple (node:net:1708:16) {
          errno: -4078,
          code: 'ECONNREFUSED',
          syscall: 'connect',
          address: '::1',
          port: 6379
        },
        Error: connect ECONNREFUSED 127.0.0.1:6379
            at createConnectionError (node:net:1678:14)
            at afterConnectMultiple (node:net:1708:16) {
          errno: -4078,
          code: 'ECONNREFUSED',
          syscall: 'connect',
          address: '127.0.0.1',
          port: 6379
        }
      ]
    }

    [0m [90m 34 |[39m redisClient[33m.[39mon([32m'error'[39m[33m,[39m (err) [33m=>[39m {
     [90m 35 |[39m   [36mif[39m (process[33m.[39menv[33m.[39m[33mNODE_ENV[39m [33m!==[39m [32m'test'[39m) {
    [31m[1m>[22m[39m[90m 36 |[39m     console[33m.[39merror([32m'[DB] Redis Client Error'[39m[33m,[39m err)[33m;[39m
     [90m    |[39m             [31m[1m^[22m[39m
     [90m 37 |[39m   }
     [90m 38 |[39m })[33m;[39m
     [90m 39 |[39m[0m

      at Class.error (server/config/database.js:36:13)
      at RedisSocket.<anonymous> (node_modules/@redis/client/lib/client/index.ts:796:12)
      at RedisSocket.#connect (node_modules/@redis/client/lib/client/socket.ts:246:14)
      at Class.connect (node_modules/@redis/client/lib/client/index.ts:961:5)
      at connectRedis (server/config/database.js:42:5)
      at server/app.js:79:5

  console.error
    [DB] Redis Client Error AggregateError: 
        at internalConnectMultiple (node:net:1134:18)
        at afterConnectMultiple (node:net:1715:7) {
      code: 'ECONNREFUSED',
      [errors]: [
        Error: connect ECONNREFUSED ::1:6379
            at createConnectionError (node:net:1678:14)
            at afterConnectMultiple (node:net:1708:16) {
          errno: -4078,
          code: 'ECONNREFUSED',
          syscall: 'connect',
          address: '::1',
          port: 6379
        },
        Error: connect ECONNREFUSED 127.0.0.1:6379
            at createConnectionError (node:net:1678:14)
            at afterConnectMultiple (node:net:1708:16) {
          errno: -4078,
          code: 'ECONNREFUSED',
          syscall: 'connect',
          address: '127.0.0.1',
          port: 6379
        }
      ]
    }

    [0m [90m 34 |[39m redisClient[33m.[39mon([32m'error'[39m[33m,[39m (err) [33m=>[39m {
     [90m 35 |[39m   [36mif[39m (process[33m.[39menv[33m.[39m[33mNODE_ENV[39m [33m!==[39m [32m'test'[39m) {
    [31m[1m>[22m[39m[90m 36 |[39m     console[33m.[39merror([32m'[DB] Redis Client Error'[39m[33m,[39m err)[33m;[39m
     [90m    |[39m             [31m[1m^[22m[39m
     [90m 37 |[39m   }
     [90m 38 |[39m })[33m;[39m
     [90m 39 |[39m[0m

      at Class.error (server/config/database.js:36:13)
      at RedisSocket.<anonymous> (node_modules/@redis/client/lib/client/index.ts:796:12)
      at RedisSocket.#connect (node_modules/@redis/client/lib/client/socket.ts:246:14)
      at Class.connect (node_modules/@redis/client/lib/client/index.ts:961:5)
      at connectRedis (server/config/database.js:42:5)
      at server/app.js:79:5

  console.error
    [DB] Redis Client Error AggregateError: 
        at internalConnectMultiple (node:net:1134:18)
        at afterConnectMultiple (node:net:1715:7) {
      code: 'ECONNREFUSED',
      [errors]: [
        Error: connect ECONNREFUSED ::1:6379
            at createConnectionError (node:net:1678:14)
            at afterConnectMultiple (node:net:1708:16) {
          errno: -4078,
          code: 'ECONNREFUSED',
          syscall: 'connect',
          address: '::1',
          port: 6379
        },
        Error: connect ECONNREFUSED 127.0.0.1:6379
            at createConnectionError (node:net:1678:14)
            at afterConnectMultiple (node:net:1708:16) {
          errno: -4078,
          code: 'ECONNREFUSED',
          syscall: 'connect',
          address: '127.0.0.1',
          port: 6379
        }
      ]
    }

    [0m [90m 34 |[39m redisClient[33m.[39mon([32m'error'[39m[33m,[39m (err) [33m=>[39m {
     [90m 35 |[39m   [36mif[39m (process[33m.[39menv[33m.[39m[33mNODE_ENV[39m [33m!==[39m [32m'test'[39m) {
    [31m[1m>[22m[39m[90m 36 |[39m     console[33m.[39merror([32m'[DB] Redis Client Error'[39m[33m,[39m err)[33m;[39m
     [90m    |[39m             [31m[1m^[22m[39m
     [90m 37 |[39m   }
     [90m 38 |[39m })[33m;[39m
     [90m 39 |[39m[0m

      at Class.error (server/config/database.js:36:13)
      at RedisSocket.<anonymous> (node_modules/@redis/client/lib/client/index.ts:796:12)
      at RedisSocket.#connect (node_modules/@redis/client/lib/client/socket.ts:246:14)
      at Class.connect (node_modules/@redis/client/lib/client/index.ts:961:5)
      at connectRedis (server/config/database.js:42:5)
      at server/app.js:79:5

  console.error
    [DB] Redis Client Error AggregateError: 
        at internalConnectMultiple (node:net:1134:18)
        at afterConnectMultiple (node:net:1715:7) {
      code: 'ECONNREFUSED',
      [errors]: [
        Error: connect ECONNREFUSED ::1:6379
            at createConnectionError (node:net:1678:14)
            at afterConnectMultiple (node:net:1708:16) {
          errno: -4078,
          code: 'ECONNREFUSED',
          syscall: 'connect',
          address: '::1',
          port: 6379
        },
        Error: connect ECONNREFUSED 127.0.0.1:6379
            at createConnectionError (node:net:1678:14)
            at afterConnectMultiple (node:net:1708:16) {
          errno: -4078,
          code: 'ECONNREFUSED',
          syscall: 'connect',
          address: '127.0.0.1',
          port: 6379
        }
      ]
    }

    [0m [90m 34 |[39m redisClient[33m.[39mon([32m'error'[39m[33m,[39m (err) [33m=>[39m {
     [90m 35 |[39m   [36mif[39m (process[33m.[39menv[33m.[39m[33mNODE_ENV[39m [33m!==[39m [32m'test'[39m) {
    [31m[1m>[22m[39m[90m 36 |[39m     console[33m.[39merror([32m'[DB] Redis Client Error'[39m[33m,[39m err)[33m;[39m
     [90m    |[39m             [31m[1m^[22m[39m
     [90m 37 |[39m   }
     [90m 38 |[39m })[33m;[39m
     [90m 39 |[39m[0m

      at Class.error (server/config/database.js:36:13)
      at RedisSocket.<anonymous> (node_modules/@redis/client/lib/client/index.ts:796:12)
      at RedisSocket.#connect (node_modules/@redis/client/lib/client/socket.ts:246:14)
      at Class.connect (node_modules/@redis/client/lib/client/index.ts:961:5)
      at connectRedis (server/config/database.js:42:5)
      at server/app.js:79:5

  console.error
    [DB] Redis Client Error AggregateError: 
        at internalConnectMultiple (node:net:1134:18)
        at afterConnectMultiple (node:net:1715:7) {
      code: 'ECONNREFUSED',
      [errors]: [
        Error: connect ECONNREFUSED ::1:6379
            at createConnectionError (node:net:1678:14)
            at afterConnectMultiple (node:net:1708:16) {
          errno: -4078,
          code: 'ECONNREFUSED',
          syscall: 'connect',
          address: '::1',
          port: 6379
        },
        Error: connect ECONNREFUSED 127.0.0.1:6379
            at createConnectionError (node:net:1678:14)
            at afterConnectMultiple (node:net:1708:16) {
          errno: -4078,
          code: 'ECONNREFUSED',
          syscall: 'connect',
          address: '127.0.0.1',
          port: 6379
        }
      ]
    }

    [0m [90m 34 |[39m redisClient[33m.[39mon([32m'error'[39m[33m,[39m (err) [33m=>[39m {
     [90m 35 |[39m   [36mif[39m (process[33m.[39menv[33m.[39m[33mNODE_ENV[39m [33m!==[39m [32m'test'[39m) {
    [31m[1m>[22m[39m[90m 36 |[39m     console[33m.[39merror([32m'[DB] Redis Client Error'[39m[33m,[39m err)[33m;[39m
     [90m    |[39m             [31m[1m^[22m[39m
     [90m 37 |[39m   }
     [90m 38 |[39m })[33m;[39m
     [90m 39 |[39m[0m

      at Class.error (server/config/database.js:36:13)
      at RedisSocket.<anonymous> (node_modules/@redis/client/lib/client/index.ts:796:12)
      at RedisSocket.#connect (node_modules/@redis/client/lib/client/socket.ts:246:14)
      at Class.connect (node_modules/@redis/client/lib/client/index.ts:961:5)
      at connectRedis (server/config/database.js:42:5)
      at server/app.js:79:5

  console.error
    [DB] Redis Client Error AggregateError: 
        at internalConnectMultiple (node:net:1134:18)
        at afterConnectMultiple (node:net:1715:7) {
      code: 'ECONNREFUSED',
      [errors]: [
        Error: connect ECONNREFUSED ::1:6379
            at createConnectionError (node:net:1678:14)
            at afterConnectMultiple (node:net:1708:16) {
          errno: -4078,
          code: 'ECONNREFUSED',
          syscall: 'connect',
          address: '::1',
          port: 6379
        },
        Error: connect ECONNREFUSED 127.0.0.1:6379
            at createConnectionError (node:net:1678:14)
            at afterConnectMultiple (node:net:1708:16) {
          errno: -4078,
          code: 'ECONNREFUSED',
          syscall: 'connect',
          address: '127.0.0.1',
          port: 6379
        }
      ]
    }

    [0m [90m 34 |[39m redisClient[33m.[39mon([32m'error'[39m[33m,[39m (err) [33m=>[39m {
     [90m 35 |[39m   [36mif[39m (process[33m.[39menv[33m.[39m[33mNODE_ENV[39m [33m!==[39m [32m'test'[39m) {
    [31m[1m>[22m[39m[90m 36 |[39m     console[33m.[39merror([32m'[DB] Redis Client Error'[39m[33m,[39m err)[33m;[39m
     [90m    |[39m             [31m[1m^[22m[39m
     [90m 37 |[39m   }
     [90m 38 |[39m })[33m;[39m
     [90m 39 |[39m[0m

      at Class.error (server/config/database.js:36:13)
      at RedisSocket.<anonymous> (node_modules/@redis/client/lib/client/index.ts:796:12)
      at RedisSocket.#connect (node_modules/@redis/client/lib/client/socket.ts:246:14)
      at Class.connect (node_modules/@redis/client/lib/client/index.ts:961:5)
      at connectRedis (server/config/database.js:42:5)
      at server/app.js:79:5

  console.error
    [DB] Redis Client Error AggregateError: 
        at internalConnectMultiple (node:net:1134:18)
        at afterConnectMultiple (node:net:1715:7) {
      code: 'ECONNREFUSED',
      [errors]: [
        Error: connect ECONNREFUSED ::1:6379
            at createConnectionError (node:net:1678:14)
            at afterConnectMultiple (node:net:1708:16) {
          errno: -4078,
          code: 'ECONNREFUSED',
          syscall: 'connect',
          address: '::1',
          port: 6379
        },
        Error: connect ECONNREFUSED 127.0.0.1:6379
            at createConnectionError (node:net:1678:14)
            at afterConnectMultiple (node:net:1708:16) {
          errno: -4078,
          code: 'ECONNREFUSED',
          syscall: 'connect',
          address: '127.0.0.1',
          port: 6379
        }
      ]
    }

    [0m [90m 34 |[39m redisClient[33m.[39mon([32m'error'[39m[33m,[39m (err) [33m=>[39m {
     [90m 35 |[39m   [36mif[39m (process[33m.[39menv[33m.[39m[33mNODE_ENV[39m [33m!==[39m [32m'test'[39m) {
    [31m[1m>[22m[39m[90m 36 |[39m     console[33m.[39merror([32m'[DB] Redis Client Error'[39m[33m,[39m err)[33m;[39m
     [90m    |[39m             [31m[1m^[22m[39m
     [90m 37 |[39m   }
     [90m 38 |[39m })[33m;[39m
     [90m 39 |[39m[0m

      at Class.error (server/config/database.js:36:13)
      at RedisSocket.<anonymous> (node_modules/@redis/client/lib/client/index.ts:796:12)
      at RedisSocket.#connect (node_modules/@redis/client/lib/client/socket.ts:246:14)
      at Class.connect (node_modules/@redis/client/lib/client/index.ts:961:5)
      at connectRedis (server/config/database.js:42:5)
      at server/app.js:79:5

  console.error
    [DB] Redis Client Error AggregateError: 
        at internalConnectMultiple (node:net:1134:18)
        at afterConnectMultiple (node:net:1715:7) {
      code: 'ECONNREFUSED',
      [errors]: [
        Error: connect ECONNREFUSED ::1:6379
            at createConnectionError (node:net:1678:14)
            at afterConnectMultiple (node:net:1708:16) {
          errno: -4078,
          code: 'ECONNREFUSED',
          syscall: 'connect',
          address: '::1',
          port: 6379
        },
        Error: connect ECONNREFUSED 127.0.0.1:6379
            at createConnectionError (node:net:1678:14)
            at afterConnectMultiple (node:net:1708:16) {
          errno: -4078,
          code: 'ECONNREFUSED',
          syscall: 'connect',
          address: '127.0.0.1',
          port: 6379
        }
      ]
    }

    [0m [90m 34 |[39m redisClient[33m.[39mon([32m'error'[39m[33m,[39m (err) [33m=>[39m {
     [90m 35 |[39m   [36mif[39m (process[33m.[39menv[33m.[39m[33mNODE_ENV[39m [33m!==[39m [32m'test'[39m) {
    [31m[1m>[22m[39m[90m 36 |[39m     console[33m.[39merror([32m'[DB] Redis Client Error'[39m[33m,[39m err)[33m;[39m
     [90m    |[39m             [31m[1m^[22m[39m
     [90m 37 |[39m   }
     [90m 38 |[39m })[33m;[39m
     [90m 39 |[39m[0m

      at Class.error (server/config/database.js:36:13)
      at RedisSocket.<anonymous> (node_modules/@redis/client/lib/client/index.ts:796:12)
      at RedisSocket.#connect (node_modules/@redis/client/lib/client/socket.ts:246:14)
      at Class.connect (node_modules/@redis/client/lib/client/index.ts:961:5)
      at connectRedis (server/config/database.js:42:5)
      at server/app.js:79:5

  console.error
    [DB] Redis Client Error AggregateError: 
        at internalConnectMultiple (node:net:1134:18)
        at afterConnectMultiple (node:net:1715:7) {
      code: 'ECONNREFUSED',
      [errors]: [
        Error: connect ECONNREFUSED ::1:6379
            at createConnectionError (node:net:1678:14)
            at afterConnectMultiple (node:net:1708:16) {
          errno: -4078,
          code: 'ECONNREFUSED',
          syscall: 'connect',
          address: '::1',
          port: 6379
        },
        Error: connect ECONNREFUSED 127.0.0.1:6379
            at createConnectionError (node:net:1678:14)
            at afterConnectMultiple (node:net:1708:16) {
          errno: -4078,
          code: 'ECONNREFUSED',
          syscall: 'connect',
          address: '127.0.0.1',
          port: 6379
        }
      ]
    }

    [0m [90m 34 |[39m redisClient[33m.[39mon([32m'error'[39m[33m,[39m (err) [33m=>[39m {
     [90m 35 |[39m   [36mif[39m (process[33m.[39menv[33m.[39m[33mNODE_ENV[39m [33m!==[39m [32m'test'[39m) {
    [31m[1m>[22m[39m[90m 36 |[39m     console[33m.[39merror([32m'[DB] Redis Client Error'[39m[33m,[39m err)[33m;[39m
     [90m    |[39m             [31m[1m^[22m[39m
     [90m 37 |[39m   }
     [90m 38 |[39m })[33m;[39m
     [90m 39 |[39m[0m

      at Class.error (server/config/database.js:36:13)
      at RedisSocket.<anonymous> (node_modules/@redis/client/lib/client/index.ts:796:12)
      at RedisSocket.#connect (node_modules/@redis/client/lib/client/socket.ts:246:14)
      at Class.connect (node_modules/@redis/client/lib/client/index.ts:961:5)
      at connectRedis (server/config/database.js:42:5)
      at server/app.js:79:5

  console.error
    [DB] Redis Client Error AggregateError: 
        at internalConnectMultiple (node:net:1134:18)
        at afterConnectMultiple (node:net:1715:7) {
      code: 'ECONNREFUSED',
      [errors]: [
        Error: connect ECONNREFUSED ::1:6379
            at createConnectionError (node:net:1678:14)
            at afterConnectMultiple (node:net:1708:16) {
          errno: -4078,
          code: 'ECONNREFUSED',
          syscall: 'connect',
          address: '::1',
          port: 6379
        },
        Error: connect ECONNREFUSED 127.0.0.1:6379
            at createConnectionError (node:net:1678:14)
            at afterConnectMultiple (node:net:1708:16) {
          errno: -4078,
          code: 'ECONNREFUSED',
          syscall: 'connect',
          address: '127.0.0.1',
          port: 6379
        }
      ]
    }

    [0m [90m 34 |[39m redisClient[33m.[39mon([32m'error'[39m[33m,[39m (err) [33m=>[39m {
     [90m 35 |[39m   [36mif[39m (process[33m.[39menv[33m.[39m[33mNODE_ENV[39m [33m!==[39m [32m'test'[39m) {
    [31m[1m>[22m[39m[90m 36 |[39m     console[33m.[39merror([32m'[DB] Redis Client Error'[39m[33m,[39m err)[33m;[39m
     [90m    |[39m             [31m[1m^[22m[39m
     [90m 37 |[39m   }
     [90m 38 |[39m })[33m;[39m
     [90m 39 |[39m[0m

      at Class.error (server/config/database.js:36:13)
      at RedisSocket.<anonymous> (node_modules/@redis/client/lib/client/index.ts:796:12)
      at RedisSocket.#connect (node_modules/@redis/client/lib/client/socket.ts:246:14)
      at Class.connect (node_modules/@redis/client/lib/client/index.ts:961:5)
      at connectRedis (server/config/database.js:42:5)
      at server/app.js:79:5

  console.error
    [DB] Redis Client Error AggregateError: 
        at internalConnectMultiple (node:net:1134:18)
        at afterConnectMultiple (node:net:1715:7) {
      code: 'ECONNREFUSED',
      [errors]: [
        Error: connect ECONNREFUSED ::1:6379
            at createConnectionError (node:net:1678:14)
            at afterConnectMultiple (node:net:1708:16) {
          errno: -4078,
          code: 'ECONNREFUSED',
          syscall: 'connect',
          address: '::1',
          port: 6379
        },
        Error: connect ECONNREFUSED 127.0.0.1:6379
            at createConnectionError (node:net:1678:14)
            at afterConnectMultiple (node:net:1708:16) {
          errno: -4078,
          code: 'ECONNREFUSED',
          syscall: 'connect',
          address: '127.0.0.1',
          port: 6379
        }
      ]
    }

    [0m [90m 34 |[39m redisClient[33m.[39mon([32m'error'[39m[33m,[39m (err) [33m=>[39m {
     [90m 35 |[39m   [36mif[39m (process[33m.[39menv[33m.[39m[33mNODE_ENV[39m [33m!==[39m [32m'test'[39m) {
    [31m[1m>[22m[39m[90m 36 |[39m     console[33m.[39merror([32m'[DB] Redis Client Error'[39m[33m,[39m err)[33m;[39m
     [90m    |[39m             [31m[1m^[22m[39m
     [90m 37 |[39m   }
     [90m 38 |[39m })[33m;[39m
     [90m 39 |[39m[0m

      at Class.error (server/config/database.js:36:13)
      at RedisSocket.<anonymous> (node_modules/@redis/client/lib/client/index.ts:796:12)
      at RedisSocket.#connect (node_modules/@redis/client/lib/client/socket.ts:246:14)
      at Class.connect (node_modules/@redis/client/lib/client/index.ts:961:5)
      at connectRedis (server/config/database.js:42:5)
      at server/app.js:79:5

  console.error
    [DB] Redis Client Error AggregateError: 
        at internalConnectMultiple (node:net:1134:18)
        at afterConnectMultiple (node:net:1715:7) {
      code: 'ECONNREFUSED',
      [errors]: [
        Error: connect ECONNREFUSED ::1:6379
            at createConnectionError (node:net:1678:14)
            at afterConnectMultiple (node:net:1708:16) {
          errno: -4078,
          code: 'ECONNREFUSED',
          syscall: 'connect',
          address: '::1',
          port: 6379
        },
        Error: connect ECONNREFUSED 127.0.0.1:6379
            at createConnectionError (node:net:1678:14)
            at afterConnectMultiple (node:net:1708:16) {
          errno: -4078,
          code: 'ECONNREFUSED',
          syscall: 'connect',
          address: '127.0.0.1',
          port: 6379
        }
      ]
    }

    [0m [90m 34 |[39m redisClient[33m.[39mon([32m'error'[39m[33m,[39m (err) [33m=>[39m {
     [90m 35 |[39m   [36mif[39m (process[33m.[39menv[33m.[39m[33mNODE_ENV[39m [33m!==[39m [32m'test'[39m) {
    [31m[1m>[22m[39m[90m 36 |[39m     console[33m.[39merror([32m'[DB] Redis Client Error'[39m[33m,[39m err)[33m;[39m
     [90m    |[39m             [31m[1m^[22m[39m
     [90m 37 |[39m   }
     [90m 38 |[39m })[33m;[39m
     [90m 39 |[39m[0m

      at Class.error (server/config/database.js:36:13)
      at RedisSocket.<anonymous> (node_modules/@redis/client/lib/client/index.ts:796:12)
      at RedisSocket.#connect (node_modules/@redis/client/lib/client/socket.ts:246:14)
      at Class.connect (node_modules/@redis/client/lib/client/index.ts:961:5)
      at connectRedis (server/config/database.js:42:5)
      at server/app.js:79:5

  console.error
    [DB] Redis Client Error AggregateError: 
        at internalConnectMultiple (node:net:1134:18)
        at afterConnectMultiple (node:net:1715:7) {
      code: 'ECONNREFUSED',
      [errors]: [
        Error: connect ECONNREFUSED ::1:6379
            at createConnectionError (node:net:1678:14)
            at afterConnectMultiple (node:net:1708:16) {
          errno: -4078,
          code: 'ECONNREFUSED',
          syscall: 'connect',
          address: '::1',
          port: 6379
        },
        Error: connect ECONNREFUSED 127.0.0.1:6379
            at createConnectionError (node:net:1678:14)
            at afterConnectMultiple (node:net:1708:16) {
          errno: -4078,
          code: 'ECONNREFUSED',
          syscall: 'connect',
          address: '127.0.0.1',
          port: 6379
        }
      ]
    }

    [0m [90m 34 |[39m redisClient[33m.[39mon([32m'error'[39m[33m,[39m (err) [33m=>[39m {
     [90m 35 |[39m   [36mif[39m (process[33m.[39menv[33m.[39m[33mNODE_ENV[39m [33m!==[39m [32m'test'[39m) {
    [31m[1m>[22m[39m[90m 36 |[39m     console[33m.[39merror([32m'[DB] Redis Client Error'[39m[33m,[39m err)[33m;[39m
     [90m    |[39m             [31m[1m^[22m[39m
     [90m 37 |[39m   }
     [90m 38 |[39m })[33m;[39m
     [90m 39 |[39m[0m

      at Class.error (server/config/database.js:36:13)
      at RedisSocket.<anonymous> (node_modules/@redis/client/lib/client/index.ts:796:12)
      at RedisSocket.#connect (node_modules/@redis/client/lib/client/socket.ts:246:14)
      at Class.connect (node_modules/@redis/client/lib/client/index.ts:961:5)
      at connectRedis (server/config/database.js:42:5)
      at server/app.js:79:5

  console.error
    [DB] Redis Client Error AggregateError: 
        at internalConnectMultiple (node:net:1134:18)
        at afterConnectMultiple (node:net:1715:7) {
      code: 'ECONNREFUSED',
      [errors]: [
        Error: connect ECONNREFUSED ::1:6379
            at createConnectionError (node:net:1678:14)
            at afterConnectMultiple (node:net:1708:16) {
          errno: -4078,
          code: 'ECONNREFUSED',
          syscall: 'connect',
          address: '::1',
          port: 6379
        },
        Error: connect ECONNREFUSED 127.0.0.1:6379
            at createConnectionError (node:net:1678:14)
            at afterConnectMultiple (node:net:1708:16) {
          errno: -4078,
          code: 'ECONNREFUSED',
          syscall: 'connect',
          address: '127.0.0.1',
          port: 6379
        }
      ]
    }

    [0m [90m 34 |[39m redisClient[33m.[39mon([32m'error'[39m[33m,[39m (err) [33m=>[39m {
     [90m 35 |[39m   [36mif[39m (process[33m.[39menv[33m.[39m[33mNODE_ENV[39m [33m!==[39m [32m'test'[39m) {
    [31m[1m>[22m[39m[90m 36 |[39m     console[33m.[39merror([32m'[DB] Redis Client Error'[39m[33m,[39m err)[33m;[39m
     [90m    |[39m             [31m[1m^[22m[39m
     [90m 37 |[39m   }
     [90m 38 |[39m })[33m;[39m
     [90m 39 |[39m[0m

      at Class.error (server/config/database.js:36:13)
      at RedisSocket.<anonymous> (node_modules/@redis/client/lib/client/index.ts:796:12)
      at RedisSocket.#connect (node_modules/@redis/client/lib/client/socket.ts:246:14)
      at Class.connect (node_modules/@redis/client/lib/client/index.ts:961:5)
      at connectRedis (server/config/database.js:42:5)
      at server/app.js:79:5

  console.error
    [DB] Redis Client Error AggregateError: 
        at internalConnectMultiple (node:net:1134:18)
        at afterConnectMultiple (node:net:1715:7) {
      code: 'ECONNREFUSED',
      [errors]: [
        Error: connect ECONNREFUSED ::1:6379
            at createConnectionError (node:net:1678:14)
            at afterConnectMultiple (node:net:1708:16) {
          errno: -4078,
          code: 'ECONNREFUSED',
          syscall: 'connect',
          address: '::1',
          port: 6379
        },
        Error: connect ECONNREFUSED 127.0.0.1:6379
            at createConnectionError (node:net:1678:14)
            at afterConnectMultiple (node:net:1708:16) {
          errno: -4078,
          code: 'ECONNREFUSED',
          syscall: 'connect',
          address: '127.0.0.1',
          port: 6379
        }
      ]
    }

    [0m [90m 34 |[39m redisClient[33m.[39mon([32m'error'[39m[33m,[39m (err) [33m=>[39m {
     [90m 35 |[39m   [36mif[39m (process[33m.[39menv[33m.[39m[33mNODE_ENV[39m [33m!==[39m [32m'test'[39m) {
    [31m[1m>[22m[39m[90m 36 |[39m     console[33m.[39merror([32m'[DB] Redis Client Error'[39m[33m,[39m err)[33m;[39m
     [90m    |[39m             [31m[1m^[22m[39m
     [90m 37 |[39m   }
     [90m 38 |[39m })[33m;[39m
     [90m 39 |[39m[0m

      at Class.error (server/config/database.js:36:13)
      at RedisSocket.<anonymous> (node_modules/@redis/client/lib/client/index.ts:796:12)
      at RedisSocket.#connect (node_modules/@redis/client/lib/client/socket.ts:246:14)
      at Class.connect (node_modules/@redis/client/lib/client/index.ts:961:5)
      at connectRedis (server/config/database.js:42:5)
      at server/app.js:79:5

  console.error
    [DB] Redis Client Error AggregateError: 
        at internalConnectMultiple (node:net:1134:18)
        at afterConnectMultiple (node:net:1715:7) {
      code: 'ECONNREFUSED',
      [errors]: [
        Error: connect ECONNREFUSED ::1:6379
            at createConnectionError (node:net:1678:14)
            at afterConnectMultiple (node:net:1708:16) {
          errno: -4078,
          code: 'ECONNREFUSED',
          syscall: 'connect',
          address: '::1',
          port: 6379
        },
        Error: connect ECONNREFUSED 127.0.0.1:6379
            at createConnectionError (node:net:1678:14)
            at afterConnectMultiple (node:net:1708:16) {
          errno: -4078,
          code: 'ECONNREFUSED',
          syscall: 'connect',
          address: '127.0.0.1',
          port: 6379
        }
      ]
    }

    [0m [90m 34 |[39m redisClient[33m.[39mon([32m'error'[39m[33m,[39m (err) [33m=>[39m {
     [90m 35 |[39m   [36mif[39m (process[33m.[39menv[33m.[39m[33mNODE_ENV[39m [33m!==[39m [32m'test'[39m) {
    [31m[1m>[22m[39m[90m 36 |[39m     console[33m.[39merror([32m'[DB] Redis Client Error'[39m[33m,[39m err)[33m;[39m
     [90m    |[39m             [31m[1m^[22m[39m
     [90m 37 |[39m   }
     [90m 38 |[39m })[33m;[39m
     [90m 39 |[39m[0m

      at Class.error (server/config/database.js:36:13)
      at RedisSocket.<anonymous> (node_modules/@redis/client/lib/client/index.ts:796:12)
      at RedisSocket.#connect (node_modules/@redis/client/lib/client/socket.ts:246:14)
      at Class.connect (node_modules/@redis/client/lib/client/index.ts:961:5)
      at connectRedis (server/config/database.js:42:5)
      at server/app.js:79:5

  console.error
    [DB] Redis Client Error AggregateError: 
        at internalConnectMultiple (node:net:1134:18)
        at afterConnectMultiple (node:net:1715:7) {
      code: 'ECONNREFUSED',
      [errors]: [
        Error: connect ECONNREFUSED ::1:6379
            at createConnectionError (node:net:1678:14)
            at afterConnectMultiple (node:net:1708:16) {
          errno: -4078,
          code: 'ECONNREFUSED',
          syscall: 'connect',
          address: '::1',
          port: 6379
        },
        Error: connect ECONNREFUSED 127.0.0.1:6379
            at createConnectionError (node:net:1678:14)
            at afterConnectMultiple (node:net:1708:16) {
          errno: -4078,
          code: 'ECONNREFUSED',
          syscall: 'connect',
          address: '127.0.0.1',
          port: 6379
        }
      ]
    }

    [0m [90m 34 |[39m redisClient[33m.[39mon([32m'error'[39m[33m,[39m (err) [33m=>[39m {
     [90m 35 |[39m   [36mif[39m (process[33m.[39menv[33m.[39m[33mNODE_ENV[39m [33m!==[39m [32m'test'[39m) {
    [31m[1m>[22m[39m[90m 36 |[39m     console[33m.[39merror([32m'[DB] Redis Client Error'[39m[33m,[39m err)[33m;[39m
     [90m    |[39m             [31m[1m^[22m[39m
     [90m 37 |[39m   }
     [90m 38 |[39m })[33m;[39m
     [90m 39 |[39m[0m

      at Class.error (server/config/database.js:36:13)
      at RedisSocket.<anonymous> (node_modules/@redis/client/lib/client/index.ts:796:12)
      at RedisSocket.#connect (node_modules/@redis/client/lib/client/socket.ts:246:14)
      at Class.connect (node_modules/@redis/client/lib/client/index.ts:961:5)
      at connectRedis (server/config/database.js:42:5)
      at server/app.js:79:5

  console.error
    [DB] Redis Client Error AggregateError: 
        at internalConnectMultiple (node:net:1134:18)
        at afterConnectMultiple (node:net:1715:7) {
      code: 'ECONNREFUSED',
      [errors]: [
        Error: connect ECONNREFUSED ::1:6379
            at createConnectionError (node:net:1678:14)
            at afterConnectMultiple (node:net:1708:16) {
          errno: -4078,
          code: 'ECONNREFUSED',
          syscall: 'connect',
          address: '::1',
          port: 6379
        },
        Error: connect ECONNREFUSED 127.0.0.1:6379
            at createConnectionError (node:net:1678:14)
            at afterConnectMultiple (node:net:1708:16) {
          errno: -4078,
          code: 'ECONNREFUSED',
          syscall: 'connect',
          address: '127.0.0.1',
          port: 6379
        }
      ]
    }

    [0m [90m 34 |[39m redisClient[33m.[39mon([32m'error'[39m[33m,[39m (err) [33m=>[39m {
     [90m 35 |[39m   [36mif[39m (process[33m.[39menv[33m.[39m[33mNODE_ENV[39m [33m!==[39m [32m'test'[39m) {
    [31m[1m>[22m[39m[90m 36 |[39m     console[33m.[39merror([32m'[DB] Redis Client Error'[39m[33m,[39m err)[33m;[39m
     [90m    |[39m             [31m[1m^[22m[39m
     [90m 37 |[39m   }
     [90m 38 |[39m })[33m;[39m
     [90m 39 |[39m[0m

      at Class.error (server/config/database.js:36:13)
      at RedisSocket.<anonymous> (node_modules/@redis/client/lib/client/index.ts:796:12)
      at RedisSocket.#connect (node_modules/@redis/client/lib/client/socket.ts:246:14)
      at Class.connect (node_modules/@redis/client/lib/client/index.ts:961:5)
      at connectRedis (server/config/database.js:42:5)
      at server/app.js:79:5

  console.error
    [DB] Redis Client Error AggregateError: 
        at internalConnectMultiple (node:net:1134:18)
        at afterConnectMultiple (node:net:1715:7) {
      code: 'ECONNREFUSED',
      [errors]: [
        Error: connect ECONNREFUSED ::1:6379
            at createConnectionError (node:net:1678:14)
            at afterConnectMultiple (node:net:1708:16) {
          errno: -4078,
          code: 'ECONNREFUSED',
          syscall: 'connect',
          address: '::1',
          port: 6379
        },
        Error: connect ECONNREFUSED 127.0.0.1:6379
            at createConnectionError (node:net:1678:14)
            at afterConnectMultiple (node:net:1708:16) {
          errno: -4078,
          code: 'ECONNREFUSED',
          syscall: 'connect',
          address: '127.0.0.1',
          port: 6379
        }
      ]
    }

    [0m [90m 34 |[39m redisClient[33m.[39mon([32m'error'[39m[33m,[39m (err) [33m=>[39m {
     [90m 35 |[39m   [36mif[39m (process[33m.[39menv[33m.[39m[33mNODE_ENV[39m [33m!==[39m [32m'test'[39m) {
    [31m[1m>[22m[39m[90m 36 |[39m     console[33m.[39merror([32m'[DB] Redis Client Error'[39m[33m,[39m err)[33m;[39m
     [90m    |[39m             [31m[1m^[22m[39m
     [90m 37 |[39m   }
     [90m 38 |[39m })[33m;[39m
     [90m 39 |[39m[0m

      at Class.error (server/config/database.js:36:13)
      at RedisSocket.<anonymous> (node_modules/@redis/client/lib/client/index.ts:796:12)
      at RedisSocket.#connect (node_modules/@redis/client/lib/client/socket.ts:246:14)
      at Class.connect (node_modules/@redis/client/lib/client/index.ts:961:5)
      at connectRedis (server/config/database.js:42:5)
      at server/app.js:79:5

  console.error
    [DB] Redis Client Error AggregateError: 
        at internalConnectMultiple (node:net:1134:18)
        at afterConnectMultiple (node:net:1715:7) {
      code: 'ECONNREFUSED',
      [errors]: [
        Error: connect ECONNREFUSED ::1:6379
            at createConnectionError (node:net:1678:14)
            at afterConnectMultiple (node:net:1708:16) {
          errno: -4078,
          code: 'ECONNREFUSED',
          syscall: 'connect',
          address: '::1',
          port: 6379
        },
        Error: connect ECONNREFUSED 127.0.0.1:6379
            at createConnectionError (node:net:1678:14)
            at afterConnectMultiple (node:net:1708:16) {
          errno: -4078,
          code: 'ECONNREFUSED',
          syscall: 'connect',
          address: '127.0.0.1',
          port: 6379
        }
      ]
    }

    [0m [90m 34 |[39m redisClient[33m.[39mon([32m'error'[39m[33m,[39m (err) [33m=>[39m {
     [90m 35 |[39m   [36mif[39m (process[33m.[39menv[33m.[39m[33mNODE_ENV[39m [33m!==[39m [32m'test'[39m) {
    [31m[1m>[22m[39m[90m 36 |[39m     console[33m.[39merror([32m'[DB] Redis Client Error'[39m[33m,[39m err)[33m;[39m
     [90m    |[39m             [31m[1m^[22m[39m
     [90m 37 |[39m   }
     [90m 38 |[39m })[33m;[39m
     [90m 39 |[39m[0m

      at Class.error (server/config/database.js:36:13)
      at RedisSocket.<anonymous> (node_modules/@redis/client/lib/client/index.ts:796:12)
      at RedisSocket.#connect (node_modules/@redis/client/lib/client/socket.ts:246:14)
      at Class.connect (node_modules/@redis/client/lib/client/index.ts:961:5)
      at connectRedis (server/config/database.js:42:5)
      at server/app.js:79:5

  console.error
    [DB] Redis Client Error AggregateError: 
        at internalConnectMultiple (node:net:1134:18)
        at afterConnectMultiple (node:net:1715:7) {
      code: 'ECONNREFUSED',
      [errors]: [
        Error: connect ECONNREFUSED ::1:6379
            at createConnectionError (node:net:1678:14)
            at afterConnectMultiple (node:net:1708:16) {
          errno: -4078,
          code: 'ECONNREFUSED',
          syscall: 'connect',
          address: '::1',
          port: 6379
        },
        Error: connect ECONNREFUSED 127.0.0.1:6379
            at createConnectionError (node:net:1678:14)
            at afterConnectMultiple (node:net:1708:16) {
          errno: -4078,
          code: 'ECONNREFUSED',
          syscall: 'connect',
          address: '127.0.0.1',
          port: 6379
        }
      ]
    }

    [0m [90m 34 |[39m redisClient[33m.[39mon([32m'error'[39m[33m,[39m (err) [33m=>[39m {
     [90m 35 |[39m   [36mif[39m (process[33m.[39menv[33m.[39m[33mNODE_ENV[39m [33m!==[39m [32m'test'[39m) {
    [31m[1m>[22m[39m[90m 36 |[39m     console[33m.[39merror([32m'[DB] Redis Client Error'[39m[33m,[39m err)[33m;[39m
     [90m    |[39m             [31m[1m^[22m[39m
     [90m 37 |[39m   }
     [90m 38 |[39m })[33m;[39m
     [90m 39 |[39m[0m

      at Class.error (server/config/database.js:36:13)
      at RedisSocket.<anonymous> (node_modules/@redis/client/lib/client/index.ts:796:12)
      at RedisSocket.#connect (node_modules/@redis/client/lib/client/socket.ts:246:14)
      at Class.connect (node_modules/@redis/client/lib/client/index.ts:961:5)
      at connectRedis (server/config/database.js:42:5)
      at server/app.js:79:5

  console.error
    [DB] Redis Client Error AggregateError: 
        at internalConnectMultiple (node:net:1134:18)
        at afterConnectMultiple (node:net:1715:7) {
      code: 'ECONNREFUSED',
      [errors]: [
        Error: connect ECONNREFUSED ::1:6379
            at createConnectionError (node:net:1678:14)
            at afterConnectMultiple (node:net:1708:16) {
          errno: -4078,
          code: 'ECONNREFUSED',
          syscall: 'connect',
          address: '::1',
          port: 6379
        },
        Error: connect ECONNREFUSED 127.0.0.1:6379
            at createConnectionError (node:net:1678:14)
            at afterConnectMultiple (node:net:1708:16) {
          errno: -4078,
          code: 'ECONNREFUSED',
          syscall: 'connect',
          address: '127.0.0.1',
          port: 6379
        }
      ]
    }

    [0m [90m 34 |[39m redisClient[33m.[39mon([32m'error'[39m[33m,[39m (err) [33m=>[39m {
     [90m 35 |[39m   [36mif[39m (process[33m.[39menv[33m.[39m[33mNODE_ENV[39m [33m!==[39m [32m'test'[39m) {
    [31m[1m>[22m[39m[90m 36 |[39m     console[33m.[39merror([32m'[DB] Redis Client Error'[39m[33m,[39m err)[33m;[39m
     [90m    |[39m             [31m[1m^[22m[39m
     [90m 37 |[39m   }
     [90m 38 |[39m })[33m;[39m
     [90m 39 |[39m[0m

      at Class.error (server/config/database.js:36:13)
      at RedisSocket.<anonymous> (node_modules/@redis/client/lib/client/index.ts:796:12)
      at RedisSocket.#connect (node_modules/@redis/client/lib/client/socket.ts:246:14)
      at Class.connect (node_modules/@redis/client/lib/client/index.ts:961:5)
      at connectRedis (server/config/database.js:42:5)
      at server/app.js:79:5

  console.error
    [DB] Redis Client Error AggregateError: 
        at internalConnectMultiple (node:net:1134:18)
        at afterConnectMultiple (node:net:1715:7) {
      code: 'ECONNREFUSED',
      [errors]: [
        Error: connect ECONNREFUSED ::1:6379
            at createConnectionError (node:net:1678:14)
            at afterConnectMultiple (node:net:1708:16) {
          errno: -4078,
          code: 'ECONNREFUSED',
          syscall: 'connect',
          address: '::1',
          port: 6379
        },
        Error: connect ECONNREFUSED 127.0.0.1:6379
            at createConnectionError (node:net:1678:14)
            at afterConnectMultiple (node:net:1708:16) {
          errno: -4078,
          code: 'ECONNREFUSED',
          syscall: 'connect',
          address: '127.0.0.1',
          port: 6379
        }
      ]
    }

    [0m [90m 34 |[39m redisClient[33m.[39mon([32m'error'[39m[33m,[39m (err) [33m=>[39m {
     [90m 35 |[39m   [36mif[39m (process[33m.[39menv[33m.[39m[33mNODE_ENV[39m [33m!==[39m [32m'test'[39m) {
    [31m[1m>[22m[39m[90m 36 |[39m     console[33m.[39merror([32m'[DB] Redis Client Error'[39m[33m,[39m err)[33m;[39m
     [90m    |[39m             [31m[1m^[22m[39m
     [90m 37 |[39m   }
     [90m 38 |[39m })[33m;[39m
     [90m 39 |[39m[0m

      at Class.error (server/config/database.js:36:13)
      at RedisSocket.<anonymous> (node_modules/@redis/client/lib/client/index.ts:796:12)
      at RedisSocket.#connect (node_modules/@redis/client/lib/client/socket.ts:246:14)
      at Class.connect (node_modules/@redis/client/lib/client/index.ts:961:5)
      at connectRedis (server/config/database.js:42:5)
      at server/app.js:79:5

  console.error
    [DB] Redis Client Error AggregateError: 
        at internalConnectMultiple (node:net:1134:18)
        at afterConnectMultiple (node:net:1715:7) {
      code: 'ECONNREFUSED',
      [errors]: [
        Error: connect ECONNREFUSED ::1:6379
            at createConnectionError (node:net:1678:14)
            at afterConnectMultiple (node:net:1708:16) {
          errno: -4078,
          code: 'ECONNREFUSED',
          syscall: 'connect',
          address: '::1',
          port: 6379
        },
        Error: connect ECONNREFUSED 127.0.0.1:6379
            at createConnectionError (node:net:1678:14)
            at afterConnectMultiple (node:net:1708:16) {
          errno: -4078,
          code: 'ECONNREFUSED',
          syscall: 'connect',
          address: '127.0.0.1',
          port: 6379
        }
      ]
    }

    [0m [90m 34 |[39m redisClient[33m.[39mon([32m'error'[39m[33m,[39m (err) [33m=>[39m {
     [90m 35 |[39m   [36mif[39m (process[33m.[39menv[33m.[39m[33mNODE_ENV[39m [33m!==[39m [32m'test'[39m) {
    [31m[1m>[22m[39m[90m 36 |[39m     console[33m.[39merror([32m'[DB] Redis Client Error'[39m[33m,[39m err)[33m;[39m
     [90m    |[39m             [31m[1m^[22m[39m
     [90m 37 |[39m   }
     [90m 38 |[39m })[33m;[39m
     [90m 39 |[39m[0m

      at Class.error (server/config/database.js:36:13)
      at RedisSocket.<anonymous> (node_modules/@redis/client/lib/client/index.ts:796:12)
      at RedisSocket.#connect (node_modules/@redis/client/lib/client/socket.ts:246:14)
      at Class.connect (node_modules/@redis/client/lib/client/index.ts:961:5)
      at connectRedis (server/config/database.js:42:5)
      at server/app.js:79:5

  console.error
    [DB] Redis Client Error AggregateError: 
        at internalConnectMultiple (node:net:1134:18)
        at afterConnectMultiple (node:net:1715:7) {
      code: 'ECONNREFUSED',
      [errors]: [
        Error: connect ECONNREFUSED ::1:6379
            at createConnectionError (node:net:1678:14)
            at afterConnectMultiple (node:net:1708:16) {
          errno: -4078,
          code: 'ECONNREFUSED',
          syscall: 'connect',
          address: '::1',
          port: 6379
        },
        Error: connect ECONNREFUSED 127.0.0.1:6379
            at createConnectionError (node:net:1678:14)
            at afterConnectMultiple (node:net:1708:16) {
          errno: -4078,
          code: 'ECONNREFUSED',
          syscall: 'connect',
          address: '127.0.0.1',
          port: 6379
        }
      ]
    }

    [0m [90m 34 |[39m redisClient[33m.[39mon([32m'error'[39m[33m,[39m (err) [33m=>[39m {
     [90m 35 |[39m   [36mif[39m (process[33m.[39menv[33m.[39m[33mNODE_ENV[39m [33m!==[39m [32m'test'[39m) {
    [31m[1m>[22m[39m[90m 36 |[39m     console[33m.[39merror([32m'[DB] Redis Client Error'[39m[33m,[39m err)[33m;[39m
     [90m    |[39m             [31m[1m^[22m[39m
     [90m 37 |[39m   }
     [90m 38 |[39m })[33m;[39m
     [90m 39 |[39m[0m

      at Class.error (server/config/database.js:36:13)
      at RedisSocket.<anonymous> (node_modules/@redis/client/lib/client/index.ts:796:12)
      at RedisSocket.#connect (node_modules/@redis/client/lib/client/socket.ts:246:14)
      at Class.connect (node_modules/@redis/client/lib/client/index.ts:961:5)
      at connectRedis (server/config/database.js:42:5)
      at server/app.js:79:5

  console.error
    [DB] Redis Client Error AggregateError: 
        at internalConnectMultiple (node:net:1134:18)
        at afterConnectMultiple (node:net:1715:7) {
      code: 'ECONNREFUSED',
      [errors]: [
        Error: connect ECONNREFUSED ::1:6379
            at createConnectionError (node:net:1678:14)
            at afterConnectMultiple (node:net:1708:16) {
          errno: -4078,
          code: 'ECONNREFUSED',
          syscall: 'connect',
          address: '::1',
          port: 6379
        },
        Error: connect ECONNREFUSED 127.0.0.1:6379
            at createConnectionError (node:net:1678:14)
            at afterConnectMultiple (node:net:1708:16) {
          errno: -4078,
          code: 'ECONNREFUSED',
          syscall: 'connect',
          address: '127.0.0.1',
          port: 6379
        }
      ]
    }

    [0m [90m 34 |[39m redisClient[33m.[39mon([32m'error'[39m[33m,[39m (err) [33m=>[39m {
     [90m 35 |[39m   [36mif[39m (process[33m.[39menv[33m.[39m[33mNODE_ENV[39m [33m!==[39m [32m'test'[39m) {
    [31m[1m>[22m[39m[90m 36 |[39m     console[33m.[39merror([32m'[DB] Redis Client Error'[39m[33m,[39m err)[33m;[39m
     [90m    |[39m             [31m[1m^[22m[39m
     [90m 37 |[39m   }
     [90m 38 |[39m })[33m;[39m
     [90m 39 |[39m[0m

      at Class.error (server/config/database.js:36:13)
      at RedisSocket.<anonymous> (node_modules/@redis/client/lib/client/index.ts:796:12)
      at RedisSocket.#connect (node_modules/@redis/client/lib/client/socket.ts:246:14)
      at Class.connect (node_modules/@redis/client/lib/client/index.ts:961:5)
      at connectRedis (server/config/database.js:42:5)
      at server/app.js:79:5

  console.error
    [DB] Redis Client Error AggregateError: 
        at internalConnectMultiple (node:net:1134:18)
        at afterConnectMultiple (node:net:1715:7) {
      code: 'ECONNREFUSED',
      [errors]: [
        Error: connect ECONNREFUSED ::1:6379
            at createConnectionError (node:net:1678:14)
            at afterConnectMultiple (node:net:1708:16) {
          errno: -4078,
          code: 'ECONNREFUSED',
          syscall: 'connect',
          address: '::1',
          port: 6379
        },
        Error: connect ECONNREFUSED 127.0.0.1:6379
            at createConnectionError (node:net:1678:14)
            at afterConnectMultiple (node:net:1708:16) {
          errno: -4078,
          code: 'ECONNREFUSED',
          syscall: 'connect',
          address: '127.0.0.1',
          port: 6379
        }
      ]
    }

    [0m [90m 34 |[39m redisClient[33m.[39mon([32m'error'[39m[33m,[39m (err) [33m=>[39m {
     [90m 35 |[39m   [36mif[39m (process[33m.[39menv[33m.[39m[33mNODE_ENV[39m [33m!==[39m [32m'test'[39m) {
    [31m[1m>[22m[39m[90m 36 |[39m     console[33m.[39merror([32m'[DB] Redis Client Error'[39m[33m,[39m err)[33m;[39m
     [90m    |[39m             [31m[1m^[22m[39m
     [90m 37 |[39m   }
     [90m 38 |[39m })[33m;[39m
     [90m 39 |[39m[0m

      at Class.error (server/config/database.js:36:13)
      at RedisSocket.<anonymous> (node_modules/@redis/client/lib/client/index.ts:796:12)
      at RedisSocket.#connect (node_modules/@redis/client/lib/client/socket.ts:246:14)
      at Class.connect (node_modules/@redis/client/lib/client/index.ts:961:5)
      at connectRedis (server/config/database.js:42:5)
      at server/app.js:79:5

  console.error
    [DB] Redis Client Error AggregateError: 
        at internalConnectMultiple (node:net:1134:18)
        at afterConnectMultiple (node:net:1715:7) {
      code: 'ECONNREFUSED',
      [errors]: [
        Error: connect ECONNREFUSED ::1:6379
            at createConnectionError (node:net:1678:14)
            at afterConnectMultiple (node:net:1708:16) {
          errno: -4078,
          code: 'ECONNREFUSED',
          syscall: 'connect',
          address: '::1',
          port: 6379
        },
        Error: connect ECONNREFUSED 127.0.0.1:6379
            at createConnectionError (node:net:1678:14)
            at afterConnectMultiple (node:net:1708:16) {
          errno: -4078,
          code: 'ECONNREFUSED',
          syscall: 'connect',
          address: '127.0.0.1',
          port: 6379
        }
      ]
    }

    [0m [90m 34 |[39m redisClient[33m.[39mon([32m'error'[39m[33m,[39m (err) [33m=>[39m {
     [90m 35 |[39m   [36mif[39m (process[33m.[39menv[33m.[39m[33mNODE_ENV[39m [33m!==[39m [32m'test'[39m) {
    [31m[1m>[22m[39m[90m 36 |[39m     console[33m.[39merror([32m'[DB] Redis Client Error'[39m[33m,[39m err)[33m;[39m
     [90m    |[39m             [31m[1m^[22m[39m
     [90m 37 |[39m   }
     [90m 38 |[39m })[33m;[39m
     [90m 39 |[39m[0m

      at Class.error (server/config/database.js:36:13)
      at RedisSocket.<anonymous> (node_modules/@redis/client/lib/client/index.ts:796:12)
      at RedisSocket.#connect (node_modules/@redis/client/lib/client/socket.ts:246:14)
      at Class.connect (node_modules/@redis/client/lib/client/index.ts:961:5)
      at connectRedis (server/config/database.js:42:5)
      at server/app.js:79:5

  console.error
    [DB] Redis Client Error AggregateError: 
        at internalConnectMultiple (node:net:1134:18)
        at afterConnectMultiple (node:net:1715:7) {
      code: 'ECONNREFUSED',
      [errors]: [
        Error: connect ECONNREFUSED ::1:6379
            at createConnectionError (node:net:1678:14)
            at afterConnectMultiple (node:net:1708:16) {
          errno: -4078,
          code: 'ECONNREFUSED',
          syscall: 'connect',
          address: '::1',
          port: 6379
        },
        Error: connect ECONNREFUSED 127.0.0.1:6379
            at createConnectionError (node:net:1678:14)
            at afterConnectMultiple (node:net:1708:16) {
          errno: -4078,
          code: 'ECONNREFUSED',
          syscall: 'connect',
          address: '127.0.0.1',
          port: 6379
        }
      ]
    }

    [0m [90m 34 |[39m redisClient[33m.[39mon([32m'error'[39m[33m,[39m (err) [33m=>[39m {
     [90m 35 |[39m   [36mif[39m (process[33m.[39menv[33m.[39m[33mNODE_ENV[39m [33m!==[39m [32m'test'[39m) {
    [31m[1m>[22m[39m[90m 36 |[39m     console[33m.[39merror([32m'[DB] Redis Client Error'[39m[33m,[39m err)[33m;[39m
     [90m    |[39m             [31m[1m^[22m[39m
     [90m 37 |[39m   }
     [90m 38 |[39m })[33m;[39m
     [90m 39 |[39m[0m

      at Class.error (server/config/database.js:36:13)
      at RedisSocket.<anonymous> (node_modules/@redis/client/lib/client/index.ts:796:12)
      at RedisSocket.#connect (node_modules/@redis/client/lib/client/socket.ts:246:14)
      at Class.connect (node_modules/@redis/client/lib/client/index.ts:961:5)
      at connectRedis (server/config/database.js:42:5)
      at server/app.js:79:5

  console.error
    [DB] Redis Client Error [ConnectionTimeoutError: Connection timeout]

    [0m [90m 34 |[39m redisClient[33m.[39mon([32m'error'[39m[33m,[39m (err) [33m=>[39m {
     [90m 35 |[39m   [36mif[39m (process[33m.[39menv[33m.[39m[33mNODE_ENV[39m [33m!==[39m [32m'test'[39m) {
    [31m[1m>[22m[39m[90m 36 |[39m     console[33m.[39merror([32m'[DB] Redis Client Error'[39m[33m,[39m err)[33m;[39m
     [90m    |[39m             [31m[1m^[22m[39m
     [90m 37 |[39m   }
     [90m 38 |[39m })[33m;[39m
     [90m 39 |[39m[0m

      at Class.error (server/config/database.js:36:13)
      at RedisSocket.<anonymous> (node_modules/@redis/client/lib/client/index.ts:796:12)
      at RedisSocket.#connect (node_modules/@redis/client/lib/client/socket.ts:246:14)
      at Class.connect (node_modules/@redis/client/lib/client/index.ts:961:5)
      at connectRedis (server/config/database.js:42:5)
      at server/app.js:79:5

  console.error
    [DB] Redis Client Error AggregateError: 
        at internalConnectMultiple (node:net:1134:18)
        at afterConnectMultiple (node:net:1715:7) {
      code: 'ECONNREFUSED',
      [errors]: [
        Error: connect ECONNREFUSED ::1:6379
            at createConnectionError (node:net:1678:14)
            at afterConnectMultiple (node:net:1708:16) {
          errno: -4078,
          code: 'ECONNREFUSED',
          syscall: 'connect',
          address: '::1',
          port: 6379
        },
        Error: connect ECONNREFUSED 127.0.0.1:6379
            at createConnectionError (node:net:1678:14)
            at afterConnectMultiple (node:net:1708:16) {
          errno: -4078,
          code: 'ECONNREFUSED',
          syscall: 'connect',
          address: '127.0.0.1',
          port: 6379
        }
      ]
    }

    [0m [90m 34 |[39m redisClient[33m.[39mon([32m'error'[39m[33m,[39m (err) [33m=>[39m {
     [90m 35 |[39m   [36mif[39m (process[33m.[39menv[33m.[39m[33mNODE_ENV[39m [33m!==[39m [32m'test'[39m) {
    [31m[1m>[22m[39m[90m 36 |[39m     console[33m.[39merror([32m'[DB] Redis Client Error'[39m[33m,[39m err)[33m;[39m
     [90m    |[39m             [31m[1m^[22m[39m
     [90m 37 |[39m   }
     [90m 38 |[39m })[33m;[39m
     [90m 39 |[39m[0m

      at Class.error (server/config/database.js:36:13)
      at RedisSocket.<anonymous> (node_modules/@redis/client/lib/client/index.ts:796:12)
      at RedisSocket.#connect (node_modules/@redis/client/lib/client/socket.ts:246:14)
      at Class.connect (node_modules/@redis/client/lib/client/index.ts:961:5)
      at connectRedis (server/config/database.js:42:5)
      at server/app.js:79:5

  console.error
    [DB] Redis Client Error AggregateError: 
        at internalConnectMultiple (node:net:1134:18)
        at afterConnectMultiple (node:net:1715:7) {
      code: 'ECONNREFUSED',
      [errors]: [
        Error: connect ECONNREFUSED ::1:6379
            at createConnectionError (node:net:1678:14)
            at afterConnectMultiple (node:net:1708:16) {
          errno: -4078,
          code: 'ECONNREFUSED',
          syscall: 'connect',
          address: '::1',
          port: 6379
        },
        Error: connect ECONNREFUSED 127.0.0.1:6379
            at createConnectionError (node:net:1678:14)
            at afterConnectMultiple (node:net:1708:16) {
          errno: -4078,
          code: 'ECONNREFUSED',
          syscall: 'connect',
          address: '127.0.0.1',
          port: 6379
        }
      ]
    }

    [0m [90m 34 |[39m redisClient[33m.[39mon([32m'error'[39m[33m,[39m (err) [33m=>[39m {
     [90m 35 |[39m   [36mif[39m (process[33m.[39menv[33m.[39m[33mNODE_ENV[39m [33m!==[39m [32m'test'[39m) {
    [31m[1m>[22m[39m[90m 36 |[39m     console[33m.[39merror([32m'[DB] Redis Client Error'[39m[33m,[39m err)[33m;[39m
     [90m    |[39m             [31m[1m^[22m[39m
     [90m 37 |[39m   }
     [90m 38 |[39m })[33m;[39m
     [90m 39 |[39m[0m

      at Class.error (server/config/database.js:36:13)
      at RedisSocket.<anonymous> (node_modules/@redis/client/lib/client/index.ts:796:12)
      at RedisSocket.#connect (node_modules/@redis/client/lib/client/socket.ts:246:14)
      at Class.connect (node_modules/@redis/client/lib/client/index.ts:961:5)
      at connectRedis (server/config/database.js:42:5)
      at server/app.js:79:5

  console.error
    [DB] Redis Client Error AggregateError: 
        at internalConnectMultiple (node:net:1134:18)
        at afterConnectMultiple (node:net:1715:7) {
      code: 'ECONNREFUSED',
      [errors]: [
        Error: connect ECONNREFUSED ::1:6379
            at createConnectionError (node:net:1678:14)
            at afterConnectMultiple (node:net:1708:16) {
          errno: -4078,
          code: 'ECONNREFUSED',
          syscall: 'connect',
          address: '::1',
          port: 6379
        },
        Error: connect ECONNREFUSED 127.0.0.1:6379
            at createConnectionError (node:net:1678:14)
            at afterConnectMultiple (node:net:1708:16) {
          errno: -4078,
          code: 'ECONNREFUSED',
          syscall: 'connect',
          address: '127.0.0.1',
          port: 6379
        }
      ]
    }

    [0m [90m 34 |[39m redisClient[33m.[39mon([32m'error'[39m[33m,[39m (err) [33m=>[39m {
     [90m 35 |[39m   [36mif[39m (process[33m.[39menv[33m.[39m[33mNODE_ENV[39m [33m!==[39m [32m'test'[39m) {
    [31m[1m>[22m[39m[90m 36 |[39m     console[33m.[39merror([32m'[DB] Redis Client Error'[39m[33m,[39m err)[33m;[39m
     [90m    |[39m             [31m[1m^[22m[39m
     [90m 37 |[39m   }
     [90m 38 |[39m })[33m;[39m
     [90m 39 |[39m[0m

      at Class.error (server/config/database.js:36:13)
      at RedisSocket.<anonymous> (node_modules/@redis/client/lib/client/index.ts:796:12)
      at RedisSocket.#connect (node_modules/@redis/client/lib/client/socket.ts:246:14)
      at Class.connect (node_modules/@redis/client/lib/client/index.ts:961:5)
      at connectRedis (server/config/database.js:42:5)
      at server/app.js:79:5

  console.error
    [DB] Redis Client Error AggregateError: 
        at internalConnectMultiple (node:net:1134:18)
        at afterConnectMultiple (node:net:1715:7) {
      code: 'ECONNREFUSED',
      [errors]: [
        Error: connect ECONNREFUSED ::1:6379
            at createConnectionError (node:net:1678:14)
            at afterConnectMultiple (node:net:1708:16) {
          errno: -4078,
          code: 'ECONNREFUSED',
          syscall: 'connect',
          address: '::1',
          port: 6379
        },
        Error: connect ECONNREFUSED 127.0.0.1:6379
            at createConnectionError (node:net:1678:14)
            at afterConnectMultiple (node:net:1708:16) {
          errno: -4078,
          code: 'ECONNREFUSED',
          syscall: 'connect',
          address: '127.0.0.1',
          port: 6379
        }
      ]
    }

    [0m [90m 34 |[39m redisClient[33m.[39mon([32m'error'[39m[33m,[39m (err) [33m=>[39m {
     [90m 35 |[39m   [36mif[39m (process[33m.[39menv[33m.[39m[33mNODE_ENV[39m [33m!==[39m [32m'test'[39m) {
    [31m[1m>[22m[39m[90m 36 |[39m     console[33m.[39merror([32m'[DB] Redis Client Error'[39m[33m,[39m err)[33m;[39m
     [90m    |[39m             [31m[1m^[22m[39m
     [90m 37 |[39m   }
     [90m 38 |[39m })[33m;[39m
     [90m 39 |[39m[0m

      at Class.error (server/config/database.js:36:13)
      at RedisSocket.<anonymous> (node_modules/@redis/client/lib/client/index.ts:796:12)
      at RedisSocket.#connect (node_modules/@redis/client/lib/client/socket.ts:246:14)
      at Class.connect (node_modules/@redis/client/lib/client/index.ts:961:5)
      at connectRedis (server/config/database.js:42:5)
      at server/app.js:79:5

  console.error
    [DB] Redis Client Error AggregateError: 
        at internalConnectMultiple (node:net:1134:18)
        at afterConnectMultiple (node:net:1715:7) {
      code: 'ECONNREFUSED',
      [errors]: [
        Error: connect ECONNREFUSED ::1:6379
            at createConnectionError (node:net:1678:14)
            at afterConnectMultiple (node:net:1708:16) {
          errno: -4078,
          code: 'ECONNREFUSED',
          syscall: 'connect',
          address: '::1',
          port: 6379
        },
        Error: connect ECONNREFUSED 127.0.0.1:6379
            at createConnectionError (node:net:1678:14)
            at afterConnectMultiple (node:net:1708:16) {
          errno: -4078,
          code: 'ECONNREFUSED',
          syscall: 'connect',
          address: '127.0.0.1',
          port: 6379
        }
      ]
    }

    [0m [90m 34 |[39m redisClient[33m.[39mon([32m'error'[39m[33m,[39m (err) [33m=>[39m {
     [90m 35 |[39m   [36mif[39m (process[33m.[39menv[33m.[39m[33mNODE_ENV[39m [33m!==[39m [32m'test'[39m) {
    [31m[1m>[22m[39m[90m 36 |[39m     console[33m.[39merror([32m'[DB] Redis Client Error'[39m[33m,[39m err)[33m;[39m
     [90m    |[39m             [31m[1m^[22m[39m
     [90m 37 |[39m   }
     [90m 38 |[39m })[33m;[39m
     [90m 39 |[39m[0m

      at Class.error (server/config/database.js:36:13)
      at RedisSocket.<anonymous> (node_modules/@redis/client/lib/client/index.ts:796:12)
      at RedisSocket.#connect (node_modules/@redis/client/lib/client/socket.ts:246:14)
      at Class.connect (node_modules/@redis/client/lib/client/index.ts:961:5)
      at connectRedis (server/config/database.js:42:5)
      at server/app.js:79:5

  console.error
    [DB] Redis Client Error AggregateError: 
        at internalConnectMultiple (node:net:1134:18)
        at afterConnectMultiple (node:net:1715:7) {
      code: 'ECONNREFUSED',
      [errors]: [
        Error: connect ECONNREFUSED ::1:6379
            at createConnectionError (node:net:1678:14)
            at afterConnectMultiple (node:net:1708:16) {
          errno: -4078,
          code: 'ECONNREFUSED',
          syscall: 'connect',
          address: '::1',
          port: 6379
        },
        Error: connect ECONNREFUSED 127.0.0.1:6379
            at createConnectionError (node:net:1678:14)
            at afterConnectMultiple (node:net:1708:16) {
          errno: -4078,
          code: 'ECONNREFUSED',
          syscall: 'connect',
          address: '127.0.0.1',
          port: 6379
        }
      ]
    }

    [0m [90m 34 |[39m redisClient[33m.[39mon([32m'error'[39m[33m,[39m (err) [33m=>[39m {
     [90m 35 |[39m   [36mif[39m (process[33m.[39menv[33m.[39m[33mNODE_ENV[39m [33m!==[39m [32m'test'[39m) {
    [31m[1m>[22m[39m[90m 36 |[39m     console[33m.[39merror([32m'[DB] Redis Client Error'[39m[33m,[39m err)[33m;[39m
     [90m    |[39m             [31m[1m^[22m[39m
     [90m 37 |[39m   }
     [90m 38 |[39m })[33m;[39m
     [90m 39 |[39m[0m

      at Class.error (server/config/database.js:36:13)
      at RedisSocket.<anonymous> (node_modules/@redis/client/lib/client/index.ts:796:12)
      at RedisSocket.#connect (node_modules/@redis/client/lib/client/socket.ts:246:14)
      at Class.connect (node_modules/@redis/client/lib/client/index.ts:961:5)
      at connectRedis (server/config/database.js:42:5)
      at server/app.js:79:5

  console.error
    [DB] Redis Client Error AggregateError: 
        at internalConnectMultiple (node:net:1134:18)
        at afterConnectMultiple (node:net:1715:7) {
      code: 'ECONNREFUSED',
      [errors]: [
        Error: connect ECONNREFUSED ::1:6379
            at createConnectionError (node:net:1678:14)
            at afterConnectMultiple (node:net:1708:16) {
          errno: -4078,
          code: 'ECONNREFUSED',
          syscall: 'connect',
          address: '::1',
          port: 6379
        },
        Error: connect ECONNREFUSED 127.0.0.1:6379
            at createConnectionError (node:net:1678:14)
            at afterConnectMultiple (node:net:1708:16) {
          errno: -4078,
          code: 'ECONNREFUSED',
          syscall: 'connect',
          address: '127.0.0.1',
          port: 6379
        }
      ]
    }

    [0m [90m 34 |[39m redisClient[33m.[39mon([32m'error'[39m[33m,[39m (err) [33m=>[39m {
     [90m 35 |[39m   [36mif[39m (process[33m.[39menv[33m.[39m[33mNODE_ENV[39m [33m!==[39m [32m'test'[39m) {
    [31m[1m>[22m[39m[90m 36 |[39m     console[33m.[39merror([32m'[DB] Redis Client Error'[39m[33m,[39m err)[33m;[39m
     [90m    |[39m             [31m[1m^[22m[39m
     [90m 37 |[39m   }
     [90m 38 |[39m })[33m;[39m
     [90m 39 |[39m[0m

      at Class.error (server/config/database.js:36:13)
      at RedisSocket.<anonymous> (node_modules/@redis/client/lib/client/index.ts:796:12)
      at RedisSocket.#connect (node_modules/@redis/client/lib/client/socket.ts:246:14)
      at Class.connect (node_modules/@redis/client/lib/client/index.ts:961:5)
      at connectRedis (server/config/database.js:42:5)
      at server/app.js:79:5

  console.error
    [DB] Redis Client Error AggregateError: 
        at internalConnectMultiple (node:net:1134:18)
        at afterConnectMultiple (node:net:1715:7) {
      code: 'ECONNREFUSED',
      [errors]: [
        Error: connect ECONNREFUSED ::1:6379
            at createConnectionError (node:net:1678:14)
            at afterConnectMultiple (node:net:1708:16) {
          errno: -4078,
          code: 'ECONNREFUSED',
          syscall: 'connect',
          address: '::1',
          port: 6379
        },
        Error: connect ECONNREFUSED 127.0.0.1:6379
            at createConnectionError (node:net:1678:14)
            at afterConnectMultiple (node:net:1708:16) {
          errno: -4078,
          code: 'ECONNREFUSED',
          syscall: 'connect',
          address: '127.0.0.1',
          port: 6379
        }
      ]
    }

    [0m [90m 34 |[39m redisClient[33m.[39mon([32m'error'[39m[33m,[39m (err) [33m=>[39m {
     [90m 35 |[39m   [36mif[39m (process[33m.[39menv[33m.[39m[33mNODE_ENV[39m [33m!==[39m [32m'test'[39m) {
    [31m[1m>[22m[39m[90m 36 |[39m     console[33m.[39merror([32m'[DB] Redis Client Error'[39m[33m,[39m err)[33m;[39m
     [90m    |[39m             [31m[1m^[22m[39m
     [90m 37 |[39m   }
     [90m 38 |[39m })[33m;[39m
     [90m 39 |[39m[0m

      at Class.error (server/config/database.js:36:13)
      at RedisSocket.<anonymous> (node_modules/@redis/client/lib/client/index.ts:796:12)
      at RedisSocket.#connect (node_modules/@redis/client/lib/client/socket.ts:246:14)
      at Class.connect (node_modules/@redis/client/lib/client/index.ts:961:5)
      at connectRedis (server/config/database.js:42:5)
      at server/app.js:79:5

  console.error
    [DB] Redis Client Error AggregateError: 
        at internalConnectMultiple (node:net:1134:18)
        at afterConnectMultiple (node:net:1715:7) {
      code: 'ECONNREFUSED',
      [errors]: [
        Error: connect ECONNREFUSED ::1:6379
            at createConnectionError (node:net:1678:14)
            at afterConnectMultiple (node:net:1708:16) {
          errno: -4078,
          code: 'ECONNREFUSED',
          syscall: 'connect',
          address: '::1',
          port: 6379
        },
        Error: connect ECONNREFUSED 127.0.0.1:6379
            at createConnectionError (node:net:1678:14)
            at afterConnectMultiple (node:net:1708:16) {
          errno: -4078,
          code: 'ECONNREFUSED',
          syscall: 'connect',
          address: '127.0.0.1',
          port: 6379
        }
      ]
    }

    [0m [90m 34 |[39m redisClient[33m.[39mon([32m'error'[39m[33m,[39m (err) [33m=>[39m {
     [90m 35 |[39m   [36mif[39m (process[33m.[39menv[33m.[39m[33mNODE_ENV[39m [33m!==[39m [32m'test'[39m) {
    [31m[1m>[22m[39m[90m 36 |[39m     console[33m.[39merror([32m'[DB] Redis Client Error'[39m[33m,[39m err)[33m;[39m
     [90m    |[39m             [31m[1m^[22m[39m
     [90m 37 |[39m   }
     [90m 38 |[39m })[33m;[39m
     [90m 39 |[39m[0m

      at Class.error (server/config/database.js:36:13)
      at RedisSocket.<anonymous> (node_modules/@redis/client/lib/client/index.ts:796:12)
      at RedisSocket.#connect (node_modules/@redis/client/lib/client/socket.ts:246:14)
      at Class.connect (node_modules/@redis/client/lib/client/index.ts:961:5)
      at connectRedis (server/config/database.js:42:5)
      at server/app.js:79:5

  console.error
    [DB] Redis Client Error AggregateError: 
        at internalConnectMultiple (node:net:1134:18)
        at afterConnectMultiple (node:net:1715:7) {
      code: 'ECONNREFUSED',
      [errors]: [
        Error: connect ECONNREFUSED ::1:6379
            at createConnectionError (node:net:1678:14)
            at afterConnectMultiple (node:net:1708:16) {
          errno: -4078,
          code: 'ECONNREFUSED',
          syscall: 'connect',
          address: '::1',
          port: 6379
        },
        Error: connect ECONNREFUSED 127.0.0.1:6379
            at createConnectionError (node:net:1678:14)
            at afterConnectMultiple (node:net:1708:16) {
          errno: -4078,
          code: 'ECONNREFUSED',
          syscall: 'connect',
          address: '127.0.0.1',
          port: 6379
        }
      ]
    }

    [0m [90m 34 |[39m redisClient[33m.[39mon([32m'error'[39m[33m,[39m (err) [33m=>[39m {
     [90m 35 |[39m   [36mif[39m (process[33m.[39menv[33m.[39m[33mNODE_ENV[39m [33m!==[39m [32m'test'[39m) {
    [31m[1m>[22m[39m[90m 36 |[39m     console[33m.[39merror([32m'[DB] Redis Client Error'[39m[33m,[39m err)[33m;[39m
     [90m    |[39m             [31m[1m^[22m[39m
     [90m 37 |[39m   }
     [90m 38 |[39m })[33m;[39m
     [90m 39 |[39m[0m

      at Class.error (server/config/database.js:36:13)
      at RedisSocket.<anonymous> (node_modules/@redis/client/lib/client/index.ts:796:12)
      at RedisSocket.#connect (node_modules/@redis/client/lib/client/socket.ts:246:14)
      at Class.connect (node_modules/@redis/client/lib/client/index.ts:961:5)
      at connectRedis (server/config/database.js:42:5)
      at server/app.js:79:5

  console.error
    [DB] Redis Client Error AggregateError: 
        at internalConnectMultiple (node:net:1134:18)
        at afterConnectMultiple (node:net:1715:7) {
      code: 'ECONNREFUSED',
      [errors]: [
        Error: connect ECONNREFUSED ::1:6379
            at createConnectionError (node:net:1678:14)
            at afterConnectMultiple (node:net:1708:16) {
          errno: -4078,
          code: 'ECONNREFUSED',
          syscall: 'connect',
          address: '::1',
          port: 6379
        },
        Error: connect ECONNREFUSED 127.0.0.1:6379
            at createConnectionError (node:net:1678:14)
            at afterConnectMultiple (node:net:1708:16) {
          errno: -4078,
          code: 'ECONNREFUSED',
          syscall: 'connect',
          address: '127.0.0.1',
          port: 6379
        }
      ]
    }

    [0m [90m 34 |[39m redisClient[33m.[39mon([32m'error'[39m[33m,[39m (err) [33m=>[39m {
     [90m 35 |[39m   [36mif[39m (process[33m.[39menv[33m.[39m[33mNODE_ENV[39m [33m!==[39m [32m'test'[39m) {
    [31m[1m>[22m[39m[90m 36 |[39m     console[33m.[39merror([32m'[DB] Redis Client Error'[39m[33m,[39m err)[33m;[39m
     [90m    |[39m             [31m[1m^[22m[39m
     [90m 37 |[39m   }
     [90m 38 |[39m })[33m;[39m
     [90m 39 |[39m[0m

      at Class.error (server/config/database.js:36:13)
      at RedisSocket.<anonymous> (node_modules/@redis/client/lib/client/index.ts:796:12)
      at RedisSocket.#connect (node_modules/@redis/client/lib/client/socket.ts:246:14)
      at Class.connect (node_modules/@redis/client/lib/client/index.ts:961:5)
      at connectRedis (server/config/database.js:42:5)
      at server/app.js:79:5

  console.error
    [DB] Redis Client Error AggregateError: 
        at internalConnectMultiple (node:net:1134:18)
        at afterConnectMultiple (node:net:1715:7) {
      code: 'ECONNREFUSED',
      [errors]: [
        Error: connect ECONNREFUSED ::1:6379
            at createConnectionError (node:net:1678:14)
            at afterConnectMultiple (node:net:1708:16) {
          errno: -4078,
          code: 'ECONNREFUSED',
          syscall: 'connect',
          address: '::1',
          port: 6379
        },
        Error: connect ECONNREFUSED 127.0.0.1:6379
            at createConnectionError (node:net:1678:14)
            at afterConnectMultiple (node:net:1708:16) {
          errno: -4078,
          code: 'ECONNREFUSED',
          syscall: 'connect',
          address: '127.0.0.1',
          port: 6379
        }
      ]
    }

    [0m [90m 34 |[39m redisClient[33m.[39mon([32m'error'[39m[33m,[39m (err) [33m=>[39m {
     [90m 35 |[39m   [36mif[39m (process[33m.[39menv[33m.[39m[33mNODE_ENV[39m [33m!==[39m [32m'test'[39m) {
    [31m[1m>[22m[39m[90m 36 |[39m     console[33m.[39merror([32m'[DB] Redis Client Error'[39m[33m,[39m err)[33m;[39m
     [90m    |[39m             [31m[1m^[22m[39m
     [90m 37 |[39m   }
     [90m 38 |[39m })[33m;[39m
     [90m 39 |[39m[0m

      at Class.error (server/config/database.js:36:13)
      at RedisSocket.<anonymous> (node_modules/@redis/client/lib/client/index.ts:796:12)
      at RedisSocket.#connect (node_modules/@redis/client/lib/client/socket.ts:246:14)
      at Class.connect (node_modules/@redis/client/lib/client/index.ts:961:5)
      at connectRedis (server/config/database.js:42:5)
      at server/app.js:79:5

  console.error
    [DB] Redis Client Error AggregateError: 
        at internalConnectMultiple (node:net:1134:18)
        at afterConnectMultiple (node:net:1715:7) {
      code: 'ECONNREFUSED',
      [errors]: [
        Error: connect ECONNREFUSED ::1:6379
            at createConnectionError (node:net:1678:14)
            at afterConnectMultiple (node:net:1708:16) {
          errno: -4078,
          code: 'ECONNREFUSED',
          syscall: 'connect',
          address: '::1',
          port: 6379
        },
        Error: connect ECONNREFUSED 127.0.0.1:6379
            at createConnectionError (node:net:1678:14)
            at afterConnectMultiple (node:net:1708:16) {
          errno: -4078,
          code: 'ECONNREFUSED',
          syscall: 'connect',
          address: '127.0.0.1',
          port: 6379
        }
      ]
    }

    [0m [90m 34 |[39m redisClient[33m.[39mon([32m'error'[39m[33m,[39m (err) [33m=>[39m {
     [90m 35 |[39m   [36mif[39m (process[33m.[39menv[33m.[39m[33mNODE_ENV[39m [33m!==[39m [32m'test'[39m) {
    [31m[1m>[22m[39m[90m 36 |[39m     console[33m.[39merror([32m'[DB] Redis Client Error'[39m[33m,[39m err)[33m;[39m
     [90m    |[39m             [31m[1m^[22m[39m
     [90m 37 |[39m   }
     [90m 38 |[39m })[33m;[39m
     [90m 39 |[39m[0m

      at Class.error (server/config/database.js:36:13)
      at RedisSocket.<anonymous> (node_modules/@redis/client/lib/client/index.ts:796:12)
      at RedisSocket.#connect (node_modules/@redis/client/lib/client/socket.ts:246:14)
      at Class.connect (node_modules/@redis/client/lib/client/index.ts:961:5)
      at connectRedis (server/config/database.js:42:5)
      at server/app.js:79:5

  console.error
    [DB] Redis Client Error AggregateError: 
        at internalConnectMultiple (node:net:1134:18)
        at afterConnectMultiple (node:net:1715:7) {
      code: 'ECONNREFUSED',
      [errors]: [
        Error: connect ECONNREFUSED ::1:6379
            at createConnectionError (node:net:1678:14)
            at afterConnectMultiple (node:net:1708:16) {
          errno: -4078,
          code: 'ECONNREFUSED',
          syscall: 'connect',
          address: '::1',
          port: 6379
        },
        Error: connect ECONNREFUSED 127.0.0.1:6379
            at createConnectionError (node:net:1678:14)
            at afterConnectMultiple (node:net:1708:16) {
          errno: -4078,
          code: 'ECONNREFUSED',
          syscall: 'connect',
          address: '127.0.0.1',
          port: 6379
        }
      ]
    }

    [0m [90m 34 |[39m redisClient[33m.[39mon([32m'error'[39m[33m,[39m (err) [33m=>[39m {
     [90m 35 |[39m   [36mif[39m (process[33m.[39menv[33m.[39m[33mNODE_ENV[39m [33m!==[39m [32m'test'[39m) {
    [31m[1m>[22m[39m[90m 36 |[39m     console[33m.[39merror([32m'[DB] Redis Client Error'[39m[33m,[39m err)[33m;[39m
     [90m    |[39m             [31m[1m^[22m[39m
     [90m 37 |[39m   }
     [90m 38 |[39m })[33m;[39m
     [90m 39 |[39m[0m

      at Class.error (server/config/database.js:36:13)
      at RedisSocket.<anonymous> (node_modules/@redis/client/lib/client/index.ts:796:12)
      at RedisSocket.#connect (node_modules/@redis/client/lib/client/socket.ts:246:14)
      at Class.connect (node_modules/@redis/client/lib/client/index.ts:961:5)
      at connectRedis (server/config/database.js:42:5)
      at server/app.js:79:5

  console.error
    [DB] Redis Client Error AggregateError: 
        at internalConnectMultiple (node:net:1134:18)
        at afterConnectMultiple (node:net:1715:7) {
      code: 'ECONNREFUSED',
      [errors]: [
        Error: connect ECONNREFUSED ::1:6379
            at createConnectionError (node:net:1678:14)
            at afterConnectMultiple (node:net:1708:16) {
          errno: -4078,
          code: 'ECONNREFUSED',
          syscall: 'connect',
          address: '::1',
          port: 6379
        },
        Error: connect ECONNREFUSED 127.0.0.1:6379
            at createConnectionError (node:net:1678:14)
            at afterConnectMultiple (node:net:1708:16) {
          errno: -4078,
          code: 'ECONNREFUSED',
          syscall: 'connect',
          address: '127.0.0.1',
          port: 6379
        }
      ]
    }

    [0m [90m 34 |[39m redisClient[33m.[39mon([32m'error'[39m[33m,[39m (err) [33m=>[39m {
     [90m 35 |[39m   [36mif[39m (process[33m.[39menv[33m.[39m[33mNODE_ENV[39m [33m!==[39m [32m'test'[39m) {
    [31m[1m>[22m[39m[90m 36 |[39m     console[33m.[39merror([32m'[DB] Redis Client Error'[39m[33m,[39m err)[33m;[39m
     [90m    |[39m             [31m[1m^[22m[39m
     [90m 37 |[39m   }
     [90m 38 |[39m })[33m;[39m
     [90m 39 |[39m[0m

      at Class.error (server/config/database.js:36:13)
      at RedisSocket.<anonymous> (node_modules/@redis/client/lib/client/index.ts:796:12)
      at RedisSocket.#connect (node_modules/@redis/client/lib/client/socket.ts:246:14)
      at Class.connect (node_modules/@redis/client/lib/client/index.ts:961:5)
      at connectRedis (server/config/database.js:42:5)
      at server/app.js:79:5

  console.error
    [DB] Redis Client Error AggregateError: 
        at internalConnectMultiple (node:net:1134:18)
        at afterConnectMultiple (node:net:1715:7) {
      code: 'ECONNREFUSED',
      [errors]: [
        Error: connect ECONNREFUSED ::1:6379
            at createConnectionError (node:net:1678:14)
            at afterConnectMultiple (node:net:1708:16) {
          errno: -4078,
          code: 'ECONNREFUSED',
          syscall: 'connect',
          address: '::1',
          port: 6379
        },
        Error: connect ECONNREFUSED 127.0.0.1:6379
            at createConnectionError (node:net:1678:14)
            at afterConnectMultiple (node:net:1708:16) {
          errno: -4078,
          code: 'ECONNREFUSED',
          syscall: 'connect',
          address: '127.0.0.1',
          port: 6379
        }
      ]
    }

    [0m [90m 34 |[39m redisClient[33m.[39mon([32m'error'[39m[33m,[39m (err) [33m=>[39m {
     [90m 35 |[39m   [36mif[39m (process[33m.[39menv[33m.[39m[33mNODE_ENV[39m [33m!==[39m [32m'test'[39m) {
    [31m[1m>[22m[39m[90m 36 |[39m     console[33m.[39merror([32m'[DB] Redis Client Error'[39m[33m,[39m err)[33m;[39m
     [90m    |[39m             [31m[1m^[22m[39m
     [90m 37 |[39m   }
     [90m 38 |[39m })[33m;[39m
     [90m 39 |[39m[0m

      at Class.error (server/config/database.js:36:13)
      at RedisSocket.<anonymous> (node_modules/@redis/client/lib/client/index.ts:796:12)
      at RedisSocket.#connect (node_modules/@redis/client/lib/client/socket.ts:246:14)
      at Class.connect (node_modules/@redis/client/lib/client/index.ts:961:5)
      at connectRedis (server/config/database.js:42:5)
      at server/app.js:79:5

  console.error
    [DB] Redis Client Error AggregateError: 
        at internalConnectMultiple (node:net:1134:18)
        at afterConnectMultiple (node:net:1715:7) {
      code: 'ECONNREFUSED',
      [errors]: [
        Error: connect ECONNREFUSED ::1:6379
            at createConnectionError (node:net:1678:14)
            at afterConnectMultiple (node:net:1708:16) {
          errno: -4078,
          code: 'ECONNREFUSED',
          syscall: 'connect',
          address: '::1',
          port: 6379
        },
        Error: connect ECONNREFUSED 127.0.0.1:6379
            at createConnectionError (node:net:1678:14)
            at afterConnectMultiple (node:net:1708:16) {
          errno: -4078,
          code: 'ECONNREFUSED',
          syscall: 'connect',
          address: '127.0.0.1',
          port: 6379
        }
      ]
    }

    [0m [90m 34 |[39m redisClient[33m.[39mon([32m'error'[39m[33m,[39m (err) [33m=>[39m {
     [90m 35 |[39m   [36mif[39m (process[33m.[39menv[33m.[39m[33mNODE_ENV[39m [33m!==[39m [32m'test'[39m) {
    [31m[1m>[22m[39m[90m 36 |[39m     console[33m.[39merror([32m'[DB] Redis Client Error'[39m[33m,[39m err)[33m;[39m
     [90m    |[39m             [31m[1m^[22m[39m
     [90m 37 |[39m   }
     [90m 38 |[39m })[33m;[39m
     [90m 39 |[39m[0m

      at Class.error (server/config/database.js:36:13)
      at RedisSocket.<anonymous> (node_modules/@redis/client/lib/client/index.ts:796:12)
      at RedisSocket.#connect (node_modules/@redis/client/lib/client/socket.ts:246:14)
      at Class.connect (node_modules/@redis/client/lib/client/index.ts:961:5)
      at connectRedis (server/config/database.js:42:5)
      at server/app.js:79:5

  console.error
    [DB] Redis Client Error AggregateError: 
        at internalConnectMultiple (node:net:1134:18)
        at afterConnectMultiple (node:net:1715:7) {
      code: 'ECONNREFUSED',
      [errors]: [
        Error: connect ECONNREFUSED ::1:6379
            at createConnectionError (node:net:1678:14)
            at afterConnectMultiple (node:net:1708:16) {
          errno: -4078,
          code: 'ECONNREFUSED',
          syscall: 'connect',
          address: '::1',
          port: 6379
        },
        Error: connect ECONNREFUSED 127.0.0.1:6379
            at createConnectionError (node:net:1678:14)
            at afterConnectMultiple (node:net:1708:16) {
          errno: -4078,
          code: 'ECONNREFUSED',
          syscall: 'connect',
          address: '127.0.0.1',
          port: 6379
        }
      ]
    }

    [0m [90m 34 |[39m redisClient[33m.[39mon([32m'error'[39m[33m,[39m (err) [33m=>[39m {
     [90m 35 |[39m   [36mif[39m (process[33m.[39menv[33m.[39m[33mNODE_ENV[39m [33m!==[39m [32m'test'[39m) {
    [31m[1m>[22m[39m[90m 36 |[39m     console[33m.[39merror([32m'[DB] Redis Client Error'[39m[33m,[39m err)[33m;[39m
     [90m    |[39m             [31m[1m^[22m[39m
     [90m 37 |[39m   }
     [90m 38 |[39m })[33m;[39m
     [90m 39 |[39m[0m

      at Class.error (server/config/database.js:36:13)
      at RedisSocket.<anonymous> (node_modules/@redis/client/lib/client/index.ts:796:12)
      at RedisSocket.#connect (node_modules/@redis/client/lib/client/socket.ts:246:14)
      at Class.connect (node_modules/@redis/client/lib/client/index.ts:961:5)
      at connectRedis (server/config/database.js:42:5)
      at server/app.js:79:5

  console.error
    [DB] Redis Client Error AggregateError: 
        at internalConnectMultiple (node:net:1134:18)
        at afterConnectMultiple (node:net:1715:7) {
      code: 'ECONNREFUSED',
      [errors]: [
        Error: connect ECONNREFUSED ::1:6379
            at createConnectionError (node:net:1678:14)
            at afterConnectMultiple (node:net:1708:16) {
          errno: -4078,
          code: 'ECONNREFUSED',
          syscall: 'connect',
          address: '::1',
          port: 6379
        },
        Error: connect ECONNREFUSED 127.0.0.1:6379
            at createConnectionError (node:net:1678:14)
            at afterConnectMultiple (node:net:1708:16) {
          errno: -4078,
          code: 'ECONNREFUSED',
          syscall: 'connect',
          address: '127.0.0.1',
          port: 6379
        }
      ]
    }

    [0m [90m 34 |[39m redisClient[33m.[39mon([32m'error'[39m[33m,[39m (err) [33m=>[39m {
     [90m 35 |[39m   [36mif[39m (process[33m.[39menv[33m.[39m[33mNODE_ENV[39m [33m!==[39m [32m'test'[39m) {
    [31m[1m>[22m[39m[90m 36 |[39m     console[33m.[39merror([32m'[DB] Redis Client Error'[39m[33m,[39m err)[33m;[39m
     [90m    |[39m             [31m[1m^[22m[39m
     [90m 37 |[39m   }
     [90m 38 |[39m })[33m;[39m
     [90m 39 |[39m[0m

      at Class.error (server/config/database.js:36:13)
      at RedisSocket.<anonymous> (node_modules/@redis/client/lib/client/index.ts:796:12)
      at RedisSocket.#connect (node_modules/@redis/client/lib/client/socket.ts:246:14)
      at Class.connect (node_modules/@redis/client/lib/client/index.ts:961:5)
      at connectRedis (server/config/database.js:42:5)
      at server/app.js:79:5

  console.error
    [DB] Redis Client Error AggregateError: 
        at internalConnectMultiple (node:net:1134:18)
        at afterConnectMultiple (node:net:1715:7) {
      code: 'ECONNREFUSED',
      [errors]: [
        Error: connect ECONNREFUSED ::1:6379
            at createConnectionError (node:net:1678:14)
            at afterConnectMultiple (node:net:1708:16) {
          errno: -4078,
          code: 'ECONNREFUSED',
          syscall: 'connect',
          address: '::1',
          port: 6379
        },
        Error: connect ECONNREFUSED 127.0.0.1:6379
            at createConnectionError (node:net:1678:14)
            at afterConnectMultiple (node:net:1708:16) {
          errno: -4078,
          code: 'ECONNREFUSED',
          syscall: 'connect',
          address: '127.0.0.1',
          port: 6379
        }
      ]
    }

    [0m [90m 34 |[39m redisClient[33m.[39mon([32m'error'[39m[33m,[39m (err) [33m=>[39m {
     [90m 35 |[39m   [36mif[39m (process[33m.[39menv[33m.[39m[33mNODE_ENV[39m [33m!==[39m [32m'test'[39m) {
    [31m[1m>[22m[39m[90m 36 |[39m     console[33m.[39merror([32m'[DB] Redis Client Error'[39m[33m,[39m err)[33m;[39m
     [90m    |[39m             [31m[1m^[22m[39m
     [90m 37 |[39m   }
     [90m 38 |[39m })[33m;[39m
     [90m 39 |[39m[0m

      at Class.error (server/config/database.js:36:13)
      at RedisSocket.<anonymous> (node_modules/@redis/client/lib/client/index.ts:796:12)
      at RedisSocket.#connect (node_modules/@redis/client/lib/client/socket.ts:246:14)
      at Class.connect (node_modules/@redis/client/lib/client/index.ts:961:5)
      at connectRedis (server/config/database.js:42:5)
      at server/app.js:79:5

  console.error
    [DB] Redis Client Error AggregateError: 
        at internalConnectMultiple (node:net:1134:18)
        at afterConnectMultiple (node:net:1715:7) {
      code: 'ECONNREFUSED',
      [errors]: [
        Error: connect ECONNREFUSED ::1:6379
            at createConnectionError (node:net:1678:14)
            at afterConnectMultiple (node:net:1708:16) {
          errno: -4078,
          code: 'ECONNREFUSED',
          syscall: 'connect',
          address: '::1',
          port: 6379
        },
        Error: connect ECONNREFUSED 127.0.0.1:6379
            at createConnectionError (node:net:1678:14)
            at afterConnectMultiple (node:net:1708:16) {
          errno: -4078,
          code: 'ECONNREFUSED',
          syscall: 'connect',
          address: '127.0.0.1',
          port: 6379
        }
      ]
    }

    [0m [90m 34 |[39m redisClient[33m.[39mon([32m'error'[39m[33m,[39m (err) [33m=>[39m {
     [90m 35 |[39m   [36mif[39m (process[33m.[39menv[33m.[39m[33mNODE_ENV[39m [33m!==[39m [32m'test'[39m) {
    [31m[1m>[22m[39m[90m 36 |[39m     console[33m.[39merror([32m'[DB] Redis Client Error'[39m[33m,[39m err)[33m;[39m
     [90m    |[39m             [31m[1m^[22m[39m
     [90m 37 |[39m   }
     [90m 38 |[39m })[33m;[39m
     [90m 39 |[39m[0m

      at Class.error (server/config/database.js:36:13)
      at RedisSocket.<anonymous> (node_modules/@redis/client/lib/client/index.ts:796:12)
      at RedisSocket.#connect (node_modules/@redis/client/lib/client/socket.ts:246:14)
      at Class.connect (node_modules/@redis/client/lib/client/index.ts:961:5)
      at connectRedis (server/config/database.js:42:5)
      at server/app.js:79:5

  console.error
    [DB] Redis Client Error AggregateError: 
        at internalConnectMultiple (node:net:1134:18)
        at afterConnectMultiple (node:net:1715:7) {
      code: 'ECONNREFUSED',
      [errors]: [
        Error: connect ECONNREFUSED ::1:6379
            at createConnectionError (node:net:1678:14)
            at afterConnectMultiple (node:net:1708:16) {
          errno: -4078,
          code: 'ECONNREFUSED',
          syscall: 'connect',
          address: '::1',
          port: 6379
        },
        Error: connect ECONNREFUSED 127.0.0.1:6379
            at createConnectionError (node:net:1678:14)
            at afterConnectMultiple (node:net:1708:16) {
          errno: -4078,
          code: 'ECONNREFUSED',
          syscall: 'connect',
          address: '127.0.0.1',
          port: 6379
        }
      ]
    }

    [0m [90m 34 |[39m redisClient[33m.[39mon([32m'error'[39m[33m,[39m (err) [33m=>[39m {
     [90m 35 |[39m   [36mif[39m (process[33m.[39menv[33m.[39m[33mNODE_ENV[39m [33m!==[39m [32m'test'[39m) {
    [31m[1m>[22m[39m[90m 36 |[39m     console[33m.[39merror([32m'[DB] Redis Client Error'[39m[33m,[39m err)[33m;[39m
     [90m    |[39m             [31m[1m^[22m[39m
     [90m 37 |[39m   }
     [90m 38 |[39m })[33m;[39m
     [90m 39 |[39m[0m

      at Class.error (server/config/database.js:36:13)
      at RedisSocket.<anonymous> (node_modules/@redis/client/lib/client/index.ts:796:12)
      at RedisSocket.#connect (node_modules/@redis/client/lib/client/socket.ts:246:14)
      at Class.connect (node_modules/@redis/client/lib/client/index.ts:961:5)
      at connectRedis (server/config/database.js:42:5)
      at server/app.js:79:5

  console.error
    [DB] Redis Client Error AggregateError: 
        at internalConnectMultiple (node:net:1134:18)
        at afterConnectMultiple (node:net:1715:7) {
      code: 'ECONNREFUSED',
      [errors]: [
        Error: connect ECONNREFUSED ::1:6379
            at createConnectionError (node:net:1678:14)
            at afterConnectMultiple (node:net:1708:16) {
          errno: -4078,
          code: 'ECONNREFUSED',
          syscall: 'connect',
          address: '::1',
          port: 6379
        },
        Error: connect ECONNREFUSED 127.0.0.1:6379
            at createConnectionError (node:net:1678:14)
            at afterConnectMultiple (node:net:1708:16) {
          errno: -4078,
          code: 'ECONNREFUSED',
          syscall: 'connect',
          address: '127.0.0.1',
          port: 6379
        }
      ]
    }

    [0m [90m 34 |[39m redisClient[33m.[39mon([32m'error'[39m[33m,[39m (err) [33m=>[39m {
     [90m 35 |[39m   [36mif[39m (process[33m.[39menv[33m.[39m[33mNODE_ENV[39m [33m!==[39m [32m'test'[39m) {
    [31m[1m>[22m[39m[90m 36 |[39m     console[33m.[39merror([32m'[DB] Redis Client Error'[39m[33m,[39m err)[33m;[39m
     [90m    |[39m             [31m[1m^[22m[39m
     [90m 37 |[39m   }
     [90m 38 |[39m })[33m;[39m
     [90m 39 |[39m[0m

      at Class.error (server/config/database.js:36:13)
      at RedisSocket.<anonymous> (node_modules/@redis/client/lib/client/index.ts:796:12)
      at RedisSocket.#connect (node_modules/@redis/client/lib/client/socket.ts:246:14)
      at Class.connect (node_modules/@redis/client/lib/client/index.ts:961:5)
      at connectRedis (server/config/database.js:42:5)
      at server/app.js:79:5

  console.error
    [DB] Redis Client Error AggregateError: 
        at internalConnectMultiple (node:net:1134:18)
        at afterConnectMultiple (node:net:1715:7) {
      code: 'ECONNREFUSED',
      [errors]: [
        Error: connect ECONNREFUSED ::1:6379
            at createConnectionError (node:net:1678:14)
            at afterConnectMultiple (node:net:1708:16) {
          errno: -4078,
          code: 'ECONNREFUSED',
          syscall: 'connect',
          address: '::1',
          port: 6379
        },
        Error: connect ECONNREFUSED 127.0.0.1:6379
            at createConnectionError (node:net:1678:14)
            at afterConnectMultiple (node:net:1708:16) {
          errno: -4078,
          code: 'ECONNREFUSED',
          syscall: 'connect',
          address: '127.0.0.1',
          port: 6379
        }
      ]
    }

    [0m [90m 34 |[39m redisClient[33m.[39mon([32m'error'[39m[33m,[39m (err) [33m=>[39m {
     [90m 35 |[39m   [36mif[39m (process[33m.[39menv[33m.[39m[33mNODE_ENV[39m [33m!==[39m [32m'test'[39m) {
    [31m[1m>[22m[39m[90m 36 |[39m     console[33m.[39merror([32m'[DB] Redis Client Error'[39m[33m,[39m err)[33m;[39m
     [90m    |[39m             [31m[1m^[22m[39m
     [90m 37 |[39m   }
     [90m 38 |[39m })[33m;[39m
     [90m 39 |[39m[0m

      at Class.error (server/config/database.js:36:13)
      at RedisSocket.<anonymous> (node_modules/@redis/client/lib/client/index.ts:796:12)
      at RedisSocket.#connect (node_modules/@redis/client/lib/client/socket.ts:246:14)
      at Class.connect (node_modules/@redis/client/lib/client/index.ts:961:5)
      at connectRedis (server/config/database.js:42:5)
      at server/app.js:79:5

  console.error
    [DB] Redis Client Error AggregateError: 
        at internalConnectMultiple (node:net:1134:18)
        at afterConnectMultiple (node:net:1715:7) {
      code: 'ECONNREFUSED',
      [errors]: [
        Error: connect ECONNREFUSED ::1:6379
            at createConnectionError (node:net:1678:14)
            at afterConnectMultiple (node:net:1708:16) {
          errno: -4078,
          code: 'ECONNREFUSED',
          syscall: 'connect',
          address: '::1',
          port: 6379
        },
        Error: connect ECONNREFUSED 127.0.0.1:6379
            at createConnectionError (node:net:1678:14)
            at afterConnectMultiple (node:net:1708:16) {
          errno: -4078,
          code: 'ECONNREFUSED',
          syscall: 'connect',
          address: '127.0.0.1',
          port: 6379
        }
      ]
    }

    [0m [90m 34 |[39m redisClient[33m.[39mon([32m'error'[39m[33m,[39m (err) [33m=>[39m {
     [90m 35 |[39m   [36mif[39m (process[33m.[39menv[33m.[39m[33mNODE_ENV[39m [33m!==[39m [32m'test'[39m) {
    [31m[1m>[22m[39m[90m 36 |[39m     console[33m.[39merror([32m'[DB] Redis Client Error'[39m[33m,[39m err)[33m;[39m
     [90m    |[39m             [31m[1m^[22m[39m
     [90m 37 |[39m   }
     [90m 38 |[39m })[33m;[39m
     [90m 39 |[39m[0m

      at Class.error (server/config/database.js:36:13)
      at RedisSocket.<anonymous> (node_modules/@redis/client/lib/client/index.ts:796:12)
      at RedisSocket.#connect (node_modules/@redis/client/lib/client/socket.ts:246:14)
      at Class.connect (node_modules/@redis/client/lib/client/index.ts:961:5)
      at connectRedis (server/config/database.js:42:5)
      at server/app.js:79:5

  console.error
    [DB] Redis Client Error AggregateError: 
        at internalConnectMultiple (node:net:1134:18)
        at afterConnectMultiple (node:net:1715:7) {
      code: 'ECONNREFUSED',
      [errors]: [
        Error: connect ECONNREFUSED ::1:6379
            at createConnectionError (node:net:1678:14)
            at afterConnectMultiple (node:net:1708:16) {
          errno: -4078,
          code: 'ECONNREFUSED',
          syscall: 'connect',
          address: '::1',
          port: 6379
        },
        Error: connect ECONNREFUSED 127.0.0.1:6379
            at createConnectionError (node:net:1678:14)
            at afterConnectMultiple (node:net:1708:16) {
          errno: -4078,
          code: 'ECONNREFUSED',
          syscall: 'connect',
          address: '127.0.0.1',
          port: 6379
        }
      ]
    }

    [0m [90m 34 |[39m redisClient[33m.[39mon([32m'error'[39m[33m,[39m (err) [33m=>[39m {
     [90m 35 |[39m   [36mif[39m (process[33m.[39menv[33m.[39m[33mNODE_ENV[39m [33m!==[39m [32m'test'[39m) {
    [31m[1m>[22m[39m[90m 36 |[39m     console[33m.[39merror([32m'[DB] Redis Client Error'[39m[33m,[39m err)[33m;[39m
     [90m    |[39m             [31m[1m^[22m[39m
     [90m 37 |[39m   }
     [90m 38 |[39m })[33m;[39m
     [90m 39 |[39m[0m

      at Class.error (server/config/database.js:36:13)
      at RedisSocket.<anonymous> (node_modules/@redis/client/lib/client/index.ts:796:12)
      at RedisSocket.#connect (node_modules/@redis/client/lib/client/socket.ts:246:14)
      at Class.connect (node_modules/@redis/client/lib/client/index.ts:961:5)
      at connectRedis (server/config/database.js:42:5)
      at server/app.js:79:5

  console.error
    [DB] Redis Client Error AggregateError: 
        at internalConnectMultiple (node:net:1134:18)
        at afterConnectMultiple (node:net:1715:7) {
      code: 'ECONNREFUSED',
      [errors]: [
        Error: connect ECONNREFUSED ::1:6379
            at createConnectionError (node:net:1678:14)
            at afterConnectMultiple (node:net:1708:16) {
          errno: -4078,
          code: 'ECONNREFUSED',
          syscall: 'connect',
          address: '::1',
          port: 6379
        },
        Error: connect ECONNREFUSED 127.0.0.1:6379
            at createConnectionError (node:net:1678:14)
            at afterConnectMultiple (node:net:1708:16) {
          errno: -4078,
          code: 'ECONNREFUSED',
          syscall: 'connect',
          address: '127.0.0.1',
          port: 6379
        }
      ]
    }

    [0m [90m 34 |[39m redisClient[33m.[39mon([32m'error'[39m[33m,[39m (err) [33m=>[39m {
     [90m 35 |[39m   [36mif[39m (process[33m.[39menv[33m.[39m[33mNODE_ENV[39m [33m!==[39m [32m'test'[39m) {
    [31m[1m>[22m[39m[90m 36 |[39m     console[33m.[39merror([32m'[DB] Redis Client Error'[39m[33m,[39m err)[33m;[39m
     [90m    |[39m             [31m[1m^[22m[39m
     [90m 37 |[39m   }
     [90m 38 |[39m })[33m;[39m
     [90m 39 |[39m[0m

      at Class.error (server/config/database.js:36:13)
      at RedisSocket.<anonymous> (node_modules/@redis/client/lib/client/index.ts:796:12)
      at RedisSocket.#connect (node_modules/@redis/client/lib/client/socket.ts:246:14)
      at Class.connect (node_modules/@redis/client/lib/client/index.ts:961:5)
      at connectRedis (server/config/database.js:42:5)
      at server/app.js:79:5

  console.error
    [DB] Redis Client Error AggregateError: 
        at internalConnectMultiple (node:net:1134:18)
        at afterConnectMultiple (node:net:1715:7) {
      code: 'ECONNREFUSED',
      [errors]: [
        Error: connect ECONNREFUSED ::1:6379
            at createConnectionError (node:net:1678:14)
            at afterConnectMultiple (node:net:1708:16) {
          errno: -4078,
          code: 'ECONNREFUSED',
          syscall: 'connect',
          address: '::1',
          port: 6379
        },
        Error: connect ECONNREFUSED 127.0.0.1:6379
            at createConnectionError (node:net:1678:14)
            at afterConnectMultiple (node:net:1708:16) {
          errno: -4078,
          code: 'ECONNREFUSED',
          syscall: 'connect',
          address: '127.0.0.1',
          port: 6379
        }
      ]
    }

    [0m [90m 34 |[39m redisClient[33m.[39mon([32m'error'[39m[33m,[39m (err) [33m=>[39m {
     [90m 35 |[39m   [36mif[39m (process[33m.[39menv[33m.[39m[33mNODE_ENV[39m [33m!==[39m [32m'test'[39m) {
    [31m[1m>[22m[39m[90m 36 |[39m     console[33m.[39merror([32m'[DB] Redis Client Error'[39m[33m,[39m err)[33m;[39m
     [90m    |[39m             [31m[1m^[22m[39m
     [90m 37 |[39m   }
     [90m 38 |[39m })[33m;[39m
     [90m 39 |[39m[0m

      at Class.error (server/config/database.js:36:13)
      at RedisSocket.<anonymous> (node_modules/@redis/client/lib/client/index.ts:796:12)
      at RedisSocket.#connect (node_modules/@redis/client/lib/client/socket.ts:246:14)
      at Class.connect (node_modules/@redis/client/lib/client/index.ts:961:5)
      at connectRedis (server/config/database.js:42:5)
      at server/app.js:79:5

  console.error
    [DB] Redis Client Error AggregateError: 
        at internalConnectMultiple (node:net:1134:18)
        at afterConnectMultiple (node:net:1715:7) {
      code: 'ECONNREFUSED',
      [errors]: [
        Error: connect ECONNREFUSED ::1:6379
            at createConnectionError (node:net:1678:14)
            at afterConnectMultiple (node:net:1708:16) {
          errno: -4078,
          code: 'ECONNREFUSED',
          syscall: 'connect',
          address: '::1',
          port: 6379
        },
        Error: connect ECONNREFUSED 127.0.0.1:6379
            at createConnectionError (node:net:1678:14)
            at afterConnectMultiple (node:net:1708:16) {
          errno: -4078,
          code: 'ECONNREFUSED',
          syscall: 'connect',
          address: '127.0.0.1',
          port: 6379
        }
      ]
    }

    [0m [90m 34 |[39m redisClient[33m.[39mon([32m'error'[39m[33m,[39m (err) [33m=>[39m {
     [90m 35 |[39m   [36mif[39m (process[33m.[39menv[33m.[39m[33mNODE_ENV[39m [33m!==[39m [32m'test'[39m) {
    [31m[1m>[22m[39m[90m 36 |[39m     console[33m.[39merror([32m'[DB] Redis Client Error'[39m[33m,[39m err)[33m;[39m
     [90m    |[39m             [31m[1m^[22m[39m
     [90m 37 |[39m   }
     [90m 38 |[39m })[33m;[39m
     [90m 39 |[39m[0m

      at Class.error (server/config/database.js:36:13)
      at RedisSocket.<anonymous> (node_modules/@redis/client/lib/client/index.ts:796:12)
      at RedisSocket.#connect (node_modules/@redis/client/lib/client/socket.ts:246:14)
      at Class.connect (node_modules/@redis/client/lib/client/index.ts:961:5)
      at connectRedis (server/config/database.js:42:5)
      at server/app.js:79:5

  console.error
    [DB] Redis Client Error AggregateError: 
        at internalConnectMultiple (node:net:1134:18)
        at afterConnectMultiple (node:net:1715:7) {
      code: 'ECONNREFUSED',
      [errors]: [
        Error: connect ECONNREFUSED ::1:6379
            at createConnectionError (node:net:1678:14)
            at afterConnectMultiple (node:net:1708:16) {
          errno: -4078,
          code: 'ECONNREFUSED',
          syscall: 'connect',
          address: '::1',
          port: 6379
        },
        Error: connect ECONNREFUSED 127.0.0.1:6379
            at createConnectionError (node:net:1678:14)
            at afterConnectMultiple (node:net:1708:16) {
          errno: -4078,
          code: 'ECONNREFUSED',
          syscall: 'connect',
          address: '127.0.0.1',
          port: 6379
        }
      ]
    }

    [0m [90m 34 |[39m redisClient[33m.[39mon([32m'error'[39m[33m,[39m (err) [33m=>[39m {
     [90m 35 |[39m   [36mif[39m (process[33m.[39menv[33m.[39m[33mNODE_ENV[39m [33m!==[39m [32m'test'[39m) {
    [31m[1m>[22m[39m[90m 36 |[39m     console[33m.[39merror([32m'[DB] Redis Client Error'[39m[33m,[39m err)[33m;[39m
     [90m    |[39m             [31m[1m^[22m[39m
     [90m 37 |[39m   }
     [90m 38 |[39m })[33m;[39m
     [90m 39 |[39m[0m

      at Class.error (server/config/database.js:36:13)
      at RedisSocket.<anonymous> (node_modules/@redis/client/lib/client/index.ts:796:12)
      at RedisSocket.#connect (node_modules/@redis/client/lib/client/socket.ts:246:14)
      at Class.connect (node_modules/@redis/client/lib/client/index.ts:961:5)
      at connectRedis (server/config/database.js:42:5)
      at server/app.js:79:5

  console.error
    [DB] Redis Client Error AggregateError: 
        at internalConnectMultiple (node:net:1134:18)
        at afterConnectMultiple (node:net:1715:7) {
      code: 'ECONNREFUSED',
      [errors]: [
        Error: connect ECONNREFUSED ::1:6379
            at createConnectionError (node:net:1678:14)
            at afterConnectMultiple (node:net:1708:16) {
          errno: -4078,
          code: 'ECONNREFUSED',
          syscall: 'connect',
          address: '::1',
          port: 6379
        },
        Error: connect ECONNREFUSED 127.0.0.1:6379
            at createConnectionError (node:net:1678:14)
            at afterConnectMultiple (node:net:1708:16) {
          errno: -4078,
          code: 'ECONNREFUSED',
          syscall: 'connect',
          address: '127.0.0.1',
          port: 6379
        }
      ]
    }

    [0m [90m 34 |[39m redisClient[33m.[39mon([32m'error'[39m[33m,[39m (err) [33m=>[39m {
     [90m 35 |[39m   [36mif[39m (process[33m.[39menv[33m.[39m[33mNODE_ENV[39m [33m!==[39m [32m'test'[39m) {
    [31m[1m>[22m[39m[90m 36 |[39m     console[33m.[39merror([32m'[DB] Redis Client Error'[39m[33m,[39m err)[33m;[39m
     [90m    |[39m             [31m[1m^[22m[39m
     [90m 37 |[39m   }
     [90m 38 |[39m })[33m;[39m
     [90m 39 |[39m[0m

      at Class.error (server/config/database.js:36:13)
      at RedisSocket.<anonymous> (node_modules/@redis/client/lib/client/index.ts:796:12)
      at RedisSocket.#connect (node_modules/@redis/client/lib/client/socket.ts:246:14)
      at Class.connect (node_modules/@redis/client/lib/client/index.ts:961:5)
      at connectRedis (server/config/database.js:42:5)
      at server/app.js:79:5

  console.error
    [DB] Redis Client Error AggregateError: 
        at internalConnectMultiple (node:net:1134:18)
        at afterConnectMultiple (node:net:1715:7) {
      code: 'ECONNREFUSED',
      [errors]: [
        Error: connect ECONNREFUSED ::1:6379
            at createConnectionError (node:net:1678:14)
            at afterConnectMultiple (node:net:1708:16) {
          errno: -4078,
          code: 'ECONNREFUSED',
          syscall: 'connect',
          address: '::1',
          port: 6379
        },
        Error: connect ECONNREFUSED 127.0.0.1:6379
            at createConnectionError (node:net:1678:14)
            at afterConnectMultiple (node:net:1708:16) {
          errno: -4078,
          code: 'ECONNREFUSED',
          syscall: 'connect',
          address: '127.0.0.1',
          port: 6379
        }
      ]
    }

    [0m [90m 34 |[39m redisClient[33m.[39mon([32m'error'[39m[33m,[39m (err) [33m=>[39m {
     [90m 35 |[39m   [36mif[39m (process[33m.[39menv[33m.[39m[33mNODE_ENV[39m [33m!==[39m [32m'test'[39m) {
    [31m[1m>[22m[39m[90m 36 |[39m     console[33m.[39merror([32m'[DB] Redis Client Error'[39m[33m,[39m err)[33m;[39m
     [90m    |[39m             [31m[1m^[22m[39m
     [90m 37 |[39m   }
     [90m 38 |[39m })[33m;[39m
     [90m 39 |[39m[0m

      at Class.error (server/config/database.js:36:13)
      at RedisSocket.<anonymous> (node_modules/@redis/client/lib/client/index.ts:796:12)
      at RedisSocket.#connect (node_modules/@redis/client/lib/client/socket.ts:246:14)
      at Class.connect (node_modules/@redis/client/lib/client/index.ts:961:5)
      at connectRedis (server/config/database.js:42:5)
      at server/app.js:79:5

  console.error
    [DB] Redis Client Error AggregateError: 
        at internalConnectMultiple (node:net:1134:18)
        at afterConnectMultiple (node:net:1715:7) {
      code: 'ECONNREFUSED',
      [errors]: [
        Error: connect ECONNREFUSED ::1:6379
            at createConnectionError (node:net:1678:14)
            at afterConnectMultiple (node:net:1708:16) {
          errno: -4078,
          code: 'ECONNREFUSED',
          syscall: 'connect',
          address: '::1',
          port: 6379
        },
        Error: connect ECONNREFUSED 127.0.0.1:6379
            at createConnectionError (node:net:1678:14)
            at afterConnectMultiple (node:net:1708:16) {
          errno: -4078,
          code: 'ECONNREFUSED',
          syscall: 'connect',
          address: '127.0.0.1',
          port: 6379
        }
      ]
    }

    [0m [90m 34 |[39m redisClient[33m.[39mon([32m'error'[39m[33m,[39m (err) [33m=>[39m {
     [90m 35 |[39m   [36mif[39m (process[33m.[39menv[33m.[39m[33mNODE_ENV[39m [33m!==[39m [32m'test'[39m) {
    [31m[1m>[22m[39m[90m 36 |[39m     console[33m.[39merror([32m'[DB] Redis Client Error'[39m[33m,[39m err)[33m;[39m
     [90m    |[39m             [31m[1m^[22m[39m
     [90m 37 |[39m   }
     [90m 38 |[39m })[33m;[39m
     [90m 39 |[39m[0m

      at Class.error (server/config/database.js:36:13)
      at RedisSocket.<anonymous> (node_modules/@redis/client/lib/client/index.ts:796:12)
      at RedisSocket.#connect (node_modules/@redis/client/lib/client/socket.ts:246:14)
      at Class.connect (node_modules/@redis/client/lib/client/index.ts:961:5)
      at connectRedis (server/config/database.js:42:5)
      at server/app.js:79:5

  console.error
    [DB] Redis Client Error AggregateError: 
        at internalConnectMultiple (node:net:1134:18)
        at afterConnectMultiple (node:net:1715:7) {
      code: 'ECONNREFUSED',
      [errors]: [
        Error: connect ECONNREFUSED ::1:6379
            at createConnectionError (node:net:1678:14)
            at afterConnectMultiple (node:net:1708:16) {
          errno: -4078,
          code: 'ECONNREFUSED',
          syscall: 'connect',
          address: '::1',
          port: 6379
        },
        Error: connect ECONNREFUSED 127.0.0.1:6379
            at createConnectionError (node:net:1678:14)
            at afterConnectMultiple (node:net:1708:16) {
          errno: -4078,
          code: 'ECONNREFUSED',
          syscall: 'connect',
          address: '127.0.0.1',
          port: 6379
        }
      ]
    }

    [0m [90m 34 |[39m redisClient[33m.[39mon([32m'error'[39m[33m,[39m (err) [33m=>[39m {
     [90m 35 |[39m   [36mif[39m (process[33m.[39menv[33m.[39m[33mNODE_ENV[39m [33m!==[39m [32m'test'[39m) {
    [31m[1m>[22m[39m[90m 36 |[39m     console[33m.[39merror([32m'[DB] Redis Client Error'[39m[33m,[39m err)[33m;[39m
     [90m    |[39m             [31m[1m^[22m[39m
     [90m 37 |[39m   }
     [90m 38 |[39m })[33m;[39m
     [90m 39 |[39m[0m

      at Class.error (server/config/database.js:36:13)
      at RedisSocket.<anonymous> (node_modules/@redis/client/lib/client/index.ts:796:12)
      at RedisSocket.#connect (node_modules/@redis/client/lib/client/socket.ts:246:14)
      at Class.connect (node_modules/@redis/client/lib/client/index.ts:961:5)
      at connectRedis (server/config/database.js:42:5)
      at server/app.js:79:5

  console.error
    [DB] Redis Client Error AggregateError: 
        at internalConnectMultiple (node:net:1134:18)
        at afterConnectMultiple (node:net:1715:7) {
      code: 'ECONNREFUSED',
      [errors]: [
        Error: connect ECONNREFUSED ::1:6379
            at createConnectionError (node:net:1678:14)
            at afterConnectMultiple (node:net:1708:16) {
          errno: -4078,
          code: 'ECONNREFUSED',
          syscall: 'connect',
          address: '::1',
          port: 6379
        },
        Error: connect ECONNREFUSED 127.0.0.1:6379
            at createConnectionError (node:net:1678:14)
            at afterConnectMultiple (node:net:1708:16) {
          errno: -4078,
          code: 'ECONNREFUSED',
          syscall: 'connect',
          address: '127.0.0.1',
          port: 6379
        }
      ]
    }

    [0m [90m 34 |[39m redisClient[33m.[39mon([32m'error'[39m[33m,[39m (err) [33m=>[39m {
     [90m 35 |[39m   [36mif[39m (process[33m.[39menv[33m.[39m[33mNODE_ENV[39m [33m!==[39m [32m'test'[39m) {
    [31m[1m>[22m[39m[90m 36 |[39m     console[33m.[39merror([32m'[DB] Redis Client Error'[39m[33m,[39m err)[33m;[39m
     [90m    |[39m             [31m[1m^[22m[39m
     [90m 37 |[39m   }
     [90m 38 |[39m })[33m;[39m
     [90m 39 |[39m[0m

      at Class.error (server/config/database.js:36:13)
      at RedisSocket.<anonymous> (node_modules/@redis/client/lib/client/index.ts:796:12)
      at RedisSocket.#connect (node_modules/@redis/client/lib/client/socket.ts:246:14)
      at Class.connect (node_modules/@redis/client/lib/client/index.ts:961:5)
      at connectRedis (server/config/database.js:42:5)
      at server/app.js:79:5

  console.error
    [DB] Redis Client Error AggregateError: 
        at internalConnectMultiple (node:net:1134:18)
        at afterConnectMultiple (node:net:1715:7) {
      code: 'ECONNREFUSED',
      [errors]: [
        Error: connect ECONNREFUSED ::1:6379
            at createConnectionError (node:net:1678:14)
            at afterConnectMultiple (node:net:1708:16) {
          errno: -4078,
          code: 'ECONNREFUSED',
          syscall: 'connect',
          address: '::1',
          port: 6379
        },
        Error: connect ECONNREFUSED 127.0.0.1:6379
            at createConnectionError (node:net:1678:14)
            at afterConnectMultiple (node:net:1708:16) {
          errno: -4078,
          code: 'ECONNREFUSED',
          syscall: 'connect',
          address: '127.0.0.1',
          port: 6379
        }
      ]
    }

    [0m [90m 34 |[39m redisClient[33m.[39mon([32m'error'[39m[33m,[39m (err) [33m=>[39m {
     [90m 35 |[39m   [36mif[39m (process[33m.[39menv[33m.[39m[33mNODE_ENV[39m [33m!==[39m [32m'test'[39m) {
    [31m[1m>[22m[39m[90m 36 |[39m     console[33m.[39merror([32m'[DB] Redis Client Error'[39m[33m,[39m err)[33m;[39m
     [90m    |[39m             [31m[1m^[22m[39m
     [90m 37 |[39m   }
     [90m 38 |[39m })[33m;[39m
     [90m 39 |[39m[0m

      at Class.error (server/config/database.js:36:13)
      at RedisSocket.<anonymous> (node_modules/@redis/client/lib/client/index.ts:796:12)
      at RedisSocket.#connect (node_modules/@redis/client/lib/client/socket.ts:246:14)
      at Class.connect (node_modules/@redis/client/lib/client/index.ts:961:5)
      at connectRedis (server/config/database.js:42:5)
      at server/app.js:79:5

  console.error
    [DB] Redis Client Error AggregateError: 
        at internalConnectMultiple (node:net:1134:18)
        at afterConnectMultiple (node:net:1715:7) {
      code: 'ECONNREFUSED',
      [errors]: [
        Error: connect ECONNREFUSED ::1:6379
            at createConnectionError (node:net:1678:14)
            at afterConnectMultiple (node:net:1708:16) {
          errno: -4078,
          code: 'ECONNREFUSED',
          syscall: 'connect',
          address: '::1',
          port: 6379
        },
        Error: connect ECONNREFUSED 127.0.0.1:6379
            at createConnectionError (node:net:1678:14)
            at afterConnectMultiple (node:net:1708:16) {
          errno: -4078,
          code: 'ECONNREFUSED',
          syscall: 'connect',
          address: '127.0.0.1',
          port: 6379
        }
      ]
    }

    [0m [90m 34 |[39m redisClient[33m.[39mon([32m'error'[39m[33m,[39m (err) [33m=>[39m {
     [90m 35 |[39m   [36mif[39m (process[33m.[39menv[33m.[39m[33mNODE_ENV[39m [33m!==[39m [32m'test'[39m) {
    [31m[1m>[22m[39m[90m 36 |[39m     console[33m.[39merror([32m'[DB] Redis Client Error'[39m[33m,[39m err)[33m;[39m
     [90m    |[39m             [31m[1m^[22m[39m
     [90m 37 |[39m   }
     [90m 38 |[39m })[33m;[39m
     [90m 39 |[39m[0m

      at Class.error (server/config/database.js:36:13)
      at RedisSocket.<anonymous> (node_modules/@redis/client/lib/client/index.ts:796:12)
      at RedisSocket.#connect (node_modules/@redis/client/lib/client/socket.ts:246:14)
      at Class.connect (node_modules/@redis/client/lib/client/index.ts:961:5)
      at connectRedis (server/config/database.js:42:5)
      at server/app.js:79:5

  console.error
    [DB] Redis Client Error AggregateError: 
        at internalConnectMultiple (node:net:1134:18)
        at afterConnectMultiple (node:net:1715:7) {
      code: 'ECONNREFUSED',
      [errors]: [
        Error: connect ECONNREFUSED ::1:6379
            at createConnectionError (node:net:1678:14)
            at afterConnectMultiple (node:net:1708:16) {
          errno: -4078,
          code: 'ECONNREFUSED',
          syscall: 'connect',
          address: '::1',
          port: 6379
        },
        Error: connect ECONNREFUSED 127.0.0.1:6379
            at createConnectionError (node:net:1678:14)
            at afterConnectMultiple (node:net:1708:16) {
          errno: -4078,
          code: 'ECONNREFUSED',
          syscall: 'connect',
          address: '127.0.0.1',
          port: 6379
        }
      ]
    }

    [0m [90m 34 |[39m redisClient[33m.[39mon([32m'error'[39m[33m,[39m (err) [33m=>[39m {
     [90m 35 |[39m   [36mif[39m (process[33m.[39menv[33m.[39m[33mNODE_ENV[39m [33m!==[39m [32m'test'[39m) {
    [31m[1m>[22m[39m[90m 36 |[39m     console[33m.[39merror([32m'[DB] Redis Client Error'[39m[33m,[39m err)[33m;[39m
     [90m    |[39m             [31m[1m^[22m[39m
     [90m 37 |[39m   }
     [90m 38 |[39m })[33m;[39m
     [90m 39 |[39m[0m

      at Class.error (server/config/database.js:36:13)
      at RedisSocket.<anonymous> (node_modules/@redis/client/lib/client/index.ts:796:12)
      at RedisSocket.#connect (node_modules/@redis/client/lib/client/socket.ts:246:14)
      at Class.connect (node_modules/@redis/client/lib/client/index.ts:961:5)
      at connectRedis (server/config/database.js:42:5)
      at server/app.js:79:5

  console.error
    [DB] Redis Client Error AggregateError: 
        at internalConnectMultiple (node:net:1134:18)
        at afterConnectMultiple (node:net:1715:7) {
      code: 'ECONNREFUSED',
      [errors]: [
        Error: connect ECONNREFUSED ::1:6379
            at createConnectionError (node:net:1678:14)
            at afterConnectMultiple (node:net:1708:16) {
          errno: -4078,
          code: 'ECONNREFUSED',
          syscall: 'connect',
          address: '::1',
          port: 6379
        },
        Error: connect ECONNREFUSED 127.0.0.1:6379
            at createConnectionError (node:net:1678:14)
            at afterConnectMultiple (node:net:1708:16) {
          errno: -4078,
          code: 'ECONNREFUSED',
          syscall: 'connect',
          address: '127.0.0.1',
          port: 6379
        }
      ]
    }

    [0m [90m 34 |[39m redisClient[33m.[39mon([32m'error'[39m[33m,[39m (err) [33m=>[39m {
     [90m 35 |[39m   [36mif[39m (process[33m.[39menv[33m.[39m[33mNODE_ENV[39m [33m!==[39m [32m'test'[39m) {
    [31m[1m>[22m[39m[90m 36 |[39m     console[33m.[39merror([32m'[DB] Redis Client Error'[39m[33m,[39m err)[33m;[39m
     [90m    |[39m             [31m[1m^[22m[39m
     [90m 37 |[39m   }
     [90m 38 |[39m })[33m;[39m
     [90m 39 |[39m[0m

      at Class.error (server/config/database.js:36:13)
      at RedisSocket.<anonymous> (node_modules/@redis/client/lib/client/index.ts:796:12)
      at RedisSocket.#connect (node_modules/@redis/client/lib/client/socket.ts:246:14)
      at Class.connect (node_modules/@redis/client/lib/client/index.ts:961:5)
      at connectRedis (server/config/database.js:42:5)
      at server/app.js:79:5

  console.error
    [DB] Redis Client Error AggregateError: 
        at internalConnectMultiple (node:net:1134:18)
        at afterConnectMultiple (node:net:1715:7) {
      code: 'ECONNREFUSED',
      [errors]: [
        Error: connect ECONNREFUSED ::1:6379
            at createConnectionError (node:net:1678:14)
            at afterConnectMultiple (node:net:1708:16) {
          errno: -4078,
          code: 'ECONNREFUSED',
          syscall: 'connect',
          address: '::1',
          port: 6379
        },
        Error: connect ECONNREFUSED 127.0.0.1:6379
            at createConnectionError (node:net:1678:14)
            at afterConnectMultiple (node:net:1708:16) {
          errno: -4078,
          code: 'ECONNREFUSED',
          syscall: 'connect',
          address: '127.0.0.1',
          port: 6379
        }
      ]
    }

    [0m [90m 34 |[39m redisClient[33m.[39mon([32m'error'[39m[33m,[39m (err) [33m=>[39m {
     [90m 35 |[39m   [36mif[39m (process[33m.[39menv[33m.[39m[33mNODE_ENV[39m [33m!==[39m [32m'test'[39m) {
    [31m[1m>[22m[39m[90m 36 |[39m     console[33m.[39merror([32m'[DB] Redis Client Error'[39m[33m,[39m err)[33m;[39m
     [90m    |[39m             [31m[1m^[22m[39m
     [90m 37 |[39m   }
     [90m 38 |[39m })[33m;[39m
     [90m 39 |[39m[0m

      at Class.error (server/config/database.js:36:13)
      at RedisSocket.<anonymous> (node_modules/@redis/client/lib/client/index.ts:796:12)
      at RedisSocket.#connect (node_modules/@redis/client/lib/client/socket.ts:246:14)
      at Class.connect (node_modules/@redis/client/lib/client/index.ts:961:5)
      at connectRedis (server/config/database.js:42:5)
      at server/app.js:79:5

  console.error
    [DB] Redis Client Error AggregateError: 
        at internalConnectMultiple (node:net:1134:18)
        at afterConnectMultiple (node:net:1715:7) {
      code: 'ECONNREFUSED',
      [errors]: [
        Error: connect ECONNREFUSED ::1:6379
            at createConnectionError (node:net:1678:14)
            at afterConnectMultiple (node:net:1708:16) {
          errno: -4078,
          code: 'ECONNREFUSED',
          syscall: 'connect',
          address: '::1',
          port: 6379
        },
        Error: connect ECONNREFUSED 127.0.0.1:6379
            at createConnectionError (node:net:1678:14)
            at afterConnectMultiple (node:net:1708:16) {
          errno: -4078,
          code: 'ECONNREFUSED',
          syscall: 'connect',
          address: '127.0.0.1',
          port: 6379
        }
      ]
    }

    [0m [90m 34 |[39m redisClient[33m.[39mon([32m'error'[39m[33m,[39m (err) [33m=>[39m {
     [90m 35 |[39m   [36mif[39m (process[33m.[39menv[33m.[39m[33mNODE_ENV[39m [33m!==[39m [32m'test'[39m) {
    [31m[1m>[22m[39m[90m 36 |[39m     console[33m.[39merror([32m'[DB] Redis Client Error'[39m[33m,[39m err)[33m;[39m
     [90m    |[39m             [31m[1m^[22m[39m
     [90m 37 |[39m   }
     [90m 38 |[39m })[33m;[39m
     [90m 39 |[39m[0m

      at Class.error (server/config/database.js:36:13)
      at RedisSocket.<anonymous> (node_modules/@redis/client/lib/client/index.ts:796:12)
      at RedisSocket.#connect (node_modules/@redis/client/lib/client/socket.ts:246:14)
      at Class.connect (node_modules/@redis/client/lib/client/index.ts:961:5)
      at connectRedis (server/config/database.js:42:5)
      at server/app.js:79:5

  console.error
    [DB] Redis Client Error AggregateError: 
        at internalConnectMultiple (node:net:1134:18)
        at afterConnectMultiple (node:net:1715:7) {
      code: 'ECONNREFUSED',
      [errors]: [
        Error: connect ECONNREFUSED ::1:6379
            at createConnectionError (node:net:1678:14)
            at afterConnectMultiple (node:net:1708:16) {
          errno: -4078,
          code: 'ECONNREFUSED',
          syscall: 'connect',
          address: '::1',
          port: 6379
        },
        Error: connect ECONNREFUSED 127.0.0.1:6379
            at createConnectionError (node:net:1678:14)
            at afterConnectMultiple (node:net:1708:16) {
          errno: -4078,
          code: 'ECONNREFUSED',
          syscall: 'connect',
          address: '127.0.0.1',
          port: 6379
        }
      ]
    }

    [0m [90m 34 |[39m redisClient[33m.[39mon([32m'error'[39m[33m,[39m (err) [33m=>[39m {
     [90m 35 |[39m   [36mif[39m (process[33m.[39menv[33m.[39m[33mNODE_ENV[39m [33m!==[39m [32m'test'[39m) {
    [31m[1m>[22m[39m[90m 36 |[39m     console[33m.[39merror([32m'[DB] Redis Client Error'[39m[33m,[39m err)[33m;[39m
     [90m    |[39m             [31m[1m^[22m[39m
     [90m 37 |[39m   }
     [90m 38 |[39m })[33m;[39m
     [90m 39 |[39m[0m

      at Class.error (server/config/database.js:36:13)
      at RedisSocket.<anonymous> (node_modules/@redis/client/lib/client/index.ts:796:12)
      at RedisSocket.#connect (node_modules/@redis/client/lib/client/socket.ts:246:14)
      at Class.connect (node_modules/@redis/client/lib/client/index.ts:961:5)
      at connectRedis (server/config/database.js:42:5)
      at server/app.js:79:5

  console.error
    [DB] Redis Client Error AggregateError: 
        at internalConnectMultiple (node:net:1134:18)
        at afterConnectMultiple (node:net:1715:7) {
      code: 'ECONNREFUSED',
      [errors]: [
        Error: connect ECONNREFUSED ::1:6379
            at createConnectionError (node:net:1678:14)
            at afterConnectMultiple (node:net:1708:16) {
          errno: -4078,
          code: 'ECONNREFUSED',
          syscall: 'connect',
          address: '::1',
          port: 6379
        },
        Error: connect ECONNREFUSED 127.0.0.1:6379
            at createConnectionError (node:net:1678:14)
            at afterConnectMultiple (node:net:1708:16) {
          errno: -4078,
          code: 'ECONNREFUSED',
          syscall: 'connect',
          address: '127.0.0.1',
          port: 6379
        }
      ]
    }

    [0m [90m 34 |[39m redisClient[33m.[39mon([32m'error'[39m[33m,[39m (err) [33m=>[39m {
     [90m 35 |[39m   [36mif[39m (process[33m.[39menv[33m.[39m[33mNODE_ENV[39m [33m!==[39m [32m'test'[39m) {
    [31m[1m>[22m[39m[90m 36 |[39m     console[33m.[39merror([32m'[DB] Redis Client Error'[39m[33m,[39m err)[33m;[39m
     [90m    |[39m             [31m[1m^[22m[39m
     [90m 37 |[39m   }
     [90m 38 |[39m })[33m;[39m
     [90m 39 |[39m[0m

      at Class.error (server/config/database.js:36:13)
      at RedisSocket.<anonymous> (node_modules/@redis/client/lib/client/index.ts:796:12)
      at RedisSocket.#connect (node_modules/@redis/client/lib/client/socket.ts:246:14)
      at Class.connect (node_modules/@redis/client/lib/client/index.ts:961:5)
      at connectRedis (server/config/database.js:42:5)
      at server/app.js:79:5

  console.error
    [DB] Redis Client Error AggregateError: 
        at internalConnectMultiple (node:net:1134:18)
        at afterConnectMultiple (node:net:1715:7) {
      code: 'ECONNREFUSED',
      [errors]: [
        Error: connect ECONNREFUSED ::1:6379
            at createConnectionError (node:net:1678:14)
            at afterConnectMultiple (node:net:1708:16) {
          errno: -4078,
          code: 'ECONNREFUSED',
          syscall: 'connect',
          address: '::1',
          port: 6379
        },
        Error: connect ECONNREFUSED 127.0.0.1:6379
            at createConnectionError (node:net:1678:14)
            at afterConnectMultiple (node:net:1708:16) {
          errno: -4078,
          code: 'ECONNREFUSED',
          syscall: 'connect',
          address: '127.0.0.1',
          port: 6379
        }
      ]
    }

    [0m [90m 34 |[39m redisClient[33m.[39mon([32m'error'[39m[33m,[39m (err) [33m=>[39m {
     [90m 35 |[39m   [36mif[39m (process[33m.[39menv[33m.[39m[33mNODE_ENV[39m [33m!==[39m [32m'test'[39m) {
    [31m[1m>[22m[39m[90m 36 |[39m     console[33m.[39merror([32m'[DB] Redis Client Error'[39m[33m,[39m err)[33m;[39m
     [90m    |[39m             [31m[1m^[22m[39m
     [90m 37 |[39m   }
     [90m 38 |[39m })[33m;[39m
     [90m 39 |[39m[0m

      at Class.error (server/config/database.js:36:13)
      at RedisSocket.<anonymous> (node_modules/@redis/client/lib/client/index.ts:796:12)
      at RedisSocket.#connect (node_modules/@redis/client/lib/client/socket.ts:246:14)
      at Class.connect (node_modules/@redis/client/lib/client/index.ts:961:5)
      at connectRedis (server/config/database.js:42:5)
      at server/app.js:79:5

  console.error
    [DB] Redis Client Error AggregateError: 
        at internalConnectMultiple (node:net:1134:18)
        at afterConnectMultiple (node:net:1715:7) {
      code: 'ECONNREFUSED',
      [errors]: [
        Error: connect ECONNREFUSED ::1:6379
            at createConnectionError (node:net:1678:14)
            at afterConnectMultiple (node:net:1708:16) {
          errno: -4078,
          code: 'ECONNREFUSED',
          syscall: 'connect',
          address: '::1',
          port: 6379
        },
        Error: connect ECONNREFUSED 127.0.0.1:6379
            at createConnectionError (node:net:1678:14)
            at afterConnectMultiple (node:net:1708:16) {
          errno: -4078,
          code: 'ECONNREFUSED',
          syscall: 'connect',
          address: '127.0.0.1',
          port: 6379
        }
      ]
    }

    [0m [90m 34 |[39m redisClient[33m.[39mon([32m'error'[39m[33m,[39m (err) [33m=>[39m {
     [90m 35 |[39m   [36mif[39m (process[33m.[39menv[33m.[39m[33mNODE_ENV[39m [33m!==[39m [32m'test'[39m) {
    [31m[1m>[22m[39m[90m 36 |[39m     console[33m.[39merror([32m'[DB] Redis Client Error'[39m[33m,[39m err)[33m;[39m
     [90m    |[39m             [31m[1m^[22m[39m
     [90m 37 |[39m   }
     [90m 38 |[39m })[33m;[39m
     [90m 39 |[39m[0m

      at Class.error (server/config/database.js:36:13)
      at RedisSocket.<anonymous> (node_modules/@redis/client/lib/client/index.ts:796:12)
      at RedisSocket.#connect (node_modules/@redis/client/lib/client/socket.ts:246:14)
      at Class.connect (node_modules/@redis/client/lib/client/index.ts:961:5)
      at connectRedis (server/config/database.js:42:5)
      at server/app.js:79:5

  console.error
    [DB] Redis Client Error AggregateError: 
        at internalConnectMultiple (node:net:1134:18)
        at afterConnectMultiple (node:net:1715:7) {
      code: 'ECONNREFUSED',
      [errors]: [
        Error: connect ECONNREFUSED ::1:6379
            at createConnectionError (node:net:1678:14)
            at afterConnectMultiple (node:net:1708:16) {
          errno: -4078,
          code: 'ECONNREFUSED',
          syscall: 'connect',
          address: '::1',
          port: 6379
        },
        Error: connect ECONNREFUSED 127.0.0.1:6379
            at createConnectionError (node:net:1678:14)
            at afterConnectMultiple (node:net:1708:16) {
          errno: -4078,
          code: 'ECONNREFUSED',
          syscall: 'connect',
          address: '127.0.0.1',
          port: 6379
        }
      ]
    }

    [0m [90m 34 |[39m redisClient[33m.[39mon([32m'error'[39m[33m,[39m (err) [33m=>[39m {
     [90m 35 |[39m   [36mif[39m (process[33m.[39menv[33m.[39m[33mNODE_ENV[39m [33m!==[39m [32m'test'[39m) {
    [31m[1m>[22m[39m[90m 36 |[39m     console[33m.[39merror([32m'[DB] Redis Client Error'[39m[33m,[39m err)[33m;[39m
     [90m    |[39m             [31m[1m^[22m[39m
     [90m 37 |[39m   }
     [90m 38 |[39m })[33m;[39m
     [90m 39 |[39m[0m

      at Class.error (server/config/database.js:36:13)
      at RedisSocket.<anonymous> (node_modules/@redis/client/lib/client/index.ts:796:12)
      at RedisSocket.#connect (node_modules/@redis/client/lib/client/socket.ts:246:14)
      at Class.connect (node_modules/@redis/client/lib/client/index.ts:961:5)
      at connectRedis (server/config/database.js:42:5)
      at server/app.js:79:5

  console.error
    [DB] Redis Client Error AggregateError: 
        at internalConnectMultiple (node:net:1134:18)
        at afterConnectMultiple (node:net:1715:7) {
      code: 'ECONNREFUSED',
      [errors]: [
        Error: connect ECONNREFUSED ::1:6379
            at createConnectionError (node:net:1678:14)
            at afterConnectMultiple (node:net:1708:16) {
          errno: -4078,
          code: 'ECONNREFUSED',
          syscall: 'connect',
          address: '::1',
          port: 6379
        },
        Error: connect ECONNREFUSED 127.0.0.1:6379
            at createConnectionError (node:net:1678:14)
            at afterConnectMultiple (node:net:1708:16) {
          errno: -4078,
          code: 'ECONNREFUSED',
          syscall: 'connect',
          address: '127.0.0.1',
          port: 6379
        }
      ]
    }

    [0m [90m 34 |[39m redisClient[33m.[39mon([32m'error'[39m[33m,[39m (err) [33m=>[39m {
     [90m 35 |[39m   [36mif[39m (process[33m.[39menv[33m.[39m[33mNODE_ENV[39m [33m!==[39m [32m'test'[39m) {
    [31m[1m>[22m[39m[90m 36 |[39m     console[33m.[39merror([32m'[DB] Redis Client Error'[39m[33m,[39m err)[33m;[39m
     [90m    |[39m             [31m[1m^[22m[39m
     [90m 37 |[39m   }
     [90m 38 |[39m })[33m;[39m
     [90m 39 |[39m[0m

      at Class.error (server/config/database.js:36:13)
      at RedisSocket.<anonymous> (node_modules/@redis/client/lib/client/index.ts:796:12)
      at RedisSocket.#connect (node_modules/@redis/client/lib/client/socket.ts:246:14)
      at Class.connect (node_modules/@redis/client/lib/client/index.ts:961:5)
      at connectRedis (server/config/database.js:42:5)
      at server/app.js:79:5

  console.error
    [DB] Redis Client Error AggregateError: 
        at internalConnectMultiple (node:net:1134:18)
        at afterConnectMultiple (node:net:1715:7) {
      code: 'ECONNREFUSED',
      [errors]: [
        Error: connect ECONNREFUSED ::1:6379
            at createConnectionError (node:net:1678:14)
            at afterConnectMultiple (node:net:1708:16) {
          errno: -4078,
          code: 'ECONNREFUSED',
          syscall: 'connect',
          address: '::1',
          port: 6379
        },
        Error: connect ECONNREFUSED 127.0.0.1:6379
            at createConnectionError (node:net:1678:14)
            at afterConnectMultiple (node:net:1708:16) {
          errno: -4078,
          code: 'ECONNREFUSED',
          syscall: 'connect',
          address: '127.0.0.1',
          port: 6379
        }
      ]
    }

    [0m [90m 34 |[39m redisClient[33m.[39mon([32m'error'[39m[33m,[39m (err) [33m=>[39m {
     [90m 35 |[39m   [36mif[39m (process[33m.[39menv[33m.[39m[33mNODE_ENV[39m [33m!==[39m [32m'test'[39m) {
    [31m[1m>[22m[39m[90m 36 |[39m     console[33m.[39merror([32m'[DB] Redis Client Error'[39m[33m,[39m err)[33m;[39m
     [90m    |[39m             [31m[1m^[22m[39m
     [90m 37 |[39m   }
     [90m 38 |[39m })[33m;[39m
     [90m 39 |[39m[0m

      at Class.error (server/config/database.js:36:13)
      at RedisSocket.<anonymous> (node_modules/@redis/client/lib/client/index.ts:796:12)
      at RedisSocket.#connect (node_modules/@redis/client/lib/client/socket.ts:246:14)
      at Class.connect (node_modules/@redis/client/lib/client/index.ts:961:5)
      at connectRedis (server/config/database.js:42:5)
      at server/app.js:79:5

  console.error
    [DB] Redis Client Error AggregateError: 
        at internalConnectMultiple (node:net:1134:18)
        at afterConnectMultiple (node:net:1715:7) {
      code: 'ECONNREFUSED',
      [errors]: [
        Error: connect ECONNREFUSED ::1:6379
            at createConnectionError (node:net:1678:14)
            at afterConnectMultiple (node:net:1708:16) {
          errno: -4078,
          code: 'ECONNREFUSED',
          syscall: 'connect',
          address: '::1',
          port: 6379
        },
        Error: connect ECONNREFUSED 127.0.0.1:6379
            at createConnectionError (node:net:1678:14)
            at afterConnectMultiple (node:net:1708:16) {
          errno: -4078,
          code: 'ECONNREFUSED',
          syscall: 'connect',
          address: '127.0.0.1',
          port: 6379
        }
      ]
    }

    [0m [90m 34 |[39m redisClient[33m.[39mon([32m'error'[39m[33m,[39m (err) [33m=>[39m {
     [90m 35 |[39m   [36mif[39m (process[33m.[39menv[33m.[39m[33mNODE_ENV[39m [33m!==[39m [32m'test'[39m) {
    [31m[1m>[22m[39m[90m 36 |[39m     console[33m.[39merror([32m'[DB] Redis Client Error'[39m[33m,[39m err)[33m;[39m
     [90m    |[39m             [31m[1m^[22m[39m
     [90m 37 |[39m   }
     [90m 38 |[39m })[33m;[39m
     [90m 39 |[39m[0m

      at Class.error (server/config/database.js:36:13)
      at RedisSocket.<anonymous> (node_modules/@redis/client/lib/client/index.ts:796:12)
      at RedisSocket.#connect (node_modules/@redis/client/lib/client/socket.ts:246:14)
      at Class.connect (node_modules/@redis/client/lib/client/index.ts:961:5)
      at connectRedis (server/config/database.js:42:5)
      at server/app.js:79:5

  console.error
    [DB] Redis Client Error AggregateError: 
        at internalConnectMultiple (node:net:1134:18)
        at afterConnectMultiple (node:net:1715:7) {
      code: 'ECONNREFUSED',
      [errors]: [
        Error: connect ECONNREFUSED ::1:6379
            at createConnectionError (node:net:1678:14)
            at afterConnectMultiple (node:net:1708:16) {
          errno: -4078,
          code: 'ECONNREFUSED',
          syscall: 'connect',
          address: '::1',
          port: 6379
        },
        Error: connect ECONNREFUSED 127.0.0.1:6379
            at createConnectionError (node:net:1678:14)
            at afterConnectMultiple (node:net:1708:16) {
          errno: -4078,
          code: 'ECONNREFUSED',
          syscall: 'connect',
          address: '127.0.0.1',
          port: 6379
        }
      ]
    }

    [0m [90m 34 |[39m redisClient[33m.[39mon([32m'error'[39m[33m,[39m (err) [33m=>[39m {
     [90m 35 |[39m   [36mif[39m (process[33m.[39menv[33m.[39m[33mNODE_ENV[39m [33m!==[39m [32m'test'[39m) {
    [31m[1m>[22m[39m[90m 36 |[39m     console[33m.[39merror([32m'[DB] Redis Client Error'[39m[33m,[39m err)[33m;[39m
     [90m    |[39m             [31m[1m^[22m[39m
     [90m 37 |[39m   }
     [90m 38 |[39m })[33m;[39m
     [90m 39 |[39m[0m

      at Class.error (server/config/database.js:36:13)
      at RedisSocket.<anonymous> (node_modules/@redis/client/lib/client/index.ts:796:12)
      at RedisSocket.#connect (node_modules/@redis/client/lib/client/socket.ts:246:14)
      at Class.connect (node_modules/@redis/client/lib/client/index.ts:961:5)
      at connectRedis (server/config/database.js:42:5)
      at server/app.js:79:5

  console.error
    [DB] Redis Client Error AggregateError: 
        at internalConnectMultiple (node:net:1134:18)
        at afterConnectMultiple (node:net:1715:7) {
      code: 'ECONNREFUSED',
      [errors]: [
        Error: connect ECONNREFUSED ::1:6379
            at createConnectionError (node:net:1678:14)
            at afterConnectMultiple (node:net:1708:16) {
          errno: -4078,
          code: 'ECONNREFUSED',
          syscall: 'connect',
          address: '::1',
          port: 6379
        },
        Error: connect ECONNREFUSED 127.0.0.1:6379
            at createConnectionError (node:net:1678:14)
            at afterConnectMultiple (node:net:1708:16) {
          errno: -4078,
          code: 'ECONNREFUSED',
          syscall: 'connect',
          address: '127.0.0.1',
          port: 6379
        }
      ]
    }

    [0m [90m 34 |[39m redisClient[33m.[39mon([32m'error'[39m[33m,[39m (err) [33m=>[39m {
     [90m 35 |[39m   [36mif[39m (process[33m.[39menv[33m.[39m[33mNODE_ENV[39m [33m!==[39m [32m'test'[39m) {
    [31m[1m>[22m[39m[90m 36 |[39m     console[33m.[39merror([32m'[DB] Redis Client Error'[39m[33m,[39m err)[33m;[39m
     [90m    |[39m             [31m[1m^[22m[39m
     [90m 37 |[39m   }
     [90m 38 |[39m })[33m;[39m
     [90m 39 |[39m[0m

      at Class.error (server/config/database.js:36:13)
      at RedisSocket.<anonymous> (node_modules/@redis/client/lib/client/index.ts:796:12)
      at RedisSocket.#connect (node_modules/@redis/client/lib/client/socket.ts:246:14)
      at Class.connect (node_modules/@redis/client/lib/client/index.ts:961:5)
      at connectRedis (server/config/database.js:42:5)
      at server/app.js:79:5

  console.error
    [DB] Redis Client Error AggregateError: 
        at internalConnectMultiple (node:net:1134:18)
        at afterConnectMultiple (node:net:1715:7) {
      code: 'ECONNREFUSED',
      [errors]: [
        Error: connect ECONNREFUSED ::1:6379
            at createConnectionError (node:net:1678:14)
            at afterConnectMultiple (node:net:1708:16) {
          errno: -4078,
          code: 'ECONNREFUSED',
          syscall: 'connect',
          address: '::1',
          port: 6379
        },
        Error: connect ECONNREFUSED 127.0.0.1:6379
            at createConnectionError (node:net:1678:14)
            at afterConnectMultiple (node:net:1708:16) {
          errno: -4078,
          code: 'ECONNREFUSED',
          syscall: 'connect',
          address: '127.0.0.1',
          port: 6379
        }
      ]
    }

    [0m [90m 34 |[39m redisClient[33m.[39mon([32m'error'[39m[33m,[39m (err) [33m=>[39m {
     [90m 35 |[39m   [36mif[39m (process[33m.[39menv[33m.[39m[33mNODE_ENV[39m [33m!==[39m [32m'test'[39m) {
    [31m[1m>[22m[39m[90m 36 |[39m     console[33m.[39merror([32m'[DB] Redis Client Error'[39m[33m,[39m err)[33m;[39m
     [90m    |[39m             [31m[1m^[22m[39m
     [90m 37 |[39m   }
     [90m 38 |[39m })[33m;[39m
     [90m 39 |[39m[0m

      at Class.error (server/config/database.js:36:13)
      at RedisSocket.<anonymous> (node_modules/@redis/client/lib/client/index.ts:796:12)
      at RedisSocket.#connect (node_modules/@redis/client/lib/client/socket.ts:246:14)
      at Class.connect (node_modules/@redis/client/lib/client/index.ts:961:5)
      at connectRedis (server/config/database.js:42:5)
      at server/app.js:79:5

  console.error
    [DB] Redis Client Error AggregateError: 
        at internalConnectMultiple (node:net:1134:18)
        at afterConnectMultiple (node:net:1715:7) {
      code: 'ECONNREFUSED',
      [errors]: [
        Error: connect ECONNREFUSED ::1:6379
            at createConnectionError (node:net:1678:14)
            at afterConnectMultiple (node:net:1708:16) {
          errno: -4078,
          code: 'ECONNREFUSED',
          syscall: 'connect',
          address: '::1',
          port: 6379
        },
        Error: connect ECONNREFUSED 127.0.0.1:6379
            at createConnectionError (node:net:1678:14)
            at afterConnectMultiple (node:net:1708:16) {
          errno: -4078,
          code: 'ECONNREFUSED',
          syscall: 'connect',
          address: '127.0.0.1',
          port: 6379
        }
      ]
    }

    [0m [90m 34 |[39m redisClient[33m.[39mon([32m'error'[39m[33m,[39m (err) [33m=>[39m {
     [90m 35 |[39m   [36mif[39m (process[33m.[39menv[33m.[39m[33mNODE_ENV[39m [33m!==[39m [32m'test'[39m) {
    [31m[1m>[22m[39m[90m 36 |[39m     console[33m.[39merror([32m'[DB] Redis Client Error'[39m[33m,[39m err)[33m;[39m
     [90m    |[39m             [31m[1m^[22m[39m
     [90m 37 |[39m   }
     [90m 38 |[39m })[33m;[39m
     [90m 39 |[39m[0m

      at Class.error (server/config/database.js:36:13)
      at RedisSocket.<anonymous> (node_modules/@redis/client/lib/client/index.ts:796:12)
      at RedisSocket.#connect (node_modules/@redis/client/lib/client/socket.ts:246:14)
      at Class.connect (node_modules/@redis/client/lib/client/index.ts:961:5)
      at connectRedis (server/config/database.js:42:5)
      at server/app.js:79:5

  console.error
    [DB] Redis Client Error AggregateError: 
        at internalConnectMultiple (node:net:1134:18)
        at afterConnectMultiple (node:net:1715:7) {
      code: 'ECONNREFUSED',
      [errors]: [
        Error: connect ECONNREFUSED ::1:6379
            at createConnectionError (node:net:1678:14)
            at afterConnectMultiple (node:net:1708:16) {
          errno: -4078,
          code: 'ECONNREFUSED',
          syscall: 'connect',
          address: '::1',
          port: 6379
        },
        Error: connect ECONNREFUSED 127.0.0.1:6379
            at createConnectionError (node:net:1678:14)
            at afterConnectMultiple (node:net:1708:16) {
          errno: -4078,
          code: 'ECONNREFUSED',
          syscall: 'connect',
          address: '127.0.0.1',
          port: 6379
        }
      ]
    }

    [0m [90m 34 |[39m redisClient[33m.[39mon([32m'error'[39m[33m,[39m (err) [33m=>[39m {
     [90m 35 |[39m   [36mif[39m (process[33m.[39menv[33m.[39m[33mNODE_ENV[39m [33m!==[39m [32m'test'[39m) {
    [31m[1m>[22m[39m[90m 36 |[39m     console[33m.[39merror([32m'[DB] Redis Client Error'[39m[33m,[39m err)[33m;[39m
     [90m    |[39m             [31m[1m^[22m[39m
     [90m 37 |[39m   }
     [90m 38 |[39m })[33m;[39m
     [90m 39 |[39m[0m

      at Class.error (server/config/database.js:36:13)
      at RedisSocket.<anonymous> (node_modules/@redis/client/lib/client/index.ts:796:12)
      at RedisSocket.#connect (node_modules/@redis/client/lib/client/socket.ts:246:14)
      at Class.connect (node_modules/@redis/client/lib/client/index.ts:961:5)
      at connectRedis (server/config/database.js:42:5)
      at server/app.js:79:5

  console.error
    [DB] Redis Client Error AggregateError: 
        at internalConnectMultiple (node:net:1134:18)
        at afterConnectMultiple (node:net:1715:7) {
      code: 'ECONNREFUSED',
      [errors]: [
        Error: connect ECONNREFUSED ::1:6379
            at createConnectionError (node:net:1678:14)
            at afterConnectMultiple (node:net:1708:16) {
          errno: -4078,
          code: 'ECONNREFUSED',
          syscall: 'connect',
          address: '::1',
          port: 6379
        },
        Error: connect ECONNREFUSED 127.0.0.1:6379
            at createConnectionError (node:net:1678:14)
            at afterConnectMultiple (node:net:1708:16) {
          errno: -4078,
          code: 'ECONNREFUSED',
          syscall: 'connect',
          address: '127.0.0.1',
          port: 6379
        }
      ]
    }

    [0m [90m 34 |[39m redisClient[33m.[39mon([32m'error'[39m[33m,[39m (err) [33m=>[39m {
     [90m 35 |[39m   [36mif[39m (process[33m.[39menv[33m.[39m[33mNODE_ENV[39m [33m!==[39m [32m'test'[39m) {
    [31m[1m>[22m[39m[90m 36 |[39m     console[33m.[39merror([32m'[DB] Redis Client Error'[39m[33m,[39m err)[33m;[39m
     [90m    |[39m             [31m[1m^[22m[39m
     [90m 37 |[39m   }
     [90m 38 |[39m })[33m;[39m
     [90m 39 |[39m[0m

      at Class.error (server/config/database.js:36:13)
      at RedisSocket.<anonymous> (node_modules/@redis/client/lib/client/index.ts:796:12)
      at RedisSocket.#connect (node_modules/@redis/client/lib/client/socket.ts:246:14)
      at Class.connect (node_modules/@redis/client/lib/client/index.ts:961:5)
      at connectRedis (server/config/database.js:42:5)
      at server/app.js:79:5

  console.error
    [DB] Redis Client Error AggregateError: 
        at internalConnectMultiple (node:net:1134:18)
        at afterConnectMultiple (node:net:1715:7) {
      code: 'ECONNREFUSED',
      [errors]: [
        Error: connect ECONNREFUSED ::1:6379
            at createConnectionError (node:net:1678:14)
            at afterConnectMultiple (node:net:1708:16) {
          errno: -4078,
          code: 'ECONNREFUSED',
          syscall: 'connect',
          address: '::1',
          port: 6379
        },
        Error: connect ECONNREFUSED 127.0.0.1:6379
            at createConnectionError (node:net:1678:14)
            at afterConnectMultiple (node:net:1708:16) {
          errno: -4078,
          code: 'ECONNREFUSED',
          syscall: 'connect',
          address: '127.0.0.1',
          port: 6379
        }
      ]
    }

    [0m [90m 34 |[39m redisClient[33m.[39mon([32m'error'[39m[33m,[39m (err) [33m=>[39m {
     [90m 35 |[39m   [36mif[39m (process[33m.[39menv[33m.[39m[33mNODE_ENV[39m [33m!==[39m [32m'test'[39m) {
    [31m[1m>[22m[39m[90m 36 |[39m     console[33m.[39merror([32m'[DB] Redis Client Error'[39m[33m,[39m err)[33m;[39m
     [90m    |[39m             [31m[1m^[22m[39m
     [90m 37 |[39m   }
     [90m 38 |[39m })[33m;[39m
     [90m 39 |[39m[0m

      at Class.error (server/config/database.js:36:13)
      at RedisSocket.<anonymous> (node_modules/@redis/client/lib/client/index.ts:796:12)
      at RedisSocket.#connect (node_modules/@redis/client/lib/client/socket.ts:246:14)
      at Class.connect (node_modules/@redis/client/lib/client/index.ts:961:5)
      at connectRedis (server/config/database.js:42:5)
      at server/app.js:79:5

  console.error
    [DB] Redis Client Error AggregateError: 
        at internalConnectMultiple (node:net:1134:18)
        at afterConnectMultiple (node:net:1715:7) {
      code: 'ECONNREFUSED',
      [errors]: [
        Error: connect ECONNREFUSED ::1:6379
            at createConnectionError (node:net:1678:14)
            at afterConnectMultiple (node:net:1708:16) {
          errno: -4078,
          code: 'ECONNREFUSED',
          syscall: 'connect',
          address: '::1',
          port: 6379
        },
        Error: connect ECONNREFUSED 127.0.0.1:6379
            at createConnectionError (node:net:1678:14)
            at afterConnectMultiple (node:net:1708:16) {
          errno: -4078,
          code: 'ECONNREFUSED',
          syscall: 'connect',
          address: '127.0.0.1',
          port: 6379
        }
      ]
    }

    [0m [90m 34 |[39m redisClient[33m.[39mon([32m'error'[39m[33m,[39m (err) [33m=>[39m {
     [90m 35 |[39m   [36mif[39m (process[33m.[39menv[33m.[39m[33mNODE_ENV[39m [33m!==[39m [32m'test'[39m) {
    [31m[1m>[22m[39m[90m 36 |[39m     console[33m.[39merror([32m'[DB] Redis Client Error'[39m[33m,[39m err)[33m;[39m
     [90m    |[39m             [31m[1m^[22m[39m
     [90m 37 |[39m   }
     [90m 38 |[39m })[33m;[39m
     [90m 39 |[39m[0m

      at Class.error (server/config/database.js:36:13)
      at RedisSocket.<anonymous> (node_modules/@redis/client/lib/client/index.ts:796:12)
      at RedisSocket.#connect (node_modules/@redis/client/lib/client/socket.ts:246:14)
      at Class.connect (node_modules/@redis/client/lib/client/index.ts:961:5)
      at connectRedis (server/config/database.js:42:5)
      at server/app.js:79:5

  console.error
    [DB] Redis Client Error AggregateError: 
        at internalConnectMultiple (node:net:1134:18)
        at afterConnectMultiple (node:net:1715:7) {
      code: 'ECONNREFUSED',
      [errors]: [
        Error: connect ECONNREFUSED ::1:6379
            at createConnectionError (node:net:1678:14)
            at afterConnectMultiple (node:net:1708:16) {
          errno: -4078,
          code: 'ECONNREFUSED',
          syscall: 'connect',
          address: '::1',
          port: 6379
        },
        Error: connect ECONNREFUSED 127.0.0.1:6379
            at createConnectionError (node:net:1678:14)
            at afterConnectMultiple (node:net:1708:16) {
          errno: -4078,
          code: 'ECONNREFUSED',
          syscall: 'connect',
          address: '127.0.0.1',
          port: 6379
        }
      ]
    }

    [0m [90m 34 |[39m redisClient[33m.[39mon([32m'error'[39m[33m,[39m (err) [33m=>[39m {
     [90m 35 |[39m   [36mif[39m (process[33m.[39menv[33m.[39m[33mNODE_ENV[39m [33m!==[39m [32m'test'[39m) {
    [31m[1m>[22m[39m[90m 36 |[39m     console[33m.[39merror([32m'[DB] Redis Client Error'[39m[33m,[39m err)[33m;[39m
     [90m    |[39m             [31m[1m^[22m[39m
     [90m 37 |[39m   }
     [90m 38 |[39m })[33m;[39m
     [90m 39 |[39m[0m

      at Class.error (server/config/database.js:36:13)
      at RedisSocket.<anonymous> (node_modules/@redis/client/lib/client/index.ts:796:12)
      at RedisSocket.#connect (node_modules/@redis/client/lib/client/socket.ts:246:14)
      at Class.connect (node_modules/@redis/client/lib/client/index.ts:961:5)
      at connectRedis (server/config/database.js:42:5)
      at server/app.js:79:5

  console.error
    [DB] Redis Client Error AggregateError: 
        at internalConnectMultiple (node:net:1134:18)
        at afterConnectMultiple (node:net:1715:7) {
      code: 'ECONNREFUSED',
      [errors]: [
        Error: connect ECONNREFUSED ::1:6379
            at createConnectionError (node:net:1678:14)
            at afterConnectMultiple (node:net:1708:16) {
          errno: -4078,
          code: 'ECONNREFUSED',
          syscall: 'connect',
          address: '::1',
          port: 6379
        },
        Error: connect ECONNREFUSED 127.0.0.1:6379
            at createConnectionError (node:net:1678:14)
            at afterConnectMultiple (node:net:1708:16) {
          errno: -4078,
          code: 'ECONNREFUSED',
          syscall: 'connect',
          address: '127.0.0.1',
          port: 6379
        }
      ]
    }

    [0m [90m 34 |[39m redisClient[33m.[39mon([32m'error'[39m[33m,[39m (err) [33m=>[39m {
     [90m 35 |[39m   [36mif[39m (process[33m.[39menv[33m.[39m[33mNODE_ENV[39m [33m!==[39m [32m'test'[39m) {
    [31m[1m>[22m[39m[90m 36 |[39m     console[33m.[39merror([32m'[DB] Redis Client Error'[39m[33m,[39m err)[33m;[39m
     [90m    |[39m             [31m[1m^[22m[39m
     [90m 37 |[39m   }
     [90m 38 |[39m })[33m;[39m
     [90m 39 |[39m[0m

      at Class.error (server/config/database.js:36:13)
      at RedisSocket.<anonymous> (node_modules/@redis/client/lib/client/index.ts:796:12)
      at RedisSocket.#connect (node_modules/@redis/client/lib/client/socket.ts:246:14)
      at Class.connect (node_modules/@redis/client/lib/client/index.ts:961:5)
      at connectRedis (server/config/database.js:42:5)
      at server/app.js:79:5

  console.error
    [DB] Redis Client Error AggregateError: 
        at internalConnectMultiple (node:net:1134:18)
        at afterConnectMultiple (node:net:1715:7) {
      code: 'ECONNREFUSED',
      [errors]: [
        Error: connect ECONNREFUSED ::1:6379
            at createConnectionError (node:net:1678:14)
            at afterConnectMultiple (node:net:1708:16) {
          errno: -4078,
          code: 'ECONNREFUSED',
          syscall: 'connect',
          address: '::1',
          port: 6379
        },
        Error: connect ECONNREFUSED 127.0.0.1:6379
            at createConnectionError (node:net:1678:14)
            at afterConnectMultiple (node:net:1708:16) {
          errno: -4078,
          code: 'ECONNREFUSED',
          syscall: 'connect',
          address: '127.0.0.1',
          port: 6379
        }
      ]
    }

    [0m [90m 34 |[39m redisClient[33m.[39mon([32m'error'[39m[33m,[39m (err) [33m=>[39m {
     [90m 35 |[39m   [36mif[39m (process[33m.[39menv[33m.[39m[33mNODE_ENV[39m [33m!==[39m [32m'test'[39m) {
    [31m[1m>[22m[39m[90m 36 |[39m     console[33m.[39merror([32m'[DB] Redis Client Error'[39m[33m,[39m err)[33m;[39m
     [90m    |[39m             [31m[1m^[22m[39m
     [90m 37 |[39m   }
     [90m 38 |[39m })[33m;[39m
     [90m 39 |[39m[0m

      at Class.error (server/config/database.js:36:13)
      at RedisSocket.<anonymous> (node_modules/@redis/client/lib/client/index.ts:796:12)
      at RedisSocket.#connect (node_modules/@redis/client/lib/client/socket.ts:246:14)
      at Class.connect (node_modules/@redis/client/lib/client/index.ts:961:5)
      at connectRedis (server/config/database.js:42:5)
      at server/app.js:79:5

  console.error
    [DB] Redis Client Error AggregateError: 
        at internalConnectMultiple (node:net:1134:18)
        at afterConnectMultiple (node:net:1715:7) {
      code: 'ECONNREFUSED',
      [errors]: [
        Error: connect ECONNREFUSED ::1:6379
            at createConnectionError (node:net:1678:14)
            at afterConnectMultiple (node:net:1708:16) {
          errno: -4078,
          code: 'ECONNREFUSED',
          syscall: 'connect',
          address: '::1',
          port: 6379
        },
        Error: connect ECONNREFUSED 127.0.0.1:6379
            at createConnectionError (node:net:1678:14)
            at afterConnectMultiple (node:net:1708:16) {
          errno: -4078,
          code: 'ECONNREFUSED',
          syscall: 'connect',
          address: '127.0.0.1',
          port: 6379
        }
      ]
    }

    [0m [90m 34 |[39m redisClient[33m.[39mon([32m'error'[39m[33m,[39m (err) [33m=>[39m {
     [90m 35 |[39m   [36mif[39m (process[33m.[39menv[33m.[39m[33mNODE_ENV[39m [33m!==[39m [32m'test'[39m) {
    [31m[1m>[22m[39m[90m 36 |[39m     console[33m.[39merror([32m'[DB] Redis Client Error'[39m[33m,[39m err)[33m;[39m
     [90m    |[39m             [31m[1m^[22m[39m
     [90m 37 |[39m   }
     [90m 38 |[39m })[33m;[39m
     [90m 39 |[39m[0m

      at Class.error (server/config/database.js:36:13)
      at RedisSocket.<anonymous> (node_modules/@redis/client/lib/client/index.ts:796:12)
      at RedisSocket.#connect (node_modules/@redis/client/lib/client/socket.ts:246:14)
      at Class.connect (node_modules/@redis/client/lib/client/index.ts:961:5)
      at connectRedis (server/config/database.js:42:5)
      at server/app.js:79:5

  console.error
    [DB] Redis Client Error AggregateError: 
        at internalConnectMultiple (node:net:1134:18)
        at afterConnectMultiple (node:net:1715:7) {
      code: 'ECONNREFUSED',
      [errors]: [
        Error: connect ECONNREFUSED ::1:6379
            at createConnectionError (node:net:1678:14)
            at afterConnectMultiple (node:net:1708:16) {
          errno: -4078,
          code: 'ECONNREFUSED',
          syscall: 'connect',
          address: '::1',
          port: 6379
        },
        Error: connect ECONNREFUSED 127.0.0.1:6379
            at createConnectionError (node:net:1678:14)
            at afterConnectMultiple (node:net:1708:16) {
          errno: -4078,
          code: 'ECONNREFUSED',
          syscall: 'connect',
          address: '127.0.0.1',
          port: 6379
        }
      ]
    }

    [0m [90m 34 |[39m redisClient[33m.[39mon([32m'error'[39m[33m,[39m (err) [33m=>[39m {
     [90m 35 |[39m   [36mif[39m (process[33m.[39menv[33m.[39m[33mNODE_ENV[39m [33m!==[39m [32m'test'[39m) {
    [31m[1m>[22m[39m[90m 36 |[39m     console[33m.[39merror([32m'[DB] Redis Client Error'[39m[33m,[39m err)[33m;[39m
     [90m    |[39m             [31m[1m^[22m[39m
     [90m 37 |[39m   }
     [90m 38 |[39m })[33m;[39m
     [90m 39 |[39m[0m

      at Class.error (server/config/database.js:36:13)
      at RedisSocket.<anonymous> (node_modules/@redis/client/lib/client/index.ts:796:12)
      at RedisSocket.#connect (node_modules/@redis/client/lib/client/socket.ts:246:14)
      at Class.connect (node_modules/@redis/client/lib/client/index.ts:961:5)
      at connectRedis (server/config/database.js:42:5)
      at server/app.js:79:5

  console.error
    [DB] Redis Client Error AggregateError: 
        at internalConnectMultiple (node:net:1134:18)
        at afterConnectMultiple (node:net:1715:7) {
      code: 'ECONNREFUSED',
      [errors]: [
        Error: connect ECONNREFUSED ::1:6379
            at createConnectionError (node:net:1678:14)
            at afterConnectMultiple (node:net:1708:16) {
          errno: -4078,
          code: 'ECONNREFUSED',
          syscall: 'connect',
          address: '::1',
          port: 6379
        },
        Error: connect ECONNREFUSED 127.0.0.1:6379
            at createConnectionError (node:net:1678:14)
            at afterConnectMultiple (node:net:1708:16) {
          errno: -4078,
          code: 'ECONNREFUSED',
          syscall: 'connect',
          address: '127.0.0.1',
          port: 6379
        }
      ]
    }

    [0m [90m 34 |[39m redisClient[33m.[39mon([32m'error'[39m[33m,[39m (err) [33m=>[39m {
     [90m 35 |[39m   [36mif[39m (process[33m.[39menv[33m.[39m[33mNODE_ENV[39m [33m!==[39m [32m'test'[39m) {
    [31m[1m>[22m[39m[90m 36 |[39m     console[33m.[39merror([32m'[DB] Redis Client Error'[39m[33m,[39m err)[33m;[39m
     [90m    |[39m             [31m[1m^[22m[39m
     [90m 37 |[39m   }
     [90m 38 |[39m })[33m;[39m
     [90m 39 |[39m[0m

      at Class.error (server/config/database.js:36:13)
      at RedisSocket.<anonymous> (node_modules/@redis/client/lib/client/index.ts:796:12)
      at RedisSocket.#connect (node_modules/@redis/client/lib/client/socket.ts:246:14)
      at Class.connect (node_modules/@redis/client/lib/client/index.ts:961:5)
      at connectRedis (server/config/database.js:42:5)
      at server/app.js:79:5

  console.error
    [DB] Redis Client Error AggregateError: 
        at internalConnectMultiple (node:net:1134:18)
        at afterConnectMultiple (node:net:1715:7) {
      code: 'ECONNREFUSED',
      [errors]: [
        Error: connect ECONNREFUSED ::1:6379
            at createConnectionError (node:net:1678:14)
            at afterConnectMultiple (node:net:1708:16) {
          errno: -4078,
          code: 'ECONNREFUSED',
          syscall: 'connect',
          address: '::1',
          port: 6379
        },
        Error: connect ECONNREFUSED 127.0.0.1:6379
            at createConnectionError (node:net:1678:14)
            at afterConnectMultiple (node:net:1708:16) {
          errno: -4078,
          code: 'ECONNREFUSED',
          syscall: 'connect',
          address: '127.0.0.1',
          port: 6379
        }
      ]
    }

    [0m [90m 34 |[39m redisClient[33m.[39mon([32m'error'[39m[33m,[39m (err) [33m=>[39m {
     [90m 35 |[39m   [36mif[39m (process[33m.[39menv[33m.[39m[33mNODE_ENV[39m [33m!==[39m [32m'test'[39m) {
    [31m[1m>[22m[39m[90m 36 |[39m     console[33m.[39merror([32m'[DB] Redis Client Error'[39m[33m,[39m err)[33m;[39m
     [90m    |[39m             [31m[1m^[22m[39m
     [90m 37 |[39m   }
     [90m 38 |[39m })[33m;[39m
     [90m 39 |[39m[0m

      at Class.error (server/config/database.js:36:13)
      at RedisSocket.<anonymous> (node_modules/@redis/client/lib/client/index.ts:796:12)
      at RedisSocket.#connect (node_modules/@redis/client/lib/client/socket.ts:246:14)
      at Class.connect (node_modules/@redis/client/lib/client/index.ts:961:5)
      at connectRedis (server/config/database.js:42:5)
      at server/app.js:79:5

  console.error
    [DB] Redis Client Error AggregateError: 
        at internalConnectMultiple (node:net:1134:18)
        at afterConnectMultiple (node:net:1715:7) {
      code: 'ECONNREFUSED',
      [errors]: [
        Error: connect ECONNREFUSED ::1:6379
            at createConnectionError (node:net:1678:14)
            at afterConnectMultiple (node:net:1708:16) {
          errno: -4078,
          code: 'ECONNREFUSED',
          syscall: 'connect',
          address: '::1',
          port: 6379
        },
        Error: connect ECONNREFUSED 127.0.0.1:6379
            at createConnectionError (node:net:1678:14)
            at afterConnectMultiple (node:net:1708:16) {
          errno: -4078,
          code: 'ECONNREFUSED',
          syscall: 'connect',
          address: '127.0.0.1',
          port: 6379
        }
      ]
    }

    [0m [90m 34 |[39m redisClient[33m.[39mon([32m'error'[39m[33m,[39m (err) [33m=>[39m {
     [90m 35 |[39m   [36mif[39m (process[33m.[39menv[33m.[39m[33mNODE_ENV[39m [33m!==[39m [32m'test'[39m) {
    [31m[1m>[22m[39m[90m 36 |[39m     console[33m.[39merror([32m'[DB] Redis Client Error'[39m[33m,[39m err)[33m;[39m
     [90m    |[39m             [31m[1m^[22m[39m
     [90m 37 |[39m   }
     [90m 38 |[39m })[33m;[39m
     [90m 39 |[39m[0m

      at Class.error (server/config/database.js:36:13)
      at RedisSocket.<anonymous> (node_modules/@redis/client/lib/client/index.ts:796:12)
      at RedisSocket.#connect (node_modules/@redis/client/lib/client/socket.ts:246:14)
      at Class.connect (node_modules/@redis/client/lib/client/index.ts:961:5)
      at connectRedis (server/config/database.js:42:5)
      at server/app.js:79:5

  console.error
    [DB] Redis Client Error AggregateError: 
        at internalConnectMultiple (node:net:1134:18)
        at afterConnectMultiple (node:net:1715:7) {
      code: 'ECONNREFUSED',
      [errors]: [
        Error: connect ECONNREFUSED ::1:6379
            at createConnectionError (node:net:1678:14)
            at afterConnectMultiple (node:net:1708:16) {
          errno: -4078,
          code: 'ECONNREFUSED',
          syscall: 'connect',
          address: '::1',
          port: 6379
        },
        Error: connect ECONNREFUSED 127.0.0.1:6379
            at createConnectionError (node:net:1678:14)
            at afterConnectMultiple (node:net:1708:16) {
          errno: -4078,
          code: 'ECONNREFUSED',
          syscall: 'connect',
          address: '127.0.0.1',
          port: 6379
        }
      ]
    }

    [0m [90m 34 |[39m redisClient[33m.[39mon([32m'error'[39m[33m,[39m (err) [33m=>[39m {
     [90m 35 |[39m   [36mif[39m (process[33m.[39menv[33m.[39m[33mNODE_ENV[39m [33m!==[39m [32m'test'[39m) {
    [31m[1m>[22m[39m[90m 36 |[39m     console[33m.[39merror([32m'[DB] Redis Client Error'[39m[33m,[39m err)[33m;[39m
     [90m    |[39m             [31m[1m^[22m[39m
     [90m 37 |[39m   }
     [90m 38 |[39m })[33m;[39m
     [90m 39 |[39m[0m

      at Class.error (server/config/database.js:36:13)
      at RedisSocket.<anonymous> (node_modules/@redis/client/lib/client/index.ts:796:12)
      at RedisSocket.#connect (node_modules/@redis/client/lib/client/socket.ts:246:14)
      at Class.connect (node_modules/@redis/client/lib/client/index.ts:961:5)
      at connectRedis (server/config/database.js:42:5)
      at server/app.js:79:5

  console.error
    [DB] Redis Client Error AggregateError: 
        at internalConnectMultiple (node:net:1134:18)
        at afterConnectMultiple (node:net:1715:7) {
      code: 'ECONNREFUSED',
      [errors]: [
        Error: connect ECONNREFUSED ::1:6379
            at createConnectionError (node:net:1678:14)
            at afterConnectMultiple (node:net:1708:16) {
          errno: -4078,
          code: 'ECONNREFUSED',
          syscall: 'connect',
          address: '::1',
          port: 6379
        },
        Error: connect ECONNREFUSED 127.0.0.1:6379
            at createConnectionError (node:net:1678:14)
            at afterConnectMultiple (node:net:1708:16) {
          errno: -4078,
          code: 'ECONNREFUSED',
          syscall: 'connect',
          address: '127.0.0.1',
          port: 6379
        }
      ]
    }

    [0m [90m 34 |[39m redisClient[33m.[39mon([32m'error'[39m[33m,[39m (err) [33m=>[39m {
     [90m 35 |[39m   [36mif[39m (process[33m.[39menv[33m.[39m[33mNODE_ENV[39m [33m!==[39m [32m'test'[39m) {
    [31m[1m>[22m[39m[90m 36 |[39m     console[33m.[39merror([32m'[DB] Redis Client Error'[39m[33m,[39m err)[33m;[39m
     [90m    |[39m             [31m[1m^[22m[39m
     [90m 37 |[39m   }
     [90m 38 |[39m })[33m;[39m
     [90m 39 |[39m[0m

      at Class.error (server/config/database.js:36:13)
      at RedisSocket.<anonymous> (node_modules/@redis/client/lib/client/index.ts:796:12)
      at RedisSocket.#connect (node_modules/@redis/client/lib/client/socket.ts:246:14)
      at Class.connect (node_modules/@redis/client/lib/client/index.ts:961:5)
      at connectRedis (server/config/database.js:42:5)
      at server/app.js:79:5

  console.error
    [DB] Redis Client Error AggregateError: 
        at internalConnectMultiple (node:net:1134:18)
        at afterConnectMultiple (node:net:1715:7) {
      code: 'ECONNREFUSED',
      [errors]: [
        Error: connect ECONNREFUSED ::1:6379
            at createConnectionError (node:net:1678:14)
            at afterConnectMultiple (node:net:1708:16) {
          errno: -4078,
          code: 'ECONNREFUSED',
          syscall: 'connect',
          address: '::1',
          port: 6379
        },
        Error: connect ECONNREFUSED 127.0.0.1:6379
            at createConnectionError (node:net:1678:14)
            at afterConnectMultiple (node:net:1708:16) {
          errno: -4078,
          code: 'ECONNREFUSED',
          syscall: 'connect',
          address: '127.0.0.1',
          port: 6379
        }
      ]
    }

    [0m [90m 34 |[39m redisClient[33m.[39mon([32m'error'[39m[33m,[39m (err) [33m=>[39m {
     [90m 35 |[39m   [36mif[39m (process[33m.[39menv[33m.[39m[33mNODE_ENV[39m [33m!==[39m [32m'test'[39m) {
    [31m[1m>[22m[39m[90m 36 |[39m     console[33m.[39merror([32m'[DB] Redis Client Error'[39m[33m,[39m err)[33m;[39m
     [90m    |[39m             [31m[1m^[22m[39m
     [90m 37 |[39m   }
     [90m 38 |[39m })[33m;[39m
     [90m 39 |[39m[0m

      at Class.error (server/config/database.js:36:13)
      at RedisSocket.<anonymous> (node_modules/@redis/client/lib/client/index.ts:796:12)
      at RedisSocket.#connect (node_modules/@redis/client/lib/client/socket.ts:246:14)
      at Class.connect (node_modules/@redis/client/lib/client/index.ts:961:5)
      at connectRedis (server/config/database.js:42:5)
      at server/app.js:79:5

  console.error
    [DB] Redis Client Error AggregateError: 
        at internalConnectMultiple (node:net:1134:18)
        at afterConnectMultiple (node:net:1715:7) {
      code: 'ECONNREFUSED',
      [errors]: [
        Error: connect ECONNREFUSED ::1:6379
            at createConnectionError (node:net:1678:14)
            at afterConnectMultiple (node:net:1708:16) {
          errno: -4078,
          code: 'ECONNREFUSED',
          syscall: 'connect',
          address: '::1',
          port: 6379
        },
        Error: connect ECONNREFUSED 127.0.0.1:6379
            at createConnectionError (node:net:1678:14)
            at afterConnectMultiple (node:net:1708:16) {
          errno: -4078,
          code: 'ECONNREFUSED',
          syscall: 'connect',
          address: '127.0.0.1',
          port: 6379
        }
      ]
    }

    [0m [90m 34 |[39m redisClient[33m.[39mon([32m'error'[39m[33m,[39m (err) [33m=>[39m {
     [90m 35 |[39m   [36mif[39m (process[33m.[39menv[33m.[39m[33mNODE_ENV[39m [33m!==[39m [32m'test'[39m) {
    [31m[1m>[22m[39m[90m 36 |[39m     console[33m.[39merror([32m'[DB] Redis Client Error'[39m[33m,[39m err)[33m;[39m
     [90m    |[39m             [31m[1m^[22m[39m
     [90m 37 |[39m   }
     [90m 38 |[39m })[33m;[39m
     [90m 39 |[39m[0m

      at Class.error (server/config/database.js:36:13)
      at RedisSocket.<anonymous> (node_modules/@redis/client/lib/client/index.ts:796:12)
      at RedisSocket.#connect (node_modules/@redis/client/lib/client/socket.ts:246:14)
      at Class.connect (node_modules/@redis/client/lib/client/index.ts:961:5)
      at connectRedis (server/config/database.js:42:5)
      at server/app.js:79:5

  console.error
    [DB] Redis Client Error AggregateError: 
        at internalConnectMultiple (node:net:1134:18)
        at afterConnectMultiple (node:net:1715:7) {
      code: 'ECONNREFUSED',
      [errors]: [
        Error: connect ECONNREFUSED ::1:6379
            at createConnectionError (node:net:1678:14)
            at afterConnectMultiple (node:net:1708:16) {
          errno: -4078,
          code: 'ECONNREFUSED',
          syscall: 'connect',
          address: '::1',
          port: 6379
        },
        Error: connect ECONNREFUSED 127.0.0.1:6379
            at createConnectionError (node:net:1678:14)
            at afterConnectMultiple (node:net:1708:16) {
          errno: -4078,
          code: 'ECONNREFUSED',
          syscall: 'connect',
          address: '127.0.0.1',
          port: 6379
        }
      ]
    }

    [0m [90m 34 |[39m redisClient[33m.[39mon([32m'error'[39m[33m,[39m (err) [33m=>[39m {
     [90m 35 |[39m   [36mif[39m (process[33m.[39menv[33m.[39m[33mNODE_ENV[39m [33m!==[39m [32m'test'[39m) {
    [31m[1m>[22m[39m[90m 36 |[39m     console[33m.[39merror([32m'[DB] Redis Client Error'[39m[33m,[39m err)[33m;[39m
     [90m    |[39m             [31m[1m^[22m[39m
     [90m 37 |[39m   }
     [90m 38 |[39m })[33m;[39m
     [90m 39 |[39m[0m

      at Class.error (server/config/database.js:36:13)
      at RedisSocket.<anonymous> (node_modules/@redis/client/lib/client/index.ts:796:12)
      at RedisSocket.#connect (node_modules/@redis/client/lib/client/socket.ts:246:14)
      at Class.connect (node_modules/@redis/client/lib/client/index.ts:961:5)
      at connectRedis (server/config/database.js:42:5)
      at server/app.js:79:5

  console.error
    [DB] Redis Client Error AggregateError: 
        at internalConnectMultiple (node:net:1134:18)
        at afterConnectMultiple (node:net:1715:7) {
      code: 'ECONNREFUSED',
      [errors]: [
        Error: connect ECONNREFUSED ::1:6379
            at createConnectionError (node:net:1678:14)
            at afterConnectMultiple (node:net:1708:16) {
          errno: -4078,
          code: 'ECONNREFUSED',
          syscall: 'connect',
          address: '::1',
          port: 6379
        },
        Error: connect ECONNREFUSED 127.0.0.1:6379
            at createConnectionError (node:net:1678:14)
            at afterConnectMultiple (node:net:1708:16) {
          errno: -4078,
          code: 'ECONNREFUSED',
          syscall: 'connect',
          address: '127.0.0.1',
          port: 6379
        }
      ]
    }

    [0m [90m 34 |[39m redisClient[33m.[39mon([32m'error'[39m[33m,[39m (err) [33m=>[39m {
     [90m 35 |[39m   [36mif[39m (process[33m.[39menv[33m.[39m[33mNODE_ENV[39m [33m!==[39m [32m'test'[39m) {
    [31m[1m>[22m[39m[90m 36 |[39m     console[33m.[39merror([32m'[DB] Redis Client Error'[39m[33m,[39m err)[33m;[39m
     [90m    |[39m             [31m[1m^[22m[39m
     [90m 37 |[39m   }
     [90m 38 |[39m })[33m;[39m
     [90m 39 |[39m[0m

      at Class.error (server/config/database.js:36:13)
      at RedisSocket.<anonymous> (node_modules/@redis/client/lib/client/index.ts:796:12)
      at RedisSocket.#connect (node_modules/@redis/client/lib/client/socket.ts:246:14)
      at Class.connect (node_modules/@redis/client/lib/client/index.ts:961:5)
      at connectRedis (server/config/database.js:42:5)
      at server/app.js:79:5

  console.error
    [DB] Redis Client Error AggregateError: 
        at internalConnectMultiple (node:net:1134:18)
        at afterConnectMultiple (node:net:1715:7) {
      code: 'ECONNREFUSED',
      [errors]: [
        Error: connect ECONNREFUSED ::1:6379
            at createConnectionError (node:net:1678:14)
            at afterConnectMultiple (node:net:1708:16) {
          errno: -4078,
          code: 'ECONNREFUSED',
          syscall: 'connect',
          address: '::1',
          port: 6379
        },
        Error: connect ECONNREFUSED 127.0.0.1:6379
            at createConnectionError (node:net:1678:14)
            at afterConnectMultiple (node:net:1708:16) {
          errno: -4078,
          code: 'ECONNREFUSED',
          syscall: 'connect',
          address: '127.0.0.1',
          port: 6379
        }
      ]
    }

    [0m [90m 34 |[39m redisClient[33m.[39mon([32m'error'[39m[33m,[39m (err) [33m=>[39m {
     [90m 35 |[39m   [36mif[39m (process[33m.[39menv[33m.[39m[33mNODE_ENV[39m [33m!==[39m [32m'test'[39m) {
    [31m[1m>[22m[39m[90m 36 |[39m     console[33m.[39merror([32m'[DB] Redis Client Error'[39m[33m,[39m err)[33m;[39m
     [90m    |[39m             [31m[1m^[22m[39m
     [90m 37 |[39m   }
     [90m 38 |[39m })[33m;[39m
     [90m 39 |[39m[0m

      at Class.error (server/config/database.js:36:13)
      at RedisSocket.<anonymous> (node_modules/@redis/client/lib/client/index.ts:796:12)
      at RedisSocket.#connect (node_modules/@redis/client/lib/client/socket.ts:246:14)
      at Class.connect (node_modules/@redis/client/lib/client/index.ts:961:5)
      at connectRedis (server/config/database.js:42:5)
      at server/app.js:79:5

  console.error
    [DB] Redis Client Error AggregateError: 
        at internalConnectMultiple (node:net:1134:18)
        at afterConnectMultiple (node:net:1715:7) {
      code: 'ECONNREFUSED',
      [errors]: [
        Error: connect ECONNREFUSED ::1:6379
            at createConnectionError (node:net:1678:14)
            at afterConnectMultiple (node:net:1708:16) {
          errno: -4078,
          code: 'ECONNREFUSED',
          syscall: 'connect',
          address: '::1',
          port: 6379
        },
        Error: connect ECONNREFUSED 127.0.0.1:6379
            at createConnectionError (node:net:1678:14)
            at afterConnectMultiple (node:net:1708:16) {
          errno: -4078,
          code: 'ECONNREFUSED',
          syscall: 'connect',
          address: '127.0.0.1',
          port: 6379
        }
      ]
    }

    [0m [90m 34 |[39m redisClient[33m.[39mon([32m'error'[39m[33m,[39m (err) [33m=>[39m {
     [90m 35 |[39m   [36mif[39m (process[33m.[39menv[33m.[39m[33mNODE_ENV[39m [33m!==[39m [32m'test'[39m) {
    [31m[1m>[22m[39m[90m 36 |[39m     console[33m.[39merror([32m'[DB] Redis Client Error'[39m[33m,[39m err)[33m;[39m
     [90m    |[39m             [31m[1m^[22m[39m
     [90m 37 |[39m   }
     [90m 38 |[39m })[33m;[39m
     [90m 39 |[39m[0m

      at Class.error (server/config/database.js:36:13)
      at RedisSocket.<anonymous> (node_modules/@redis/client/lib/client/index.ts:796:12)
      at RedisSocket.#connect (node_modules/@redis/client/lib/client/socket.ts:246:14)
      at Class.connect (node_modules/@redis/client/lib/client/index.ts:961:5)
      at connectRedis (server/config/database.js:42:5)
      at server/app.js:79:5

  console.error
    [DB] Redis Client Error AggregateError: 
        at internalConnectMultiple (node:net:1134:18)
        at afterConnectMultiple (node:net:1715:7) {
      code: 'ECONNREFUSED',
      [errors]: [
        Error: connect ECONNREFUSED ::1:6379
            at createConnectionError (node:net:1678:14)
            at afterConnectMultiple (node:net:1708:16) {
          errno: -4078,
          code: 'ECONNREFUSED',
          syscall: 'connect',
          address: '::1',
          port: 6379
        },
        Error: connect ECONNREFUSED 127.0.0.1:6379
            at createConnectionError (node:net:1678:14)
            at afterConnectMultiple (node:net:1708:16) {
          errno: -4078,
          code: 'ECONNREFUSED',
          syscall: 'connect',
          address: '127.0.0.1',
          port: 6379
        }
      ]
    }

    [0m [90m 34 |[39m redisClient[33m.[39mon([32m'error'[39m[33m,[39m (err) [33m=>[39m {
     [90m 35 |[39m   [36mif[39m (process[33m.[39menv[33m.[39m[33mNODE_ENV[39m [33m!==[39m [32m'test'[39m) {
    [31m[1m>[22m[39m[90m 36 |[39m     console[33m.[39merror([32m'[DB] Redis Client Error'[39m[33m,[39m err)[33m;[39m
     [90m    |[39m             [31m[1m^[22m[39m
     [90m 37 |[39m   }
     [90m 38 |[39m })[33m;[39m
     [90m 39 |[39m[0m

      at Class.error (server/config/database.js:36:13)
      at RedisSocket.<anonymous> (node_modules/@redis/client/lib/client/index.ts:796:12)
      at RedisSocket.#connect (node_modules/@redis/client/lib/client/socket.ts:246:14)
      at Class.connect (node_modules/@redis/client/lib/client/index.ts:961:5)
      at connectRedis (server/config/database.js:42:5)
      at server/app.js:79:5

  console.error
    [DB] Redis Client Error AggregateError: 
        at internalConnectMultiple (node:net:1134:18)
        at afterConnectMultiple (node:net:1715:7) {
      code: 'ECONNREFUSED',
      [errors]: [
        Error: connect ECONNREFUSED ::1:6379
            at createConnectionError (node:net:1678:14)
            at afterConnectMultiple (node:net:1708:16) {
          errno: -4078,
          code: 'ECONNREFUSED',
          syscall: 'connect',
          address: '::1',
          port: 6379
        },
        Error: connect ECONNREFUSED 127.0.0.1:6379
            at createConnectionError (node:net:1678:14)
            at afterConnectMultiple (node:net:1708:16) {
          errno: -4078,
          code: 'ECONNREFUSED',
          syscall: 'connect',
          address: '127.0.0.1',
          port: 6379
        }
      ]
    }

    [0m [90m 34 |[39m redisClient[33m.[39mon([32m'error'[39m[33m,[39m (err) [33m=>[39m {
     [90m 35 |[39m   [36mif[39m (process[33m.[39menv[33m.[39m[33mNODE_ENV[39m [33m!==[39m [32m'test'[39m) {
    [31m[1m>[22m[39m[90m 36 |[39m     console[33m.[39merror([32m'[DB] Redis Client Error'[39m[33m,[39m err)[33m;[39m
     [90m    |[39m             [31m[1m^[22m[39m
     [90m 37 |[39m   }
     [90m 38 |[39m })[33m;[39m
     [90m 39 |[39m[0m

      at Class.error (server/config/database.js:36:13)
      at RedisSocket.<anonymous> (node_modules/@redis/client/lib/client/index.ts:796:12)
      at RedisSocket.#connect (node_modules/@redis/client/lib/client/socket.ts:246:14)
      at Class.connect (node_modules/@redis/client/lib/client/index.ts:961:5)
      at connectRedis (server/config/database.js:42:5)
      at server/app.js:79:5

  console.error
    [DB] Redis Client Error AggregateError: 
        at internalConnectMultiple (node:net:1134:18)
        at afterConnectMultiple (node:net:1715:7) {
      code: 'ECONNREFUSED',
      [errors]: [
        Error: connect ECONNREFUSED ::1:6379
            at createConnectionError (node:net:1678:14)
            at afterConnectMultiple (node:net:1708:16) {
          errno: -4078,
          code: 'ECONNREFUSED',
          syscall: 'connect',
          address: '::1',
          port: 6379
        },
        Error: connect ECONNREFUSED 127.0.0.1:6379
            at createConnectionError (node:net:1678:14)
            at afterConnectMultiple (node:net:1708:16) {
          errno: -4078,
          code: 'ECONNREFUSED',
          syscall: 'connect',
          address: '127.0.0.1',
          port: 6379
        }
      ]
    }

    [0m [90m 34 |[39m redisClient[33m.[39mon([32m'error'[39m[33m,[39m (err) [33m=>[39m {
     [90m 35 |[39m   [36mif[39m (process[33m.[39menv[33m.[39m[33mNODE_ENV[39m [33m!==[39m [32m'test'[39m) {
    [31m[1m>[22m[39m[90m 36 |[39m     console[33m.[39merror([32m'[DB] Redis Client Error'[39m[33m,[39m err)[33m;[39m
     [90m    |[39m             [31m[1m^[22m[39m
     [90m 37 |[39m   }
     [90m 38 |[39m })[33m;[39m
     [90m 39 |[39m[0m

      at Class.error (server/config/database.js:36:13)
      at RedisSocket.<anonymous> (node_modules/@redis/client/lib/client/index.ts:796:12)
      at RedisSocket.#connect (node_modules/@redis/client/lib/client/socket.ts:246:14)
      at Class.connect (node_modules/@redis/client/lib/client/index.ts:961:5)
      at connectRedis (server/config/database.js:42:5)
      at server/app.js:79:5

  console.error
    [DB] Redis Client Error AggregateError: 
        at internalConnectMultiple (node:net:1134:18)
        at afterConnectMultiple (node:net:1715:7) {
      code: 'ECONNREFUSED',
      [errors]: [
        Error: connect ECONNREFUSED ::1:6379
            at createConnectionError (node:net:1678:14)
            at afterConnectMultiple (node:net:1708:16) {
          errno: -4078,
          code: 'ECONNREFUSED',
          syscall: 'connect',
          address: '::1',
          port: 6379
        },
        Error: connect ECONNREFUSED 127.0.0.1:6379
            at createConnectionError (node:net:1678:14)
            at afterConnectMultiple (node:net:1708:16) {
          errno: -4078,
          code: 'ECONNREFUSED',
          syscall: 'connect',
          address: '127.0.0.1',
          port: 6379
        }
      ]
    }

    [0m [90m 34 |[39m redisClient[33m.[39mon([32m'error'[39m[33m,[39m (err) [33m=>[39m {
     [90m 35 |[39m   [36mif[39m (process[33m.[39menv[33m.[39m[33mNODE_ENV[39m [33m!==[39m [32m'test'[39m) {
    [31m[1m>[22m[39m[90m 36 |[39m     console[33m.[39merror([32m'[DB] Redis Client Error'[39m[33m,[39m err)[33m;[39m
     [90m    |[39m             [31m[1m^[22m[39m
     [90m 37 |[39m   }
     [90m 38 |[39m })[33m;[39m
     [90m 39 |[39m[0m

      at Class.error (server/config/database.js:36:13)
      at RedisSocket.<anonymous> (node_modules/@redis/client/lib/client/index.ts:796:12)
      at RedisSocket.#connect (node_modules/@redis/client/lib/client/socket.ts:246:14)
      at Class.connect (node_modules/@redis/client/lib/client/index.ts:961:5)
      at connectRedis (server/config/database.js:42:5)
      at server/app.js:79:5

  console.error
    [DB] Redis Client Error AggregateError: 
        at internalConnectMultiple (node:net:1134:18)
        at afterConnectMultiple (node:net:1715:7) {
      code: 'ECONNREFUSED',
      [errors]: [
        Error: connect ECONNREFUSED ::1:6379
            at createConnectionError (node:net:1678:14)
            at afterConnectMultiple (node:net:1708:16) {
          errno: -4078,
          code: 'ECONNREFUSED',
          syscall: 'connect',
          address: '::1',
          port: 6379
        },
        Error: connect ECONNREFUSED 127.0.0.1:6379
            at createConnectionError (node:net:1678:14)
            at afterConnectMultiple (node:net:1708:16) {
          errno: -4078,
          code: 'ECONNREFUSED',
          syscall: 'connect',
          address: '127.0.0.1',
          port: 6379
        }
      ]
    }

    [0m [90m 34 |[39m redisClient[33m.[39mon([32m'error'[39m[33m,[39m (err) [33m=>[39m {
     [90m 35 |[39m   [36mif[39m (process[33m.[39menv[33m.[39m[33mNODE_ENV[39m [33m!==[39m [32m'test'[39m) {
    [31m[1m>[22m[39m[90m 36 |[39m     console[33m.[39merror([32m'[DB] Redis Client Error'[39m[33m,[39m err)[33m;[39m
     [90m    |[39m             [31m[1m^[22m[39m
     [90m 37 |[39m   }
     [90m 38 |[39m })[33m;[39m
     [90m 39 |[39m[0m

      at Class.error (server/config/database.js:36:13)
      at RedisSocket.<anonymous> (node_modules/@redis/client/lib/client/index.ts:796:12)
      at RedisSocket.#connect (node_modules/@redis/client/lib/client/socket.ts:246:14)
      at Class.connect (node_modules/@redis/client/lib/client/index.ts:961:5)
      at connectRedis (server/config/database.js:42:5)
      at server/app.js:79:5

  console.error
    [DB] Redis Client Error AggregateError: 
        at internalConnectMultiple (node:net:1134:18)
        at afterConnectMultiple (node:net:1715:7) {
      code: 'ECONNREFUSED',
      [errors]: [
        Error: connect ECONNREFUSED ::1:6379
            at createConnectionError (node:net:1678:14)
            at afterConnectMultiple (node:net:1708:16) {
          errno: -4078,
          code: 'ECONNREFUSED',
          syscall: 'connect',
          address: '::1',
          port: 6379
        },
        Error: connect ECONNREFUSED 127.0.0.1:6379
            at createConnectionError (node:net:1678:14)
            at afterConnectMultiple (node:net:1708:16) {
          errno: -4078,
          code: 'ECONNREFUSED',
          syscall: 'connect',
          address: '127.0.0.1',
          port: 6379
        }
      ]
    }

    [0m [90m 34 |[39m redisClient[33m.[39mon([32m'error'[39m[33m,[39m (err) [33m=>[39m {
     [90m 35 |[39m   [36mif[39m (process[33m.[39menv[33m.[39m[33mNODE_ENV[39m [33m!==[39m [32m'test'[39m) {
    [31m[1m>[22m[39m[90m 36 |[39m     console[33m.[39merror([32m'[DB] Redis Client Error'[39m[33m,[39m err)[33m;[39m
     [90m    |[39m             [31m[1m^[22m[39m
     [90m 37 |[39m   }
     [90m 38 |[39m })[33m;[39m
     [90m 39 |[39m[0m

      at Class.error (server/config/database.js:36:13)
      at RedisSocket.<anonymous> (node_modules/@redis/client/lib/client/index.ts:796:12)
      at RedisSocket.#connect (node_modules/@redis/client/lib/client/socket.ts:246:14)
      at Class.connect (node_modules/@redis/client/lib/client/index.ts:961:5)
      at connectRedis (server/config/database.js:42:5)
      at server/app.js:79:5

  console.error
    [DB] Redis Client Error AggregateError: 
        at internalConnectMultiple (node:net:1134:18)
        at afterConnectMultiple (node:net:1715:7) {
      code: 'ECONNREFUSED',
      [errors]: [
        Error: connect ECONNREFUSED ::1:6379
            at createConnectionError (node:net:1678:14)
            at afterConnectMultiple (node:net:1708:16) {
          errno: -4078,
          code: 'ECONNREFUSED',
          syscall: 'connect',
          address: '::1',
          port: 6379
        },
        Error: connect ECONNREFUSED 127.0.0.1:6379
            at createConnectionError (node:net:1678:14)
            at afterConnectMultiple (node:net:1708:16) {
          errno: -4078,
          code: 'ECONNREFUSED',
          syscall: 'connect',
          address: '127.0.0.1',
          port: 6379
        }
      ]
    }

    [0m [90m 34 |[39m redisClient[33m.[39mon([32m'error'[39m[33m,[39m (err) [33m=>[39m {
     [90m 35 |[39m   [36mif[39m (process[33m.[39menv[33m.[39m[33mNODE_ENV[39m [33m!==[39m [32m'test'[39m) {
    [31m[1m>[22m[39m[90m 36 |[39m     console[33m.[39merror([32m'[DB] Redis Client Error'[39m[33m,[39m err)[33m;[39m
     [90m    |[39m             [31m[1m^[22m[39m
     [90m 37 |[39m   }
     [90m 38 |[39m })[33m;[39m
     [90m 39 |[39m[0m

      at Class.error (server/config/database.js:36:13)
      at RedisSocket.<anonymous> (node_modules/@redis/client/lib/client/index.ts:796:12)
      at RedisSocket.#connect (node_modules/@redis/client/lib/client/socket.ts:246:14)
      at Class.connect (node_modules/@redis/client/lib/client/index.ts:961:5)
      at connectRedis (server/config/database.js:42:5)
      at server/app.js:79:5

  console.error
    [DB] Redis Client Error AggregateError: 
        at internalConnectMultiple (node:net:1134:18)
        at afterConnectMultiple (node:net:1715:7) {
      code: 'ECONNREFUSED',
      [errors]: [
        Error: connect ECONNREFUSED ::1:6379
            at createConnectionError (node:net:1678:14)
            at afterConnectMultiple (node:net:1708:16) {
          errno: -4078,
          code: 'ECONNREFUSED',
          syscall: 'connect',
          address: '::1',
          port: 6379
        },
        Error: connect ECONNREFUSED 127.0.0.1:6379
            at createConnectionError (node:net:1678:14)
            at afterConnectMultiple (node:net:1708:16) {
          errno: -4078,
          code: 'ECONNREFUSED',
          syscall: 'connect',
          address: '127.0.0.1',
          port: 6379
        }
      ]
    }

    [0m [90m 34 |[39m redisClient[33m.[39mon([32m'error'[39m[33m,[39m (err) [33m=>[39m {
     [90m 35 |[39m   [36mif[39m (process[33m.[39menv[33m.[39m[33mNODE_ENV[39m [33m!==[39m [32m'test'[39m) {
    [31m[1m>[22m[39m[90m 36 |[39m     console[33m.[39merror([32m'[DB] Redis Client Error'[39m[33m,[39m err)[33m;[39m
     [90m    |[39m             [31m[1m^[22m[39m
     [90m 37 |[39m   }
     [90m 38 |[39m })[33m;[39m
     [90m 39 |[39m[0m

      at Class.error (server/config/database.js:36:13)
      at RedisSocket.<anonymous> (node_modules/@redis/client/lib/client/index.ts:796:12)
      at RedisSocket.#connect (node_modules/@redis/client/lib/client/socket.ts:246:14)
      at Class.connect (node_modules/@redis/client/lib/client/index.ts:961:5)
      at connectRedis (server/config/database.js:42:5)
      at server/app.js:79:5

  console.error
    [DB] Redis Client Error AggregateError: 
        at internalConnectMultiple (node:net:1134:18)
        at afterConnectMultiple (node:net:1715:7) {
      code: 'ECONNREFUSED',
      [errors]: [
        Error: connect ECONNREFUSED ::1:6379
            at createConnectionError (node:net:1678:14)
            at afterConnectMultiple (node:net:1708:16) {
          errno: -4078,
          code: 'ECONNREFUSED',
          syscall: 'connect',
          address: '::1',
          port: 6379
        },
        Error: connect ECONNREFUSED 127.0.0.1:6379
            at createConnectionError (node:net:1678:14)
            at afterConnectMultiple (node:net:1708:16) {
          errno: -4078,
          code: 'ECONNREFUSED',
          syscall: 'connect',
          address: '127.0.0.1',
          port: 6379
        }
      ]
    }

    [0m [90m 34 |[39m redisClient[33m.[39mon([32m'error'[39m[33m,[39m (err) [33m=>[39m {
     [90m 35 |[39m   [36mif[39m (process[33m.[39menv[33m.[39m[33mNODE_ENV[39m [33m!==[39m [32m'test'[39m) {
    [31m[1m>[22m[39m[90m 36 |[39m     console[33m.[39merror([32m'[DB] Redis Client Error'[39m[33m,[39m err)[33m;[39m
     [90m    |[39m             [31m[1m^[22m[39m
     [90m 37 |[39m   }
     [90m 38 |[39m })[33m;[39m
     [90m 39 |[39m[0m

      at Class.error (server/config/database.js:36:13)
      at RedisSocket.<anonymous> (node_modules/@redis/client/lib/client/index.ts:796:12)
      at RedisSocket.#connect (node_modules/@redis/client/lib/client/socket.ts:246:14)
      at Class.connect (node_modules/@redis/client/lib/client/index.ts:961:5)
      at connectRedis (server/config/database.js:42:5)
      at server/app.js:79:5

  console.error
    [DB] Redis Client Error AggregateError: 
        at internalConnectMultiple (node:net:1134:18)
        at afterConnectMultiple (node:net:1715:7) {
      code: 'ECONNREFUSED',
      [errors]: [
        Error: connect ECONNREFUSED ::1:6379
            at createConnectionError (node:net:1678:14)
            at afterConnectMultiple (node:net:1708:16) {
          errno: -4078,
          code: 'ECONNREFUSED',
          syscall: 'connect',
          address: '::1',
          port: 6379
        },
        Error: connect ECONNREFUSED 127.0.0.1:6379
            at createConnectionError (node:net:1678:14)
            at afterConnectMultiple (node:net:1708:16) {
          errno: -4078,
          code: 'ECONNREFUSED',
          syscall: 'connect',
          address: '127.0.0.1',
          port: 6379
        }
      ]
    }

    [0m [90m 34 |[39m redisClient[33m.[39mon([32m'error'[39m[33m,[39m (err) [33m=>[39m {
     [90m 35 |[39m   [36mif[39m (process[33m.[39menv[33m.[39m[33mNODE_ENV[39m [33m!==[39m [32m'test'[39m) {
    [31m[1m>[22m[39m[90m 36 |[39m     console[33m.[39merror([32m'[DB] Redis Client Error'[39m[33m,[39m err)[33m;[39m
     [90m    |[39m             [31m[1m^[22m[39m
     [90m 37 |[39m   }
     [90m 38 |[39m })[33m;[39m
     [90m 39 |[39m[0m

      at Class.error (server/config/database.js:36:13)
      at RedisSocket.<anonymous> (node_modules/@redis/client/lib/client/index.ts:796:12)
      at RedisSocket.#connect (node_modules/@redis/client/lib/client/socket.ts:246:14)
      at Class.connect (node_modules/@redis/client/lib/client/index.ts:961:5)
      at connectRedis (server/config/database.js:42:5)
      at server/app.js:79:5

  console.error
    [DB] Redis Client Error AggregateError: 
        at internalConnectMultiple (node:net:1134:18)
        at afterConnectMultiple (node:net:1715:7) {
      code: 'ECONNREFUSED',
      [errors]: [
        Error: connect ECONNREFUSED ::1:6379
            at createConnectionError (node:net:1678:14)
            at afterConnectMultiple (node:net:1708:16) {
          errno: -4078,
          code: 'ECONNREFUSED',
          syscall: 'connect',
          address: '::1',
          port: 6379
        },
        Error: connect ECONNREFUSED 127.0.0.1:6379
            at createConnectionError (node:net:1678:14)
            at afterConnectMultiple (node:net:1708:16) {
          errno: -4078,
          code: 'ECONNREFUSED',
          syscall: 'connect',
          address: '127.0.0.1',
          port: 6379
        }
      ]
    }

    [0m [90m 34 |[39m redisClient[33m.[39mon([32m'error'[39m[33m,[39m (err) [33m=>[39m {
     [90m 35 |[39m   [36mif[39m (process[33m.[39menv[33m.[39m[33mNODE_ENV[39m [33m!==[39m [32m'test'[39m) {
    [31m[1m>[22m[39m[90m 36 |[39m     console[33m.[39merror([32m'[DB] Redis Client Error'[39m[33m,[39m err)[33m;[39m
     [90m    |[39m             [31m[1m^[22m[39m
     [90m 37 |[39m   }
     [90m 38 |[39m })[33m;[39m
     [90m 39 |[39m[0m

      at Class.error (server/config/database.js:36:13)
      at RedisSocket.<anonymous> (node_modules/@redis/client/lib/client/index.ts:796:12)
      at RedisSocket.#connect (node_modules/@redis/client/lib/client/socket.ts:246:14)
      at Class.connect (node_modules/@redis/client/lib/client/index.ts:961:5)
      at connectRedis (server/config/database.js:42:5)
      at server/app.js:79:5

  console.error
    [DB] Redis Client Error AggregateError: 
        at internalConnectMultiple (node:net:1134:18)
        at afterConnectMultiple (node:net:1715:7) {
      code: 'ECONNREFUSED',
      [errors]: [
        Error: connect ECONNREFUSED ::1:6379
            at createConnectionError (node:net:1678:14)
            at afterConnectMultiple (node:net:1708:16) {
          errno: -4078,
          code: 'ECONNREFUSED',
          syscall: 'connect',
          address: '::1',
          port: 6379
        },
        Error: connect ECONNREFUSED 127.0.0.1:6379
            at createConnectionError (node:net:1678:14)
            at afterConnectMultiple (node:net:1708:16) {
          errno: -4078,
          code: 'ECONNREFUSED',
          syscall: 'connect',
          address: '127.0.0.1',
          port: 6379
        }
      ]
    }

    [0m [90m 34 |[39m redisClient[33m.[39mon([32m'error'[39m[33m,[39m (err) [33m=>[39m {
     [90m 35 |[39m   [36mif[39m (process[33m.[39menv[33m.[39m[33mNODE_ENV[39m [33m!==[39m [32m'test'[39m) {
    [31m[1m>[22m[39m[90m 36 |[39m     console[33m.[39merror([32m'[DB] Redis Client Error'[39m[33m,[39m err)[33m;[39m
     [90m    |[39m             [31m[1m^[22m[39m
     [90m 37 |[39m   }
     [90m 38 |[39m })[33m;[39m
     [90m 39 |[39m[0m

      at Class.error (server/config/database.js:36:13)
      at RedisSocket.<anonymous> (node_modules/@redis/client/lib/client/index.ts:796:12)
      at RedisSocket.#connect (node_modules/@redis/client/lib/client/socket.ts:246:14)
      at Class.connect (node_modules/@redis/client/lib/client/index.ts:961:5)
      at connectRedis (server/config/database.js:42:5)
      at server/app.js:79:5

  console.error
    [DB] Redis Client Error AggregateError: 
        at internalConnectMultiple (node:net:1134:18)
        at afterConnectMultiple (node:net:1715:7) {
      code: 'ECONNREFUSED',
      [errors]: [
        Error: connect ECONNREFUSED ::1:6379
            at createConnectionError (node:net:1678:14)
            at afterConnectMultiple (node:net:1708:16) {
          errno: -4078,
          code: 'ECONNREFUSED',
          syscall: 'connect',
          address: '::1',
          port: 6379
        },
        Error: connect ECONNREFUSED 127.0.0.1:6379
            at createConnectionError (node:net:1678:14)
            at afterConnectMultiple (node:net:1708:16) {
          errno: -4078,
          code: 'ECONNREFUSED',
          syscall: 'connect',
          address: '127.0.0.1',
          port: 6379
        }
      ]
    }

    [0m [90m 34 |[39m redisClient[33m.[39mon([32m'error'[39m[33m,[39m (err) [33m=>[39m {
     [90m 35 |[39m   [36mif[39m (process[33m.[39menv[33m.[39m[33mNODE_ENV[39m [33m!==[39m [32m'test'[39m) {
    [31m[1m>[22m[39m[90m 36 |[39m     console[33m.[39merror([32m'[DB] Redis Client Error'[39m[33m,[39m err)[33m;[39m
     [90m    |[39m             [31m[1m^[22m[39m
     [90m 37 |[39m   }
     [90m 38 |[39m })[33m;[39m
     [90m 39 |[39m[0m

      at Class.error (server/config/database.js:36:13)
      at RedisSocket.<anonymous> (node_modules/@redis/client/lib/client/index.ts:796:12)
      at RedisSocket.#connect (node_modules/@redis/client/lib/client/socket.ts:246:14)
      at Class.connect (node_modules/@redis/client/lib/client/index.ts:961:5)
      at connectRedis (server/config/database.js:42:5)
      at server/app.js:79:5

  console.error
    [DB] Redis Client Error AggregateError: 
        at internalConnectMultiple (node:net:1134:18)
        at afterConnectMultiple (node:net:1715:7) {
      code: 'ECONNREFUSED',
      [errors]: [
        Error: connect ECONNREFUSED ::1:6379
            at createConnectionError (node:net:1678:14)
            at afterConnectMultiple (node:net:1708:16) {
          errno: -4078,
          code: 'ECONNREFUSED',
          syscall: 'connect',
          address: '::1',
          port: 6379
        },
        Error: connect ECONNREFUSED 127.0.0.1:6379
            at createConnectionError (node:net:1678:14)
            at afterConnectMultiple (node:net:1708:16) {
          errno: -4078,
          code: 'ECONNREFUSED',
          syscall: 'connect',
          address: '127.0.0.1',
          port: 6379
        }
      ]
    }

    [0m [90m 34 |[39m redisClient[33m.[39mon([32m'error'[39m[33m,[39m (err) [33m=>[39m {
     [90m 35 |[39m   [36mif[39m (process[33m.[39menv[33m.[39m[33mNODE_ENV[39m [33m!==[39m [32m'test'[39m) {
    [31m[1m>[22m[39m[90m 36 |[39m     console[33m.[39merror([32m'[DB] Redis Client Error'[39m[33m,[39m err)[33m;[39m
     [90m    |[39m             [31m[1m^[22m[39m
     [90m 37 |[39m   }
     [90m 38 |[39m })[33m;[39m
     [90m 39 |[39m[0m

      at Class.error (server/config/database.js:36:13)
      at RedisSocket.<anonymous> (node_modules/@redis/client/lib/client/index.ts:796:12)
      at RedisSocket.#connect (node_modules/@redis/client/lib/client/socket.ts:246:14)
      at Class.connect (node_modules/@redis/client/lib/client/index.ts:961:5)
      at connectRedis (server/config/database.js:42:5)
      at server/app.js:79:5

  console.error
    [DB] Redis Client Error AggregateError: 
        at internalConnectMultiple (node:net:1134:18)
        at afterConnectMultiple (node:net:1715:7) {
      code: 'ECONNREFUSED',
      [errors]: [
        Error: connect ECONNREFUSED ::1:6379
            at createConnectionError (node:net:1678:14)
            at afterConnectMultiple (node:net:1708:16) {
          errno: -4078,
          code: 'ECONNREFUSED',
          syscall: 'connect',
          address: '::1',
          port: 6379
        },
        Error: connect ECONNREFUSED 127.0.0.1:6379
            at createConnectionError (node:net:1678:14)
            at afterConnectMultiple (node:net:1708:16) {
          errno: -4078,
          code: 'ECONNREFUSED',
          syscall: 'connect',
          address: '127.0.0.1',
          port: 6379
        }
      ]
    }

    [0m [90m 34 |[39m redisClient[33m.[39mon([32m'error'[39m[33m,[39m (err) [33m=>[39m {
     [90m 35 |[39m   [36mif[39m (process[33m.[39menv[33m.[39m[33mNODE_ENV[39m [33m!==[39m [32m'test'[39m) {
    [31m[1m>[22m[39m[90m 36 |[39m     console[33m.[39merror([32m'[DB] Redis Client Error'[39m[33m,[39m err)[33m;[39m
     [90m    |[39m             [31m[1m^[22m[39m
     [90m 37 |[39m   }
     [90m 38 |[39m })[33m;[39m
     [90m 39 |[39m[0m

      at Class.error (server/config/database.js:36:13)
      at RedisSocket.<anonymous> (node_modules/@redis/client/lib/client/index.ts:796:12)
      at RedisSocket.#connect (node_modules/@redis/client/lib/client/socket.ts:246:14)
      at Class.connect (node_modules/@redis/client/lib/client/index.ts:961:5)
      at connectRedis (server/config/database.js:42:5)
      at server/app.js:79:5

  console.error
    [DB] Redis Client Error AggregateError: 
        at internalConnectMultiple (node:net:1134:18)
        at afterConnectMultiple (node:net:1715:7) {
      code: 'ECONNREFUSED',
      [errors]: [
        Error: connect ECONNREFUSED ::1:6379
            at createConnectionError (node:net:1678:14)
            at afterConnectMultiple (node:net:1708:16) {
          errno: -4078,
          code: 'ECONNREFUSED',
          syscall: 'connect',
          address: '::1',
          port: 6379
        },
        Error: connect ECONNREFUSED 127.0.0.1:6379
            at createConnectionError (node:net:1678:14)
            at afterConnectMultiple (node:net:1708:16) {
          errno: -4078,
          code: 'ECONNREFUSED',
          syscall: 'connect',
          address: '127.0.0.1',
          port: 6379
        }
      ]
    }

    [0m [90m 34 |[39m redisClient[33m.[39mon([32m'error'[39m[33m,[39m (err) [33m=>[39m {
     [90m 35 |[39m   [36mif[39m (process[33m.[39menv[33m.[39m[33mNODE_ENV[39m [33m!==[39m [32m'test'[39m) {
    [31m[1m>[22m[39m[90m 36 |[39m     console[33m.[39merror([32m'[DB] Redis Client Error'[39m[33m,[39m err)[33m;[39m
     [90m    |[39m             [31m[1m^[22m[39m
     [90m 37 |[39m   }
     [90m 38 |[39m })[33m;[39m
     [90m 39 |[39m[0m

      at Class.error (server/config/database.js:36:13)
      at RedisSocket.<anonymous> (node_modules/@redis/client/lib/client/index.ts:796:12)
      at RedisSocket.#connect (node_modules/@redis/client/lib/client/socket.ts:246:14)
      at Class.connect (node_modules/@redis/client/lib/client/index.ts:961:5)
      at connectRedis (server/config/database.js:42:5)
      at server/app.js:79:5

  console.error
    [DB] Redis Client Error AggregateError: 
        at internalConnectMultiple (node:net:1134:18)
        at afterConnectMultiple (node:net:1715:7) {
      code: 'ECONNREFUSED',
      [errors]: [
        Error: connect ECONNREFUSED ::1:6379
            at createConnectionError (node:net:1678:14)
            at afterConnectMultiple (node:net:1708:16) {
          errno: -4078,
          code: 'ECONNREFUSED',
          syscall: 'connect',
          address: '::1',
          port: 6379
        },
        Error: connect ECONNREFUSED 127.0.0.1:6379
            at createConnectionError (node:net:1678:14)
            at afterConnectMultiple (node:net:1708:16) {
          errno: -4078,
          code: 'ECONNREFUSED',
          syscall: 'connect',
          address: '127.0.0.1',
          port: 6379
        }
      ]
    }

    [0m [90m 34 |[39m redisClient[33m.[39mon([32m'error'[39m[33m,[39m (err) [33m=>[39m {
     [90m 35 |[39m   [36mif[39m (process[33m.[39menv[33m.[39m[33mNODE_ENV[39m [33m!==[39m [32m'test'[39m) {
    [31m[1m>[22m[39m[90m 36 |[39m     console[33m.[39merror([32m'[DB] Redis Client Error'[39m[33m,[39m err)[33m;[39m
     [90m    |[39m             [31m[1m^[22m[39m
     [90m 37 |[39m   }
     [90m 38 |[39m })[33m;[39m
     [90m 39 |[39m[0m

      at Class.error (server/config/database.js:36:13)
      at RedisSocket.<anonymous> (node_modules/@redis/client/lib/client/index.ts:796:12)
      at RedisSocket.#connect (node_modules/@redis/client/lib/client/socket.ts:246:14)
      at Class.connect (node_modules/@redis/client/lib/client/index.ts:961:5)
      at connectRedis (server/config/database.js:42:5)
      at server/app.js:79:5

  console.error
    [DB] Redis Client Error AggregateError: 
        at internalConnectMultiple (node:net:1134:18)
        at afterConnectMultiple (node:net:1715:7) {
      code: 'ECONNREFUSED',
      [errors]: [
        Error: connect ECONNREFUSED ::1:6379
            at createConnectionError (node:net:1678:14)
            at afterConnectMultiple (node:net:1708:16) {
          errno: -4078,
          code: 'ECONNREFUSED',
          syscall: 'connect',
          address: '::1',
          port: 6379
        },
        Error: connect ECONNREFUSED 127.0.0.1:6379
            at createConnectionError (node:net:1678:14)
            at afterConnectMultiple (node:net:1708:16) {
          errno: -4078,
          code: 'ECONNREFUSED',
          syscall: 'connect',
          address: '127.0.0.1',
          port: 6379
        }
      ]
    }

    [0m [90m 34 |[39m redisClient[33m.[39mon([32m'error'[39m[33m,[39m (err) [33m=>[39m {
     [90m 35 |[39m   [36mif[39m (process[33m.[39menv[33m.[39m[33mNODE_ENV[39m [33m!==[39m [32m'test'[39m) {
    [31m[1m>[22m[39m[90m 36 |[39m     console[33m.[39merror([32m'[DB] Redis Client Error'[39m[33m,[39m err)[33m;[39m
     [90m    |[39m             [31m[1m^[22m[39m
     [90m 37 |[39m   }
     [90m 38 |[39m })[33m;[39m
     [90m 39 |[39m[0m

      at Class.error (server/config/database.js:36:13)
      at RedisSocket.<anonymous> (node_modules/@redis/client/lib/client/index.ts:796:12)
      at RedisSocket.#connect (node_modules/@redis/client/lib/client/socket.ts:246:14)
      at Class.connect (node_modules/@redis/client/lib/client/index.ts:961:5)
      at connectRedis (server/config/database.js:42:5)
      at server/app.js:79:5

  console.error
    [DB] Redis Client Error AggregateError: 
        at internalConnectMultiple (node:net:1134:18)
        at afterConnectMultiple (node:net:1715:7) {
      code: 'ECONNREFUSED',
      [errors]: [
        Error: connect ECONNREFUSED ::1:6379
            at createConnectionError (node:net:1678:14)
            at afterConnectMultiple (node:net:1708:16) {
          errno: -4078,
          code: 'ECONNREFUSED',
          syscall: 'connect',
          address: '::1',
          port: 6379
        },
        Error: connect ECONNREFUSED 127.0.0.1:6379
            at createConnectionError (node:net:1678:14)
            at afterConnectMultiple (node:net:1708:16) {
          errno: -4078,
          code: 'ECONNREFUSED',
          syscall: 'connect',
          address: '127.0.0.1',
          port: 6379
        }
      ]
    }

    [0m [90m 34 |[39m redisClient[33m.[39mon([32m'error'[39m[33m,[39m (err) [33m=>[39m {
     [90m 35 |[39m   [36mif[39m (process[33m.[39menv[33m.[39m[33mNODE_ENV[39m [33m!==[39m [32m'test'[39m) {
    [31m[1m>[22m[39m[90m 36 |[39m     console[33m.[39merror([32m'[DB] Redis Client Error'[39m[33m,[39m err)[33m;[39m
     [90m    |[39m             [31m[1m^[22m[39m
     [90m 37 |[39m   }
     [90m 38 |[39m })[33m;[39m
     [90m 39 |[39m[0m

      at Class.error (server/config/database.js:36:13)
      at RedisSocket.<anonymous> (node_modules/@redis/client/lib/client/index.ts:796:12)
      at RedisSocket.#connect (node_modules/@redis/client/lib/client/socket.ts:246:14)
      at Class.connect (node_modules/@redis/client/lib/client/index.ts:961:5)
      at connectRedis (server/config/database.js:42:5)
      at server/app.js:79:5

  console.error
    [DB] Redis Client Error AggregateError: 
        at internalConnectMultiple (node:net:1134:18)
        at afterConnectMultiple (node:net:1715:7) {
      code: 'ECONNREFUSED',
      [errors]: [
        Error: connect ECONNREFUSED ::1:6379
            at createConnectionError (node:net:1678:14)
            at afterConnectMultiple (node:net:1708:16) {
          errno: -4078,
          code: 'ECONNREFUSED',
          syscall: 'connect',
          address: '::1',
          port: 6379
        },
        Error: connect ECONNREFUSED 127.0.0.1:6379
            at createConnectionError (node:net:1678:14)
            at afterConnectMultiple (node:net:1708:16) {
          errno: -4078,
          code: 'ECONNREFUSED',
          syscall: 'connect',
          address: '127.0.0.1',
          port: 6379
        }
      ]
    }

    [0m [90m 34 |[39m redisClient[33m.[39mon([32m'error'[39m[33m,[39m (err) [33m=>[39m {
     [90m 35 |[39m   [36mif[39m (process[33m.[39menv[33m.[39m[33mNODE_ENV[39m [33m!==[39m [32m'test'[39m) {
    [31m[1m>[22m[39m[90m 36 |[39m     console[33m.[39merror([32m'[DB] Redis Client Error'[39m[33m,[39m err)[33m;[39m
     [90m    |[39m             [31m[1m^[22m[39m
     [90m 37 |[39m   }
     [90m 38 |[39m })[33m;[39m
     [90m 39 |[39m[0m

      at Class.error (server/config/database.js:36:13)
      at RedisSocket.<anonymous> (node_modules/@redis/client/lib/client/index.ts:796:12)
      at RedisSocket.#connect (node_modules/@redis/client/lib/client/socket.ts:246:14)
      at Class.connect (node_modules/@redis/client/lib/client/index.ts:961:5)
      at connectRedis (server/config/database.js:42:5)
      at server/app.js:79:5

  console.error
    [DB] Redis Client Error AggregateError: 
        at internalConnectMultiple (node:net:1134:18)
        at afterConnectMultiple (node:net:1715:7) {
      code: 'ECONNREFUSED',
      [errors]: [
        Error: connect ECONNREFUSED ::1:6379
            at createConnectionError (node:net:1678:14)
            at afterConnectMultiple (node:net:1708:16) {
          errno: -4078,
          code: 'ECONNREFUSED',
          syscall: 'connect',
          address: '::1',
          port: 6379
        },
        Error: connect ECONNREFUSED 127.0.0.1:6379
            at createConnectionError (node:net:1678:14)
            at afterConnectMultiple (node:net:1708:16) {
          errno: -4078,
          code: 'ECONNREFUSED',
          syscall: 'connect',
          address: '127.0.0.1',
          port: 6379
        }
      ]
    }

    [0m [90m 34 |[39m redisClient[33m.[39mon([32m'error'[39m[33m,[39m (err) [33m=>[39m {
     [90m 35 |[39m   [36mif[39m (process[33m.[39menv[33m.[39m[33mNODE_ENV[39m [33m!==[39m [32m'test'[39m) {
    [31m[1m>[22m[39m[90m 36 |[39m     console[33m.[39merror([32m'[DB] Redis Client Error'[39m[33m,[39m err)[33m;[39m
     [90m    |[39m             [31m[1m^[22m[39m
     [90m 37 |[39m   }
     [90m 38 |[39m })[33m;[39m
     [90m 39 |[39m[0m

      at Class.error (server/config/database.js:36:13)
      at RedisSocket.<anonymous> (node_modules/@redis/client/lib/client/index.ts:796:12)
      at RedisSocket.#connect (node_modules/@redis/client/lib/client/socket.ts:246:14)
      at Class.connect (node_modules/@redis/client/lib/client/index.ts:961:5)
      at connectRedis (server/config/database.js:42:5)
      at server/app.js:79:5

  console.error
    [DB] Redis Client Error AggregateError: 
        at internalConnectMultiple (node:net:1134:18)
        at afterConnectMultiple (node:net:1715:7) {
      code: 'ECONNREFUSED',
      [errors]: [
        Error: connect ECONNREFUSED ::1:6379
            at createConnectionError (node:net:1678:14)
            at afterConnectMultiple (node:net:1708:16) {
          errno: -4078,
          code: 'ECONNREFUSED',
          syscall: 'connect',
          address: '::1',
          port: 6379
        },
        Error: connect ECONNREFUSED 127.0.0.1:6379
            at createConnectionError (node:net:1678:14)
            at afterConnectMultiple (node:net:1708:16) {
          errno: -4078,
          code: 'ECONNREFUSED',
          syscall: 'connect',
          address: '127.0.0.1',
          port: 6379
        }
      ]
    }

    [0m [90m 34 |[39m redisClient[33m.[39mon([32m'error'[39m[33m,[39m (err) [33m=>[39m {
     [90m 35 |[39m   [36mif[39m (process[33m.[39menv[33m.[39m[33mNODE_ENV[39m [33m!==[39m [32m'test'[39m) {
    [31m[1m>[22m[39m[90m 36 |[39m     console[33m.[39merror([32m'[DB] Redis Client Error'[39m[33m,[39m err)[33m;[39m
     [90m    |[39m             [31m[1m^[22m[39m
     [90m 37 |[39m   }
     [90m 38 |[39m })[33m;[39m
     [90m 39 |[39m[0m

      at Class.error (server/config/database.js:36:13)
      at RedisSocket.<anonymous> (node_modules/@redis/client/lib/client/index.ts:796:12)
      at RedisSocket.#connect (node_modules/@redis/client/lib/client/socket.ts:246:14)
      at Class.connect (node_modules/@redis/client/lib/client/index.ts:961:5)
      at connectRedis (server/config/database.js:42:5)
      at server/app.js:79:5

  console.error
    [DB] Redis Client Error AggregateError: 
        at internalConnectMultiple (node:net:1134:18)
        at afterConnectMultiple (node:net:1715:7) {
      code: 'ECONNREFUSED',
      [errors]: [
        Error: connect ECONNREFUSED ::1:6379
            at createConnectionError (node:net:1678:14)
            at afterConnectMultiple (node:net:1708:16) {
          errno: -4078,
          code: 'ECONNREFUSED',
          syscall: 'connect',
          address: '::1',
          port: 6379
        },
        Error: connect ECONNREFUSED 127.0.0.1:6379
            at createConnectionError (node:net:1678:14)
            at afterConnectMultiple (node:net:1708:16) {
          errno: -4078,
          code: 'ECONNREFUSED',
          syscall: 'connect',
          address: '127.0.0.1',
          port: 6379
        }
      ]
    }

    [0m [90m 34 |[39m redisClient[33m.[39mon([32m'error'[39m[33m,[39m (err) [33m=>[39m {
     [90m 35 |[39m   [36mif[39m (process[33m.[39menv[33m.[39m[33mNODE_ENV[39m [33m!==[39m [32m'test'[39m) {
    [31m[1m>[22m[39m[90m 36 |[39m     console[33m.[39merror([32m'[DB] Redis Client Error'[39m[33m,[39m err)[33m;[39m
     [90m    |[39m             [31m[1m^[22m[39m
     [90m 37 |[39m   }
     [90m 38 |[39m })[33m;[39m
     [90m 39 |[39m[0m

      at Class.error (server/config/database.js:36:13)
      at RedisSocket.<anonymous> (node_modules/@redis/client/lib/client/index.ts:796:12)
      at RedisSocket.#connect (node_modules/@redis/client/lib/client/socket.ts:246:14)
      at Class.connect (node_modules/@redis/client/lib/client/index.ts:961:5)
      at connectRedis (server/config/database.js:42:5)
      at server/app.js:79:5

  console.error
    [DB] Redis Client Error AggregateError: 
        at internalConnectMultiple (node:net:1134:18)
        at afterConnectMultiple (node:net:1715:7) {
      code: 'ECONNREFUSED',
      [errors]: [
        Error: connect ECONNREFUSED ::1:6379
            at createConnectionError (node:net:1678:14)
            at afterConnectMultiple (node:net:1708:16) {
          errno: -4078,
          code: 'ECONNREFUSED',
          syscall: 'connect',
          address: '::1',
          port: 6379
        },
        Error: connect ECONNREFUSED 127.0.0.1:6379
            at createConnectionError (node:net:1678:14)
            at afterConnectMultiple (node:net:1708:16) {
          errno: -4078,
          code: 'ECONNREFUSED',
          syscall: 'connect',
          address: '127.0.0.1',
          port: 6379
        }
      ]
    }

    [0m [90m 34 |[39m redisClient[33m.[39mon([32m'error'[39m[33m,[39m (err) [33m=>[39m {
     [90m 35 |[39m   [36mif[39m (process[33m.[39menv[33m.[39m[33mNODE_ENV[39m [33m!==[39m [32m'test'[39m) {
    [31m[1m>[22m[39m[90m 36 |[39m     console[33m.[39merror([32m'[DB] Redis Client Error'[39m[33m,[39m err)[33m;[39m
     [90m    |[39m             [31m[1m^[22m[39m
     [90m 37 |[39m   }
     [90m 38 |[39m })[33m;[39m
     [90m 39 |[39m[0m

      at Class.error (server/config/database.js:36:13)
      at RedisSocket.<anonymous> (node_modules/@redis/client/lib/client/index.ts:796:12)
      at RedisSocket.#connect (node_modules/@redis/client/lib/client/socket.ts:246:14)
      at Class.connect (node_modules/@redis/client/lib/client/index.ts:961:5)
      at connectRedis (server/config/database.js:42:5)
      at server/app.js:79:5

  console.error
    [DB] Redis Client Error AggregateError: 
        at internalConnectMultiple (node:net:1134:18)
        at afterConnectMultiple (node:net:1715:7) {
      code: 'ECONNREFUSED',
      [errors]: [
        Error: connect ECONNREFUSED ::1:6379
            at createConnectionError (node:net:1678:14)
            at afterConnectMultiple (node:net:1708:16) {
          errno: -4078,
          code: 'ECONNREFUSED',
          syscall: 'connect',
          address: '::1',
          port: 6379
        },
        Error: connect ECONNREFUSED 127.0.0.1:6379
            at createConnectionError (node:net:1678:14)
            at afterConnectMultiple (node:net:1708:16) {
          errno: -4078,
          code: 'ECONNREFUSED',
          syscall: 'connect',
          address: '127.0.0.1',
          port: 6379
        }
      ]
    }

    [0m [90m 34 |[39m redisClient[33m.[39mon([32m'error'[39m[33m,[39m (err) [33m=>[39m {
     [90m 35 |[39m   [36mif[39m (process[33m.[39menv[33m.[39m[33mNODE_ENV[39m [33m!==[39m [32m'test'[39m) {
    [31m[1m>[22m[39m[90m 36 |[39m     console[33m.[39merror([32m'[DB] Redis Client Error'[39m[33m,[39m err)[33m;[39m
     [90m    |[39m             [31m[1m^[22m[39m
     [90m 37 |[39m   }
     [90m 38 |[39m })[33m;[39m
     [90m 39 |[39m[0m

      at Class.error (server/config/database.js:36:13)
      at RedisSocket.<anonymous> (node_modules/@redis/client/lib/client/index.ts:796:12)
      at RedisSocket.#connect (node_modules/@redis/client/lib/client/socket.ts:246:14)
      at Class.connect (node_modules/@redis/client/lib/client/index.ts:961:5)
      at connectRedis (server/config/database.js:42:5)
      at server/app.js:79:5

  console.error
    [DB] Redis Client Error AggregateError: 
        at internalConnectMultiple (node:net:1134:18)
        at afterConnectMultiple (node:net:1715:7) {
      code: 'ECONNREFUSED',
      [errors]: [
        Error: connect ECONNREFUSED ::1:6379
            at createConnectionError (node:net:1678:14)
            at afterConnectMultiple (node:net:1708:16) {
          errno: -4078,
          code: 'ECONNREFUSED',
          syscall: 'connect',
          address: '::1',
          port: 6379
        },
        Error: connect ECONNREFUSED 127.0.0.1:6379
            at createConnectionError (node:net:1678:14)
            at afterConnectMultiple (node:net:1708:16) {
          errno: -4078,
          code: 'ECONNREFUSED',
          syscall: 'connect',
          address: '127.0.0.1',
          port: 6379
        }
      ]
    }

    [0m [90m 34 |[39m redisClient[33m.[39mon([32m'error'[39m[33m,[39m (err) [33m=>[39m {
     [90m 35 |[39m   [36mif[39m (process[33m.[39menv[33m.[39m[33mNODE_ENV[39m [33m!==[39m [32m'test'[39m) {
    [31m[1m>[22m[39m[90m 36 |[39m     console[33m.[39merror([32m'[DB] Redis Client Error'[39m[33m,[39m err)[33m;[39m
     [90m    |[39m             [31m[1m^[22m[39m
     [90m 37 |[39m   }
     [90m 38 |[39m })[33m;[39m
     [90m 39 |[39m[0m

      at Class.error (server/config/database.js:36:13)
      at RedisSocket.<anonymous> (node_modules/@redis/client/lib/client/index.ts:796:12)
      at RedisSocket.#connect (node_modules/@redis/client/lib/client/socket.ts:246:14)
      at Class.connect (node_modules/@redis/client/lib/client/index.ts:961:5)
      at connectRedis (server/config/database.js:42:5)
      at server/app.js:79:5

  console.error
    [DB] Redis Client Error AggregateError: 
        at internalConnectMultiple (node:net:1134:18)
        at afterConnectMultiple (node:net:1715:7) {
      code: 'ECONNREFUSED',
      [errors]: [
        Error: connect ECONNREFUSED ::1:6379
            at createConnectionError (node:net:1678:14)
            at afterConnectMultiple (node:net:1708:16) {
          errno: -4078,
          code: 'ECONNREFUSED',
          syscall: 'connect',
          address: '::1',
          port: 6379
        },
        Error: connect ECONNREFUSED 127.0.0.1:6379
            at createConnectionError (node:net:1678:14)
            at afterConnectMultiple (node:net:1708:16) {
          errno: -4078,
          code: 'ECONNREFUSED',
          syscall: 'connect',
          address: '127.0.0.1',
          port: 6379
        }
      ]
    }

    [0m [90m 34 |[39m redisClient[33m.[39mon([32m'error'[39m[33m,[39m (err) [33m=>[39m {
     [90m 35 |[39m   [36mif[39m (process[33m.[39menv[33m.[39m[33mNODE_ENV[39m [33m!==[39m [32m'test'[39m) {
    [31m[1m>[22m[39m[90m 36 |[39m     console[33m.[39merror([32m'[DB] Redis Client Error'[39m[33m,[39m err)[33m;[39m
     [90m    |[39m             [31m[1m^[22m[39m
     [90m 37 |[39m   }
     [90m 38 |[39m })[33m;[39m
     [90m 39 |[39m[0m

      at Class.error (server/config/database.js:36:13)
      at RedisSocket.<anonymous> (node_modules/@redis/client/lib/client/index.ts:796:12)
      at RedisSocket.#connect (node_modules/@redis/client/lib/client/socket.ts:246:14)
      at Class.connect (node_modules/@redis/client/lib/client/index.ts:961:5)
      at connectRedis (server/config/database.js:42:5)
      at server/app.js:79:5

  console.error
    [DB] Redis Client Error AggregateError: 
        at internalConnectMultiple (node:net:1134:18)
        at afterConnectMultiple (node:net:1715:7) {
      code: 'ECONNREFUSED',
      [errors]: [
        Error: connect ECONNREFUSED ::1:6379
            at createConnectionError (node:net:1678:14)
            at afterConnectMultiple (node:net:1708:16) {
          errno: -4078,
          code: 'ECONNREFUSED',
          syscall: 'connect',
          address: '::1',
          port: 6379
        },
        Error: connect ECONNREFUSED 127.0.0.1:6379
            at createConnectionError (node:net:1678:14)
            at afterConnectMultiple (node:net:1708:16) {
          errno: -4078,
          code: 'ECONNREFUSED',
          syscall: 'connect',
          address: '127.0.0.1',
          port: 6379
        }
      ]
    }

    [0m [90m 34 |[39m redisClient[33m.[39mon([32m'error'[39m[33m,[39m (err) [33m=>[39m {
     [90m 35 |[39m   [36mif[39m (process[33m.[39menv[33m.[39m[33mNODE_ENV[39m [33m!==[39m [32m'test'[39m) {
    [31m[1m>[22m[39m[90m 36 |[39m     console[33m.[39merror([32m'[DB] Redis Client Error'[39m[33m,[39m err)[33m;[39m
     [90m    |[39m             [31m[1m^[22m[39m
     [90m 37 |[39m   }
     [90m 38 |[39m })[33m;[39m
     [90m 39 |[39m[0m

      at Class.error (server/config/database.js:36:13)
      at RedisSocket.<anonymous> (node_modules/@redis/client/lib/client/index.ts:796:12)
      at RedisSocket.#connect (node_modules/@redis/client/lib/client/socket.ts:246:14)
      at Class.connect (node_modules/@redis/client/lib/client/index.ts:961:5)
      at connectRedis (server/config/database.js:42:5)
      at server/app.js:79:5

  console.error
    [DB] Redis Client Error AggregateError: 
        at internalConnectMultiple (node:net:1134:18)
        at afterConnectMultiple (node:net:1715:7) {
      code: 'ECONNREFUSED',
      [errors]: [
        Error: connect ECONNREFUSED ::1:6379
            at createConnectionError (node:net:1678:14)
            at afterConnectMultiple (node:net:1708:16) {
          errno: -4078,
          code: 'ECONNREFUSED',
          syscall: 'connect',
          address: '::1',
          port: 6379
        },
        Error: connect ECONNREFUSED 127.0.0.1:6379
            at createConnectionError (node:net:1678:14)
            at afterConnectMultiple (node:net:1708:16) {
          errno: -4078,
          code: 'ECONNREFUSED',
          syscall: 'connect',
          address: '127.0.0.1',
          port: 6379
        }
      ]
    }

    [0m [90m 34 |[39m redisClient[33m.[39mon([32m'error'[39m[33m,[39m (err) [33m=>[39m {
     [90m 35 |[39m   [36mif[39m (process[33m.[39menv[33m.[39m[33mNODE_ENV[39m [33m!==[39m [32m'test'[39m) {
    [31m[1m>[22m[39m[90m 36 |[39m     console[33m.[39merror([32m'[DB] Redis Client Error'[39m[33m,[39m err)[33m;[39m
     [90m    |[39m             [31m[1m^[22m[39m
     [90m 37 |[39m   }
     [90m 38 |[39m })[33m;[39m
     [90m 39 |[39m[0m

      at Class.error (server/config/database.js:36:13)
      at RedisSocket.<anonymous> (node_modules/@redis/client/lib/client/index.ts:796:12)
      at RedisSocket.#connect (node_modules/@redis/client/lib/client/socket.ts:246:14)
      at Class.connect (node_modules/@redis/client/lib/client/index.ts:961:5)
      at connectRedis (server/config/database.js:42:5)
      at server/app.js:79:5

  console.error
    [DB] Redis Client Error AggregateError: 
        at internalConnectMultiple (node:net:1134:18)
        at afterConnectMultiple (node:net:1715:7) {
      code: 'ECONNREFUSED',
      [errors]: [
        Error: connect ECONNREFUSED ::1:6379
            at createConnectionError (node:net:1678:14)
            at afterConnectMultiple (node:net:1708:16) {
          errno: -4078,
          code: 'ECONNREFUSED',
          syscall: 'connect',
          address: '::1',
          port: 6379
        },
        Error: connect ECONNREFUSED 127.0.0.1:6379
            at createConnectionError (node:net:1678:14)
            at afterConnectMultiple (node:net:1708:16) {
          errno: -4078,
          code: 'ECONNREFUSED',
          syscall: 'connect',
          address: '127.0.0.1',
          port: 6379
        }
      ]
    }

    [0m [90m 34 |[39m redisClient[33m.[39mon([32m'error'[39m[33m,[39m (err) [33m=>[39m {
     [90m 35 |[39m   [36mif[39m (process[33m.[39menv[33m.[39m[33mNODE_ENV[39m [33m!==[39m [32m'test'[39m) {
    [31m[1m>[22m[39m[90m 36 |[39m     console[33m.[39merror([32m'[DB] Redis Client Error'[39m[33m,[39m err)[33m;[39m
     [90m    |[39m             [31m[1m^[22m[39m
     [90m 37 |[39m   }
     [90m 38 |[39m })[33m;[39m
     [90m 39 |[39m[0m

      at Class.error (server/config/database.js:36:13)
      at RedisSocket.<anonymous> (node_modules/@redis/client/lib/client/index.ts:796:12)
      at RedisSocket.#connect (node_modules/@redis/client/lib/client/socket.ts:246:14)
      at Class.connect (node_modules/@redis/client/lib/client/index.ts:961:5)
      at connectRedis (server/config/database.js:42:5)
      at server/app.js:79:5

  console.error
    [DB] Redis Client Error AggregateError: 
        at internalConnectMultiple (node:net:1134:18)
        at afterConnectMultiple (node:net:1715:7) {
      code: 'ECONNREFUSED',
      [errors]: [
        Error: connect ECONNREFUSED ::1:6379
            at createConnectionError (node:net:1678:14)
            at afterConnectMultiple (node:net:1708:16) {
          errno: -4078,
          code: 'ECONNREFUSED',
          syscall: 'connect',
          address: '::1',
          port: 6379
        },
        Error: connect ECONNREFUSED 127.0.0.1:6379
            at createConnectionError (node:net:1678:14)
            at afterConnectMultiple (node:net:1708:16) {
          errno: -4078,
          code: 'ECONNREFUSED',
          syscall: 'connect',
          address: '127.0.0.1',
          port: 6379
        }
      ]
    }

    [0m [90m 34 |[39m redisClient[33m.[39mon([32m'error'[39m[33m,[39m (err) [33m=>[39m {
     [90m 35 |[39m   [36mif[39m (process[33m.[39menv[33m.[39m[33mNODE_ENV[39m [33m!==[39m [32m'test'[39m) {
    [31m[1m>[22m[39m[90m 36 |[39m     console[33m.[39merror([32m'[DB] Redis Client Error'[39m[33m,[39m err)[33m;[39m
     [90m    |[39m             [31m[1m^[22m[39m
     [90m 37 |[39m   }
     [90m 38 |[39m })[33m;[39m
     [90m 39 |[39m[0m

      at Class.error (server/config/database.js:36:13)
      at RedisSocket.<anonymous> (node_modules/@redis/client/lib/client/index.ts:796:12)
      at RedisSocket.#connect (node_modules/@redis/client/lib/client/socket.ts:246:14)
      at Class.connect (node_modules/@redis/client/lib/client/index.ts:961:5)
      at connectRedis (server/config/database.js:42:5)
      at server/app.js:79:5

  console.error
    [DB] Redis Client Error AggregateError: 
        at internalConnectMultiple (node:net:1134:18)
        at afterConnectMultiple (node:net:1715:7) {
      code: 'ECONNREFUSED',
      [errors]: [
        Error: connect ECONNREFUSED ::1:6379
            at createConnectionError (node:net:1678:14)
            at afterConnectMultiple (node:net:1708:16) {
          errno: -4078,
          code: 'ECONNREFUSED',
          syscall: 'connect',
          address: '::1',
          port: 6379
        },
        Error: connect ECONNREFUSED 127.0.0.1:6379
            at createConnectionError (node:net:1678:14)
            at afterConnectMultiple (node:net:1708:16) {
          errno: -4078,
          code: 'ECONNREFUSED',
          syscall: 'connect',
          address: '127.0.0.1',
          port: 6379
        }
      ]
    }

    [0m [90m 34 |[39m redisClient[33m.[39mon([32m'error'[39m[33m,[39m (err) [33m=>[39m {
     [90m 35 |[39m   [36mif[39m (process[33m.[39menv[33m.[39m[33mNODE_ENV[39m [33m!==[39m [32m'test'[39m) {
    [31m[1m>[22m[39m[90m 36 |[39m     console[33m.[39merror([32m'[DB] Redis Client Error'[39m[33m,[39m err)[33m;[39m
     [90m    |[39m             [31m[1m^[22m[39m
     [90m 37 |[39m   }
     [90m 38 |[39m })[33m;[39m
     [90m 39 |[39m[0m

      at Class.error (server/config/database.js:36:13)
      at RedisSocket.<anonymous> (node_modules/@redis/client/lib/client/index.ts:796:12)
      at RedisSocket.#connect (node_modules/@redis/client/lib/client/socket.ts:246:14)
      at Class.connect (node_modules/@redis/client/lib/client/index.ts:961:5)
      at connectRedis (server/config/database.js:42:5)
      at server/app.js:79:5

  console.error
    [DB] Redis Client Error AggregateError: 
        at internalConnectMultiple (node:net:1134:18)
        at afterConnectMultiple (node:net:1715:7) {
      code: 'ECONNREFUSED',
      [errors]: [
        Error: connect ECONNREFUSED ::1:6379
            at createConnectionError (node:net:1678:14)
            at afterConnectMultiple (node:net:1708:16) {
          errno: -4078,
          code: 'ECONNREFUSED',
          syscall: 'connect',
          address: '::1',
          port: 6379
        },
        Error: connect ECONNREFUSED 127.0.0.1:6379
            at createConnectionError (node:net:1678:14)
            at afterConnectMultiple (node:net:1708:16) {
          errno: -4078,
          code: 'ECONNREFUSED',
          syscall: 'connect',
          address: '127.0.0.1',
          port: 6379
        }
      ]
    }

    [0m [90m 34 |[39m redisClient[33m.[39mon([32m'error'[39m[33m,[39m (err) [33m=>[39m {
     [90m 35 |[39m   [36mif[39m (process[33m.[39menv[33m.[39m[33mNODE_ENV[39m [33m!==[39m [32m'test'[39m) {
    [31m[1m>[22m[39m[90m 36 |[39m     console[33m.[39merror([32m'[DB] Redis Client Error'[39m[33m,[39m err)[33m;[39m
     [90m    |[39m             [31m[1m^[22m[39m
     [90m 37 |[39m   }
     [90m 38 |[39m })[33m;[39m
     [90m 39 |[39m[0m

      at Class.error (server/config/database.js:36:13)
      at RedisSocket.<anonymous> (node_modules/@redis/client/lib/client/index.ts:796:12)
      at RedisSocket.#connect (node_modules/@redis/client/lib/client/socket.ts:246:14)
      at Class.connect (node_modules/@redis/client/lib/client/index.ts:961:5)
      at connectRedis (server/config/database.js:42:5)
      at server/app.js:79:5

  console.error
    [DB] Redis Client Error AggregateError: 
        at internalConnectMultiple (node:net:1134:18)
        at afterConnectMultiple (node:net:1715:7) {
      code: 'ECONNREFUSED',
      [errors]: [
        Error: connect ECONNREFUSED ::1:6379
            at createConnectionError (node:net:1678:14)
            at afterConnectMultiple (node:net:1708:16) {
          errno: -4078,
          code: 'ECONNREFUSED',
          syscall: 'connect',
          address: '::1',
          port: 6379
        },
        Error: connect ECONNREFUSED 127.0.0.1:6379
            at createConnectionError (node:net:1678:14)
            at afterConnectMultiple (node:net:1708:16) {
          errno: -4078,
          code: 'ECONNREFUSED',
          syscall: 'connect',
          address: '127.0.0.1',
          port: 6379
        }
      ]
    }

    [0m [90m 34 |[39m redisClient[33m.[39mon([32m'error'[39m[33m,[39m (err) [33m=>[39m {
     [90m 35 |[39m   [36mif[39m (process[33m.[39menv[33m.[39m[33mNODE_ENV[39m [33m!==[39m [32m'test'[39m) {
    [31m[1m>[22m[39m[90m 36 |[39m     console[33m.[39merror([32m'[DB] Redis Client Error'[39m[33m,[39m err)[33m;[39m
     [90m    |[39m             [31m[1m^[22m[39m
     [90m 37 |[39m   }
     [90m 38 |[39m })[33m;[39m
     [90m 39 |[39m[0m

      at Class.error (server/config/database.js:36:13)
      at RedisSocket.<anonymous> (node_modules/@redis/client/lib/client/index.ts:796:12)
      at RedisSocket.#connect (node_modules/@redis/client/lib/client/socket.ts:246:14)
      at Class.connect (node_modules/@redis/client/lib/client/index.ts:961:5)
      at connectRedis (server/config/database.js:42:5)
      at server/app.js:79:5

  console.error
    [DB] Redis Client Error AggregateError: 
        at internalConnectMultiple (node:net:1134:18)
        at afterConnectMultiple (node:net:1715:7) {
      code: 'ECONNREFUSED',
      [errors]: [
        Error: connect ECONNREFUSED ::1:6379
            at createConnectionError (node:net:1678:14)
            at afterConnectMultiple (node:net:1708:16) {
          errno: -4078,
          code: 'ECONNREFUSED',
          syscall: 'connect',
          address: '::1',
          port: 6379
        },
        Error: connect ECONNREFUSED 127.0.0.1:6379
            at createConnectionError (node:net:1678:14)
            at afterConnectMultiple (node:net:1708:16) {
          errno: -4078,
          code: 'ECONNREFUSED',
          syscall: 'connect',
          address: '127.0.0.1',
          port: 6379
        }
      ]
    }

    [0m [90m 34 |[39m redisClient[33m.[39mon([32m'error'[39m[33m,[39m (err) [33m=>[39m {
     [90m 35 |[39m   [36mif[39m (process[33m.[39menv[33m.[39m[33mNODE_ENV[39m [33m!==[39m [32m'test'[39m) {
    [31m[1m>[22m[39m[90m 36 |[39m     console[33m.[39merror([32m'[DB] Redis Client Error'[39m[33m,[39m err)[33m;[39m
     [90m    |[39m             [31m[1m^[22m[39m
     [90m 37 |[39m   }
     [90m 38 |[39m })[33m;[39m
     [90m 39 |[39m[0m

      at Class.error (server/config/database.js:36:13)
      at RedisSocket.<anonymous> (node_modules/@redis/client/lib/client/index.ts:796:12)
      at RedisSocket.#connect (node_modules/@redis/client/lib/client/socket.ts:246:14)
      at Class.connect (node_modules/@redis/client/lib/client/index.ts:961:5)
      at connectRedis (server/config/database.js:42:5)
      at server/app.js:79:5

  console.error
    [DB] Redis Client Error AggregateError: 
        at internalConnectMultiple (node:net:1134:18)
        at afterConnectMultiple (node:net:1715:7) {
      code: 'ECONNREFUSED',
      [errors]: [
        Error: connect ECONNREFUSED ::1:6379
            at createConnectionError (node:net:1678:14)
            at afterConnectMultiple (node:net:1708:16) {
          errno: -4078,
          code: 'ECONNREFUSED',
          syscall: 'connect',
          address: '::1',
          port: 6379
        },
        Error: connect ECONNREFUSED 127.0.0.1:6379
            at createConnectionError (node:net:1678:14)
            at afterConnectMultiple (node:net:1708:16) {
          errno: -4078,
          code: 'ECONNREFUSED',
          syscall: 'connect',
          address: '127.0.0.1',
          port: 6379
        }
      ]
    }

    [0m [90m 34 |[39m redisClient[33m.[39mon([32m'error'[39m[33m,[39m (err) [33m=>[39m {
     [90m 35 |[39m   [36mif[39m (process[33m.[39menv[33m.[39m[33mNODE_ENV[39m [33m!==[39m [32m'test'[39m) {
    [31m[1m>[22m[39m[90m 36 |[39m     console[33m.[39merror([32m'[DB] Redis Client Error'[39m[33m,[39m err)[33m;[39m
     [90m    |[39m             [31m[1m^[22m[39m
     [90m 37 |[39m   }
     [90m 38 |[39m })[33m;[39m
     [90m 39 |[39m[0m

      at Class.error (server/config/database.js:36:13)
      at RedisSocket.<anonymous> (node_modules/@redis/client/lib/client/index.ts:796:12)
      at RedisSocket.#connect (node_modules/@redis/client/lib/client/socket.ts:246:14)
      at Class.connect (node_modules/@redis/client/lib/client/index.ts:961:5)
      at connectRedis (server/config/database.js:42:5)
      at server/app.js:79:5

  console.error
    [DB] Redis Client Error AggregateError: 
        at internalConnectMultiple (node:net:1134:18)
        at afterConnectMultiple (node:net:1715:7) {
      code: 'ECONNREFUSED',
      [errors]: [
        Error: connect ECONNREFUSED ::1:6379
            at createConnectionError (node:net:1678:14)
            at afterConnectMultiple (node:net:1708:16) {
          errno: -4078,
          code: 'ECONNREFUSED',
          syscall: 'connect',
          address: '::1',
          port: 6379
        },
        Error: connect ECONNREFUSED 127.0.0.1:6379
            at createConnectionError (node:net:1678:14)
            at afterConnectMultiple (node:net:1708:16) {
          errno: -4078,
          code: 'ECONNREFUSED',
          syscall: 'connect',
          address: '127.0.0.1',
          port: 6379
        }
      ]
    }

    [0m [90m 34 |[39m redisClient[33m.[39mon([32m'error'[39m[33m,[39m (err) [33m=>[39m {
     [90m 35 |[39m   [36mif[39m (process[33m.[39menv[33m.[39m[33mNODE_ENV[39m [33m!==[39m [32m'test'[39m) {
    [31m[1m>[22m[39m[90m 36 |[39m     console[33m.[39merror([32m'[DB] Redis Client Error'[39m[33m,[39m err)[33m;[39m
     [90m    |[39m             [31m[1m^[22m[39m
     [90m 37 |[39m   }
     [90m 38 |[39m })[33m;[39m
     [90m 39 |[39m[0m

      at Class.error (server/config/database.js:36:13)
      at RedisSocket.<anonymous> (node_modules/@redis/client/lib/client/index.ts:796:12)
      at RedisSocket.#connect (node_modules/@redis/client/lib/client/socket.ts:246:14)
      at Class.connect (node_modules/@redis/client/lib/client/index.ts:961:5)
      at connectRedis (server/config/database.js:42:5)
      at server/app.js:79:5

  console.error
    [DB] Redis Client Error AggregateError: 
        at internalConnectMultiple (node:net:1134:18)
        at afterConnectMultiple (node:net:1715:7) {
      code: 'ECONNREFUSED',
      [errors]: [
        Error: connect ECONNREFUSED ::1:6379
            at createConnectionError (node:net:1678:14)
            at afterConnectMultiple (node:net:1708:16) {
          errno: -4078,
          code: 'ECONNREFUSED',
          syscall: 'connect',
          address: '::1',
          port: 6379
        },
        Error: connect ECONNREFUSED 127.0.0.1:6379
            at createConnectionError (node:net:1678:14)
            at afterConnectMultiple (node:net:1708:16) {
          errno: -4078,
          code: 'ECONNREFUSED',
          syscall: 'connect',
          address: '127.0.0.1',
          port: 6379
        }
      ]
    }

    [0m [90m 34 |[39m redisClient[33m.[39mon([32m'error'[39m[33m,[39m (err) [33m=>[39m {
     [90m 35 |[39m   [36mif[39m (process[33m.[39menv[33m.[39m[33mNODE_ENV[39m [33m!==[39m [32m'test'[39m) {
    [31m[1m>[22m[39m[90m 36 |[39m     console[33m.[39merror([32m'[DB] Redis Client Error'[39m[33m,[39m err)[33m;[39m
     [90m    |[39m             [31m[1m^[22m[39m
     [90m 37 |[39m   }
     [90m 38 |[39m })[33m;[39m
     [90m 39 |[39m[0m

      at Class.error (server/config/database.js:36:13)
      at RedisSocket.<anonymous> (node_modules/@redis/client/lib/client/index.ts:796:12)
      at RedisSocket.#connect (node_modules/@redis/client/lib/client/socket.ts:246:14)
      at Class.connect (node_modules/@redis/client/lib/client/index.ts:961:5)
      at connectRedis (server/config/database.js:42:5)
      at server/app.js:79:5

  console.error
    [DB] Redis Client Error AggregateError: 
        at internalConnectMultiple (node:net:1134:18)
        at afterConnectMultiple (node:net:1715:7) {
      code: 'ECONNREFUSED',
      [errors]: [
        Error: connect ECONNREFUSED ::1:6379
            at createConnectionError (node:net:1678:14)
            at afterConnectMultiple (node:net:1708:16) {
          errno: -4078,
          code: 'ECONNREFUSED',
          syscall: 'connect',
          address: '::1',
          port: 6379
        },
        Error: connect ECONNREFUSED 127.0.0.1:6379
            at createConnectionError (node:net:1678:14)
            at afterConnectMultiple (node:net:1708:16) {
          errno: -4078,
          code: 'ECONNREFUSED',
          syscall: 'connect',
          address: '127.0.0.1',
          port: 6379
        }
      ]
    }

    [0m [90m 34 |[39m redisClient[33m.[39mon([32m'error'[39m[33m,[39m (err) [33m=>[39m {
     [90m 35 |[39m   [36mif[39m (process[33m.[39menv[33m.[39m[33mNODE_ENV[39m [33m!==[39m [32m'test'[39m) {
    [31m[1m>[22m[39m[90m 36 |[39m     console[33m.[39merror([32m'[DB] Redis Client Error'[39m[33m,[39m err)[33m;[39m
     [90m    |[39m             [31m[1m^[22m[39m
     [90m 37 |[39m   }
     [90m 38 |[39m })[33m;[39m
     [90m 39 |[39m[0m

      at Class.error (server/config/database.js:36:13)
      at RedisSocket.<anonymous> (node_modules/@redis/client/lib/client/index.ts:796:12)
      at RedisSocket.#connect (node_modules/@redis/client/lib/client/socket.ts:246:14)
      at Class.connect (node_modules/@redis/client/lib/client/index.ts:961:5)
      at connectRedis (server/config/database.js:42:5)
      at server/app.js:79:5

  console.error
    [DB] Redis Client Error AggregateError: 
        at internalConnectMultiple (node:net:1134:18)
        at afterConnectMultiple (node:net:1715:7) {
      code: 'ECONNREFUSED',
      [errors]: [
        Error: connect ECONNREFUSED ::1:6379
            at createConnectionError (node:net:1678:14)
            at afterConnectMultiple (node:net:1708:16) {
          errno: -4078,
          code: 'ECONNREFUSED',
          syscall: 'connect',
          address: '::1',
          port: 6379
        },
        Error: connect ECONNREFUSED 127.0.0.1:6379
            at createConnectionError (node:net:1678:14)
            at afterConnectMultiple (node:net:1708:16) {
          errno: -4078,
          code: 'ECONNREFUSED',
          syscall: 'connect',
          address: '127.0.0.1',
          port: 6379
        }
      ]
    }

    [0m [90m 34 |[39m redisClient[33m.[39mon([32m'error'[39m[33m,[39m (err) [33m=>[39m {
     [90m 35 |[39m   [36mif[39m (process[33m.[39menv[33m.[39m[33mNODE_ENV[39m [33m!==[39m [32m'test'[39m) {
    [31m[1m>[22m[39m[90m 36 |[39m     console[33m.[39merror([32m'[DB] Redis Client Error'[39m[33m,[39m err)[33m;[39m
     [90m    |[39m             [31m[1m^[22m[39m
     [90m 37 |[39m   }
     [90m 38 |[39m })[33m;[39m
     [90m 39 |[39m[0m

      at Class.error (server/config/database.js:36:13)
      at RedisSocket.<anonymous> (node_modules/@redis/client/lib/client/index.ts:796:12)
      at RedisSocket.#connect (node_modules/@redis/client/lib/client/socket.ts:246:14)
      at Class.connect (node_modules/@redis/client/lib/client/index.ts:961:5)
      at connectRedis (server/config/database.js:42:5)
      at server/app.js:79:5

  console.error
    [DB] Redis Client Error AggregateError: 
        at internalConnectMultiple (node:net:1134:18)
        at afterConnectMultiple (node:net:1715:7) {
      code: 'ECONNREFUSED',
      [errors]: [
        Error: connect ECONNREFUSED ::1:6379
            at createConnectionError (node:net:1678:14)
            at afterConnectMultiple (node:net:1708:16) {
          errno: -4078,
          code: 'ECONNREFUSED',
          syscall: 'connect',
          address: '::1',
          port: 6379
        },
        Error: connect ECONNREFUSED 127.0.0.1:6379
            at createConnectionError (node:net:1678:14)
            at afterConnectMultiple (node:net:1708:16) {
          errno: -4078,
          code: 'ECONNREFUSED',
          syscall: 'connect',
          address: '127.0.0.1',
          port: 6379
        }
      ]
    }

    [0m [90m 34 |[39m redisClient[33m.[39mon([32m'error'[39m[33m,[39m (err) [33m=>[39m {
     [90m 35 |[39m   [36mif[39m (process[33m.[39menv[33m.[39m[33mNODE_ENV[39m [33m!==[39m [32m'test'[39m) {
    [31m[1m>[22m[39m[90m 36 |[39m     console[33m.[39merror([32m'[DB] Redis Client Error'[39m[33m,[39m err)[33m;[39m
     [90m    |[39m             [31m[1m^[22m[39m
     [90m 37 |[39m   }
     [90m 38 |[39m })[33m;[39m
     [90m 39 |[39m[0m

      at Class.error (server/config/database.js:36:13)
      at RedisSocket.<anonymous> (node_modules/@redis/client/lib/client/index.ts:796:12)
      at RedisSocket.#connect (node_modules/@redis/client/lib/client/socket.ts:246:14)
      at Class.connect (node_modules/@redis/client/lib/client/index.ts:961:5)
      at connectRedis (server/config/database.js:42:5)
      at server/app.js:79:5

  console.error
    [DB] Redis Client Error AggregateError: 
        at internalConnectMultiple (node:net:1134:18)
        at afterConnectMultiple (node:net:1715:7) {
      code: 'ECONNREFUSED',
      [errors]: [
        Error: connect ECONNREFUSED ::1:6379
            at createConnectionError (node:net:1678:14)
            at afterConnectMultiple (node:net:1708:16) {
          errno: -4078,
          code: 'ECONNREFUSED',
          syscall: 'connect',
          address: '::1',
          port: 6379
        },
        Error: connect ECONNREFUSED 127.0.0.1:6379
            at createConnectionError (node:net:1678:14)
            at afterConnectMultiple (node:net:1708:16) {
          errno: -4078,
          code: 'ECONNREFUSED',
          syscall: 'connect',
          address: '127.0.0.1',
          port: 6379
        }
      ]
    }

    [0m [90m 34 |[39m redisClient[33m.[39mon([32m'error'[39m[33m,[39m (err) [33m=>[39m {
     [90m 35 |[39m   [36mif[39m (process[33m.[39menv[33m.[39m[33mNODE_ENV[39m [33m!==[39m [32m'test'[39m) {
    [31m[1m>[22m[39m[90m 36 |[39m     console[33m.[39merror([32m'[DB] Redis Client Error'[39m[33m,[39m err)[33m;[39m
     [90m    |[39m             [31m[1m^[22m[39m
     [90m 37 |[39m   }
     [90m 38 |[39m })[33m;[39m
     [90m 39 |[39m[0m

      at Class.error (server/config/database.js:36:13)
      at RedisSocket.<anonymous> (node_modules/@redis/client/lib/client/index.ts:796:12)
      at RedisSocket.#connect (node_modules/@redis/client/lib/client/socket.ts:246:14)
      at Class.connect (node_modules/@redis/client/lib/client/index.ts:961:5)
      at connectRedis (server/config/database.js:42:5)
      at server/app.js:79:5

  console.error
    [DB] Redis Client Error AggregateError: 
        at internalConnectMultiple (node:net:1134:18)
        at afterConnectMultiple (node:net:1715:7) {
      code: 'ECONNREFUSED',
      [errors]: [
        Error: connect ECONNREFUSED ::1:6379
            at createConnectionError (node:net:1678:14)
            at afterConnectMultiple (node:net:1708:16) {
          errno: -4078,
          code: 'ECONNREFUSED',
          syscall: 'connect',
          address: '::1',
          port: 6379
        },
        Error: connect ECONNREFUSED 127.0.0.1:6379
            at createConnectionError (node:net:1678:14)
            at afterConnectMultiple (node:net:1708:16) {
          errno: -4078,
          code: 'ECONNREFUSED',
          syscall: 'connect',
          address: '127.0.0.1',
          port: 6379
        }
      ]
    }

    [0m [90m 34 |[39m redisClient[33m.[39mon([32m'error'[39m[33m,[39m (err) [33m=>[39m {
     [90m 35 |[39m   [36mif[39m (process[33m.[39menv[33m.[39m[33mNODE_ENV[39m [33m!==[39m [32m'test'[39m) {
    [31m[1m>[22m[39m[90m 36 |[39m     console[33m.[39merror([32m'[DB] Redis Client Error'[39m[33m,[39m err)[33m;[39m
     [90m    |[39m             [31m[1m^[22m[39m
     [90m 37 |[39m   }
     [90m 38 |[39m })[33m;[39m
     [90m 39 |[39m[0m

      at Class.error (server/config/database.js:36:13)
      at RedisSocket.<anonymous> (node_modules/@redis/client/lib/client/index.ts:796:12)
      at RedisSocket.#connect (node_modules/@redis/client/lib/client/socket.ts:246:14)
      at Class.connect (node_modules/@redis/client/lib/client/index.ts:961:5)
      at connectRedis (server/config/database.js:42:5)
      at server/app.js:79:5

  console.error
    [DB] Redis Client Error AggregateError: 
        at internalConnectMultiple (node:net:1134:18)
        at afterConnectMultiple (node:net:1715:7) {
      code: 'ECONNREFUSED',
      [errors]: [
        Error: connect ECONNREFUSED ::1:6379
            at createConnectionError (node:net:1678:14)
            at afterConnectMultiple (node:net:1708:16) {
          errno: -4078,
          code: 'ECONNREFUSED',
          syscall: 'connect',
          address: '::1',
          port: 6379
        },
        Error: connect ECONNREFUSED 127.0.0.1:6379
            at createConnectionError (node:net:1678:14)
            at afterConnectMultiple (node:net:1708:16) {
          errno: -4078,
          code: 'ECONNREFUSED',
          syscall: 'connect',
          address: '127.0.0.1',
          port: 6379
        }
      ]
    }

    [0m [90m 34 |[39m redisClient[33m.[39mon([32m'error'[39m[33m,[39m (err) [33m=>[39m {
     [90m 35 |[39m   [36mif[39m (process[33m.[39menv[33m.[39m[33mNODE_ENV[39m [33m!==[39m [32m'test'[39m) {
    [31m[1m>[22m[39m[90m 36 |[39m     console[33m.[39merror([32m'[DB] Redis Client Error'[39m[33m,[39m err)[33m;[39m
     [90m    |[39m             [31m[1m^[22m[39m
     [90m 37 |[39m   }
     [90m 38 |[39m })[33m;[39m
     [90m 39 |[39m[0m

      at Class.error (server/config/database.js:36:13)
      at RedisSocket.<anonymous> (node_modules/@redis/client/lib/client/index.ts:796:12)
      at RedisSocket.#connect (node_modules/@redis/client/lib/client/socket.ts:246:14)
      at Class.connect (node_modules/@redis/client/lib/client/index.ts:961:5)
      at connectRedis (server/config/database.js:42:5)
      at server/app.js:79:5

  console.error
    [DB] Redis Client Error AggregateError: 
        at internalConnectMultiple (node:net:1134:18)
        at afterConnectMultiple (node:net:1715:7) {
      code: 'ECONNREFUSED',
      [errors]: [
        Error: connect ECONNREFUSED ::1:6379
            at createConnectionError (node:net:1678:14)
            at afterConnectMultiple (node:net:1708:16) {
          errno: -4078,
          code: 'ECONNREFUSED',
          syscall: 'connect',
          address: '::1',
          port: 6379
        },
        Error: connect ECONNREFUSED 127.0.0.1:6379
            at createConnectionError (node:net:1678:14)
            at afterConnectMultiple (node:net:1708:16) {
          errno: -4078,
          code: 'ECONNREFUSED',
          syscall: 'connect',
          address: '127.0.0.1',
          port: 6379
        }
      ]
    }

    [0m [90m 34 |[39m redisClient[33m.[39mon([32m'error'[39m[33m,[39m (err) [33m=>[39m {
     [90m 35 |[39m   [36mif[39m (process[33m.[39menv[33m.[39m[33mNODE_ENV[39m [33m!==[39m [32m'test'[39m) {
    [31m[1m>[22m[39m[90m 36 |[39m     console[33m.[39merror([32m'[DB] Redis Client Error'[39m[33m,[39m err)[33m;[39m
     [90m    |[39m             [31m[1m^[22m[39m
     [90m 37 |[39m   }
     [90m 38 |[39m })[33m;[39m
     [90m 39 |[39m[0m

      at Class.error (server/config/database.js:36:13)
      at RedisSocket.<anonymous> (node_modules/@redis/client/lib/client/index.ts:796:12)
      at RedisSocket.#connect (node_modules/@redis/client/lib/client/socket.ts:246:14)
      at Class.connect (node_modules/@redis/client/lib/client/index.ts:961:5)
      at connectRedis (server/config/database.js:42:5)
      at server/app.js:79:5

  console.error
    [DB] Redis Client Error AggregateError: 
        at internalConnectMultiple (node:net:1134:18)
        at afterConnectMultiple (node:net:1715:7) {
      code: 'ECONNREFUSED',
      [errors]: [
        Error: connect ECONNREFUSED ::1:6379
            at createConnectionError (node:net:1678:14)
            at afterConnectMultiple (node:net:1708:16) {
          errno: -4078,
          code: 'ECONNREFUSED',
          syscall: 'connect',
          address: '::1',
          port: 6379
        },
        Error: connect ECONNREFUSED 127.0.0.1:6379
            at createConnectionError (node:net:1678:14)
            at afterConnectMultiple (node:net:1708:16) {
          errno: -4078,
          code: 'ECONNREFUSED',
          syscall: 'connect',
          address: '127.0.0.1',
          port: 6379
        }
      ]
    }

    [0m [90m 34 |[39m redisClient[33m.[39mon([32m'error'[39m[33m,[39m (err) [33m=>[39m {
     [90m 35 |[39m   [36mif[39m (process[33m.[39menv[33m.[39m[33mNODE_ENV[39m [33m!==[39m [32m'test'[39m) {
    [31m[1m>[22m[39m[90m 36 |[39m     console[33m.[39merror([32m'[DB] Redis Client Error'[39m[33m,[39m err)[33m;[39m
     [90m    |[39m             [31m[1m^[22m[39m
     [90m 37 |[39m   }
     [90m 38 |[39m })[33m;[39m
     [90m 39 |[39m[0m

      at Class.error (server/config/database.js:36:13)
      at RedisSocket.<anonymous> (node_modules/@redis/client/lib/client/index.ts:796:12)
      at RedisSocket.#connect (node_modules/@redis/client/lib/client/socket.ts:246:14)
      at Class.connect (node_modules/@redis/client/lib/client/index.ts:961:5)
      at connectRedis (server/config/database.js:42:5)
      at server/app.js:79:5

  console.error
    [DB] Redis Client Error AggregateError: 
        at internalConnectMultiple (node:net:1134:18)
        at afterConnectMultiple (node:net:1715:7) {
      code: 'ECONNREFUSED',
      [errors]: [
        Error: connect ECONNREFUSED ::1:6379
            at createConnectionError (node:net:1678:14)
            at afterConnectMultiple (node:net:1708:16) {
          errno: -4078,
          code: 'ECONNREFUSED',
          syscall: 'connect',
          address: '::1',
          port: 6379
        },
        Error: connect ECONNREFUSED 127.0.0.1:6379
            at createConnectionError (node:net:1678:14)
            at afterConnectMultiple (node:net:1708:16) {
          errno: -4078,
          code: 'ECONNREFUSED',
          syscall: 'connect',
          address: '127.0.0.1',
          port: 6379
        }
      ]
    }

    [0m [90m 34 |[39m redisClient[33m.[39mon([32m'error'[39m[33m,[39m (err) [33m=>[39m {
     [90m 35 |[39m   [36mif[39m (process[33m.[39menv[33m.[39m[33mNODE_ENV[39m [33m!==[39m [32m'test'[39m) {
    [31m[1m>[22m[39m[90m 36 |[39m     console[33m.[39merror([32m'[DB] Redis Client Error'[39m[33m,[39m err)[33m;[39m
     [90m    |[39m             [31m[1m^[22m[39m
     [90m 37 |[39m   }
     [90m 38 |[39m })[33m;[39m
     [90m 39 |[39m[0m

      at Class.error (server/config/database.js:36:13)
      at RedisSocket.<anonymous> (node_modules/@redis/client/lib/client/index.ts:796:12)
      at RedisSocket.#connect (node_modules/@redis/client/lib/client/socket.ts:246:14)
      at Class.connect (node_modules/@redis/client/lib/client/index.ts:961:5)
      at connectRedis (server/config/database.js:42:5)
      at server/app.js:79:5

  console.error
    [DB] Redis Client Error AggregateError: 
        at internalConnectMultiple (node:net:1134:18)
        at afterConnectMultiple (node:net:1715:7) {
      code: 'ECONNREFUSED',
      [errors]: [
        Error: connect ECONNREFUSED ::1:6379
            at createConnectionError (node:net:1678:14)
            at afterConnectMultiple (node:net:1708:16) {
          errno: -4078,
          code: 'ECONNREFUSED',
          syscall: 'connect',
          address: '::1',
          port: 6379
        },
        Error: connect ECONNREFUSED 127.0.0.1:6379
            at createConnectionError (node:net:1678:14)
            at afterConnectMultiple (node:net:1708:16) {
          errno: -4078,
          code: 'ECONNREFUSED',
          syscall: 'connect',
          address: '127.0.0.1',
          port: 6379
        }
      ]
    }

    [0m [90m 34 |[39m redisClient[33m.[39mon([32m'error'[39m[33m,[39m (err) [33m=>[39m {
     [90m 35 |[39m   [36mif[39m (process[33m.[39menv[33m.[39m[33mNODE_ENV[39m [33m!==[39m [32m'test'[39m) {
    [31m[1m>[22m[39m[90m 36 |[39m     console[33m.[39merror([32m'[DB] Redis Client Error'[39m[33m,[39m err)[33m;[39m
     [90m    |[39m             [31m[1m^[22m[39m
     [90m 37 |[39m   }
     [90m 38 |[39m })[33m;[39m
     [90m 39 |[39m[0m

      at Class.error (server/config/database.js:36:13)
      at RedisSocket.<anonymous> (node_modules/@redis/client/lib/client/index.ts:796:12)
      at RedisSocket.#connect (node_modules/@redis/client/lib/client/socket.ts:246:14)
      at Class.connect (node_modules/@redis/client/lib/client/index.ts:961:5)
      at connectRedis (server/config/database.js:42:5)
      at server/app.js:79:5

  console.error
    [DB] Redis Client Error AggregateError: 
        at internalConnectMultiple (node:net:1134:18)
        at afterConnectMultiple (node:net:1715:7) {
      code: 'ECONNREFUSED',
      [errors]: [
        Error: connect ECONNREFUSED ::1:6379
            at createConnectionError (node:net:1678:14)
            at afterConnectMultiple (node:net:1708:16) {
          errno: -4078,
          code: 'ECONNREFUSED',
          syscall: 'connect',
          address: '::1',
          port: 6379
        },
        Error: connect ECONNREFUSED 127.0.0.1:6379
            at createConnectionError (node:net:1678:14)
            at afterConnectMultiple (node:net:1708:16) {
          errno: -4078,
          code: 'ECONNREFUSED',
          syscall: 'connect',
          address: '127.0.0.1',
          port: 6379
        }
      ]
    }

    [0m [90m 34 |[39m redisClient[33m.[39mon([32m'error'[39m[33m,[39m (err) [33m=>[39m {
     [90m 35 |[39m   [36mif[39m (process[33m.[39menv[33m.[39m[33mNODE_ENV[39m [33m!==[39m [32m'test'[39m) {
    [31m[1m>[22m[39m[90m 36 |[39m     console[33m.[39merror([32m'[DB] Redis Client Error'[39m[33m,[39m err)[33m;[39m
     [90m    |[39m             [31m[1m^[22m[39m
     [90m 37 |[39m   }
     [90m 38 |[39m })[33m;[39m
     [90m 39 |[39m[0m

      at Class.error (server/config/database.js:36:13)
      at RedisSocket.<anonymous> (node_modules/@redis/client/lib/client/index.ts:796:12)
      at RedisSocket.#connect (node_modules/@redis/client/lib/client/socket.ts:246:14)
      at Class.connect (node_modules/@redis/client/lib/client/index.ts:961:5)
      at connectRedis (server/config/database.js:42:5)
      at server/app.js:79:5

  console.error
    [DB] Redis Client Error AggregateError: 
        at internalConnectMultiple (node:net:1134:18)
        at afterConnectMultiple (node:net:1715:7) {
      code: 'ECONNREFUSED',
      [errors]: [
        Error: connect ECONNREFUSED ::1:6379
            at createConnectionError (node:net:1678:14)
            at afterConnectMultiple (node:net:1708:16) {
          errno: -4078,
          code: 'ECONNREFUSED',
          syscall: 'connect',
          address: '::1',
          port: 6379
        },
        Error: connect ECONNREFUSED 127.0.0.1:6379
            at createConnectionError (node:net:1678:14)
            at afterConnectMultiple (node:net:1708:16) {
          errno: -4078,
          code: 'ECONNREFUSED',
          syscall: 'connect',
          address: '127.0.0.1',
          port: 6379
        }
      ]
    }

    [0m [90m 34 |[39m redisClient[33m.[39mon([32m'error'[39m[33m,[39m (err) [33m=>[39m {
     [90m 35 |[39m   [36mif[39m (process[33m.[39menv[33m.[39m[33mNODE_ENV[39m [33m!==[39m [32m'test'[39m) {
    [31m[1m>[22m[39m[90m 36 |[39m     console[33m.[39merror([32m'[DB] Redis Client Error'[39m[33m,[39m err)[33m;[39m
     [90m    |[39m             [31m[1m^[22m[39m
     [90m 37 |[39m   }
     [90m 38 |[39m })[33m;[39m
     [90m 39 |[39m[0m

      at Class.error (server/config/database.js:36:13)
      at RedisSocket.<anonymous> (node_modules/@redis/client/lib/client/index.ts:796:12)
      at RedisSocket.#connect (node_modules/@redis/client/lib/client/socket.ts:246:14)
      at Class.connect (node_modules/@redis/client/lib/client/index.ts:961:5)
      at connectRedis (server/config/database.js:42:5)
      at server/app.js:79:5

  console.error
    [DB] Redis Client Error AggregateError: 
        at internalConnectMultiple (node:net:1134:18)
        at afterConnectMultiple (node:net:1715:7) {
      code: 'ECONNREFUSED',
      [errors]: [
        Error: connect ECONNREFUSED ::1:6379
            at createConnectionError (node:net:1678:14)
            at afterConnectMultiple (node:net:1708:16) {
          errno: -4078,
          code: 'ECONNREFUSED',
          syscall: 'connect',
          address: '::1',
          port: 6379
        },
        Error: connect ECONNREFUSED 127.0.0.1:6379
            at createConnectionError (node:net:1678:14)
            at afterConnectMultiple (node:net:1708:16) {
          errno: -4078,
          code: 'ECONNREFUSED',
          syscall: 'connect',
          address: '127.0.0.1',
          port: 6379
        }
      ]
    }

    [0m [90m 34 |[39m redisClient[33m.[39mon([32m'error'[39m[33m,[39m (err) [33m=>[39m {
     [90m 35 |[39m   [36mif[39m (process[33m.[39menv[33m.[39m[33mNODE_ENV[39m [33m!==[39m [32m'test'[39m) {
    [31m[1m>[22m[39m[90m 36 |[39m     console[33m.[39merror([32m'[DB] Redis Client Error'[39m[33m,[39m err)[33m;[39m
     [90m    |[39m             [31m[1m^[22m[39m
     [90m 37 |[39m   }
     [90m 38 |[39m })[33m;[39m
     [90m 39 |[39m[0m

      at Class.error (server/config/database.js:36:13)
      at RedisSocket.<anonymous> (node_modules/@redis/client/lib/client/index.ts:796:12)
      at RedisSocket.#connect (node_modules/@redis/client/lib/client/socket.ts:246:14)
      at Class.connect (node_modules/@redis/client/lib/client/index.ts:961:5)
      at connectRedis (server/config/database.js:42:5)
      at server/app.js:79:5

  console.error
    [DB] Redis Client Error AggregateError: 
        at internalConnectMultiple (node:net:1134:18)
        at afterConnectMultiple (node:net:1715:7) {
      code: 'ECONNREFUSED',
      [errors]: [
        Error: connect ECONNREFUSED ::1:6379
            at createConnectionError (node:net:1678:14)
            at afterConnectMultiple (node:net:1708:16) {
          errno: -4078,
          code: 'ECONNREFUSED',
          syscall: 'connect',
          address: '::1',
          port: 6379
        },
        Error: connect ECONNREFUSED 127.0.0.1:6379
            at createConnectionError (node:net:1678:14)
            at afterConnectMultiple (node:net:1708:16) {
          errno: -4078,
          code: 'ECONNREFUSED',
          syscall: 'connect',
          address: '127.0.0.1',
          port: 6379
        }
      ]
    }

    [0m [90m 34 |[39m redisClient[33m.[39mon([32m'error'[39m[33m,[39m (err) [33m=>[39m {
     [90m 35 |[39m   [36mif[39m (process[33m.[39menv[33m.[39m[33mNODE_ENV[39m [33m!==[39m [32m'test'[39m) {
    [31m[1m>[22m[39m[90m 36 |[39m     console[33m.[39merror([32m'[DB] Redis Client Error'[39m[33m,[39m err)[33m;[39m
     [90m    |[39m             [31m[1m^[22m[39m
     [90m 37 |[39m   }
     [90m 38 |[39m })[33m;[39m
     [90m 39 |[39m[0m

      at Class.error (server/config/database.js:36:13)
      at RedisSocket.<anonymous> (node_modules/@redis/client/lib/client/index.ts:796:12)
      at RedisSocket.#connect (node_modules/@redis/client/lib/client/socket.ts:246:14)
      at Class.connect (node_modules/@redis/client/lib/client/index.ts:961:5)
      at connectRedis (server/config/database.js:42:5)
      at server/app.js:79:5

  console.error
    [DB] Redis Client Error AggregateError: 
        at internalConnectMultiple (node:net:1134:18)
        at afterConnectMultiple (node:net:1715:7) {
      code: 'ECONNREFUSED',
      [errors]: [
        Error: connect ECONNREFUSED ::1:6379
            at createConnectionError (node:net:1678:14)
            at afterConnectMultiple (node:net:1708:16) {
          errno: -4078,
          code: 'ECONNREFUSED',
          syscall: 'connect',
          address: '::1',
          port: 6379
        },
        Error: connect ECONNREFUSED 127.0.0.1:6379
            at createConnectionError (node:net:1678:14)
            at afterConnectMultiple (node:net:1708:16) {
          errno: -4078,
          code: 'ECONNREFUSED',
          syscall: 'connect',
          address: '127.0.0.1',
          port: 6379
        }
      ]
    }

    [0m [90m 34 |[39m redisClient[33m.[39mon([32m'error'[39m[33m,[39m (err) [33m=>[39m {
     [90m 35 |[39m   [36mif[39m (process[33m.[39menv[33m.[39m[33mNODE_ENV[39m [33m!==[39m [32m'test'[39m) {
    [31m[1m>[22m[39m[90m 36 |[39m     console[33m.[39merror([32m'[DB] Redis Client Error'[39m[33m,[39m err)[33m;[39m
     [90m    |[39m             [31m[1m^[22m[39m
     [90m 37 |[39m   }
     [90m 38 |[39m })[33m;[39m
     [90m 39 |[39m[0m

      at Class.error (server/config/database.js:36:13)
      at RedisSocket.<anonymous> (node_modules/@redis/client/lib/client/index.ts:796:12)
      at RedisSocket.#connect (node_modules/@redis/client/lib/client/socket.ts:246:14)
      at Class.connect (node_modules/@redis/client/lib/client/index.ts:961:5)
      at connectRedis (server/config/database.js:42:5)
      at server/app.js:79:5

  console.error
    [DB] Redis Client Error AggregateError: 
        at internalConnectMultiple (node:net:1134:18)
        at afterConnectMultiple (node:net:1715:7) {
      code: 'ECONNREFUSED',
      [errors]: [
        Error: connect ECONNREFUSED ::1:6379
            at createConnectionError (node:net:1678:14)
            at afterConnectMultiple (node:net:1708:16) {
          errno: -4078,
          code: 'ECONNREFUSED',
          syscall: 'connect',
          address: '::1',
          port: 6379
        },
        Error: connect ECONNREFUSED 127.0.0.1:6379
            at createConnectionError (node:net:1678:14)
            at afterConnectMultiple (node:net:1708:16) {
          errno: -4078,
          code: 'ECONNREFUSED',
          syscall: 'connect',
          address: '127.0.0.1',
          port: 6379
        }
      ]
    }

    [0m [90m 34 |[39m redisClient[33m.[39mon([32m'error'[39m[33m,[39m (err) [33m=>[39m {
     [90m 35 |[39m   [36mif[39m (process[33m.[39menv[33m.[39m[33mNODE_ENV[39m [33m!==[39m [32m'test'[39m) {
    [31m[1m>[22m[39m[90m 36 |[39m     console[33m.[39merror([32m'[DB] Redis Client Error'[39m[33m,[39m err)[33m;[39m
     [90m    |[39m             [31m[1m^[22m[39m
     [90m 37 |[39m   }
     [90m 38 |[39m })[33m;[39m
     [90m 39 |[39m[0m

      at Class.error (server/config/database.js:36:13)
      at RedisSocket.<anonymous> (node_modules/@redis/client/lib/client/index.ts:796:12)
      at RedisSocket.#connect (node_modules/@redis/client/lib/client/socket.ts:246:14)
      at Class.connect (node_modules/@redis/client/lib/client/index.ts:961:5)
      at connectRedis (server/config/database.js:42:5)
      at server/app.js:79:5

  console.error
    [DB] Redis Client Error AggregateError: 
        at internalConnectMultiple (node:net:1134:18)
        at afterConnectMultiple (node:net:1715:7) {
      code: 'ECONNREFUSED',
      [errors]: [
        Error: connect ECONNREFUSED ::1:6379
            at createConnectionError (node:net:1678:14)
            at afterConnectMultiple (node:net:1708:16) {
          errno: -4078,
          code: 'ECONNREFUSED',
          syscall: 'connect',
          address: '::1',
          port: 6379
        },
        Error: connect ECONNREFUSED 127.0.0.1:6379
            at createConnectionError (node:net:1678:14)
            at afterConnectMultiple (node:net:1708:16) {
          errno: -4078,
          code: 'ECONNREFUSED',
          syscall: 'connect',
          address: '127.0.0.1',
          port: 6379
        }
      ]
    }

    [0m [90m 34 |[39m redisClient[33m.[39mon([32m'error'[39m[33m,[39m (err) [33m=>[39m {
     [90m 35 |[39m   [36mif[39m (process[33m.[39menv[33m.[39m[33mNODE_ENV[39m [33m!==[39m [32m'test'[39m) {
    [31m[1m>[22m[39m[90m 36 |[39m     console[33m.[39merror([32m'[DB] Redis Client Error'[39m[33m,[39m err)[33m;[39m
     [90m    |[39m             [31m[1m^[22m[39m
     [90m 37 |[39m   }
     [90m 38 |[39m })[33m;[39m
     [90m 39 |[39m[0m

      at Class.error (server/config/database.js:36:13)
      at RedisSocket.<anonymous> (node_modules/@redis/client/lib/client/index.ts:796:12)
      at RedisSocket.#connect (node_modules/@redis/client/lib/client/socket.ts:246:14)
      at Class.connect (node_modules/@redis/client/lib/client/index.ts:961:5)
      at connectRedis (server/config/database.js:42:5)
      at server/app.js:79:5

  console.error
    [DB] Redis Client Error AggregateError: 
        at internalConnectMultiple (node:net:1134:18)
        at afterConnectMultiple (node:net:1715:7) {
      code: 'ECONNREFUSED',
      [errors]: [
        Error: connect ECONNREFUSED ::1:6379
            at createConnectionError (node:net:1678:14)
            at afterConnectMultiple (node:net:1708:16) {
          errno: -4078,
          code: 'ECONNREFUSED',
          syscall: 'connect',
          address: '::1',
          port: 6379
        },
        Error: connect ECONNREFUSED 127.0.0.1:6379
            at createConnectionError (node:net:1678:14)
            at afterConnectMultiple (node:net:1708:16) {
          errno: -4078,
          code: 'ECONNREFUSED',
          syscall: 'connect',
          address: '127.0.0.1',
          port: 6379
        }
      ]
    }

    [0m [90m 34 |[39m redisClient[33m.[39mon([32m'error'[39m[33m,[39m (err) [33m=>[39m {
     [90m 35 |[39m   [36mif[39m (process[33m.[39menv[33m.[39m[33mNODE_ENV[39m [33m!==[39m [32m'test'[39m) {
    [31m[1m>[22m[39m[90m 36 |[39m     console[33m.[39merror([32m'[DB] Redis Client Error'[39m[33m,[39m err)[33m;[39m
     [90m    |[39m             [31m[1m^[22m[39m
     [90m 37 |[39m   }
     [90m 38 |[39m })[33m;[39m
     [90m 39 |[39m[0m

      at Class.error (server/config/database.js:36:13)
      at RedisSocket.<anonymous> (node_modules/@redis/client/lib/client/index.ts:796:12)
      at RedisSocket.#connect (node_modules/@redis/client/lib/client/socket.ts:246:14)
      at Class.connect (node_modules/@redis/client/lib/client/index.ts:961:5)
      at connectRedis (server/config/database.js:42:5)
      at server/app.js:79:5

  console.error
    [DB] Redis Client Error AggregateError: 
        at internalConnectMultiple (node:net:1134:18)
        at afterConnectMultiple (node:net:1715:7) {
      code: 'ECONNREFUSED',
      [errors]: [
        Error: connect ECONNREFUSED ::1:6379
            at createConnectionError (node:net:1678:14)
            at afterConnectMultiple (node:net:1708:16) {
          errno: -4078,
          code: 'ECONNREFUSED',
          syscall: 'connect',
          address: '::1',
          port: 6379
        },
        Error: connect ECONNREFUSED 127.0.0.1:6379
            at createConnectionError (node:net:1678:14)
            at afterConnectMultiple (node:net:1708:16) {
          errno: -4078,
          code: 'ECONNREFUSED',
          syscall: 'connect',
          address: '127.0.0.1',
          port: 6379
        }
      ]
    }

    [0m [90m 34 |[39m redisClient[33m.[39mon([32m'error'[39m[33m,[39m (err) [33m=>[39m {
     [90m 35 |[39m   [36mif[39m (process[33m.[39menv[33m.[39m[33mNODE_ENV[39m [33m!==[39m [32m'test'[39m) {
    [31m[1m>[22m[39m[90m 36 |[39m     console[33m.[39merror([32m'[DB] Redis Client Error'[39m[33m,[39m err)[33m;[39m
     [90m    |[39m             [31m[1m^[22m[39m
     [90m 37 |[39m   }
     [90m 38 |[39m })[33m;[39m
     [90m 39 |[39m[0m

      at Class.error (server/config/database.js:36:13)
      at RedisSocket.<anonymous> (node_modules/@redis/client/lib/client/index.ts:796:12)
      at RedisSocket.#connect (node_modules/@redis/client/lib/client/socket.ts:246:14)
      at Class.connect (node_modules/@redis/client/lib/client/index.ts:961:5)
      at connectRedis (server/config/database.js:42:5)
      at server/app.js:79:5

  console.error
    [DB] Redis Client Error AggregateError: 
        at internalConnectMultiple (node:net:1134:18)
        at afterConnectMultiple (node:net:1715:7) {
      code: 'ECONNREFUSED',
      [errors]: [
        Error: connect ECONNREFUSED ::1:6379
            at createConnectionError (node:net:1678:14)
            at afterConnectMultiple (node:net:1708:16) {
          errno: -4078,
          code: 'ECONNREFUSED',
          syscall: 'connect',
          address: '::1',
          port: 6379
        },
        Error: connect ECONNREFUSED 127.0.0.1:6379
            at createConnectionError (node:net:1678:14)
            at afterConnectMultiple (node:net:1708:16) {
          errno: -4078,
          code: 'ECONNREFUSED',
          syscall: 'connect',
          address: '127.0.0.1',
          port: 6379
        }
      ]
    }

    [0m [90m 34 |[39m redisClient[33m.[39mon([32m'error'[39m[33m,[39m (err) [33m=>[39m {
     [90m 35 |[39m   [36mif[39m (process[33m.[39menv[33m.[39m[33mNODE_ENV[39m [33m!==[39m [32m'test'[39m) {
    [31m[1m>[22m[39m[90m 36 |[39m     console[33m.[39merror([32m'[DB] Redis Client Error'[39m[33m,[39m err)[33m;[39m
     [90m    |[39m             [31m[1m^[22m[39m
     [90m 37 |[39m   }
     [90m 38 |[39m })[33m;[39m
     [90m 39 |[39m[0m

      at Class.error (server/config/database.js:36:13)
      at RedisSocket.<anonymous> (node_modules/@redis/client/lib/client/index.ts:796:12)
      at RedisSocket.#connect (node_modules/@redis/client/lib/client/socket.ts:246:14)
      at Class.connect (node_modules/@redis/client/lib/client/index.ts:961:5)
      at connectRedis (server/config/database.js:42:5)
      at server/app.js:79:5

  console.error
    [DB] Redis Client Error AggregateError: 
        at internalConnectMultiple (node:net:1134:18)
        at afterConnectMultiple (node:net:1715:7) {
      code: 'ECONNREFUSED',
      [errors]: [
        Error: connect ECONNREFUSED ::1:6379
            at createConnectionError (node:net:1678:14)
            at afterConnectMultiple (node:net:1708:16) {
          errno: -4078,
          code: 'ECONNREFUSED',
          syscall: 'connect',
          address: '::1',
          port: 6379
        },
        Error: connect ECONNREFUSED 127.0.0.1:6379
            at createConnectionError (node:net:1678:14)
            at afterConnectMultiple (node:net:1708:16) {
          errno: -4078,
          code: 'ECONNREFUSED',
          syscall: 'connect',
          address: '127.0.0.1',
          port: 6379
        }
      ]
    }

    [0m [90m 34 |[39m redisClient[33m.[39mon([32m'error'[39m[33m,[39m (err) [33m=>[39m {
     [90m 35 |[39m   [36mif[39m (process[33m.[39menv[33m.[39m[33mNODE_ENV[39m [33m!==[39m [32m'test'[39m) {
    [31m[1m>[22m[39m[90m 36 |[39m     console[33m.[39merror([32m'[DB] Redis Client Error'[39m[33m,[39m err)[33m;[39m
     [90m    |[39m             [31m[1m^[22m[39m
     [90m 37 |[39m   }
     [90m 38 |[39m })[33m;[39m
     [90m 39 |[39m[0m

      at Class.error (server/config/database.js:36:13)
      at RedisSocket.<anonymous> (node_modules/@redis/client/lib/client/index.ts:796:12)
      at RedisSocket.#connect (node_modules/@redis/client/lib/client/socket.ts:246:14)
      at Class.connect (node_modules/@redis/client/lib/client/index.ts:961:5)
      at connectRedis (server/config/database.js:42:5)
      at server/app.js:79:5

  console.error
    [DB] Redis Client Error AggregateError: 
        at internalConnectMultiple (node:net:1134:18)
        at afterConnectMultiple (node:net:1715:7) {
      code: 'ECONNREFUSED',
      [errors]: [
        Error: connect ECONNREFUSED ::1:6379
            at createConnectionError (node:net:1678:14)
            at afterConnectMultiple (node:net:1708:16) {
          errno: -4078,
          code: 'ECONNREFUSED',
          syscall: 'connect',
          address: '::1',
          port: 6379
        },
        Error: connect ECONNREFUSED 127.0.0.1:6379
            at createConnectionError (node:net:1678:14)
            at afterConnectMultiple (node:net:1708:16) {
          errno: -4078,
          code: 'ECONNREFUSED',
          syscall: 'connect',
          address: '127.0.0.1',
          port: 6379
        }
      ]
    }

    [0m [90m 34 |[39m redisClient[33m.[39mon([32m'error'[39m[33m,[39m (err) [33m=>[39m {
     [90m 35 |[39m   [36mif[39m (process[33m.[39menv[33m.[39m[33mNODE_ENV[39m [33m!==[39m [32m'test'[39m) {
    [31m[1m>[22m[39m[90m 36 |[39m     console[33m.[39merror([32m'[DB] Redis Client Error'[39m[33m,[39m err)[33m;[39m
     [90m    |[39m             [31m[1m^[22m[39m
     [90m 37 |[39m   }
     [90m 38 |[39m })[33m;[39m
     [90m 39 |[39m[0m

      at Class.error (server/config/database.js:36:13)
      at RedisSocket.<anonymous> (node_modules/@redis/client/lib/client/index.ts:796:12)
      at RedisSocket.#connect (node_modules/@redis/client/lib/client/socket.ts:246:14)
      at Class.connect (node_modules/@redis/client/lib/client/index.ts:961:5)
      at connectRedis (server/config/database.js:42:5)
      at server/app.js:79:5

  console.error
    [DB] Redis Client Error AggregateError: 
        at internalConnectMultiple (node:net:1134:18)
        at afterConnectMultiple (node:net:1715:7) {
      code: 'ECONNREFUSED',
      [errors]: [
        Error: connect ECONNREFUSED ::1:6379
            at createConnectionError (node:net:1678:14)
            at afterConnectMultiple (node:net:1708:16) {
          errno: -4078,
          code: 'ECONNREFUSED',
          syscall: 'connect',
          address: '::1',
          port: 6379
        },
        Error: connect ECONNREFUSED 127.0.0.1:6379
            at createConnectionError (node:net:1678:14)
            at afterConnectMultiple (node:net:1708:16) {
          errno: -4078,
          code: 'ECONNREFUSED',
          syscall: 'connect',
          address: '127.0.0.1',
          port: 6379
        }
      ]
    }

    [0m [90m 34 |[39m redisClient[33m.[39mon([32m'error'[39m[33m,[39m (err) [33m=>[39m {
     [90m 35 |[39m   [36mif[39m (process[33m.[39menv[33m.[39m[33mNODE_ENV[39m [33m!==[39m [32m'test'[39m) {
    [31m[1m>[22m[39m[90m 36 |[39m     console[33m.[39merror([32m'[DB] Redis Client Error'[39m[33m,[39m err)[33m;[39m
     [90m    |[39m             [31m[1m^[22m[39m
     [90m 37 |[39m   }
     [90m 38 |[39m })[33m;[39m
     [90m 39 |[39m[0m

      at Class.error (server/config/database.js:36:13)
      at RedisSocket.<anonymous> (node_modules/@redis/client/lib/client/index.ts:796:12)
      at RedisSocket.#connect (node_modules/@redis/client/lib/client/socket.ts:246:14)
      at Class.connect (node_modules/@redis/client/lib/client/index.ts:961:5)
      at connectRedis (server/config/database.js:42:5)
      at server/app.js:79:5

  console.error
    [DB] Redis Client Error AggregateError: 
        at internalConnectMultiple (node:net:1134:18)
        at afterConnectMultiple (node:net:1715:7) {
      code: 'ECONNREFUSED',
      [errors]: [
        Error: connect ECONNREFUSED ::1:6379
            at createConnectionError (node:net:1678:14)
            at afterConnectMultiple (node:net:1708:16) {
          errno: -4078,
          code: 'ECONNREFUSED',
          syscall: 'connect',
          address: '::1',
          port: 6379
        },
        Error: connect ECONNREFUSED 127.0.0.1:6379
            at createConnectionError (node:net:1678:14)
            at afterConnectMultiple (node:net:1708:16) {
          errno: -4078,
          code: 'ECONNREFUSED',
          syscall: 'connect',
          address: '127.0.0.1',
          port: 6379
        }
      ]
    }

    [0m [90m 34 |[39m redisClient[33m.[39mon([32m'error'[39m[33m,[39m (err) [33m=>[39m {
     [90m 35 |[39m   [36mif[39m (process[33m.[39menv[33m.[39m[33mNODE_ENV[39m [33m!==[39m [32m'test'[39m) {
    [31m[1m>[22m[39m[90m 36 |[39m     console[33m.[39merror([32m'[DB] Redis Client Error'[39m[33m,[39m err)[33m;[39m
     [90m    |[39m             [31m[1m^[22m[39m
     [90m 37 |[39m   }
     [90m 38 |[39m })[33m;[39m
     [90m 39 |[39m[0m

      at Class.error (server/config/database.js:36:13)
      at RedisSocket.<anonymous> (node_modules/@redis/client/lib/client/index.ts:796:12)
      at RedisSocket.#connect (node_modules/@redis/client/lib/client/socket.ts:246:14)
      at Class.connect (node_modules/@redis/client/lib/client/index.ts:961:5)
      at connectRedis (server/config/database.js:42:5)
      at server/app.js:79:5

  console.error
    [DB] Redis Client Error AggregateError: 
        at internalConnectMultiple (node:net:1134:18)
        at afterConnectMultiple (node:net:1715:7) {
      code: 'ECONNREFUSED',
      [errors]: [
        Error: connect ECONNREFUSED ::1:6379
            at createConnectionError (node:net:1678:14)
            at afterConnectMultiple (node:net:1708:16) {
          errno: -4078,
          code: 'ECONNREFUSED',
          syscall: 'connect',
          address: '::1',
          port: 6379
        },
        Error: connect ECONNREFUSED 127.0.0.1:6379
            at createConnectionError (node:net:1678:14)
            at afterConnectMultiple (node:net:1708:16) {
          errno: -4078,
          code: 'ECONNREFUSED',
          syscall: 'connect',
          address: '127.0.0.1',
          port: 6379
        }
      ]
    }

    [0m [90m 34 |[39m redisClient[33m.[39mon([32m'error'[39m[33m,[39m (err) [33m=>[39m {
     [90m 35 |[39m   [36mif[39m (process[33m.[39menv[33m.[39m[33mNODE_ENV[39m [33m!==[39m [32m'test'[39m) {
    [31m[1m>[22m[39m[90m 36 |[39m     console[33m.[39merror([32m'[DB] Redis Client Error'[39m[33m,[39m err)[33m;[39m
     [90m    |[39m             [31m[1m^[22m[39m
     [90m 37 |[39m   }
     [90m 38 |[39m })[33m;[39m
     [90m 39 |[39m[0m

      at Class.error (server/config/database.js:36:13)
      at RedisSocket.<anonymous> (node_modules/@redis/client/lib/client/index.ts:796:12)
      at RedisSocket.#connect (node_modules/@redis/client/lib/client/socket.ts:246:14)
      at Class.connect (node_modules/@redis/client/lib/client/index.ts:961:5)
      at connectRedis (server/config/database.js:42:5)
      at server/app.js:79:5

  console.error
    [DB] Redis Client Error AggregateError: 
        at internalConnectMultiple (node:net:1134:18)
        at afterConnectMultiple (node:net:1715:7) {
      code: 'ECONNREFUSED',
      [errors]: [
        Error: connect ECONNREFUSED ::1:6379
            at createConnectionError (node:net:1678:14)
            at afterConnectMultiple (node:net:1708:16) {
          errno: -4078,
          code: 'ECONNREFUSED',
          syscall: 'connect',
          address: '::1',
          port: 6379
        },
        Error: connect ECONNREFUSED 127.0.0.1:6379
            at createConnectionError (node:net:1678:14)
            at afterConnectMultiple (node:net:1708:16) {
          errno: -4078,
          code: 'ECONNREFUSED',
          syscall: 'connect',
          address: '127.0.0.1',
          port: 6379
        }
      ]
    }

    [0m [90m 34 |[39m redisClient[33m.[39mon([32m'error'[39m[33m,[39m (err) [33m=>[39m {
     [90m 35 |[39m   [36mif[39m (process[33m.[39menv[33m.[39m[33mNODE_ENV[39m [33m!==[39m [32m'test'[39m) {
    [31m[1m>[22m[39m[90m 36 |[39m     console[33m.[39merror([32m'[DB] Redis Client Error'[39m[33m,[39m err)[33m;[39m
     [90m    |[39m             [31m[1m^[22m[39m
     [90m 37 |[39m   }
     [90m 38 |[39m })[33m;[39m
     [90m 39 |[39m[0m

      at Class.error (server/config/database.js:36:13)
      at RedisSocket.<anonymous> (node_modules/@redis/client/lib/client/index.ts:796:12)
      at RedisSocket.#connect (node_modules/@redis/client/lib/client/socket.ts:246:14)
      at Class.connect (node_modules/@redis/client/lib/client/index.ts:961:5)
      at connectRedis (server/config/database.js:42:5)
      at server/app.js:79:5

  console.error
    [DB] Redis Client Error AggregateError: 
        at internalConnectMultiple (node:net:1134:18)
        at afterConnectMultiple (node:net:1715:7) {
      code: 'ECONNREFUSED',
      [errors]: [
        Error: connect ECONNREFUSED ::1:6379
            at createConnectionError (node:net:1678:14)
            at afterConnectMultiple (node:net:1708:16) {
          errno: -4078,
          code: 'ECONNREFUSED',
          syscall: 'connect',
          address: '::1',
          port: 6379
        },
        Error: connect ECONNREFUSED 127.0.0.1:6379
            at createConnectionError (node:net:1678:14)
            at afterConnectMultiple (node:net:1708:16) {
          errno: -4078,
          code: 'ECONNREFUSED',
          syscall: 'connect',
          address: '127.0.0.1',
          port: 6379
        }
      ]
    }

    [0m [90m 34 |[39m redisClient[33m.[39mon([32m'error'[39m[33m,[39m (err) [33m=>[39m {
     [90m 35 |[39m   [36mif[39m (process[33m.[39menv[33m.[39m[33mNODE_ENV[39m [33m!==[39m [32m'test'[39m) {
    [31m[1m>[22m[39m[90m 36 |[39m     console[33m.[39merror([32m'[DB] Redis Client Error'[39m[33m,[39m err)[33m;[39m
     [90m    |[39m             [31m[1m^[22m[39m
     [90m 37 |[39m   }
     [90m 38 |[39m })[33m;[39m
     [90m 39 |[39m[0m

      at Class.error (server/config/database.js:36:13)
      at RedisSocket.<anonymous> (node_modules/@redis/client/lib/client/index.ts:796:12)
      at RedisSocket.#connect (node_modules/@redis/client/lib/client/socket.ts:246:14)
      at Class.connect (node_modules/@redis/client/lib/client/index.ts:961:5)
      at connectRedis (server/config/database.js:42:5)
      at server/app.js:79:5

  console.error
    [DB] Redis Client Error AggregateError: 
        at internalConnectMultiple (node:net:1134:18)
        at afterConnectMultiple (node:net:1715:7) {
      code: 'ECONNREFUSED',
      [errors]: [
        Error: connect ECONNREFUSED ::1:6379
            at createConnectionError (node:net:1678:14)
            at afterConnectMultiple (node:net:1708:16) {
          errno: -4078,
          code: 'ECONNREFUSED',
          syscall: 'connect',
          address: '::1',
          port: 6379
        },
        Error: connect ECONNREFUSED 127.0.0.1:6379
            at createConnectionError (node:net:1678:14)
            at afterConnectMultiple (node:net:1708:16) {
          errno: -4078,
          code: 'ECONNREFUSED',
          syscall: 'connect',
          address: '127.0.0.1',
          port: 6379
        }
      ]
    }

    [0m [90m 34 |[39m redisClient[33m.[39mon([32m'error'[39m[33m,[39m (err) [33m=>[39m {
     [90m 35 |[39m   [36mif[39m (process[33m.[39menv[33m.[39m[33mNODE_ENV[39m [33m!==[39m [32m'test'[39m) {
    [31m[1m>[22m[39m[90m 36 |[39m     console[33m.[39merror([32m'[DB] Redis Client Error'[39m[33m,[39m err)[33m;[39m
     [90m    |[39m             [31m[1m^[22m[39m
     [90m 37 |[39m   }
     [90m 38 |[39m })[33m;[39m
     [90m 39 |[39m[0m

      at Class.error (server/config/database.js:36:13)
      at RedisSocket.<anonymous> (node_modules/@redis/client/lib/client/index.ts:796:12)
      at RedisSocket.#connect (node_modules/@redis/client/lib/client/socket.ts:246:14)
      at Class.connect (node_modules/@redis/client/lib/client/index.ts:961:5)
      at connectRedis (server/config/database.js:42:5)
      at server/app.js:79:5

  console.error
    [DB] Redis Client Error AggregateError: 
        at internalConnectMultiple (node:net:1134:18)
        at afterConnectMultiple (node:net:1715:7) {
      code: 'ECONNREFUSED',
      [errors]: [
        Error: connect ECONNREFUSED ::1:6379
            at createConnectionError (node:net:1678:14)
            at afterConnectMultiple (node:net:1708:16) {
          errno: -4078,
          code: 'ECONNREFUSED',
          syscall: 'connect',
          address: '::1',
          port: 6379
        },
        Error: connect ECONNREFUSED 127.0.0.1:6379
            at createConnectionError (node:net:1678:14)
            at afterConnectMultiple (node:net:1708:16) {
          errno: -4078,
          code: 'ECONNREFUSED',
          syscall: 'connect',
          address: '127.0.0.1',
          port: 6379
        }
      ]
    }

    [0m [90m 34 |[39m redisClient[33m.[39mon([32m'error'[39m[33m,[39m (err) [33m=>[39m {
     [90m 35 |[39m   [36mif[39m (process[33m.[39menv[33m.[39m[33mNODE_ENV[39m [33m!==[39m [32m'test'[39m) {
    [31m[1m>[22m[39m[90m 36 |[39m     console[33m.[39merror([32m'[DB] Redis Client Error'[39m[33m,[39m err)[33m;[39m
     [90m    |[39m             [31m[1m^[22m[39m
     [90m 37 |[39m   }
     [90m 38 |[39m })[33m;[39m
     [90m 39 |[39m[0m

      at Class.error (server/config/database.js:36:13)
      at RedisSocket.<anonymous> (node_modules/@redis/client/lib/client/index.ts:796:12)
      at RedisSocket.#connect (node_modules/@redis/client/lib/client/socket.ts:246:14)
      at Class.connect (node_modules/@redis/client/lib/client/index.ts:961:5)
      at connectRedis (server/config/database.js:42:5)
      at server/app.js:79:5

  console.error
    [DB] Redis Client Error AggregateError: 
        at internalConnectMultiple (node:net:1134:18)
        at afterConnectMultiple (node:net:1715:7) {
      code: 'ECONNREFUSED',
      [errors]: [
        Error: connect ECONNREFUSED ::1:6379
            at createConnectionError (node:net:1678:14)
            at afterConnectMultiple (node:net:1708:16) {
          errno: -4078,
          code: 'ECONNREFUSED',
          syscall: 'connect',
          address: '::1',
          port: 6379
        },
        Error: connect ECONNREFUSED 127.0.0.1:6379
            at createConnectionError (node:net:1678:14)
            at afterConnectMultiple (node:net:1708:16) {
          errno: -4078,
          code: 'ECONNREFUSED',
          syscall: 'connect',
          address: '127.0.0.1',
          port: 6379
        }
      ]
    }

    [0m [90m 34 |[39m redisClient[33m.[39mon([32m'error'[39m[33m,[39m (err) [33m=>[39m {
     [90m 35 |[39m   [36mif[39m (process[33m.[39menv[33m.[39m[33mNODE_ENV[39m [33m!==[39m [32m'test'[39m) {
    [31m[1m>[22m[39m[90m 36 |[39m     console[33m.[39merror([32m'[DB] Redis Client Error'[39m[33m,[39m err)[33m;[39m
     [90m    |[39m             [31m[1m^[22m[39m
     [90m 37 |[39m   }
     [90m 38 |[39m })[33m;[39m
     [90m 39 |[39m[0m

      at Class.error (server/config/database.js:36:13)
      at RedisSocket.<anonymous> (node_modules/@redis/client/lib/client/index.ts:796:12)
      at RedisSocket.#connect (node_modules/@redis/client/lib/client/socket.ts:246:14)
      at Class.connect (node_modules/@redis/client/lib/client/index.ts:961:5)
      at connectRedis (server/config/database.js:42:5)
      at server/app.js:79:5

  console.error
    [DB] Redis Client Error AggregateError: 
        at internalConnectMultiple (node:net:1134:18)
        at afterConnectMultiple (node:net:1715:7) {
      code: 'ECONNREFUSED',
      [errors]: [
        Error: connect ECONNREFUSED ::1:6379
            at createConnectionError (node:net:1678:14)
            at afterConnectMultiple (node:net:1708:16) {
          errno: -4078,
          code: 'ECONNREFUSED',
          syscall: 'connect',
          address: '::1',
          port: 6379
        },
        Error: connect ECONNREFUSED 127.0.0.1:6379
            at createConnectionError (node:net:1678:14)
            at afterConnectMultiple (node:net:1708:16) {
          errno: -4078,
          code: 'ECONNREFUSED',
          syscall: 'connect',
          address: '127.0.0.1',
          port: 6379
        }
      ]
    }

    [0m [90m 34 |[39m redisClient[33m.[39mon([32m'error'[39m[33m,[39m (err) [33m=>[39m {
     [90m 35 |[39m   [36mif[39m (process[33m.[39menv[33m.[39m[33mNODE_ENV[39m [33m!==[39m [32m'test'[39m) {
    [31m[1m>[22m[39m[90m 36 |[39m     console[33m.[39merror([32m'[DB] Redis Client Error'[39m[33m,[39m err)[33m;[39m
     [90m    |[39m             [31m[1m^[22m[39m
     [90m 37 |[39m   }
     [90m 38 |[39m })[33m;[39m
     [90m 39 |[39m[0m

      at Class.error (server/config/database.js:36:13)
      at RedisSocket.<anonymous> (node_modules/@redis/client/lib/client/index.ts:796:12)
      at RedisSocket.#connect (node_modules/@redis/client/lib/client/socket.ts:246:14)
      at Class.connect (node_modules/@redis/client/lib/client/index.ts:961:5)
      at connectRedis (server/config/database.js:42:5)
      at server/app.js:79:5

  console.error
    [DB] Redis Client Error AggregateError: 
        at internalConnectMultiple (node:net:1134:18)
        at afterConnectMultiple (node:net:1715:7) {
      code: 'ECONNREFUSED',
      [errors]: [
        Error: connect ECONNREFUSED ::1:6379
            at createConnectionError (node:net:1678:14)
            at afterConnectMultiple (node:net:1708:16) {
          errno: -4078,
          code: 'ECONNREFUSED',
          syscall: 'connect',
          address: '::1',
          port: 6379
        },
        Error: connect ECONNREFUSED 127.0.0.1:6379
            at createConnectionError (node:net:1678:14)
            at afterConnectMultiple (node:net:1708:16) {
          errno: -4078,
          code: 'ECONNREFUSED',
          syscall: 'connect',
          address: '127.0.0.1',
          port: 6379
        }
      ]
    }

    [0m [90m 34 |[39m redisClient[33m.[39mon([32m'error'[39m[33m,[39m (err) [33m=>[39m {
     [90m 35 |[39m   [36mif[39m (process[33m.[39menv[33m.[39m[33mNODE_ENV[39m [33m!==[39m [32m'test'[39m) {
    [31m[1m>[22m[39m[90m 36 |[39m     console[33m.[39merror([32m'[DB] Redis Client Error'[39m[33m,[39m err)[33m;[39m
     [90m    |[39m             [31m[1m^[22m[39m
     [90m 37 |[39m   }
     [90m 38 |[39m })[33m;[39m
     [90m 39 |[39m[0m

      at Class.error (server/config/database.js:36:13)
      at RedisSocket.<anonymous> (node_modules/@redis/client/lib/client/index.ts:796:12)
      at RedisSocket.#connect (node_modules/@redis/client/lib/client/socket.ts:246:14)
      at Class.connect (node_modules/@redis/client/lib/client/index.ts:961:5)
      at connectRedis (server/config/database.js:42:5)
      at server/app.js:79:5

  console.error
    [DB] Redis Client Error AggregateError: 
        at internalConnectMultiple (node:net:1134:18)
        at afterConnectMultiple (node:net:1715:7) {
      code: 'ECONNREFUSED',
      [errors]: [
        Error: connect ECONNREFUSED ::1:6379
            at createConnectionError (node:net:1678:14)
            at afterConnectMultiple (node:net:1708:16) {
          errno: -4078,
          code: 'ECONNREFUSED',
          syscall: 'connect',
          address: '::1',
          port: 6379
        },
        Error: connect ECONNREFUSED 127.0.0.1:6379
            at createConnectionError (node:net:1678:14)
            at afterConnectMultiple (node:net:1708:16) {
          errno: -4078,
          code: 'ECONNREFUSED',
          syscall: 'connect',
          address: '127.0.0.1',
          port: 6379
        }
      ]
    }

    [0m [90m 34 |[39m redisClient[33m.[39mon([32m'error'[39m[33m,[39m (err) [33m=>[39m {
     [90m 35 |[39m   [36mif[39m (process[33m.[39menv[33m.[39m[33mNODE_ENV[39m [33m!==[39m [32m'test'[39m) {
    [31m[1m>[22m[39m[90m 36 |[39m     console[33m.[39merror([32m'[DB] Redis Client Error'[39m[33m,[39m err)[33m;[39m
     [90m    |[39m             [31m[1m^[22m[39m
     [90m 37 |[39m   }
     [90m 38 |[39m })[33m;[39m
     [90m 39 |[39m[0m

      at Class.error (server/config/database.js:36:13)
      at RedisSocket.<anonymous> (node_modules/@redis/client/lib/client/index.ts:796:12)
      at RedisSocket.#connect (node_modules/@redis/client/lib/client/socket.ts:246:14)
      at Class.connect (node_modules/@redis/client/lib/client/index.ts:961:5)
      at connectRedis (server/config/database.js:42:5)
      at server/app.js:79:5

  console.error
    [DB] Redis Client Error AggregateError: 
        at internalConnectMultiple (node:net:1134:18)
        at afterConnectMultiple (node:net:1715:7) {
      code: 'ECONNREFUSED',
      [errors]: [
        Error: connect ECONNREFUSED ::1:6379
            at createConnectionError (node:net:1678:14)
            at afterConnectMultiple (node:net:1708:16) {
          errno: -4078,
          code: 'ECONNREFUSED',
          syscall: 'connect',
          address: '::1',
          port: 6379
        },
        Error: connect ECONNREFUSED 127.0.0.1:6379
            at createConnectionError (node:net:1678:14)
            at afterConnectMultiple (node:net:1708:16) {
          errno: -4078,
          code: 'ECONNREFUSED',
          syscall: 'connect',
          address: '127.0.0.1',
          port: 6379
        }
      ]
    }

    [0m [90m 34 |[39m redisClient[33m.[39mon([32m'error'[39m[33m,[39m (err) [33m=>[39m {
     [90m 35 |[39m   [36mif[39m (process[33m.[39menv[33m.[39m[33mNODE_ENV[39m [33m!==[39m [32m'test'[39m) {
    [31m[1m>[22m[39m[90m 36 |[39m     console[33m.[39merror([32m'[DB] Redis Client Error'[39m[33m,[39m err)[33m;[39m
     [90m    |[39m             [31m[1m^[22m[39m
     [90m 37 |[39m   }
     [90m 38 |[39m })[33m;[39m
     [90m 39 |[39m[0m

      at Class.error (server/config/database.js:36:13)
      at RedisSocket.<anonymous> (node_modules/@redis/client/lib/client/index.ts:796:12)
      at RedisSocket.#connect (node_modules/@redis/client/lib/client/socket.ts:246:14)
      at Class.connect (node_modules/@redis/client/lib/client/index.ts:961:5)
      at connectRedis (server/config/database.js:42:5)
      at server/app.js:79:5

  console.error
    [DB] Redis Client Error AggregateError: 
        at internalConnectMultiple (node:net:1134:18)
        at afterConnectMultiple (node:net:1715:7) {
      code: 'ECONNREFUSED',
      [errors]: [
        Error: connect ECONNREFUSED ::1:6379
            at createConnectionError (node:net:1678:14)
            at afterConnectMultiple (node:net:1708:16) {
          errno: -4078,
          code: 'ECONNREFUSED',
          syscall: 'connect',
          address: '::1',
          port: 6379
        },
        Error: connect ECONNREFUSED 127.0.0.1:6379
            at createConnectionError (node:net:1678:14)
            at afterConnectMultiple (node:net:1708:16) {
          errno: -4078,
          code: 'ECONNREFUSED',
          syscall: 'connect',
          address: '127.0.0.1',
          port: 6379
        }
      ]
    }

    [0m [90m 34 |[39m redisClient[33m.[39mon([32m'error'[39m[33m,[39m (err) [33m=>[39m {
     [90m 35 |[39m   [36mif[39m (process[33m.[39menv[33m.[39m[33mNODE_ENV[39m [33m!==[39m [32m'test'[39m) {
    [31m[1m>[22m[39m[90m 36 |[39m     console[33m.[39merror([32m'[DB] Redis Client Error'[39m[33m,[39m err)[33m;[39m
     [90m    |[39m             [31m[1m^[22m[39m
     [90m 37 |[39m   }
     [90m 38 |[39m })[33m;[39m
     [90m 39 |[39m[0m

      at Class.error (server/config/database.js:36:13)
      at RedisSocket.<anonymous> (node_modules/@redis/client/lib/client/index.ts:796:12)
      at RedisSocket.#connect (node_modules/@redis/client/lib/client/socket.ts:246:14)
      at Class.connect (node_modules/@redis/client/lib/client/index.ts:961:5)
      at connectRedis (server/config/database.js:42:5)
      at server/app.js:79:5

  console.error
    [DB] Redis Client Error AggregateError: 
        at internalConnectMultiple (node:net:1134:18)
        at afterConnectMultiple (node:net:1715:7) {
      code: 'ECONNREFUSED',
      [errors]: [
        Error: connect ECONNREFUSED ::1:6379
            at createConnectionError (node:net:1678:14)
            at afterConnectMultiple (node:net:1708:16) {
          errno: -4078,
          code: 'ECONNREFUSED',
          syscall: 'connect',
          address: '::1',
          port: 6379
        },
        Error: connect ECONNREFUSED 127.0.0.1:6379
            at createConnectionError (node:net:1678:14)
            at afterConnectMultiple (node:net:1708:16) {
          errno: -4078,
          code: 'ECONNREFUSED',
          syscall: 'connect',
          address: '127.0.0.1',
          port: 6379
        }
      ]
    }

    [0m [90m 34 |[39m redisClient[33m.[39mon([32m'error'[39m[33m,[39m (err) [33m=>[39m {
     [90m 35 |[39m   [36mif[39m (process[33m.[39menv[33m.[39m[33mNODE_ENV[39m [33m!==[39m [32m'test'[39m) {
    [31m[1m>[22m[39m[90m 36 |[39m     console[33m.[39merror([32m'[DB] Redis Client Error'[39m[33m,[39m err)[33m;[39m
     [90m    |[39m             [31m[1m^[22m[39m
     [90m 37 |[39m   }
     [90m 38 |[39m })[33m;[39m
     [90m 39 |[39m[0m

      at Class.error (server/config/database.js:36:13)
      at RedisSocket.<anonymous> (node_modules/@redis/client/lib/client/index.ts:796:12)
      at RedisSocket.#connect (node_modules/@redis/client/lib/client/socket.ts:246:14)
      at Class.connect (node_modules/@redis/client/lib/client/index.ts:961:5)
      at connectRedis (server/config/database.js:42:5)
      at server/app.js:79:5

  console.error
    [DB] Redis Client Error AggregateError: 
        at internalConnectMultiple (node:net:1134:18)
        at afterConnectMultiple (node:net:1715:7) {
      code: 'ECONNREFUSED',
      [errors]: [
        Error: connect ECONNREFUSED ::1:6379
            at createConnectionError (node:net:1678:14)
            at afterConnectMultiple (node:net:1708:16) {
          errno: -4078,
          code: 'ECONNREFUSED',
          syscall: 'connect',
          address: '::1',
          port: 6379
        },
        Error: connect ECONNREFUSED 127.0.0.1:6379
            at createConnectionError (node:net:1678:14)
            at afterConnectMultiple (node:net:1708:16) {
          errno: -4078,
          code: 'ECONNREFUSED',
          syscall: 'connect',
          address: '127.0.0.1',
          port: 6379
        }
      ]
    }

    [0m [90m 34 |[39m redisClient[33m.[39mon([32m'error'[39m[33m,[39m (err) [33m=>[39m {
     [90m 35 |[39m   [36mif[39m (process[33m.[39menv[33m.[39m[33mNODE_ENV[39m [33m!==[39m [32m'test'[39m) {
    [31m[1m>[22m[39m[90m 36 |[39m     console[33m.[39merror([32m'[DB] Redis Client Error'[39m[33m,[39m err)[33m;[39m
     [90m    |[39m             [31m[1m^[22m[39m
     [90m 37 |[39m   }
     [90m 38 |[39m })[33m;[39m
     [90m 39 |[39m[0m

      at Class.error (server/config/database.js:36:13)
      at RedisSocket.<anonymous> (node_modules/@redis/client/lib/client/index.ts:796:12)
      at RedisSocket.#connect (node_modules/@redis/client/lib/client/socket.ts:246:14)
      at Class.connect (node_modules/@redis/client/lib/client/index.ts:961:5)
      at connectRedis (server/config/database.js:42:5)
      at server/app.js:79:5

  console.error
    [DB] Redis Client Error AggregateError: 
        at internalConnectMultiple (node:net:1134:18)
        at afterConnectMultiple (node:net:1715:7) {
      code: 'ECONNREFUSED',
      [errors]: [
        Error: connect ECONNREFUSED ::1:6379
            at createConnectionError (node:net:1678:14)
            at afterConnectMultiple (node:net:1708:16) {
          errno: -4078,
          code: 'ECONNREFUSED',
          syscall: 'connect',
          address: '::1',
          port: 6379
        },
        Error: connect ECONNREFUSED 127.0.0.1:6379
            at createConnectionError (node:net:1678:14)
            at afterConnectMultiple (node:net:1708:16) {
          errno: -4078,
          code: 'ECONNREFUSED',
          syscall: 'connect',
          address: '127.0.0.1',
          port: 6379
        }
      ]
    }

    [0m [90m 34 |[39m redisClient[33m.[39mon([32m'error'[39m[33m,[39m (err) [33m=>[39m {
     [90m 35 |[39m   [36mif[39m (process[33m.[39menv[33m.[39m[33mNODE_ENV[39m [33m!==[39m [32m'test'[39m) {
    [31m[1m>[22m[39m[90m 36 |[39m     console[33m.[39merror([32m'[DB] Redis Client Error'[39m[33m,[39m err)[33m;[39m
     [90m    |[39m             [31m[1m^[22m[39m
     [90m 37 |[39m   }
     [90m 38 |[39m })[33m;[39m
     [90m 39 |[39m[0m

      at Class.error (server/config/database.js:36:13)
      at RedisSocket.<anonymous> (node_modules/@redis/client/lib/client/index.ts:796:12)
      at RedisSocket.#connect (node_modules/@redis/client/lib/client/socket.ts:246:14)
      at Class.connect (node_modules/@redis/client/lib/client/index.ts:961:5)
      at connectRedis (server/config/database.js:42:5)
      at server/app.js:79:5

  console.error
    [DB] Redis Client Error AggregateError: 
        at internalConnectMultiple (node:net:1134:18)
        at afterConnectMultiple (node:net:1715:7) {
      code: 'ECONNREFUSED',
      [errors]: [
        Error: connect ECONNREFUSED ::1:6379
            at createConnectionError (node:net:1678:14)
            at afterConnectMultiple (node:net:1708:16) {
          errno: -4078,
          code: 'ECONNREFUSED',
          syscall: 'connect',
          address: '::1',
          port: 6379
        },
        Error: connect ECONNREFUSED 127.0.0.1:6379
            at createConnectionError (node:net:1678:14)
            at afterConnectMultiple (node:net:1708:16) {
          errno: -4078,
          code: 'ECONNREFUSED',
          syscall: 'connect',
          address: '127.0.0.1',
          port: 6379
        }
      ]
    }

    [0m [90m 34 |[39m redisClient[33m.[39mon([32m'error'[39m[33m,[39m (err) [33m=>[39m {
     [90m 35 |[39m   [36mif[39m (process[33m.[39menv[33m.[39m[33mNODE_ENV[39m [33m!==[39m [32m'test'[39m) {
    [31m[1m>[22m[39m[90m 36 |[39m     console[33m.[39merror([32m'[DB] Redis Client Error'[39m[33m,[39m err)[33m;[39m
     [90m    |[39m             [31m[1m^[22m[39m
     [90m 37 |[39m   }
     [90m 38 |[39m })[33m;[39m
     [90m 39 |[39m[0m

      at Class.error (server/config/database.js:36:13)
      at RedisSocket.<anonymous> (node_modules/@redis/client/lib/client/index.ts:796:12)
      at RedisSocket.#connect (node_modules/@redis/client/lib/client/socket.ts:246:14)
      at Class.connect (node_modules/@redis/client/lib/client/index.ts:961:5)
      at connectRedis (server/config/database.js:42:5)
      at server/app.js:79:5

  console.error
    [DB] Redis Client Error AggregateError: 
        at internalConnectMultiple (node:net:1134:18)
        at afterConnectMultiple (node:net:1715:7) {
      code: 'ECONNREFUSED',
      [errors]: [
        Error: connect ECONNREFUSED ::1:6379
            at createConnectionError (node:net:1678:14)
            at afterConnectMultiple (node:net:1708:16) {
          errno: -4078,
          code: 'ECONNREFUSED',
          syscall: 'connect',
          address: '::1',
          port: 6379
        },
        Error: connect ECONNREFUSED 127.0.0.1:6379
            at createConnectionError (node:net:1678:14)
            at afterConnectMultiple (node:net:1708:16) {
          errno: -4078,
          code: 'ECONNREFUSED',
          syscall: 'connect',
          address: '127.0.0.1',
          port: 6379
        }
      ]
    }

    [0m [90m 34 |[39m redisClient[33m.[39mon([32m'error'[39m[33m,[39m (err) [33m=>[39m {
     [90m 35 |[39m   [36mif[39m (process[33m.[39menv[33m.[39m[33mNODE_ENV[39m [33m!==[39m [32m'test'[39m) {
    [31m[1m>[22m[39m[90m 36 |[39m     console[33m.[39merror([32m'[DB] Redis Client Error'[39m[33m,[39m err)[33m;[39m
     [90m    |[39m             [31m[1m^[22m[39m
     [90m 37 |[39m   }
     [90m 38 |[39m })[33m;[39m
     [90m 39 |[39m[0m

      at Class.error (server/config/database.js:36:13)
      at RedisSocket.<anonymous> (node_modules/@redis/client/lib/client/index.ts:796:12)
      at RedisSocket.#connect (node_modules/@redis/client/lib/client/socket.ts:246:14)
      at Class.connect (node_modules/@redis/client/lib/client/index.ts:961:5)
      at connectRedis (server/config/database.js:42:5)
      at server/app.js:79:5

  console.error
    [DB] Redis Client Error AggregateError: 
        at internalConnectMultiple (node:net:1134:18)
        at afterConnectMultiple (node:net:1715:7) {
      code: 'ECONNREFUSED',
      [errors]: [
        Error: connect ECONNREFUSED ::1:6379
            at createConnectionError (node:net:1678:14)
            at afterConnectMultiple (node:net:1708:16) {
          errno: -4078,
          code: 'ECONNREFUSED',
          syscall: 'connect',
          address: '::1',
          port: 6379
        },
        Error: connect ECONNREFUSED 127.0.0.1:6379
            at createConnectionError (node:net:1678:14)
            at afterConnectMultiple (node:net:1708:16) {
          errno: -4078,
          code: 'ECONNREFUSED',
          syscall: 'connect',
          address: '127.0.0.1',
          port: 6379
        }
      ]
    }

    [0m [90m 34 |[39m redisClient[33m.[39mon([32m'error'[39m[33m,[39m (err) [33m=>[39m {
     [90m 35 |[39m   [36mif[39m (process[33m.[39menv[33m.[39m[33mNODE_ENV[39m [33m!==[39m [32m'test'[39m) {
    [31m[1m>[22m[39m[90m 36 |[39m     console[33m.[39merror([32m'[DB] Redis Client Error'[39m[33m,[39m err)[33m;[39m
     [90m    |[39m             [31m[1m^[22m[39m
     [90m 37 |[39m   }
     [90m 38 |[39m })[33m;[39m
     [90m 39 |[39m[0m

      at Class.error (server/config/database.js:36:13)
      at RedisSocket.<anonymous> (node_modules/@redis/client/lib/client/index.ts:796:12)
      at RedisSocket.#connect (node_modules/@redis/client/lib/client/socket.ts:246:14)
      at Class.connect (node_modules/@redis/client/lib/client/index.ts:961:5)
      at connectRedis (server/config/database.js:42:5)
      at server/app.js:79:5

  console.error
    [DB] Redis Client Error AggregateError: 
        at internalConnectMultiple (node:net:1134:18)
        at afterConnectMultiple (node:net:1715:7) {
      code: 'ECONNREFUSED',
      [errors]: [
        Error: connect ECONNREFUSED ::1:6379
            at createConnectionError (node:net:1678:14)
            at afterConnectMultiple (node:net:1708:16) {
          errno: -4078,
          code: 'ECONNREFUSED',
          syscall: 'connect',
          address: '::1',
          port: 6379
        },
        Error: connect ECONNREFUSED 127.0.0.1:6379
            at createConnectionError (node:net:1678:14)
            at afterConnectMultiple (node:net:1708:16) {
          errno: -4078,
          code: 'ECONNREFUSED',
          syscall: 'connect',
          address: '127.0.0.1',
          port: 6379
        }
      ]
    }

    [0m [90m 34 |[39m redisClient[33m.[39mon([32m'error'[39m[33m,[39m (err) [33m=>[39m {
     [90m 35 |[39m   [36mif[39m (process[33m.[39menv[33m.[39m[33mNODE_ENV[39m [33m!==[39m [32m'test'[39m) {
    [31m[1m>[22m[39m[90m 36 |[39m     console[33m.[39merror([32m'[DB] Redis Client Error'[39m[33m,[39m err)[33m;[39m
     [90m    |[39m             [31m[1m^[22m[39m
     [90m 37 |[39m   }
     [90m 38 |[39m })[33m;[39m
     [90m 39 |[39m[0m

      at Class.error (server/config/database.js:36:13)
      at RedisSocket.<anonymous> (node_modules/@redis/client/lib/client/index.ts:796:12)
      at RedisSocket.#connect (node_modules/@redis/client/lib/client/socket.ts:246:14)
      at Class.connect (node_modules/@redis/client/lib/client/index.ts:961:5)
      at connectRedis (server/config/database.js:42:5)
      at server/app.js:79:5

  console.error
    [DB] Redis Client Error AggregateError: 
        at internalConnectMultiple (node:net:1134:18)
        at afterConnectMultiple (node:net:1715:7) {
      code: 'ECONNREFUSED',
      [errors]: [
        Error: connect ECONNREFUSED ::1:6379
            at createConnectionError (node:net:1678:14)
            at afterConnectMultiple (node:net:1708:16) {
          errno: -4078,
          code: 'ECONNREFUSED',
          syscall: 'connect',
          address: '::1',
          port: 6379
        },
        Error: connect ECONNREFUSED 127.0.0.1:6379
            at createConnectionError (node:net:1678:14)
            at afterConnectMultiple (node:net:1708:16) {
          errno: -4078,
          code: 'ECONNREFUSED',
          syscall: 'connect',
          address: '127.0.0.1',
          port: 6379
        }
      ]
    }

    [0m [90m 34 |[39m redisClient[33m.[39mon([32m'error'[39m[33m,[39m (err) [33m=>[39m {
     [90m 35 |[39m   [36mif[39m (process[33m.[39menv[33m.[39m[33mNODE_ENV[39m [33m!==[39m [32m'test'[39m) {
    [31m[1m>[22m[39m[90m 36 |[39m     console[33m.[39merror([32m'[DB] Redis Client Error'[39m[33m,[39m err)[33m;[39m
     [90m    |[39m             [31m[1m^[22m[39m
     [90m 37 |[39m   }
     [90m 38 |[39m })[33m;[39m
     [90m 39 |[39m[0m

      at Class.error (server/config/database.js:36:13)
      at RedisSocket.<anonymous> (node_modules/@redis/client/lib/client/index.ts:796:12)
      at RedisSocket.#connect (node_modules/@redis/client/lib/client/socket.ts:246:14)
      at Class.connect (node_modules/@redis/client/lib/client/index.ts:961:5)
      at connectRedis (server/config/database.js:42:5)
      at server/app.js:79:5

  console.error
    [DB] Redis Client Error AggregateError: 
        at internalConnectMultiple (node:net:1134:18)
        at afterConnectMultiple (node:net:1715:7) {
      code: 'ECONNREFUSED',
      [errors]: [
        Error: connect ECONNREFUSED ::1:6379
            at createConnectionError (node:net:1678:14)
            at afterConnectMultiple (node:net:1708:16) {
          errno: -4078,
          code: 'ECONNREFUSED',
          syscall: 'connect',
          address: '::1',
          port: 6379
        },
        Error: connect ECONNREFUSED 127.0.0.1:6379
            at createConnectionError (node:net:1678:14)
            at afterConnectMultiple (node:net:1708:16) {
          errno: -4078,
          code: 'ECONNREFUSED',
          syscall: 'connect',
          address: '127.0.0.1',
          port: 6379
        }
      ]
    }

    [0m [90m 34 |[39m redisClient[33m.[39mon([32m'error'[39m[33m,[39m (err) [33m=>[39m {
     [90m 35 |[39m   [36mif[39m (process[33m.[39menv[33m.[39m[33mNODE_ENV[39m [33m!==[39m [32m'test'[39m) {
    [31m[1m>[22m[39m[90m 36 |[39m     console[33m.[39merror([32m'[DB] Redis Client Error'[39m[33m,[39m err)[33m;[39m
     [90m    |[39m             [31m[1m^[22m[39m
     [90m 37 |[39m   }
     [90m 38 |[39m })[33m;[39m
     [90m 39 |[39m[0m

      at Class.error (server/config/database.js:36:13)
      at RedisSocket.<anonymous> (node_modules/@redis/client/lib/client/index.ts:796:12)
      at RedisSocket.#connect (node_modules/@redis/client/lib/client/socket.ts:246:14)
      at Class.connect (node_modules/@redis/client/lib/client/index.ts:961:5)
      at connectRedis (server/config/database.js:42:5)
      at server/app.js:79:5

  console.error
    [DB] Redis Client Error AggregateError: 
        at internalConnectMultiple (node:net:1134:18)
        at afterConnectMultiple (node:net:1715:7) {
      code: 'ECONNREFUSED',
      [errors]: [
        Error: connect ECONNREFUSED ::1:6379
            at createConnectionError (node:net:1678:14)
            at afterConnectMultiple (node:net:1708:16) {
          errno: -4078,
          code: 'ECONNREFUSED',
          syscall: 'connect',
          address: '::1',
          port: 6379
        },
        Error: connect ECONNREFUSED 127.0.0.1:6379
            at createConnectionError (node:net:1678:14)
            at afterConnectMultiple (node:net:1708:16) {
          errno: -4078,
          code: 'ECONNREFUSED',
          syscall: 'connect',
          address: '127.0.0.1',
          port: 6379
        }
      ]
    }

    [0m [90m 34 |[39m redisClient[33m.[39mon([32m'error'[39m[33m,[39m (err) [33m=>[39m {
     [90m 35 |[39m   [36mif[39m (process[33m.[39menv[33m.[39m[33mNODE_ENV[39m [33m!==[39m [32m'test'[39m) {
    [31m[1m>[22m[39m[90m 36 |[39m     console[33m.[39merror([32m'[DB] Redis Client Error'[39m[33m,[39m err)[33m;[39m
     [90m    |[39m             [31m[1m^[22m[39m
     [90m 37 |[39m   }
     [90m 38 |[39m })[33m;[39m
     [90m 39 |[39m[0m

      at Class.error (server/config/database.js:36:13)
      at RedisSocket.<anonymous> (node_modules/@redis/client/lib/client/index.ts:796:12)
      at RedisSocket.#connect (node_modules/@redis/client/lib/client/socket.ts:246:14)
      at Class.connect (node_modules/@redis/client/lib/client/index.ts:961:5)
      at connectRedis (server/config/database.js:42:5)
      at server/app.js:79:5

  console.error
    [DB] Redis Client Error AggregateError: 
        at internalConnectMultiple (node:net:1134:18)
        at afterConnectMultiple (node:net:1715:7) {
      code: 'ECONNREFUSED',
      [errors]: [
        Error: connect ECONNREFUSED ::1:6379
            at createConnectionError (node:net:1678:14)
            at afterConnectMultiple (node:net:1708:16) {
          errno: -4078,
          code: 'ECONNREFUSED',
          syscall: 'connect',
          address: '::1',
          port: 6379
        },
        Error: connect ECONNREFUSED 127.0.0.1:6379
            at createConnectionError (node:net:1678:14)
            at afterConnectMultiple (node:net:1708:16) {
          errno: -4078,
          code: 'ECONNREFUSED',
          syscall: 'connect',
          address: '127.0.0.1',
          port: 6379
        }
      ]
    }

    [0m [90m 34 |[39m redisClient[33m.[39mon([32m'error'[39m[33m,[39m (err) [33m=>[39m {
     [90m 35 |[39m   [36mif[39m (process[33m.[39menv[33m.[39m[33mNODE_ENV[39m [33m!==[39m [32m'test'[39m) {
    [31m[1m>[22m[39m[90m 36 |[39m     console[33m.[39merror([32m'[DB] Redis Client Error'[39m[33m,[39m err)[33m;[39m
     [90m    |[39m             [31m[1m^[22m[39m
     [90m 37 |[39m   }
     [90m 38 |[39m })[33m;[39m
     [90m 39 |[39m[0m

      at Class.error (server/config/database.js:36:13)
      at RedisSocket.<anonymous> (node_modules/@redis/client/lib/client/index.ts:796:12)
      at RedisSocket.#connect (node_modules/@redis/client/lib/client/socket.ts:246:14)
      at Class.connect (node_modules/@redis/client/lib/client/index.ts:961:5)
      at connectRedis (server/config/database.js:42:5)
      at server/app.js:79:5

  console.error
    [DB] Redis Client Error AggregateError: 
        at internalConnectMultiple (node:net:1134:18)
        at afterConnectMultiple (node:net:1715:7) {
      code: 'ECONNREFUSED',
      [errors]: [
        Error: connect ECONNREFUSED ::1:6379
            at createConnectionError (node:net:1678:14)
            at afterConnectMultiple (node:net:1708:16) {
          errno: -4078,
          code: 'ECONNREFUSED',
          syscall: 'connect',
          address: '::1',
          port: 6379
        },
        Error: connect ECONNREFUSED 127.0.0.1:6379
            at createConnectionError (node:net:1678:14)
            at afterConnectMultiple (node:net:1708:16) {
          errno: -4078,
          code: 'ECONNREFUSED',
          syscall: 'connect',
          address: '127.0.0.1',
          port: 6379
        }
      ]
    }

    [0m [90m 34 |[39m redisClient[33m.[39mon([32m'error'[39m[33m,[39m (err) [33m=>[39m {
     [90m 35 |[39m   [36mif[39m (process[33m.[39menv[33m.[39m[33mNODE_ENV[39m [33m!==[39m [32m'test'[39m) {
    [31m[1m>[22m[39m[90m 36 |[39m     console[33m.[39merror([32m'[DB] Redis Client Error'[39m[33m,[39m err)[33m;[39m
     [90m    |[39m             [31m[1m^[22m[39m
     [90m 37 |[39m   }
     [90m 38 |[39m })[33m;[39m
     [90m 39 |[39m[0m

      at Class.error (server/config/database.js:36:13)
      at RedisSocket.<anonymous> (node_modules/@redis/client/lib/client/index.ts:796:12)
      at RedisSocket.#connect (node_modules/@redis/client/lib/client/socket.ts:246:14)
      at Class.connect (node_modules/@redis/client/lib/client/index.ts:961:5)
      at connectRedis (server/config/database.js:42:5)
      at server/app.js:79:5

  console.error
    [DB] Redis Client Error AggregateError: 
        at internalConnectMultiple (node:net:1134:18)
        at afterConnectMultiple (node:net:1715:7) {
      code: 'ECONNREFUSED',
      [errors]: [
        Error: connect ECONNREFUSED ::1:6379
            at createConnectionError (node:net:1678:14)
            at afterConnectMultiple (node:net:1708:16) {
          errno: -4078,
          code: 'ECONNREFUSED',
          syscall: 'connect',
          address: '::1',
          port: 6379
        },
        Error: connect ECONNREFUSED 127.0.0.1:6379
            at createConnectionError (node:net:1678:14)
            at afterConnectMultiple (node:net:1708:16) {
          errno: -4078,
          code: 'ECONNREFUSED',
          syscall: 'connect',
          address: '127.0.0.1',
          port: 6379
        }
      ]
    }

    [0m [90m 34 |[39m redisClient[33m.[39mon([32m'error'[39m[33m,[39m (err) [33m=>[39m {
     [90m 35 |[39m   [36mif[39m (process[33m.[39menv[33m.[39m[33mNODE_ENV[39m [33m!==[39m [32m'test'[39m) {
    [31m[1m>[22m[39m[90m 36 |[39m     console[33m.[39merror([32m'[DB] Redis Client Error'[39m[33m,[39m err)[33m;[39m
     [90m    |[39m             [31m[1m^[22m[39m
     [90m 37 |[39m   }
     [90m 38 |[39m })[33m;[39m
     [90m 39 |[39m[0m

      at Class.error (server/config/database.js:36:13)
      at RedisSocket.<anonymous> (node_modules/@redis/client/lib/client/index.ts:796:12)
      at RedisSocket.#connect (node_modules/@redis/client/lib/client/socket.ts:246:14)
      at Class.connect (node_modules/@redis/client/lib/client/index.ts:961:5)
      at connectRedis (server/config/database.js:42:5)
      at server/app.js:79:5

  console.error
    [DB] Redis Client Error AggregateError: 
        at internalConnectMultiple (node:net:1134:18)
        at afterConnectMultiple (node:net:1715:7) {
      code: 'ECONNREFUSED',
      [errors]: [
        Error: connect ECONNREFUSED ::1:6379
            at createConnectionError (node:net:1678:14)
            at afterConnectMultiple (node:net:1708:16) {
          errno: -4078,
          code: 'ECONNREFUSED',
          syscall: 'connect',
          address: '::1',
          port: 6379
        },
        Error: connect ECONNREFUSED 127.0.0.1:6379
            at createConnectionError (node:net:1678:14)
            at afterConnectMultiple (node:net:1708:16) {
          errno: -4078,
          code: 'ECONNREFUSED',
          syscall: 'connect',
          address: '127.0.0.1',
          port: 6379
        }
      ]
    }

    [0m [90m 34 |[39m redisClient[33m.[39mon([32m'error'[39m[33m,[39m (err) [33m=>[39m {
     [90m 35 |[39m   [36mif[39m (process[33m.[39menv[33m.[39m[33mNODE_ENV[39m [33m!==[39m [32m'test'[39m) {
    [31m[1m>[22m[39m[90m 36 |[39m     console[33m.[39merror([32m'[DB] Redis Client Error'[39m[33m,[39m err)[33m;[39m
     [90m    |[39m             [31m[1m^[22m[39m
     [90m 37 |[39m   }
     [90m 38 |[39m })[33m;[39m
     [90m 39 |[39m[0m

      at Class.error (server/config/database.js:36:13)
      at RedisSocket.<anonymous> (node_modules/@redis/client/lib/client/index.ts:796:12)
      at RedisSocket.#connect (node_modules/@redis/client/lib/client/socket.ts:246:14)
      at Class.connect (node_modules/@redis/client/lib/client/index.ts:961:5)
      at connectRedis (server/config/database.js:42:5)
      at server/app.js:79:5

  console.error
    [DB] Redis Client Error AggregateError: 
        at internalConnectMultiple (node:net:1134:18)
        at afterConnectMultiple (node:net:1715:7) {
      code: 'ECONNREFUSED',
      [errors]: [
        Error: connect ECONNREFUSED ::1:6379
            at createConnectionError (node:net:1678:14)
            at afterConnectMultiple (node:net:1708:16) {
          errno: -4078,
          code: 'ECONNREFUSED',
          syscall: 'connect',
          address: '::1',
          port: 6379
        },
        Error: connect ECONNREFUSED 127.0.0.1:6379
            at createConnectionError (node:net:1678:14)
            at afterConnectMultiple (node:net:1708:16) {
          errno: -4078,
          code: 'ECONNREFUSED',
          syscall: 'connect',
          address: '127.0.0.1',
          port: 6379
        }
      ]
    }

    [0m [90m 34 |[39m redisClient[33m.[39mon([32m'error'[39m[33m,[39m (err) [33m=>[39m {
     [90m 35 |[39m   [36mif[39m (process[33m.[39menv[33m.[39m[33mNODE_ENV[39m [33m!==[39m [32m'test'[39m) {
    [31m[1m>[22m[39m[90m 36 |[39m     console[33m.[39merror([32m'[DB] Redis Client Error'[39m[33m,[39m err)[33m;[39m
     [90m    |[39m             [31m[1m^[22m[39m
     [90m 37 |[39m   }
     [90m 38 |[39m })[33m;[39m
     [90m 39 |[39m[0m

      at Class.error (server/config/database.js:36:13)
      at RedisSocket.<anonymous> (node_modules/@redis/client/lib/client/index.ts:796:12)
      at RedisSocket.#connect (node_modules/@redis/client/lib/client/socket.ts:246:14)
      at Class.connect (node_modules/@redis/client/lib/client/index.ts:961:5)
      at connectRedis (server/config/database.js:42:5)
      at server/app.js:79:5

  console.error
    [DB] Redis Client Error AggregateError: 
        at internalConnectMultiple (node:net:1134:18)
        at afterConnectMultiple (node:net:1715:7) {
      code: 'ECONNREFUSED',
      [errors]: [
        Error: connect ECONNREFUSED ::1:6379
            at createConnectionError (node:net:1678:14)
            at afterConnectMultiple (node:net:1708:16) {
          errno: -4078,
          code: 'ECONNREFUSED',
          syscall: 'connect',
          address: '::1',
          port: 6379
        },
        Error: connect ECONNREFUSED 127.0.0.1:6379
            at createConnectionError (node:net:1678:14)
            at afterConnectMultiple (node:net:1708:16) {
          errno: -4078,
          code: 'ECONNREFUSED',
          syscall: 'connect',
          address: '127.0.0.1',
          port: 6379
        }
      ]
    }

    [0m [90m 34 |[39m redisClient[33m.[39mon([32m'error'[39m[33m,[39m (err) [33m=>[39m {
     [90m 35 |[39m   [36mif[39m (process[33m.[39menv[33m.[39m[33mNODE_ENV[39m [33m!==[39m [32m'test'[39m) {
    [31m[1m>[22m[39m[90m 36 |[39m     console[33m.[39merror([32m'[DB] Redis Client Error'[39m[33m,[39m err)[33m;[39m
     [90m    |[39m             [31m[1m^[22m[39m
     [90m 37 |[39m   }
     [90m 38 |[39m })[33m;[39m
     [90m 39 |[39m[0m

      at Class.error (server/config/database.js:36:13)
      at RedisSocket.<anonymous> (node_modules/@redis/client/lib/client/index.ts:796:12)
      at RedisSocket.#connect (node_modules/@redis/client/lib/client/socket.ts:246:14)
      at Class.connect (node_modules/@redis/client/lib/client/index.ts:961:5)
      at connectRedis (server/config/database.js:42:5)
      at server/app.js:79:5

  console.error
    [DB] Redis Client Error AggregateError: 
        at internalConnectMultiple (node:net:1134:18)
        at afterConnectMultiple (node:net:1715:7) {
      code: 'ECONNREFUSED',
      [errors]: [
        Error: connect ECONNREFUSED ::1:6379
            at createConnectionError (node:net:1678:14)
            at afterConnectMultiple (node:net:1708:16) {
          errno: -4078,
          code: 'ECONNREFUSED',
          syscall: 'connect',
          address: '::1',
          port: 6379
        },
        Error: connect ECONNREFUSED 127.0.0.1:6379
            at createConnectionError (node:net:1678:14)
            at afterConnectMultiple (node:net:1708:16) {
          errno: -4078,
          code: 'ECONNREFUSED',
          syscall: 'connect',
          address: '127.0.0.1',
          port: 6379
        }
      ]
    }

    [0m [90m 34 |[39m redisClient[33m.[39mon([32m'error'[39m[33m,[39m (err) [33m=>[39m {
     [90m 35 |[39m   [36mif[39m (process[33m.[39menv[33m.[39m[33mNODE_ENV[39m [33m!==[39m [32m'test'[39m) {
    [31m[1m>[22m[39m[90m 36 |[39m     console[33m.[39merror([32m'[DB] Redis Client Error'[39m[33m,[39m err)[33m;[39m
     [90m    |[39m             [31m[1m^[22m[39m
     [90m 37 |[39m   }
     [90m 38 |[39m })[33m;[39m
     [90m 39 |[39m[0m

      at Class.error (server/config/database.js:36:13)
      at RedisSocket.<anonymous> (node_modules/@redis/client/lib/client/index.ts:796:12)
      at RedisSocket.#connect (node_modules/@redis/client/lib/client/socket.ts:246:14)
      at Class.connect (node_modules/@redis/client/lib/client/index.ts:961:5)
      at connectRedis (server/config/database.js:42:5)
      at server/app.js:79:5

  console.error
    [DB] Redis Client Error AggregateError: 
        at internalConnectMultiple (node:net:1134:18)
        at afterConnectMultiple (node:net:1715:7) {
      code: 'ECONNREFUSED',
      [errors]: [
        Error: connect ECONNREFUSED ::1:6379
            at createConnectionError (node:net:1678:14)
            at afterConnectMultiple (node:net:1708:16) {
          errno: -4078,
          code: 'ECONNREFUSED',
          syscall: 'connect',
          address: '::1',
          port: 6379
        },
        Error: connect ECONNREFUSED 127.0.0.1:6379
            at createConnectionError (node:net:1678:14)
            at afterConnectMultiple (node:net:1708:16) {
          errno: -4078,
          code: 'ECONNREFUSED',
          syscall: 'connect',
          address: '127.0.0.1',
          port: 6379
        }
      ]
    }

    [0m [90m 34 |[39m redisClient[33m.[39mon([32m'error'[39m[33m,[39m (err) [33m=>[39m {
     [90m 35 |[39m   [36mif[39m (process[33m.[39menv[33m.[39m[33mNODE_ENV[39m [33m!==[39m [32m'test'[39m) {
    [31m[1m>[22m[39m[90m 36 |[39m     console[33m.[39merror([32m'[DB] Redis Client Error'[39m[33m,[39m err)[33m;[39m
     [90m    |[39m             [31m[1m^[22m[39m
     [90m 37 |[39m   }
     [90m 38 |[39m })[33m;[39m
     [90m 39 |[39m[0m

      at Class.error (server/config/database.js:36:13)
      at RedisSocket.<anonymous> (node_modules/@redis/client/lib/client/index.ts:796:12)
      at RedisSocket.#connect (node_modules/@redis/client/lib/client/socket.ts:246:14)
      at Class.connect (node_modules/@redis/client/lib/client/index.ts:961:5)
      at connectRedis (server/config/database.js:42:5)
      at server/app.js:79:5

  console.error
    [DB] Redis Client Error AggregateError: 
        at internalConnectMultiple (node:net:1134:18)
        at afterConnectMultiple (node:net:1715:7) {
      code: 'ECONNREFUSED',
      [errors]: [
        Error: connect ECONNREFUSED ::1:6379
            at createConnectionError (node:net:1678:14)
            at afterConnectMultiple (node:net:1708:16) {
          errno: -4078,
          code: 'ECONNREFUSED',
          syscall: 'connect',
          address: '::1',
          port: 6379
        },
        Error: connect ECONNREFUSED 127.0.0.1:6379
            at createConnectionError (node:net:1678:14)
            at afterConnectMultiple (node:net:1708:16) {
          errno: -4078,
          code: 'ECONNREFUSED',
          syscall: 'connect',
          address: '127.0.0.1',
          port: 6379
        }
      ]
    }

    [0m [90m 34 |[39m redisClient[33m.[39mon([32m'error'[39m[33m,[39m (err) [33m=>[39m {
     [90m 35 |[39m   [36mif[39m (process[33m.[39menv[33m.[39m[33mNODE_ENV[39m [33m!==[39m [32m'test'[39m) {
    [31m[1m>[22m[39m[90m 36 |[39m     console[33m.[39merror([32m'[DB] Redis Client Error'[39m[33m,[39m err)[33m;[39m
     [90m    |[39m             [31m[1m^[22m[39m
     [90m 37 |[39m   }
     [90m 38 |[39m })[33m;[39m
     [90m 39 |[39m[0m

      at Class.error (server/config/database.js:36:13)
      at RedisSocket.<anonymous> (node_modules/@redis/client/lib/client/index.ts:796:12)
      at RedisSocket.#connect (node_modules/@redis/client/lib/client/socket.ts:246:14)
      at Class.connect (node_modules/@redis/client/lib/client/index.ts:961:5)
      at connectRedis (server/config/database.js:42:5)
      at server/app.js:79:5

  console.error
    [DB] Redis Client Error AggregateError: 
        at internalConnectMultiple (node:net:1134:18)
        at afterConnectMultiple (node:net:1715:7) {
      code: 'ECONNREFUSED',
      [errors]: [
        Error: connect ECONNREFUSED ::1:6379
            at createConnectionError (node:net:1678:14)
            at afterConnectMultiple (node:net:1708:16) {
          errno: -4078,
          code: 'ECONNREFUSED',
          syscall: 'connect',
          address: '::1',
          port: 6379
        },
        Error: connect ECONNREFUSED 127.0.0.1:6379
            at createConnectionError (node:net:1678:14)
            at afterConnectMultiple (node:net:1708:16) {
          errno: -4078,
          code: 'ECONNREFUSED',
          syscall: 'connect',
          address: '127.0.0.1',
          port: 6379
        }
      ]
    }

    [0m [90m 34 |[39m redisClient[33m.[39mon([32m'error'[39m[33m,[39m (err) [33m=>[39m {
     [90m 35 |[39m   [36mif[39m (process[33m.[39menv[33m.[39m[33mNODE_ENV[39m [33m!==[39m [32m'test'[39m) {
    [31m[1m>[22m[39m[90m 36 |[39m     console[33m.[39merror([32m'[DB] Redis Client Error'[39m[33m,[39m err)[33m;[39m
     [90m    |[39m             [31m[1m^[22m[39m
     [90m 37 |[39m   }
     [90m 38 |[39m })[33m;[39m
     [90m 39 |[39m[0m

      at Class.error (server/config/database.js:36:13)
      at RedisSocket.<anonymous> (node_modules/@redis/client/lib/client/index.ts:796:12)
      at RedisSocket.#connect (node_modules/@redis/client/lib/client/socket.ts:246:14)
      at Class.connect (node_modules/@redis/client/lib/client/index.ts:961:5)
      at connectRedis (server/config/database.js:42:5)
      at server/app.js:79:5

  console.error
    [DB] Redis Client Error AggregateError: 
        at internalConnectMultiple (node:net:1134:18)
        at afterConnectMultiple (node:net:1715:7) {
      code: 'ECONNREFUSED',
      [errors]: [
        Error: connect ECONNREFUSED ::1:6379
            at createConnectionError (node:net:1678:14)
            at afterConnectMultiple (node:net:1708:16) {
          errno: -4078,
          code: 'ECONNREFUSED',
          syscall: 'connect',
          address: '::1',
          port: 6379
        },
        Error: connect ECONNREFUSED 127.0.0.1:6379
            at createConnectionError (node:net:1678:14)
            at afterConnectMultiple (node:net:1708:16) {
          errno: -4078,
          code: 'ECONNREFUSED',
          syscall: 'connect',
          address: '127.0.0.1',
          port: 6379
        }
      ]
    }

    [0m [90m 34 |[39m redisClient[33m.[39mon([32m'error'[39m[33m,[39m (err) [33m=>[39m {
     [90m 35 |[39m   [36mif[39m (process[33m.[39menv[33m.[39m[33mNODE_ENV[39m [33m!==[39m [32m'test'[39m) {
    [31m[1m>[22m[39m[90m 36 |[39m     console[33m.[39merror([32m'[DB] Redis Client Error'[39m[33m,[39m err)[33m;[39m
     [90m    |[39m             [31m[1m^[22m[39m
     [90m 37 |[39m   }
     [90m 38 |[39m })[33m;[39m
     [90m 39 |[39m[0m

      at Class.error (server/config/database.js:36:13)
      at RedisSocket.<anonymous> (node_modules/@redis/client/lib/client/index.ts:796:12)
      at RedisSocket.#connect (node_modules/@redis/client/lib/client/socket.ts:246:14)
      at Class.connect (node_modules/@redis/client/lib/client/index.ts:961:5)
      at connectRedis (server/config/database.js:42:5)
      at server/app.js:79:5

  console.error
    [DB] Redis Client Error AggregateError: 
        at internalConnectMultiple (node:net:1134:18)
        at afterConnectMultiple (node:net:1715:7) {
      code: 'ECONNREFUSED',
      [errors]: [
        Error: connect ECONNREFUSED ::1:6379
            at createConnectionError (node:net:1678:14)
            at afterConnectMultiple (node:net:1708:16) {
          errno: -4078,
          code: 'ECONNREFUSED',
          syscall: 'connect',
          address: '::1',
          port: 6379
        },
        Error: connect ECONNREFUSED 127.0.0.1:6379
            at createConnectionError (node:net:1678:14)
            at afterConnectMultiple (node:net:1708:16) {
          errno: -4078,
          code: 'ECONNREFUSED',
          syscall: 'connect',
          address: '127.0.0.1',
          port: 6379
        }
      ]
    }

    [0m [90m 34 |[39m redisClient[33m.[39mon([32m'error'[39m[33m,[39m (err) [33m=>[39m {
     [90m 35 |[39m   [36mif[39m (process[33m.[39menv[33m.[39m[33mNODE_ENV[39m [33m!==[39m [32m'test'[39m) {
    [31m[1m>[22m[39m[90m 36 |[39m     console[33m.[39merror([32m'[DB] Redis Client Error'[39m[33m,[39m err)[33m;[39m
     [90m    |[39m             [31m[1m^[22m[39m
     [90m 37 |[39m   }
     [90m 38 |[39m })[33m;[39m
     [90m 39 |[39m[0m

      at Class.error (server/config/database.js:36:13)
      at RedisSocket.<anonymous> (node_modules/@redis/client/lib/client/index.ts:796:12)
      at RedisSocket.#connect (node_modules/@redis/client/lib/client/socket.ts:246:14)
      at Class.connect (node_modules/@redis/client/lib/client/index.ts:961:5)
      at connectRedis (server/config/database.js:42:5)
      at server/app.js:79:5

  console.error
    [DB] Redis Client Error AggregateError: 
        at internalConnectMultiple (node:net:1134:18)
        at afterConnectMultiple (node:net:1715:7) {
      code: 'ECONNREFUSED',
      [errors]: [
        Error: connect ECONNREFUSED ::1:6379
            at createConnectionError (node:net:1678:14)
            at afterConnectMultiple (node:net:1708:16) {
          errno: -4078,
          code: 'ECONNREFUSED',
          syscall: 'connect',
          address: '::1',
          port: 6379
        },
        Error: connect ECONNREFUSED 127.0.0.1:6379
            at createConnectionError (node:net:1678:14)
            at afterConnectMultiple (node:net:1708:16) {
          errno: -4078,
          code: 'ECONNREFUSED',
          syscall: 'connect',
          address: '127.0.0.1',
          port: 6379
        }
      ]
    }

    [0m [90m 34 |[39m redisClient[33m.[39mon([32m'error'[39m[33m,[39m (err) [33m=>[39m {
     [90m 35 |[39m   [36mif[39m (process[33m.[39menv[33m.[39m[33mNODE_ENV[39m [33m!==[39m [32m'test'[39m) {
    [31m[1m>[22m[39m[90m 36 |[39m     console[33m.[39merror([32m'[DB] Redis Client Error'[39m[33m,[39m err)[33m;[39m
     [90m    |[39m             [31m[1m^[22m[39m
     [90m 37 |[39m   }
     [90m 38 |[39m })[33m;[39m
     [90m 39 |[39m[0m

      at Class.error (server/config/database.js:36:13)
      at RedisSocket.<anonymous> (node_modules/@redis/client/lib/client/index.ts:796:12)
      at RedisSocket.#connect (node_modules/@redis/client/lib/client/socket.ts:246:14)
      at Class.connect (node_modules/@redis/client/lib/client/index.ts:961:5)
      at connectRedis (server/config/database.js:42:5)
      at server/app.js:79:5

  console.error
    [DB] Redis Client Error AggregateError: 
        at internalConnectMultiple (node:net:1134:18)
        at afterConnectMultiple (node:net:1715:7) {
      code: 'ECONNREFUSED',
      [errors]: [
        Error: connect ECONNREFUSED ::1:6379
            at createConnectionError (node:net:1678:14)
            at afterConnectMultiple (node:net:1708:16) {
          errno: -4078,
          code: 'ECONNREFUSED',
          syscall: 'connect',
          address: '::1',
          port: 6379
        },
        Error: connect ECONNREFUSED 127.0.0.1:6379
            at createConnectionError (node:net:1678:14)
            at afterConnectMultiple (node:net:1708:16) {
          errno: -4078,
          code: 'ECONNREFUSED',
          syscall: 'connect',
          address: '127.0.0.1',
          port: 6379
        }
      ]
    }

    [0m [90m 34 |[39m redisClient[33m.[39mon([32m'error'[39m[33m,[39m (err) [33m=>[39m {
     [90m 35 |[39m   [36mif[39m (process[33m.[39menv[33m.[39m[33mNODE_ENV[39m [33m!==[39m [32m'test'[39m) {
    [31m[1m>[22m[39m[90m 36 |[39m     console[33m.[39merror([32m'[DB] Redis Client Error'[39m[33m,[39m err)[33m;[39m
     [90m    |[39m             [31m[1m^[22m[39m
     [90m 37 |[39m   }
     [90m 38 |[39m })[33m;[39m
     [90m 39 |[39m[0m

      at Class.error (server/config/database.js:36:13)
      at RedisSocket.<anonymous> (node_modules/@redis/client/lib/client/index.ts:796:12)
      at RedisSocket.#connect (node_modules/@redis/client/lib/client/socket.ts:246:14)
      at Class.connect (node_modules/@redis/client/lib/client/index.ts:961:5)
      at connectRedis (server/config/database.js:42:5)
      at server/app.js:79:5

  console.error
    [DB] Redis Client Error AggregateError: 
        at internalConnectMultiple (node:net:1134:18)
        at afterConnectMultiple (node:net:1715:7) {
      code: 'ECONNREFUSED',
      [errors]: [
        Error: connect ECONNREFUSED ::1:6379
            at createConnectionError (node:net:1678:14)
            at afterConnectMultiple (node:net:1708:16) {
          errno: -4078,
          code: 'ECONNREFUSED',
          syscall: 'connect',
          address: '::1',
          port: 6379
        },
        Error: connect ECONNREFUSED 127.0.0.1:6379
            at createConnectionError (node:net:1678:14)
            at afterConnectMultiple (node:net:1708:16) {
          errno: -4078,
          code: 'ECONNREFUSED',
          syscall: 'connect',
          address: '127.0.0.1',
          port: 6379
        }
      ]
    }

    [0m [90m 34 |[39m redisClient[33m.[39mon([32m'error'[39m[33m,[39m (err) [33m=>[39m {
     [90m 35 |[39m   [36mif[39m (process[33m.[39menv[33m.[39m[33mNODE_ENV[39m [33m!==[39m [32m'test'[39m) {
    [31m[1m>[22m[39m[90m 36 |[39m     console[33m.[39merror([32m'[DB] Redis Client Error'[39m[33m,[39m err)[33m;[39m
     [90m    |[39m             [31m[1m^[22m[39m
     [90m 37 |[39m   }
     [90m 38 |[39m })[33m;[39m
     [90m 39 |[39m[0m

      at Class.error (server/config/database.js:36:13)
      at RedisSocket.<anonymous> (node_modules/@redis/client/lib/client/index.ts:796:12)
      at RedisSocket.#connect (node_modules/@redis/client/lib/client/socket.ts:246:14)
      at Class.connect (node_modules/@redis/client/lib/client/index.ts:961:5)
      at connectRedis (server/config/database.js:42:5)
      at server/app.js:79:5

  console.error
    [DB] Redis Client Error AggregateError: 
        at internalConnectMultiple (node:net:1134:18)
        at afterConnectMultiple (node:net:1715:7) {
      code: 'ECONNREFUSED',
      [errors]: [
        Error: connect ECONNREFUSED ::1:6379
            at createConnectionError (node:net:1678:14)
            at afterConnectMultiple (node:net:1708:16) {
          errno: -4078,
          code: 'ECONNREFUSED',
          syscall: 'connect',
          address: '::1',
          port: 6379
        },
        Error: connect ECONNREFUSED 127.0.0.1:6379
            at createConnectionError (node:net:1678:14)
            at afterConnectMultiple (node:net:1708:16) {
          errno: -4078,
          code: 'ECONNREFUSED',
          syscall: 'connect',
          address: '127.0.0.1',
          port: 6379
        }
      ]
    }

    [0m [90m 34 |[39m redisClient[33m.[39mon([32m'error'[39m[33m,[39m (err) [33m=>[39m {
     [90m 35 |[39m   [36mif[39m (process[33m.[39menv[33m.[39m[33mNODE_ENV[39m [33m!==[39m [32m'test'[39m) {
    [31m[1m>[22m[39m[90m 36 |[39m     console[33m.[39merror([32m'[DB] Redis Client Error'[39m[33m,[39m err)[33m;[39m
     [90m    |[39m             [31m[1m^[22m[39m
     [90m 37 |[39m   }
     [90m 38 |[39m })[33m;[39m
     [90m 39 |[39m[0m

      at Class.error (server/config/database.js:36:13)
      at RedisSocket.<anonymous> (node_modules/@redis/client/lib/client/index.ts:796:12)
      at RedisSocket.#connect (node_modules/@redis/client/lib/client/socket.ts:246:14)
      at Class.connect (node_modules/@redis/client/lib/client/index.ts:961:5)
      at connectRedis (server/config/database.js:42:5)
      at server/app.js:79:5

  console.error
    [DB] Redis Client Error AggregateError: 
        at internalConnectMultiple (node:net:1134:18)
        at afterConnectMultiple (node:net:1715:7) {
      code: 'ECONNREFUSED',
      [errors]: [
        Error: connect ECONNREFUSED ::1:6379
            at createConnectionError (node:net:1678:14)
            at afterConnectMultiple (node:net:1708:16) {
          errno: -4078,
          code: 'ECONNREFUSED',
          syscall: 'connect',
          address: '::1',
          port: 6379
        },
        Error: connect ECONNREFUSED 127.0.0.1:6379
            at createConnectionError (node:net:1678:14)
            at afterConnectMultiple (node:net:1708:16) {
          errno: -4078,
          code: 'ECONNREFUSED',
          syscall: 'connect',
          address: '127.0.0.1',
          port: 6379
        }
      ]
    }

    [0m [90m 34 |[39m redisClient[33m.[39mon([32m'error'[39m[33m,[39m (err) [33m=>[39m {
     [90m 35 |[39m   [36mif[39m (process[33m.[39menv[33m.[39m[33mNODE_ENV[39m [33m!==[39m [32m'test'[39m) {
    [31m[1m>[22m[39m[90m 36 |[39m     console[33m.[39merror([32m'[DB] Redis Client Error'[39m[33m,[39m err)[33m;[39m
     [90m    |[39m             [31m[1m^[22m[39m
     [90m 37 |[39m   }
     [90m 38 |[39m })[33m;[39m
     [90m 39 |[39m[0m

      at Class.error (server/config/database.js:36:13)
      at RedisSocket.<anonymous> (node_modules/@redis/client/lib/client/index.ts:796:12)
      at RedisSocket.#connect (node_modules/@redis/client/lib/client/socket.ts:246:14)
      at Class.connect (node_modules/@redis/client/lib/client/index.ts:961:5)
      at connectRedis (server/config/database.js:42:5)
      at server/app.js:79:5

  console.error
    [DB] Redis Client Error AggregateError: 
        at internalConnectMultiple (node:net:1134:18)
        at afterConnectMultiple (node:net:1715:7) {
      code: 'ECONNREFUSED',
      [errors]: [
        Error: connect ECONNREFUSED ::1:6379
            at createConnectionError (node:net:1678:14)
            at afterConnectMultiple (node:net:1708:16) {
          errno: -4078,
          code: 'ECONNREFUSED',
          syscall: 'connect',
          address: '::1',
          port: 6379
        },
        Error: connect ECONNREFUSED 127.0.0.1:6379
            at createConnectionError (node:net:1678:14)
            at afterConnectMultiple (node:net:1708:16) {
          errno: -4078,
          code: 'ECONNREFUSED',
          syscall: 'connect',
          address: '127.0.0.1',
          port: 6379
        }
      ]
    }

    [0m [90m 34 |[39m redisClient[33m.[39mon([32m'error'[39m[33m,[39m (err) [33m=>[39m {
     [90m 35 |[39m   [36mif[39m (process[33m.[39menv[33m.[39m[33mNODE_ENV[39m [33m!==[39m [32m'test'[39m) {
    [31m[1m>[22m[39m[90m 36 |[39m     console[33m.[39merror([32m'[DB] Redis Client Error'[39m[33m,[39m err)[33m;[39m
     [90m    |[39m             [31m[1m^[22m[39m
     [90m 37 |[39m   }
     [90m 38 |[39m })[33m;[39m
     [90m 39 |[39m[0m

      at Class.error (server/config/database.js:36:13)
      at RedisSocket.<anonymous> (node_modules/@redis/client/lib/client/index.ts:796:12)
      at RedisSocket.#connect (node_modules/@redis/client/lib/client/socket.ts:246:14)
      at Class.connect (node_modules/@redis/client/lib/client/index.ts:961:5)
      at connectRedis (server/config/database.js:42:5)
      at server/app.js:79:5

  console.error
    [DB] Redis Client Error AggregateError: 
        at internalConnectMultiple (node:net:1134:18)
        at afterConnectMultiple (node:net:1715:7) {
      code: 'ECONNREFUSED',
      [errors]: [
        Error: connect ECONNREFUSED ::1:6379
            at createConnectionError (node:net:1678:14)
            at afterConnectMultiple (node:net:1708:16) {
          errno: -4078,
          code: 'ECONNREFUSED',
          syscall: 'connect',
          address: '::1',
          port: 6379
        },
        Error: connect ECONNREFUSED 127.0.0.1:6379
            at createConnectionError (node:net:1678:14)
            at afterConnectMultiple (node:net:1708:16) {
          errno: -4078,
          code: 'ECONNREFUSED',
          syscall: 'connect',
          address: '127.0.0.1',
          port: 6379
        }
      ]
    }

    [0m [90m 34 |[39m redisClient[33m.[39mon([32m'error'[39m[33m,[39m (err) [33m=>[39m {
     [90m 35 |[39m   [36mif[39m (process[33m.[39menv[33m.[39m[33mNODE_ENV[39m [33m!==[39m [32m'test'[39m) {
    [31m[1m>[22m[39m[90m 36 |[39m     console[33m.[39merror([32m'[DB] Redis Client Error'[39m[33m,[39m err)[33m;[39m
     [90m    |[39m             [31m[1m^[22m[39m
     [90m 37 |[39m   }
     [90m 38 |[39m })[33m;[39m
     [90m 39 |[39m[0m

      at Class.error (server/config/database.js:36:13)
      at RedisSocket.<anonymous> (node_modules/@redis/client/lib/client/index.ts:796:12)
      at RedisSocket.#connect (node_modules/@redis/client/lib/client/socket.ts:246:14)
      at Class.connect (node_modules/@redis/client/lib/client/index.ts:961:5)
      at connectRedis (server/config/database.js:42:5)
      at server/app.js:79:5

  console.error
    [DB] Redis Client Error AggregateError: 
        at internalConnectMultiple (node:net:1134:18)
        at afterConnectMultiple (node:net:1715:7) {
      code: 'ECONNREFUSED',
      [errors]: [
        Error: connect ECONNREFUSED ::1:6379
            at createConnectionError (node:net:1678:14)
            at afterConnectMultiple (node:net:1708:16) {
          errno: -4078,
          code: 'ECONNREFUSED',
          syscall: 'connect',
          address: '::1',
          port: 6379
        },
        Error: connect ECONNREFUSED 127.0.0.1:6379
            at createConnectionError (node:net:1678:14)
            at afterConnectMultiple (node:net:1708:16) {
          errno: -4078,
          code: 'ECONNREFUSED',
          syscall: 'connect',
          address: '127.0.0.1',
          port: 6379
        }
      ]
    }

    [0m [90m 34 |[39m redisClient[33m.[39mon([32m'error'[39m[33m,[39m (err) [33m=>[39m {
     [90m 35 |[39m   [36mif[39m (process[33m.[39menv[33m.[39m[33mNODE_ENV[39m [33m!==[39m [32m'test'[39m) {
    [31m[1m>[22m[39m[90m 36 |[39m     console[33m.[39merror([32m'[DB] Redis Client Error'[39m[33m,[39m err)[33m;[39m
     [90m    |[39m             [31m[1m^[22m[39m
     [90m 37 |[39m   }
     [90m 38 |[39m })[33m;[39m
     [90m 39 |[39m[0m

      at Class.error (server/config/database.js:36:13)
      at RedisSocket.<anonymous> (node_modules/@redis/client/lib/client/index.ts:796:12)
      at RedisSocket.#connect (node_modules/@redis/client/lib/client/socket.ts:246:14)
      at Class.connect (node_modules/@redis/client/lib/client/index.ts:961:5)
      at connectRedis (server/config/database.js:42:5)
      at server/app.js:79:5

  console.error
    [DB] Redis Client Error AggregateError: 
        at internalConnectMultiple (node:net:1134:18)
        at afterConnectMultiple (node:net:1715:7) {
      code: 'ECONNREFUSED',
      [errors]: [
        Error: connect ECONNREFUSED ::1:6379
            at createConnectionError (node:net:1678:14)
            at afterConnectMultiple (node:net:1708:16) {
          errno: -4078,
          code: 'ECONNREFUSED',
          syscall: 'connect',
          address: '::1',
          port: 6379
        },
        Error: connect ECONNREFUSED 127.0.0.1:6379
            at createConnectionError (node:net:1678:14)
            at afterConnectMultiple (node:net:1708:16) {
          errno: -4078,
          code: 'ECONNREFUSED',
          syscall: 'connect',
          address: '127.0.0.1',
          port: 6379
        }
      ]
    }

    [0m [90m 34 |[39m redisClient[33m.[39mon([32m'error'[39m[33m,[39m (err) [33m=>[39m {
     [90m 35 |[39m   [36mif[39m (process[33m.[39menv[33m.[39m[33mNODE_ENV[39m [33m!==[39m [32m'test'[39m) {
    [31m[1m>[22m[39m[90m 36 |[39m     console[33m.[39merror([32m'[DB] Redis Client Error'[39m[33m,[39m err)[33m;[39m
     [90m    |[39m             [31m[1m^[22m[39m
     [90m 37 |[39m   }
     [90m 38 |[39m })[33m;[39m
     [90m 39 |[39m[0m

      at Class.error (server/config/database.js:36:13)
      at RedisSocket.<anonymous> (node_modules/@redis/client/lib/client/index.ts:796:12)
      at RedisSocket.#connect (node_modules/@redis/client/lib/client/socket.ts:246:14)
      at Class.connect (node_modules/@redis/client/lib/client/index.ts:961:5)
      at connectRedis (server/config/database.js:42:5)
      at server/app.js:79:5

  console.error
    [DB] Redis Client Error AggregateError: 
        at internalConnectMultiple (node:net:1134:18)
        at afterConnectMultiple (node:net:1715:7) {
      code: 'ECONNREFUSED',
      [errors]: [
        Error: connect ECONNREFUSED ::1:6379
            at createConnectionError (node:net:1678:14)
            at afterConnectMultiple (node:net:1708:16) {
          errno: -4078,
          code: 'ECONNREFUSED',
          syscall: 'connect',
          address: '::1',
          port: 6379
        },
        Error: connect ECONNREFUSED 127.0.0.1:6379
            at createConnectionError (node:net:1678:14)
            at afterConnectMultiple (node:net:1708:16) {
          errno: -4078,
          code: 'ECONNREFUSED',
          syscall: 'connect',
          address: '127.0.0.1',
          port: 6379
        }
      ]
    }

    [0m [90m 34 |[39m redisClient[33m.[39mon([32m'error'[39m[33m,[39m (err) [33m=>[39m {
     [90m 35 |[39m   [36mif[39m (process[33m.[39menv[33m.[39m[33mNODE_ENV[39m [33m!==[39m [32m'test'[39m) {
    [31m[1m>[22m[39m[90m 36 |[39m     console[33m.[39merror([32m'[DB] Redis Client Error'[39m[33m,[39m err)[33m;[39m
     [90m    |[39m             [31m[1m^[22m[39m
     [90m 37 |[39m   }
     [90m 38 |[39m })[33m;[39m
     [90m 39 |[39m[0m

      at Class.error (server/config/database.js:36:13)
      at RedisSocket.<anonymous> (node_modules/@redis/client/lib/client/index.ts:796:12)
      at RedisSocket.#connect (node_modules/@redis/client/lib/client/socket.ts:246:14)
      at Class.connect (node_modules/@redis/client/lib/client/index.ts:961:5)
      at connectRedis (server/config/database.js:42:5)
      at server/app.js:79:5

  console.error
    [DB] Redis Client Error AggregateError: 
        at internalConnectMultiple (node:net:1134:18)
        at afterConnectMultiple (node:net:1715:7) {
      code: 'ECONNREFUSED',
      [errors]: [
        Error: connect ECONNREFUSED ::1:6379
            at createConnectionError (node:net:1678:14)
            at afterConnectMultiple (node:net:1708:16) {
          errno: -4078,
          code: 'ECONNREFUSED',
          syscall: 'connect',
          address: '::1',
          port: 6379
        },
        Error: connect ECONNREFUSED 127.0.0.1:6379
            at createConnectionError (node:net:1678:14)
            at afterConnectMultiple (node:net:1708:16) {
          errno: -4078,
          code: 'ECONNREFUSED',
          syscall: 'connect',
          address: '127.0.0.1',
          port: 6379
        }
      ]
    }

    [0m [90m 34 |[39m redisClient[33m.[39mon([32m'error'[39m[33m,[39m (err) [33m=>[39m {
     [90m 35 |[39m   [36mif[39m (process[33m.[39menv[33m.[39m[33mNODE_ENV[39m [33m!==[39m [32m'test'[39m) {
    [31m[1m>[22m[39m[90m 36 |[39m     console[33m.[39merror([32m'[DB] Redis Client Error'[39m[33m,[39m err)[33m;[39m
     [90m    |[39m             [31m[1m^[22m[39m
     [90m 37 |[39m   }
     [90m 38 |[39m })[33m;[39m
     [90m 39 |[39m[0m

      at Class.error (server/config/database.js:36:13)
      at RedisSocket.<anonymous> (node_modules/@redis/client/lib/client/index.ts:796:12)
      at RedisSocket.#connect (node_modules/@redis/client/lib/client/socket.ts:246:14)
      at Class.connect (node_modules/@redis/client/lib/client/index.ts:961:5)
      at connectRedis (server/config/database.js:42:5)
      at server/app.js:79:5

  console.error
    [DB] Redis Client Error AggregateError: 
        at internalConnectMultiple (node:net:1134:18)
        at afterConnectMultiple (node:net:1715:7) {
      code: 'ECONNREFUSED',
      [errors]: [
        Error: connect ECONNREFUSED ::1:6379
            at createConnectionError (node:net:1678:14)
            at afterConnectMultiple (node:net:1708:16) {
          errno: -4078,
          code: 'ECONNREFUSED',
          syscall: 'connect',
          address: '::1',
          port: 6379
        },
        Error: connect ECONNREFUSED 127.0.0.1:6379
            at createConnectionError (node:net:1678:14)
            at afterConnectMultiple (node:net:1708:16) {
          errno: -4078,
          code: 'ECONNREFUSED',
          syscall: 'connect',
          address: '127.0.0.1',
          port: 6379
        }
      ]
    }

    [0m [90m 34 |[39m redisClient[33m.[39mon([32m'error'[39m[33m,[39m (err) [33m=>[39m {
     [90m 35 |[39m   [36mif[39m (process[33m.[39menv[33m.[39m[33mNODE_ENV[39m [33m!==[39m [32m'test'[39m) {
    [31m[1m>[22m[39m[90m 36 |[39m     console[33m.[39merror([32m'[DB] Redis Client Error'[39m[33m,[39m err)[33m;[39m
     [90m    |[39m             [31m[1m^[22m[39m
     [90m 37 |[39m   }
     [90m 38 |[39m })[33m;[39m
     [90m 39 |[39m[0m

      at Class.error (server/config/database.js:36:13)
      at RedisSocket.<anonymous> (node_modules/@redis/client/lib/client/index.ts:796:12)
      at RedisSocket.#connect (node_modules/@redis/client/lib/client/socket.ts:246:14)
      at Class.connect (node_modules/@redis/client/lib/client/index.ts:961:5)
      at connectRedis (server/config/database.js:42:5)
      at server/app.js:79:5

  console.error
    [DB] Redis Client Error AggregateError: 
        at internalConnectMultiple (node:net:1134:18)
        at afterConnectMultiple (node:net:1715:7) {
      code: 'ECONNREFUSED',
      [errors]: [
        Error: connect ECONNREFUSED ::1:6379
            at createConnectionError (node:net:1678:14)
            at afterConnectMultiple (node:net:1708:16) {
          errno: -4078,
          code: 'ECONNREFUSED',
          syscall: 'connect',
          address: '::1',
          port: 6379
        },
        Error: connect ECONNREFUSED 127.0.0.1:6379
            at createConnectionError (node:net:1678:14)
            at afterConnectMultiple (node:net:1708:16) {
          errno: -4078,
          code: 'ECONNREFUSED',
          syscall: 'connect',
          address: '127.0.0.1',
          port: 6379
        }
      ]
    }

    [0m [90m 34 |[39m redisClient[33m.[39mon([32m'error'[39m[33m,[39m (err) [33m=>[39m {
     [90m 35 |[39m   [36mif[39m (process[33m.[39menv[33m.[39m[33mNODE_ENV[39m [33m!==[39m [32m'test'[39m) {
    [31m[1m>[22m[39m[90m 36 |[39m     console[33m.[39merror([32m'[DB] Redis Client Error'[39m[33m,[39m err)[33m;[39m
     [90m    |[39m             [31m[1m^[22m[39m
     [90m 37 |[39m   }
     [90m 38 |[39m })[33m;[39m
     [90m 39 |[39m[0m

      at Class.error (server/config/database.js:36:13)
      at RedisSocket.<anonymous> (node_modules/@redis/client/lib/client/index.ts:796:12)
      at RedisSocket.#connect (node_modules/@redis/client/lib/client/socket.ts:246:14)
      at Class.connect (node_modules/@redis/client/lib/client/index.ts:961:5)
      at connectRedis (server/config/database.js:42:5)
      at server/app.js:79:5

  console.error
    [DB] Redis Client Error AggregateError: 
        at internalConnectMultiple (node:net:1134:18)
        at afterConnectMultiple (node:net:1715:7) {
      code: 'ECONNREFUSED',
      [errors]: [
        Error: connect ECONNREFUSED ::1:6379
            at createConnectionError (node:net:1678:14)
            at afterConnectMultiple (node:net:1708:16) {
          errno: -4078,
          code: 'ECONNREFUSED',
          syscall: 'connect',
          address: '::1',
          port: 6379
        },
        Error: connect ECONNREFUSED 127.0.0.1:6379
            at createConnectionError (node:net:1678:14)
            at afterConnectMultiple (node:net:1708:16) {
          errno: -4078,
          code: 'ECONNREFUSED',
          syscall: 'connect',
          address: '127.0.0.1',
          port: 6379
        }
      ]
    }

    [0m [90m 34 |[39m redisClient[33m.[39mon([32m'error'[39m[33m,[39m (err) [33m=>[39m {
     [90m 35 |[39m   [36mif[39m (process[33m.[39menv[33m.[39m[33mNODE_ENV[39m [33m!==[39m [32m'test'[39m) {
    [31m[1m>[22m[39m[90m 36 |[39m     console[33m.[39merror([32m'[DB] Redis Client Error'[39m[33m,[39m err)[33m;[39m
     [90m    |[39m             [31m[1m^[22m[39m
     [90m 37 |[39m   }
     [90m 38 |[39m })[33m;[39m
     [90m 39 |[39m[0m

      at Class.error (server/config/database.js:36:13)
      at RedisSocket.<anonymous> (node_modules/@redis/client/lib/client/index.ts:796:12)
      at RedisSocket.#connect (node_modules/@redis/client/lib/client/socket.ts:246:14)
      at Class.connect (node_modules/@redis/client/lib/client/index.ts:961:5)
      at connectRedis (server/config/database.js:42:5)
      at server/app.js:79:5

  console.error
    [DB] Redis Client Error AggregateError: 
        at internalConnectMultiple (node:net:1134:18)
        at afterConnectMultiple (node:net:1715:7) {
      code: 'ECONNREFUSED',
      [errors]: [
        Error: connect ECONNREFUSED ::1:6379
            at createConnectionError (node:net:1678:14)
            at afterConnectMultiple (node:net:1708:16) {
          errno: -4078,
          code: 'ECONNREFUSED',
          syscall: 'connect',
          address: '::1',
          port: 6379
        },
        Error: connect ECONNREFUSED 127.0.0.1:6379
            at createConnectionError (node:net:1678:14)
            at afterConnectMultiple (node:net:1708:16) {
          errno: -4078,
          code: 'ECONNREFUSED',
          syscall: 'connect',
          address: '127.0.0.1',
          port: 6379
        }
      ]
    }

    [0m [90m 34 |[39m redisClient[33m.[39mon([32m'error'[39m[33m,[39m (err) [33m=>[39m {
     [90m 35 |[39m   [36mif[39m (process[33m.[39menv[33m.[39m[33mNODE_ENV[39m [33m!==[39m [32m'test'[39m) {
    [31m[1m>[22m[39m[90m 36 |[39m     console[33m.[39merror([32m'[DB] Redis Client Error'[39m[33m,[39m err)[33m;[39m
     [90m    |[39m             [31m[1m^[22m[39m
     [90m 37 |[39m   }
     [90m 38 |[39m })[33m;[39m
     [90m 39 |[39m[0m

      at Class.error (server/config/database.js:36:13)
      at RedisSocket.<anonymous> (node_modules/@redis/client/lib/client/index.ts:796:12)
      at RedisSocket.#connect (node_modules/@redis/client/lib/client/socket.ts:246:14)
      at Class.connect (node_modules/@redis/client/lib/client/index.ts:961:5)
      at connectRedis (server/config/database.js:42:5)
      at server/app.js:79:5

  console.error
    [DB] Redis Client Error AggregateError: 
        at internalConnectMultiple (node:net:1134:18)
        at afterConnectMultiple (node:net:1715:7) {
      code: 'ECONNREFUSED',
      [errors]: [
        Error: connect ECONNREFUSED ::1:6379
            at createConnectionError (node:net:1678:14)
            at afterConnectMultiple (node:net:1708:16) {
          errno: -4078,
          code: 'ECONNREFUSED',
          syscall: 'connect',
          address: '::1',
          port: 6379
        },
        Error: connect ECONNREFUSED 127.0.0.1:6379
            at createConnectionError (node:net:1678:14)
            at afterConnectMultiple (node:net:1708:16) {
          errno: -4078,
          code: 'ECONNREFUSED',
          syscall: 'connect',
          address: '127.0.0.1',
          port: 6379
        }
      ]
    }

    [0m [90m 34 |[39m redisClient[33m.[39mon([32m'error'[39m[33m,[39m (err) [33m=>[39m {
     [90m 35 |[39m   [36mif[39m (process[33m.[39menv[33m.[39m[33mNODE_ENV[39m [33m!==[39m [32m'test'[39m) {
    [31m[1m>[22m[39m[90m 36 |[39m     console[33m.[39merror([32m'[DB] Redis Client Error'[39m[33m,[39m err)[33m;[39m
     [90m    |[39m             [31m[1m^[22m[39m
     [90m 37 |[39m   }
     [90m 38 |[39m })[33m;[39m
     [90m 39 |[39m[0m

      at Class.error (server/config/database.js:36:13)
      at RedisSocket.<anonymous> (node_modules/@redis/client/lib/client/index.ts:796:12)
      at RedisSocket.#connect (node_modules/@redis/client/lib/client/socket.ts:246:14)
      at Class.connect (node_modules/@redis/client/lib/client/index.ts:961:5)
      at connectRedis (server/config/database.js:42:5)
      at server/app.js:79:5

  console.error
    [DB] Redis Client Error AggregateError: 
        at internalConnectMultiple (node:net:1134:18)
        at afterConnectMultiple (node:net:1715:7) {
      code: 'ECONNREFUSED',
      [errors]: [
        Error: connect ECONNREFUSED ::1:6379
            at createConnectionError (node:net:1678:14)
            at afterConnectMultiple (node:net:1708:16) {
          errno: -4078,
          code: 'ECONNREFUSED',
          syscall: 'connect',
          address: '::1',
          port: 6379
        },
        Error: connect ECONNREFUSED 127.0.0.1:6379
            at createConnectionError (node:net:1678:14)
            at afterConnectMultiple (node:net:1708:16) {
          errno: -4078,
          code: 'ECONNREFUSED',
          syscall: 'connect',
          address: '127.0.0.1',
          port: 6379
        }
      ]
    }

    [0m [90m 34 |[39m redisClient[33m.[39mon([32m'error'[39m[33m,[39m (err) [33m=>[39m {
     [90m 35 |[39m   [36mif[39m (process[33m.[39menv[33m.[39m[33mNODE_ENV[39m [33m!==[39m [32m'test'[39m) {
    [31m[1m>[22m[39m[90m 36 |[39m     console[33m.[39merror([32m'[DB] Redis Client Error'[39m[33m,[39m err)[33m;[39m
     [90m    |[39m             [31m[1m^[22m[39m
     [90m 37 |[39m   }
     [90m 38 |[39m })[33m;[39m
     [90m 39 |[39m[0m

      at Class.error (server/config/database.js:36:13)
      at RedisSocket.<anonymous> (node_modules/@redis/client/lib/client/index.ts:796:12)
      at RedisSocket.#connect (node_modules/@redis/client/lib/client/socket.ts:246:14)
      at Class.connect (node_modules/@redis/client/lib/client/index.ts:961:5)
      at connectRedis (server/config/database.js:42:5)
      at server/app.js:79:5

  console.error
    [DB] Redis Client Error AggregateError: 
        at internalConnectMultiple (node:net:1134:18)
        at afterConnectMultiple (node:net:1715:7) {
      code: 'ECONNREFUSED',
      [errors]: [
        Error: connect ECONNREFUSED ::1:6379
            at createConnectionError (node:net:1678:14)
            at afterConnectMultiple (node:net:1708:16) {
          errno: -4078,
          code: 'ECONNREFUSED',
          syscall: 'connect',
          address: '::1',
          port: 6379
        },
        Error: connect ECONNREFUSED 127.0.0.1:6379
            at createConnectionError (node:net:1678:14)
            at afterConnectMultiple (node:net:1708:16) {
          errno: -4078,
          code: 'ECONNREFUSED',
          syscall: 'connect',
          address: '127.0.0.1',
          port: 6379
        }
      ]
    }

    [0m [90m 34 |[39m redisClient[33m.[39mon([32m'error'[39m[33m,[39m (err) [33m=>[39m {
     [90m 35 |[39m   [36mif[39m (process[33m.[39menv[33m.[39m[33mNODE_ENV[39m [33m!==[39m [32m'test'[39m) {
    [31m[1m>[22m[39m[90m 36 |[39m     console[33m.[39merror([32m'[DB] Redis Client Error'[39m[33m,[39m err)[33m;[39m
     [90m    |[39m             [31m[1m^[22m[39m
     [90m 37 |[39m   }
     [90m 38 |[39m })[33m;[39m
     [90m 39 |[39m[0m

      at Class.error (server/config/database.js:36:13)
      at RedisSocket.<anonymous> (node_modules/@redis/client/lib/client/index.ts:796:12)
      at RedisSocket.#connect (node_modules/@redis/client/lib/client/socket.ts:246:14)
      at Class.connect (node_modules/@redis/client/lib/client/index.ts:961:5)
      at connectRedis (server/config/database.js:42:5)
      at server/app.js:79:5

  console.error
    [DB] Redis Client Error AggregateError: 
        at internalConnectMultiple (node:net:1134:18)
        at afterConnectMultiple (node:net:1715:7) {
      code: 'ECONNREFUSED',
      [errors]: [
        Error: connect ECONNREFUSED ::1:6379
            at createConnectionError (node:net:1678:14)
            at afterConnectMultiple (node:net:1708:16) {
          errno: -4078,
          code: 'ECONNREFUSED',
          syscall: 'connect',
          address: '::1',
          port: 6379
        },
        Error: connect ECONNREFUSED 127.0.0.1:6379
            at createConnectionError (node:net:1678:14)
            at afterConnectMultiple (node:net:1708:16) {
          errno: -4078,
          code: 'ECONNREFUSED',
          syscall: 'connect',
          address: '127.0.0.1',
          port: 6379
        }
      ]
    }

    [0m [90m 34 |[39m redisClient[33m.[39mon([32m'error'[39m[33m,[39m (err) [33m=>[39m {
     [90m 35 |[39m   [36mif[39m (process[33m.[39menv[33m.[39m[33mNODE_ENV[39m [33m!==[39m [32m'test'[39m) {
    [31m[1m>[22m[39m[90m 36 |[39m     console[33m.[39merror([32m'[DB] Redis Client Error'[39m[33m,[39m err)[33m;[39m
     [90m    |[39m             [31m[1m^[22m[39m
     [90m 37 |[39m   }
     [90m 38 |[39m })[33m;[39m
     [90m 39 |[39m[0m

      at Class.error (server/config/database.js:36:13)
      at RedisSocket.<anonymous> (node_modules/@redis/client/lib/client/index.ts:796:12)
      at RedisSocket.#connect (node_modules/@redis/client/lib/client/socket.ts:246:14)
      at Class.connect (node_modules/@redis/client/lib/client/index.ts:961:5)
      at connectRedis (server/config/database.js:42:5)
      at server/app.js:79:5

  console.error
    [DB] Redis Client Error AggregateError: 
        at internalConnectMultiple (node:net:1134:18)
        at afterConnectMultiple (node:net:1715:7) {
      code: 'ECONNREFUSED',
      [errors]: [
        Error: connect ECONNREFUSED ::1:6379
            at createConnectionError (node:net:1678:14)
            at afterConnectMultiple (node:net:1708:16) {
          errno: -4078,
          code: 'ECONNREFUSED',
          syscall: 'connect',
          address: '::1',
          port: 6379
        },
        Error: connect ECONNREFUSED 127.0.0.1:6379
            at createConnectionError (node:net:1678:14)
            at afterConnectMultiple (node:net:1708:16) {
          errno: -4078,
          code: 'ECONNREFUSED',
          syscall: 'connect',
          address: '127.0.0.1',
          port: 6379
        }
      ]
    }

    [0m [90m 34 |[39m redisClient[33m.[39mon([32m'error'[39m[33m,[39m (err) [33m=>[39m {
     [90m 35 |[39m   [36mif[39m (process[33m.[39menv[33m.[39m[33mNODE_ENV[39m [33m!==[39m [32m'test'[39m) {
    [31m[1m>[22m[39m[90m 36 |[39m     console[33m.[39merror([32m'[DB] Redis Client Error'[39m[33m,[39m err)[33m;[39m
     [90m    |[39m             [31m[1m^[22m[39m
     [90m 37 |[39m   }
     [90m 38 |[39m })[33m;[39m
     [90m 39 |[39m[0m

      at Class.error (server/config/database.js:36:13)
      at RedisSocket.<anonymous> (node_modules/@redis/client/lib/client/index.ts:796:12)
      at RedisSocket.#connect (node_modules/@redis/client/lib/client/socket.ts:246:14)
      at Class.connect (node_modules/@redis/client/lib/client/index.ts:961:5)
      at connectRedis (server/config/database.js:42:5)
      at server/app.js:79:5

  console.error
    [DB] Redis Client Error AggregateError: 
        at internalConnectMultiple (node:net:1134:18)
        at afterConnectMultiple (node:net:1715:7) {
      code: 'ECONNREFUSED',
      [errors]: [
        Error: connect ECONNREFUSED ::1:6379
            at createConnectionError (node:net:1678:14)
            at afterConnectMultiple (node:net:1708:16) {
          errno: -4078,
          code: 'ECONNREFUSED',
          syscall: 'connect',
          address: '::1',
          port: 6379
        },
        Error: connect ECONNREFUSED 127.0.0.1:6379
            at createConnectionError (node:net:1678:14)
            at afterConnectMultiple (node:net:1708:16) {
          errno: -4078,
          code: 'ECONNREFUSED',
          syscall: 'connect',
          address: '127.0.0.1',
          port: 6379
        }
      ]
    }

    [0m [90m 34 |[39m redisClient[33m.[39mon([32m'error'[39m[33m,[39m (err) [33m=>[39m {
     [90m 35 |[39m   [36mif[39m (process[33m.[39menv[33m.[39m[33mNODE_ENV[39m [33m!==[39m [32m'test'[39m) {
    [31m[1m>[22m[39m[90m 36 |[39m     console[33m.[39merror([32m'[DB] Redis Client Error'[39m[33m,[39m err)[33m;[39m
     [90m    |[39m             [31m[1m^[22m[39m
     [90m 37 |[39m   }
     [90m 38 |[39m })[33m;[39m
     [90m 39 |[39m[0m

      at Class.error (server/config/database.js:36:13)
      at RedisSocket.<anonymous> (node_modules/@redis/client/lib/client/index.ts:796:12)
      at RedisSocket.#connect (node_modules/@redis/client/lib/client/socket.ts:246:14)
      at Class.connect (node_modules/@redis/client/lib/client/index.ts:961:5)
      at connectRedis (server/config/database.js:42:5)
      at server/app.js:79:5

  console.error
    [DB] Redis Client Error AggregateError: 
        at internalConnectMultiple (node:net:1134:18)
        at afterConnectMultiple (node:net:1715:7) {
      code: 'ECONNREFUSED',
      [errors]: [
        Error: connect ECONNREFUSED ::1:6379
            at createConnectionError (node:net:1678:14)
            at afterConnectMultiple (node:net:1708:16) {
          errno: -4078,
          code: 'ECONNREFUSED',
          syscall: 'connect',
          address: '::1',
          port: 6379
        },
        Error: connect ECONNREFUSED 127.0.0.1:6379
            at createConnectionError (node:net:1678:14)
            at afterConnectMultiple (node:net:1708:16) {
          errno: -4078,
          code: 'ECONNREFUSED',
          syscall: 'connect',
          address: '127.0.0.1',
          port: 6379
        }
      ]
    }

    [0m [90m 34 |[39m redisClient[33m.[39mon([32m'error'[39m[33m,[39m (err) [33m=>[39m {
     [90m 35 |[39m   [36mif[39m (process[33m.[39menv[33m.[39m[33mNODE_ENV[39m [33m!==[39m [32m'test'[39m) {
    [31m[1m>[22m[39m[90m 36 |[39m     console[33m.[39merror([32m'[DB] Redis Client Error'[39m[33m,[39m err)[33m;[39m
     [90m    |[39m             [31m[1m^[22m[39m
     [90m 37 |[39m   }
     [90m 38 |[39m })[33m;[39m
     [90m 39 |[39m[0m

      at Class.error (server/config/database.js:36:13)
      at RedisSocket.<anonymous> (node_modules/@redis/client/lib/client/index.ts:796:12)
      at RedisSocket.#connect (node_modules/@redis/client/lib/client/socket.ts:246:14)
      at Class.connect (node_modules/@redis/client/lib/client/index.ts:961:5)
      at connectRedis (server/config/database.js:42:5)
      at server/app.js:79:5

  console.error
    [DB] Redis Client Error AggregateError: 
        at internalConnectMultiple (node:net:1134:18)
        at afterConnectMultiple (node:net:1715:7) {
      code: 'ECONNREFUSED',
      [errors]: [
        Error: connect ECONNREFUSED ::1:6379
            at createConnectionError (node:net:1678:14)
            at afterConnectMultiple (node:net:1708:16) {
          errno: -4078,
          code: 'ECONNREFUSED',
          syscall: 'connect',
          address: '::1',
          port: 6379
        },
        Error: connect ECONNREFUSED 127.0.0.1:6379
            at createConnectionError (node:net:1678:14)
            at afterConnectMultiple (node:net:1708:16) {
          errno: -4078,
          code: 'ECONNREFUSED',
          syscall: 'connect',
          address: '127.0.0.1',
          port: 6379
        }
      ]
    }

    [0m [90m 34 |[39m redisClient[33m.[39mon([32m'error'[39m[33m,[39m (err) [33m=>[39m {
     [90m 35 |[39m   [36mif[39m (process[33m.[39menv[33m.[39m[33mNODE_ENV[39m [33m!==[39m [32m'test'[39m) {
    [31m[1m>[22m[39m[90m 36 |[39m     console[33m.[39merror([32m'[DB] Redis Client Error'[39m[33m,[39m err)[33m;[39m
     [90m    |[39m             [31m[1m^[22m[39m
     [90m 37 |[39m   }
     [90m 38 |[39m })[33m;[39m
     [90m 39 |[39m[0m

      at Class.error (server/config/database.js:36:13)
      at RedisSocket.<anonymous> (node_modules/@redis/client/lib/client/index.ts:796:12)
      at RedisSocket.#connect (node_modules/@redis/client/lib/client/socket.ts:246:14)
      at Class.connect (node_modules/@redis/client/lib/client/index.ts:961:5)
      at connectRedis (server/config/database.js:42:5)
      at server/app.js:79:5

  console.error
    [DB] Redis Client Error AggregateError: 
        at internalConnectMultiple (node:net:1134:18)
        at afterConnectMultiple (node:net:1715:7) {
      code: 'ECONNREFUSED',
      [errors]: [
        Error: connect ECONNREFUSED ::1:6379
            at createConnectionError (node:net:1678:14)
            at afterConnectMultiple (node:net:1708:16) {
          errno: -4078,
          code: 'ECONNREFUSED',
          syscall: 'connect',
          address: '::1',
          port: 6379
        },
        Error: connect ECONNREFUSED 127.0.0.1:6379
            at createConnectionError (node:net:1678:14)
            at afterConnectMultiple (node:net:1708:16) {
          errno: -4078,
          code: 'ECONNREFUSED',
          syscall: 'connect',
          address: '127.0.0.1',
          port: 6379
        }
      ]
    }

    [0m [90m 34 |[39m redisClient[33m.[39mon([32m'error'[39m[33m,[39m (err) [33m=>[39m {
     [90m 35 |[39m   [36mif[39m (process[33m.[39menv[33m.[39m[33mNODE_ENV[39m [33m!==[39m [32m'test'[39m) {
    [31m[1m>[22m[39m[90m 36 |[39m     console[33m.[39merror([32m'[DB] Redis Client Error'[39m[33m,[39m err)[33m;[39m
     [90m    |[39m             [31m[1m^[22m[39m
     [90m 37 |[39m   }
     [90m 38 |[39m })[33m;[39m
     [90m 39 |[39m[0m

      at Class.error (server/config/database.js:36:13)
      at RedisSocket.<anonymous> (node_modules/@redis/client/lib/client/index.ts:796:12)
      at RedisSocket.#connect (node_modules/@redis/client/lib/client/socket.ts:246:14)
      at Class.connect (node_modules/@redis/client/lib/client/index.ts:961:5)
      at connectRedis (server/config/database.js:42:5)
      at server/app.js:79:5

  console.error
    [DB] Redis Client Error AggregateError: 
        at internalConnectMultiple (node:net:1134:18)
        at afterConnectMultiple (node:net:1715:7) {
      code: 'ECONNREFUSED',
      [errors]: [
        Error: connect ECONNREFUSED ::1:6379
            at createConnectionError (node:net:1678:14)
            at afterConnectMultiple (node:net:1708:16) {
          errno: -4078,
          code: 'ECONNREFUSED',
          syscall: 'connect',
          address: '::1',
          port: 6379
        },
        Error: connect ECONNREFUSED 127.0.0.1:6379
            at createConnectionError (node:net:1678:14)
            at afterConnectMultiple (node:net:1708:16) {
          errno: -4078,
          code: 'ECONNREFUSED',
          syscall: 'connect',
          address: '127.0.0.1',
          port: 6379
        }
      ]
    }

    [0m [90m 34 |[39m redisClient[33m.[39mon([32m'error'[39m[33m,[39m (err) [33m=>[39m {
     [90m 35 |[39m   [36mif[39m (process[33m.[39menv[33m.[39m[33mNODE_ENV[39m [33m!==[39m [32m'test'[39m) {
    [31m[1m>[22m[39m[90m 36 |[39m     console[33m.[39merror([32m'[DB] Redis Client Error'[39m[33m,[39m err)[33m;[39m
     [90m    |[39m             [31m[1m^[22m[39m
     [90m 37 |[39m   }
     [90m 38 |[39m })[33m;[39m
     [90m 39 |[39m[0m

      at Class.error (server/config/database.js:36:13)
      at RedisSocket.<anonymous> (node_modules/@redis/client/lib/client/index.ts:796:12)
      at RedisSocket.#connect (node_modules/@redis/client/lib/client/socket.ts:246:14)
      at Class.connect (node_modules/@redis/client/lib/client/index.ts:961:5)
      at connectRedis (server/config/database.js:42:5)
      at server/app.js:79:5

  console.error
    [DB] Redis Client Error AggregateError: 
        at internalConnectMultiple (node:net:1134:18)
        at afterConnectMultiple (node:net:1715:7) {
      code: 'ECONNREFUSED',
      [errors]: [
        Error: connect ECONNREFUSED ::1:6379
            at createConnectionError (node:net:1678:14)
            at afterConnectMultiple (node:net:1708:16) {
          errno: -4078,
          code: 'ECONNREFUSED',
          syscall: 'connect',
          address: '::1',
          port: 6379
        },
        Error: connect ECONNREFUSED 127.0.0.1:6379
            at createConnectionError (node:net:1678:14)
            at afterConnectMultiple (node:net:1708:16) {
          errno: -4078,
          code: 'ECONNREFUSED',
          syscall: 'connect',
          address: '127.0.0.1',
          port: 6379
        }
      ]
    }

    [0m [90m 34 |[39m redisClient[33m.[39mon([32m'error'[39m[33m,[39m (err) [33m=>[39m {
     [90m 35 |[39m   [36mif[39m (process[33m.[39menv[33m.[39m[33mNODE_ENV[39m [33m!==[39m [32m'test'[39m) {
    [31m[1m>[22m[39m[90m 36 |[39m     console[33m.[39merror([32m'[DB] Redis Client Error'[39m[33m,[39m err)[33m;[39m
     [90m    |[39m             [31m[1m^[22m[39m
     [90m 37 |[39m   }
     [90m 38 |[39m })[33m;[39m
     [90m 39 |[39m[0m

      at Class.error (server/config/database.js:36:13)
      at RedisSocket.<anonymous> (node_modules/@redis/client/lib/client/index.ts:796:12)
      at RedisSocket.#connect (node_modules/@redis/client/lib/client/socket.ts:246:14)
      at Class.connect (node_modules/@redis/client/lib/client/index.ts:961:5)
      at connectRedis (server/config/database.js:42:5)
      at server/app.js:79:5

  console.error
    [DB] Redis Client Error AggregateError: 
        at internalConnectMultiple (node:net:1134:18)
        at afterConnectMultiple (node:net:1715:7) {
      code: 'ECONNREFUSED',
      [errors]: [
        Error: connect ECONNREFUSED ::1:6379
            at createConnectionError (node:net:1678:14)
            at afterConnectMultiple (node:net:1708:16) {
          errno: -4078,
          code: 'ECONNREFUSED',
          syscall: 'connect',
          address: '::1',
          port: 6379
        },
        Error: connect ECONNREFUSED 127.0.0.1:6379
            at createConnectionError (node:net:1678:14)
            at afterConnectMultiple (node:net:1708:16) {
          errno: -4078,
          code: 'ECONNREFUSED',
          syscall: 'connect',
          address: '127.0.0.1',
          port: 6379
        }
      ]
    }

    [0m [90m 34 |[39m redisClient[33m.[39mon([32m'error'[39m[33m,[39m (err) [33m=>[39m {
     [90m 35 |[39m   [36mif[39m (process[33m.[39menv[33m.[39m[33mNODE_ENV[39m [33m!==[39m [32m'test'[39m) {
    [31m[1m>[22m[39m[90m 36 |[39m     console[33m.[39merror([32m'[DB] Redis Client Error'[39m[33m,[39m err)[33m;[39m
     [90m    |[39m             [31m[1m^[22m[39m
     [90m 37 |[39m   }
     [90m 38 |[39m })[33m;[39m
     [90m 39 |[39m[0m

      at Class.error (server/config/database.js:36:13)
      at RedisSocket.<anonymous> (node_modules/@redis/client/lib/client/index.ts:796:12)
      at RedisSocket.#connect (node_modules/@redis/client/lib/client/socket.ts:246:14)
      at Class.connect (node_modules/@redis/client/lib/client/index.ts:961:5)
      at connectRedis (server/config/database.js:42:5)
      at server/app.js:79:5

  console.error
    [DB] Redis Client Error AggregateError: 
        at internalConnectMultiple (node:net:1134:18)
        at afterConnectMultiple (node:net:1715:7) {
      code: 'ECONNREFUSED',
      [errors]: [
        Error: connect ECONNREFUSED ::1:6379
            at createConnectionError (node:net:1678:14)
            at afterConnectMultiple (node:net:1708:16) {
          errno: -4078,
          code: 'ECONNREFUSED',
          syscall: 'connect',
          address: '::1',
          port: 6379
        },
        Error: connect ECONNREFUSED 127.0.0.1:6379
            at createConnectionError (node:net:1678:14)
            at afterConnectMultiple (node:net:1708:16) {
          errno: -4078,
          code: 'ECONNREFUSED',
          syscall: 'connect',
          address: '127.0.0.1',
          port: 6379
        }
      ]
    }

    [0m [90m 34 |[39m redisClient[33m.[39mon([32m'error'[39m[33m,[39m (err) [33m=>[39m {
     [90m 35 |[39m   [36mif[39m (process[33m.[39menv[33m.[39m[33mNODE_ENV[39m [33m!==[39m [32m'test'[39m) {
    [31m[1m>[22m[39m[90m 36 |[39m     console[33m.[39merror([32m'[DB] Redis Client Error'[39m[33m,[39m err)[33m;[39m
     [90m    |[39m             [31m[1m^[22m[39m
     [90m 37 |[39m   }
     [90m 38 |[39m })[33m;[39m
     [90m 39 |[39m[0m

      at Class.error (server/config/database.js:36:13)
      at RedisSocket.<anonymous> (node_modules/@redis/client/lib/client/index.ts:796:12)
      at RedisSocket.#connect (node_modules/@redis/client/lib/client/socket.ts:246:14)
      at Class.connect (node_modules/@redis/client/lib/client/index.ts:961:5)
      at connectRedis (server/config/database.js:42:5)
      at server/app.js:79:5

  console.error
    [DB] Redis Client Error AggregateError: 
        at internalConnectMultiple (node:net:1134:18)
        at afterConnectMultiple (node:net:1715:7) {
      code: 'ECONNREFUSED',
      [errors]: [
        Error: connect ECONNREFUSED ::1:6379
            at createConnectionError (node:net:1678:14)
            at afterConnectMultiple (node:net:1708:16) {
          errno: -4078,
          code: 'ECONNREFUSED',
          syscall: 'connect',
          address: '::1',
          port: 6379
        },
        Error: connect ECONNREFUSED 127.0.0.1:6379
            at createConnectionError (node:net:1678:14)
            at afterConnectMultiple (node:net:1708:16) {
          errno: -4078,
          code: 'ECONNREFUSED',
          syscall: 'connect',
          address: '127.0.0.1',
          port: 6379
        }
      ]
    }

    [0m [90m 34 |[39m redisClient[33m.[39mon([32m'error'[39m[33m,[39m (err) [33m=>[39m {
     [90m 35 |[39m   [36mif[39m (process[33m.[39menv[33m.[39m[33mNODE_ENV[39m [33m!==[39m [32m'test'[39m) {
    [31m[1m>[22m[39m[90m 36 |[39m     console[33m.[39merror([32m'[DB] Redis Client Error'[39m[33m,[39m err)[33m;[39m
     [90m    |[39m             [31m[1m^[22m[39m
     [90m 37 |[39m   }
     [90m 38 |[39m })[33m;[39m
     [90m 39 |[39m[0m

      at Class.error (server/config/database.js:36:13)
      at RedisSocket.<anonymous> (node_modules/@redis/client/lib/client/index.ts:796:12)
      at RedisSocket.#connect (node_modules/@redis/client/lib/client/socket.ts:246:14)
      at Class.connect (node_modules/@redis/client/lib/client/index.ts:961:5)
      at connectRedis (server/config/database.js:42:5)
      at server/app.js:79:5

  console.error
    [DB] Redis Client Error AggregateError: 
        at internalConnectMultiple (node:net:1134:18)
        at afterConnectMultiple (node:net:1715:7) {
      code: 'ECONNREFUSED',
      [errors]: [
        Error: connect ECONNREFUSED ::1:6379
            at createConnectionError (node:net:1678:14)
            at afterConnectMultiple (node:net:1708:16) {
          errno: -4078,
          code: 'ECONNREFUSED',
          syscall: 'connect',
          address: '::1',
          port: 6379
        },
        Error: connect ECONNREFUSED 127.0.0.1:6379
            at createConnectionError (node:net:1678:14)
            at afterConnectMultiple (node:net:1708:16) {
          errno: -4078,
          code: 'ECONNREFUSED',
          syscall: 'connect',
          address: '127.0.0.1',
          port: 6379
        }
      ]
    }

    [0m [90m 34 |[39m redisClient[33m.[39mon([32m'error'[39m[33m,[39m (err) [33m=>[39m {
     [90m 35 |[39m   [36mif[39m (process[33m.[39menv[33m.[39m[33mNODE_ENV[39m [33m!==[39m [32m'test'[39m) {
    [31m[1m>[22m[39m[90m 36 |[39m     console[33m.[39merror([32m'[DB] Redis Client Error'[39m[33m,[39m err)[33m;[39m
     [90m    |[39m             [31m[1m^[22m[39m
     [90m 37 |[39m   }
     [90m 38 |[39m })[33m;[39m
     [90m 39 |[39m[0m

      at Class.error (server/config/database.js:36:13)
      at RedisSocket.<anonymous> (node_modules/@redis/client/lib/client/index.ts:796:12)
      at RedisSocket.#connect (node_modules/@redis/client/lib/client/socket.ts:246:14)
      at Class.connect (node_modules/@redis/client/lib/client/index.ts:961:5)
      at connectRedis (server/config/database.js:42:5)
      at server/app.js:79:5

  console.error
    [DB] Redis Client Error AggregateError: 
        at internalConnectMultiple (node:net:1134:18)
        at afterConnectMultiple (node:net:1715:7) {
      code: 'ECONNREFUSED',
      [errors]: [
        Error: connect ECONNREFUSED ::1:6379
            at createConnectionError (node:net:1678:14)
            at afterConnectMultiple (node:net:1708:16) {
          errno: -4078,
          code: 'ECONNREFUSED',
          syscall: 'connect',
          address: '::1',
          port: 6379
        },
        Error: connect ECONNREFUSED 127.0.0.1:6379
            at createConnectionError (node:net:1678:14)
            at afterConnectMultiple (node:net:1708:16) {
          errno: -4078,
          code: 'ECONNREFUSED',
          syscall: 'connect',
          address: '127.0.0.1',
          port: 6379
        }
      ]
    }

    [0m [90m 34 |[39m redisClient[33m.[39mon([32m'error'[39m[33m,[39m (err) [33m=>[39m {
     [90m 35 |[39m   [36mif[39m (process[33m.[39menv[33m.[39m[33mNODE_ENV[39m [33m!==[39m [32m'test'[39m) {
    [31m[1m>[22m[39m[90m 36 |[39m     console[33m.[39merror([32m'[DB] Redis Client Error'[39m[33m,[39m err)[33m;[39m
     [90m    |[39m             [31m[1m^[22m[39m
     [90m 37 |[39m   }
     [90m 38 |[39m })[33m;[39m
     [90m 39 |[39m[0m

      at Class.error (server/config/database.js:36:13)
      at RedisSocket.<anonymous> (node_modules/@redis/client/lib/client/index.ts:796:12)
      at RedisSocket.#connect (node_modules/@redis/client/lib/client/socket.ts:246:14)
      at Class.connect (node_modules/@redis/client/lib/client/index.ts:961:5)
      at connectRedis (server/config/database.js:42:5)
      at server/app.js:79:5

  console.error
    [DB] Redis Client Error AggregateError: 
        at internalConnectMultiple (node:net:1134:18)
        at afterConnectMultiple (node:net:1715:7) {
      code: 'ECONNREFUSED',
      [errors]: [
        Error: connect ECONNREFUSED ::1:6379
            at createConnectionError (node:net:1678:14)
            at afterConnectMultiple (node:net:1708:16) {
          errno: -4078,
          code: 'ECONNREFUSED',
          syscall: 'connect',
          address: '::1',
          port: 6379
        },
        Error: connect ECONNREFUSED 127.0.0.1:6379
            at createConnectionError (node:net:1678:14)
            at afterConnectMultiple (node:net:1708:16) {
          errno: -4078,
          code: 'ECONNREFUSED',
          syscall: 'connect',
          address: '127.0.0.1',
          port: 6379
        }
      ]
    }

    [0m [90m 34 |[39m redisClient[33m.[39mon([32m'error'[39m[33m,[39m (err) [33m=>[39m {
     [90m 35 |[39m   [36mif[39m (process[33m.[39menv[33m.[39m[33mNODE_ENV[39m [33m!==[39m [32m'test'[39m) {
    [31m[1m>[22m[39m[90m 36 |[39m     console[33m.[39merror([32m'[DB] Redis Client Error'[39m[33m,[39m err)[33m;[39m
     [90m    |[39m             [31m[1m^[22m[39m
     [90m 37 |[39m   }
     [90m 38 |[39m })[33m;[39m
     [90m 39 |[39m[0m

      at Class.error (server/config/database.js:36:13)
      at RedisSocket.<anonymous> (node_modules/@redis/client/lib/client/index.ts:796:12)
      at RedisSocket.#connect (node_modules/@redis/client/lib/client/socket.ts:246:14)
      at Class.connect (node_modules/@redis/client/lib/client/index.ts:961:5)
      at connectRedis (server/config/database.js:42:5)
      at server/app.js:79:5

  console.error
    [DB] Redis Client Error AggregateError: 
        at internalConnectMultiple (node:net:1134:18)
        at afterConnectMultiple (node:net:1715:7) {
      code: 'ECONNREFUSED',
      [errors]: [
        Error: connect ECONNREFUSED ::1:6379
            at createConnectionError (node:net:1678:14)
            at afterConnectMultiple (node:net:1708:16) {
          errno: -4078,
          code: 'ECONNREFUSED',
          syscall: 'connect',
          address: '::1',
          port: 6379
        },
        Error: connect ECONNREFUSED 127.0.0.1:6379
            at createConnectionError (node:net:1678:14)
            at afterConnectMultiple (node:net:1708:16) {
          errno: -4078,
          code: 'ECONNREFUSED',
          syscall: 'connect',
          address: '127.0.0.1',
          port: 6379
        }
      ]
    }

    [0m [90m 34 |[39m redisClient[33m.[39mon([32m'error'[39m[33m,[39m (err) [33m=>[39m {
     [90m 35 |[39m   [36mif[39m (process[33m.[39menv[33m.[39m[33mNODE_ENV[39m [33m!==[39m [32m'test'[39m) {
    [31m[1m>[22m[39m[90m 36 |[39m     console[33m.[39merror([32m'[DB] Redis Client Error'[39m[33m,[39m err)[33m;[39m
     [90m    |[39m             [31m[1m^[22m[39m
     [90m 37 |[39m   }
     [90m 38 |[39m })[33m;[39m
     [90m 39 |[39m[0m

      at Class.error (server/config/database.js:36:13)
      at RedisSocket.<anonymous> (node_modules/@redis/client/lib/client/index.ts:796:12)
      at RedisSocket.#connect (node_modules/@redis/client/lib/client/socket.ts:246:14)
      at Class.connect (node_modules/@redis/client/lib/client/index.ts:961:5)
      at connectRedis (server/config/database.js:42:5)
      at server/app.js:79:5

  console.error
    [DB] Redis Client Error AggregateError: 
        at internalConnectMultiple (node:net:1134:18)
        at afterConnectMultiple (node:net:1715:7) {
      code: 'ECONNREFUSED',
      [errors]: [
        Error: connect ECONNREFUSED ::1:6379
            at createConnectionError (node:net:1678:14)
            at afterConnectMultiple (node:net:1708:16) {
          errno: -4078,
          code: 'ECONNREFUSED',
          syscall: 'connect',
          address: '::1',
          port: 6379
        },
        Error: connect ECONNREFUSED 127.0.0.1:6379
            at createConnectionError (node:net:1678:14)
            at afterConnectMultiple (node:net:1708:16) {
          errno: -4078,
          code: 'ECONNREFUSED',
          syscall: 'connect',
          address: '127.0.0.1',
          port: 6379
        }
      ]
    }

    [0m [90m 34 |[39m redisClient[33m.[39mon([32m'error'[39m[33m,[39m (err) [33m=>[39m {
     [90m 35 |[39m   [36mif[39m (process[33m.[39menv[33m.[39m[33mNODE_ENV[39m [33m!==[39m [32m'test'[39m) {
    [31m[1m>[22m[39m[90m 36 |[39m     console[33m.[39merror([32m'[DB] Redis Client Error'[39m[33m,[39m err)[33m;[39m
     [90m    |[39m             [31m[1m^[22m[39m
     [90m 37 |[39m   }
     [90m 38 |[39m })[33m;[39m
     [90m 39 |[39m[0m

      at Class.error (server/config/database.js:36:13)
      at RedisSocket.<anonymous> (node_modules/@redis/client/lib/client/index.ts:796:12)
      at RedisSocket.#connect (node_modules/@redis/client/lib/client/socket.ts:246:14)
      at Class.connect (node_modules/@redis/client/lib/client/index.ts:961:5)
      at connectRedis (server/config/database.js:42:5)
      at server/app.js:79:5

  console.error
    [DB] Redis Client Error AggregateError: 
        at internalConnectMultiple (node:net:1134:18)
        at afterConnectMultiple (node:net:1715:7) {
      code: 'ECONNREFUSED',
      [errors]: [
        Error: connect ECONNREFUSED ::1:6379
            at createConnectionError (node:net:1678:14)
            at afterConnectMultiple (node:net:1708:16) {
          errno: -4078,
          code: 'ECONNREFUSED',
          syscall: 'connect',
          address: '::1',
          port: 6379
        },
        Error: connect ECONNREFUSED 127.0.0.1:6379
            at createConnectionError (node:net:1678:14)
            at afterConnectMultiple (node:net:1708:16) {
          errno: -4078,
          code: 'ECONNREFUSED',
          syscall: 'connect',
          address: '127.0.0.1',
          port: 6379
        }
      ]
    }

    [0m [90m 34 |[39m redisClient[33m.[39mon([32m'error'[39m[33m,[39m (err) [33m=>[39m {
     [90m 35 |[39m   [36mif[39m (process[33m.[39menv[33m.[39m[33mNODE_ENV[39m [33m!==[39m [32m'test'[39m) {
    [31m[1m>[22m[39m[90m 36 |[39m     console[33m.[39merror([32m'[DB] Redis Client Error'[39m[33m,[39m err)[33m;[39m
     [90m    |[39m             [31m[1m^[22m[39m
     [90m 37 |[39m   }
     [90m 38 |[39m })[33m;[39m
     [90m 39 |[39m[0m

      at Class.error (server/config/database.js:36:13)
      at RedisSocket.<anonymous> (node_modules/@redis/client/lib/client/index.ts:796:12)
      at RedisSocket.#connect (node_modules/@redis/client/lib/client/socket.ts:246:14)
      at Class.connect (node_modules/@redis/client/lib/client/index.ts:961:5)
      at connectRedis (server/config/database.js:42:5)
      at server/app.js:79:5

  console.error
    [DB] Redis Client Error AggregateError: 
        at internalConnectMultiple (node:net:1134:18)
        at afterConnectMultiple (node:net:1715:7) {
      code: 'ECONNREFUSED',
      [errors]: [
        Error: connect ECONNREFUSED ::1:6379
            at createConnectionError (node:net:1678:14)
            at afterConnectMultiple (node:net:1708:16) {
          errno: -4078,
          code: 'ECONNREFUSED',
          syscall: 'connect',
          address: '::1',
          port: 6379
        },
        Error: connect ECONNREFUSED 127.0.0.1:6379
            at createConnectionError (node:net:1678:14)
            at afterConnectMultiple (node:net:1708:16) {
          errno: -4078,
          code: 'ECONNREFUSED',
          syscall: 'connect',
          address: '127.0.0.1',
          port: 6379
        }
      ]
    }

    [0m [90m 34 |[39m redisClient[33m.[39mon([32m'error'[39m[33m,[39m (err) [33m=>[39m {
     [90m 35 |[39m   [36mif[39m (process[33m.[39menv[33m.[39m[33mNODE_ENV[39m [33m!==[39m [32m'test'[39m) {
    [31m[1m>[22m[39m[90m 36 |[39m     console[33m.[39merror([32m'[DB] Redis Client Error'[39m[33m,[39m err)[33m;[39m
     [90m    |[39m             [31m[1m^[22m[39m
     [90m 37 |[39m   }
     [90m 38 |[39m })[33m;[39m
     [90m 39 |[39m[0m

      at Class.error (server/config/database.js:36:13)
      at RedisSocket.<anonymous> (node_modules/@redis/client/lib/client/index.ts:796:12)
      at RedisSocket.#connect (node_modules/@redis/client/lib/client/socket.ts:246:14)
      at Class.connect (node_modules/@redis/client/lib/client/index.ts:961:5)
      at connectRedis (server/config/database.js:42:5)
      at server/app.js:79:5

  console.error
    [DB] Redis Client Error AggregateError: 
        at internalConnectMultiple (node:net:1134:18)
        at afterConnectMultiple (node:net:1715:7) {
      code: 'ECONNREFUSED',
      [errors]: [
        Error: connect ECONNREFUSED ::1:6379
            at createConnectionError (node:net:1678:14)
            at afterConnectMultiple (node:net:1708:16) {
          errno: -4078,
          code: 'ECONNREFUSED',
          syscall: 'connect',
          address: '::1',
          port: 6379
        },
        Error: connect ECONNREFUSED 127.0.0.1:6379
            at createConnectionError (node:net:1678:14)
            at afterConnectMultiple (node:net:1708:16) {
          errno: -4078,
          code: 'ECONNREFUSED',
          syscall: 'connect',
          address: '127.0.0.1',
          port: 6379
        }
      ]
    }

    [0m [90m 34 |[39m redisClient[33m.[39mon([32m'error'[39m[33m,[39m (err) [33m=>[39m {
     [90m 35 |[39m   [36mif[39m (process[33m.[39menv[33m.[39m[33mNODE_ENV[39m [33m!==[39m [32m'test'[39m) {
    [31m[1m>[22m[39m[90m 36 |[39m     console[33m.[39merror([32m'[DB] Redis Client Error'[39m[33m,[39m err)[33m;[39m
     [90m    |[39m             [31m[1m^[22m[39m
     [90m 37 |[39m   }
     [90m 38 |[39m })[33m;[39m
     [90m 39 |[39m[0m

      at Class.error (server/config/database.js:36:13)
      at RedisSocket.<anonymous> (node_modules/@redis/client/lib/client/index.ts:796:12)
      at RedisSocket.#connect (node_modules/@redis/client/lib/client/socket.ts:246:14)
      at Class.connect (node_modules/@redis/client/lib/client/index.ts:961:5)
      at connectRedis (server/config/database.js:42:5)
      at server/app.js:79:5

  console.error
    [DB] Redis Client Error AggregateError: 
        at internalConnectMultiple (node:net:1134:18)
        at afterConnectMultiple (node:net:1715:7) {
      code: 'ECONNREFUSED',
      [errors]: [
        Error: connect ECONNREFUSED ::1:6379
            at createConnectionError (node:net:1678:14)
            at afterConnectMultiple (node:net:1708:16) {
          errno: -4078,
          code: 'ECONNREFUSED',
          syscall: 'connect',
          address: '::1',
          port: 6379
        },
        Error: connect ECONNREFUSED 127.0.0.1:6379
            at createConnectionError (node:net:1678:14)
            at afterConnectMultiple (node:net:1708:16) {
          errno: -4078,
          code: 'ECONNREFUSED',
          syscall: 'connect',
          address: '127.0.0.1',
          port: 6379
        }
      ]
    }

    [0m [90m 34 |[39m redisClient[33m.[39mon([32m'error'[39m[33m,[39m (err) [33m=>[39m {
     [90m 35 |[39m   [36mif[39m (process[33m.[39menv[33m.[39m[33mNODE_ENV[39m [33m!==[39m [32m'test'[39m) {
    [31m[1m>[22m[39m[90m 36 |[39m     console[33m.[39merror([32m'[DB] Redis Client Error'[39m[33m,[39m err)[33m;[39m
     [90m    |[39m             [31m[1m^[22m[39m
     [90m 37 |[39m   }
     [90m 38 |[39m })[33m;[39m
     [90m 39 |[39m[0m

      at Class.error (server/config/database.js:36:13)
      at RedisSocket.<anonymous> (node_modules/@redis/client/lib/client/index.ts:796:12)
      at RedisSocket.#connect (node_modules/@redis/client/lib/client/socket.ts:246:14)
      at Class.connect (node_modules/@redis/client/lib/client/index.ts:961:5)
      at connectRedis (server/config/database.js:42:5)
      at server/app.js:79:5

  console.error
    [DB] Redis Client Error AggregateError: 
        at internalConnectMultiple (node:net:1134:18)
        at afterConnectMultiple (node:net:1715:7) {
      code: 'ECONNREFUSED',
      [errors]: [
        Error: connect ECONNREFUSED ::1:6379
            at createConnectionError (node:net:1678:14)
            at afterConnectMultiple (node:net:1708:16) {
          errno: -4078,
          code: 'ECONNREFUSED',
          syscall: 'connect',
          address: '::1',
          port: 6379
        },
        Error: connect ECONNREFUSED 127.0.0.1:6379
            at createConnectionError (node:net:1678:14)
            at afterConnectMultiple (node:net:1708:16) {
          errno: -4078,
          code: 'ECONNREFUSED',
          syscall: 'connect',
          address: '127.0.0.1',
          port: 6379
        }
      ]
    }

    [0m [90m 34 |[39m redisClient[33m.[39mon([32m'error'[39m[33m,[39m (err) [33m=>[39m {
     [90m 35 |[39m   [36mif[39m (process[33m.[39menv[33m.[39m[33mNODE_ENV[39m [33m!==[39m [32m'test'[39m) {
    [31m[1m>[22m[39m[90m 36 |[39m     console[33m.[39merror([32m'[DB] Redis Client Error'[39m[33m,[39m err)[33m;[39m
     [90m    |[39m             [31m[1m^[22m[39m
     [90m 37 |[39m   }
     [90m 38 |[39m })[33m;[39m
     [90m 39 |[39m[0m

      at Class.error (server/config/database.js:36:13)
      at RedisSocket.<anonymous> (node_modules/@redis/client/lib/client/index.ts:796:12)
      at RedisSocket.#connect (node_modules/@redis/client/lib/client/socket.ts:246:14)
      at Class.connect (node_modules/@redis/client/lib/client/index.ts:961:5)
      at connectRedis (server/config/database.js:42:5)
      at server/app.js:79:5

  console.error
    [DB] Redis Client Error AggregateError: 
        at internalConnectMultiple (node:net:1134:18)
        at afterConnectMultiple (node:net:1715:7) {
      code: 'ECONNREFUSED',
      [errors]: [
        Error: connect ECONNREFUSED ::1:6379
            at createConnectionError (node:net:1678:14)
            at afterConnectMultiple (node:net:1708:16) {
          errno: -4078,
          code: 'ECONNREFUSED',
          syscall: 'connect',
          address: '::1',
          port: 6379
        },
        Error: connect ECONNREFUSED 127.0.0.1:6379
            at createConnectionError (node:net:1678:14)
            at afterConnectMultiple (node:net:1708:16) {
          errno: -4078,
          code: 'ECONNREFUSED',
          syscall: 'connect',
          address: '127.0.0.1',
          port: 6379
        }
      ]
    }

    [0m [90m 34 |[39m redisClient[33m.[39mon([32m'error'[39m[33m,[39m (err) [33m=>[39m {
     [90m 35 |[39m   [36mif[39m (process[33m.[39menv[33m.[39m[33mNODE_ENV[39m [33m!==[39m [32m'test'[39m) {
    [31m[1m>[22m[39m[90m 36 |[39m     console[33m.[39merror([32m'[DB] Redis Client Error'[39m[33m,[39m err)[33m;[39m
     [90m    |[39m             [31m[1m^[22m[39m
     [90m 37 |[39m   }
     [90m 38 |[39m })[33m;[39m
     [90m 39 |[39m[0m

      at Class.error (server/config/database.js:36:13)
      at RedisSocket.<anonymous> (node_modules/@redis/client/lib/client/index.ts:796:12)
      at RedisSocket.#connect (node_modules/@redis/client/lib/client/socket.ts:246:14)
      at Class.connect (node_modules/@redis/client/lib/client/index.ts:961:5)
      at connectRedis (server/config/database.js:42:5)
      at server/app.js:79:5

  console.error
    [DB] Redis Client Error AggregateError: 
        at internalConnectMultiple (node:net:1134:18)
        at afterConnectMultiple (node:net:1715:7) {
      code: 'ECONNREFUSED',
      [errors]: [
        Error: connect ECONNREFUSED ::1:6379
            at createConnectionError (node:net:1678:14)
            at afterConnectMultiple (node:net:1708:16) {
          errno: -4078,
          code: 'ECONNREFUSED',
          syscall: 'connect',
          address: '::1',
          port: 6379
        },
        Error: connect ECONNREFUSED 127.0.0.1:6379
            at createConnectionError (node:net:1678:14)
            at afterConnectMultiple (node:net:1708:16) {
          errno: -4078,
          code: 'ECONNREFUSED',
          syscall: 'connect',
          address: '127.0.0.1',
          port: 6379
        }
      ]
    }

    [0m [90m 34 |[39m redisClient[33m.[39mon([32m'error'[39m[33m,[39m (err) [33m=>[39m {
     [90m 35 |[39m   [36mif[39m (process[33m.[39menv[33m.[39m[33mNODE_ENV[39m [33m!==[39m [32m'test'[39m) {
    [31m[1m>[22m[39m[90m 36 |[39m     console[33m.[39merror([32m'[DB] Redis Client Error'[39m[33m,[39m err)[33m;[39m
     [90m    |[39m             [31m[1m^[22m[39m
     [90m 37 |[39m   }
     [90m 38 |[39m })[33m;[39m
     [90m 39 |[39m[0m

      at Class.error (server/config/database.js:36:13)
      at RedisSocket.<anonymous> (node_modules/@redis/client/lib/client/index.ts:796:12)
      at RedisSocket.#connect (node_modules/@redis/client/lib/client/socket.ts:246:14)
      at Class.connect (node_modules/@redis/client/lib/client/index.ts:961:5)
      at connectRedis (server/config/database.js:42:5)
      at server/app.js:79:5

  console.error
    [DB] Redis Client Error AggregateError: 
        at internalConnectMultiple (node:net:1134:18)
        at afterConnectMultiple (node:net:1715:7) {
      code: 'ECONNREFUSED',
      [errors]: [
        Error: connect ECONNREFUSED ::1:6379
            at createConnectionError (node:net:1678:14)
            at afterConnectMultiple (node:net:1708:16) {
          errno: -4078,
          code: 'ECONNREFUSED',
          syscall: 'connect',
          address: '::1',
          port: 6379
        },
        Error: connect ECONNREFUSED 127.0.0.1:6379
            at createConnectionError (node:net:1678:14)
            at afterConnectMultiple (node:net:1708:16) {
          errno: -4078,
          code: 'ECONNREFUSED',
          syscall: 'connect',
          address: '127.0.0.1',
          port: 6379
        }
      ]
    }

    [0m [90m 34 |[39m redisClient[33m.[39mon([32m'error'[39m[33m,[39m (err) [33m=>[39m {
     [90m 35 |[39m   [36mif[39m (process[33m.[39menv[33m.[39m[33mNODE_ENV[39m [33m!==[39m [32m'test'[39m) {
    [31m[1m>[22m[39m[90m 36 |[39m     console[33m.[39merror([32m'[DB] Redis Client Error'[39m[33m,[39m err)[33m;[39m
     [90m    |[39m             [31m[1m^[22m[39m
     [90m 37 |[39m   }
     [90m 38 |[39m })[33m;[39m
     [90m 39 |[39m[0m

      at Class.error (server/config/database.js:36:13)
      at RedisSocket.<anonymous> (node_modules/@redis/client/lib/client/index.ts:796:12)
      at RedisSocket.#connect (node_modules/@redis/client/lib/client/socket.ts:246:14)
      at Class.connect (node_modules/@redis/client/lib/client/index.ts:961:5)
      at connectRedis (server/config/database.js:42:5)
      at server/app.js:79:5

  console.error
    [DB] Redis Client Error AggregateError: 
        at internalConnectMultiple (node:net:1134:18)
        at afterConnectMultiple (node:net:1715:7) {
      code: 'ECONNREFUSED',
      [errors]: [
        Error: connect ECONNREFUSED ::1:6379
            at createConnectionError (node:net:1678:14)
            at afterConnectMultiple (node:net:1708:16) {
          errno: -4078,
          code: 'ECONNREFUSED',
          syscall: 'connect',
          address: '::1',
          port: 6379
        },
        Error: connect ECONNREFUSED 127.0.0.1:6379
            at createConnectionError (node:net:1678:14)
            at afterConnectMultiple (node:net:1708:16) {
          errno: -4078,
          code: 'ECONNREFUSED',
          syscall: 'connect',
          address: '127.0.0.1',
          port: 6379
        }
      ]
    }

    [0m [90m 34 |[39m redisClient[33m.[39mon([32m'error'[39m[33m,[39m (err) [33m=>[39m {
     [90m 35 |[39m   [36mif[39m (process[33m.[39menv[33m.[39m[33mNODE_ENV[39m [33m!==[39m [32m'test'[39m) {
    [31m[1m>[22m[39m[90m 36 |[39m     console[33m.[39merror([32m'[DB] Redis Client Error'[39m[33m,[39m err)[33m;[39m
     [90m    |[39m             [31m[1m^[22m[39m
     [90m 37 |[39m   }
     [90m 38 |[39m })[33m;[39m
     [90m 39 |[39m[0m

      at Class.error (server/config/database.js:36:13)
      at RedisSocket.<anonymous> (node_modules/@redis/client/lib/client/index.ts:796:12)
      at RedisSocket.#connect (node_modules/@redis/client/lib/client/socket.ts:246:14)
      at Class.connect (node_modules/@redis/client/lib/client/index.ts:961:5)
      at connectRedis (server/config/database.js:42:5)
      at server/app.js:79:5

  console.error
    [DB] Redis Client Error AggregateError: 
        at internalConnectMultiple (node:net:1134:18)
        at afterConnectMultiple (node:net:1715:7) {
      code: 'ECONNREFUSED',
      [errors]: [
        Error: connect ECONNREFUSED ::1:6379
            at createConnectionError (node:net:1678:14)
            at afterConnectMultiple (node:net:1708:16) {
          errno: -4078,
          code: 'ECONNREFUSED',
          syscall: 'connect',
          address: '::1',
          port: 6379
        },
        Error: connect ECONNREFUSED 127.0.0.1:6379
            at createConnectionError (node:net:1678:14)
            at afterConnectMultiple (node:net:1708:16) {
          errno: -4078,
          code: 'ECONNREFUSED',
          syscall: 'connect',
          address: '127.0.0.1',
          port: 6379
        }
      ]
    }

    [0m [90m 34 |[39m redisClient[33m.[39mon([32m'error'[39m[33m,[39m (err) [33m=>[39m {
     [90m 35 |[39m   [36mif[39m (process[33m.[39menv[33m.[39m[33mNODE_ENV[39m [33m!==[39m [32m'test'[39m) {
    [31m[1m>[22m[39m[90m 36 |[39m     console[33m.[39merror([32m'[DB] Redis Client Error'[39m[33m,[39m err)[33m;[39m
     [90m    |[39m             [31m[1m^[22m[39m
     [90m 37 |[39m   }
     [90m 38 |[39m })[33m;[39m
     [90m 39 |[39m[0m

      at Class.error (server/config/database.js:36:13)
      at RedisSocket.<anonymous> (node_modules/@redis/client/lib/client/index.ts:796:12)
      at RedisSocket.#connect (node_modules/@redis/client/lib/client/socket.ts:246:14)
      at Class.connect (node_modules/@redis/client/lib/client/index.ts:961:5)
      at connectRedis (server/config/database.js:42:5)
      at server/app.js:79:5

  console.error
    [DB] Redis Client Error AggregateError: 
        at internalConnectMultiple (node:net:1134:18)
        at afterConnectMultiple (node:net:1715:7) {
      code: 'ECONNREFUSED',
      [errors]: [
        Error: connect ECONNREFUSED ::1:6379
            at createConnectionError (node:net:1678:14)
            at afterConnectMultiple (node:net:1708:16) {
          errno: -4078,
          code: 'ECONNREFUSED',
          syscall: 'connect',
          address: '::1',
          port: 6379
        },
        Error: connect ECONNREFUSED 127.0.0.1:6379
            at createConnectionError (node:net:1678:14)
            at afterConnectMultiple (node:net:1708:16) {
          errno: -4078,
          code: 'ECONNREFUSED',
          syscall: 'connect',
          address: '127.0.0.1',
          port: 6379
        }
      ]
    }

    [0m [90m 34 |[39m redisClient[33m.[39mon([32m'error'[39m[33m,[39m (err) [33m=>[39m {
     [90m 35 |[39m   [36mif[39m (process[33m.[39menv[33m.[39m[33mNODE_ENV[39m [33m!==[39m [32m'test'[39m) {
    [31m[1m>[22m[39m[90m 36 |[39m     console[33m.[39merror([32m'[DB] Redis Client Error'[39m[33m,[39m err)[33m;[39m
     [90m    |[39m             [31m[1m^[22m[39m
     [90m 37 |[39m   }
     [90m 38 |[39m })[33m;[39m
     [90m 39 |[39m[0m

      at Class.error (server/config/database.js:36:13)
      at RedisSocket.<anonymous> (node_modules/@redis/client/lib/client/index.ts:796:12)
      at RedisSocket.#connect (node_modules/@redis/client/lib/client/socket.ts:246:14)
      at Class.connect (node_modules/@redis/client/lib/client/index.ts:961:5)
      at connectRedis (server/config/database.js:42:5)
      at server/app.js:79:5

  console.error
    [DB] Redis Client Error AggregateError: 
        at internalConnectMultiple (node:net:1134:18)
        at afterConnectMultiple (node:net:1715:7) {
      code: 'ECONNREFUSED',
      [errors]: [
        Error: connect ECONNREFUSED ::1:6379
            at createConnectionError (node:net:1678:14)
            at afterConnectMultiple (node:net:1708:16) {
          errno: -4078,
          code: 'ECONNREFUSED',
          syscall: 'connect',
          address: '::1',
          port: 6379
        },
        Error: connect ECONNREFUSED 127.0.0.1:6379
            at createConnectionError (node:net:1678:14)
            at afterConnectMultiple (node:net:1708:16) {
          errno: -4078,
          code: 'ECONNREFUSED',
          syscall: 'connect',
          address: '127.0.0.1',
          port: 6379
        }
      ]
    }

    [0m [90m 34 |[39m redisClient[33m.[39mon([32m'error'[39m[33m,[39m (err) [33m=>[39m {
     [90m 35 |[39m   [36mif[39m (process[33m.[39menv[33m.[39m[33mNODE_ENV[39m [33m!==[39m [32m'test'[39m) {
    [31m[1m>[22m[39m[90m 36 |[39m     console[33m.[39merror([32m'[DB] Redis Client Error'[39m[33m,[39m err)[33m;[39m
     [90m    |[39m             [31m[1m^[22m[39m
     [90m 37 |[39m   }
     [90m 38 |[39m })[33m;[39m
     [90m 39 |[39m[0m

      at Class.error (server/config/database.js:36:13)
      at RedisSocket.<anonymous> (node_modules/@redis/client/lib/client/index.ts:796:12)
      at RedisSocket.#connect (node_modules/@redis/client/lib/client/socket.ts:246:14)
      at Class.connect (node_modules/@redis/client/lib/client/index.ts:961:5)
      at connectRedis (server/config/database.js:42:5)
      at server/app.js:79:5

  console.error
    [DB] Redis Client Error AggregateError: 
        at internalConnectMultiple (node:net:1134:18)
        at afterConnectMultiple (node:net:1715:7) {
      code: 'ECONNREFUSED',
      [errors]: [
        Error: connect ECONNREFUSED ::1:6379
            at createConnectionError (node:net:1678:14)
            at afterConnectMultiple (node:net:1708:16) {
          errno: -4078,
          code: 'ECONNREFUSED',
          syscall: 'connect',
          address: '::1',
          port: 6379
        },
        Error: connect ECONNREFUSED 127.0.0.1:6379
            at createConnectionError (node:net:1678:14)
            at afterConnectMultiple (node:net:1708:16) {
          errno: -4078,
          code: 'ECONNREFUSED',
          syscall: 'connect',
          address: '127.0.0.1',
          port: 6379
        }
      ]
    }

    [0m [90m 34 |[39m redisClient[33m.[39mon([32m'error'[39m[33m,[39m (err) [33m=>[39m {
     [90m 35 |[39m   [36mif[39m (process[33m.[39menv[33m.[39m[33mNODE_ENV[39m [33m!==[39m [32m'test'[39m) {
    [31m[1m>[22m[39m[90m 36 |[39m     console[33m.[39merror([32m'[DB] Redis Client Error'[39m[33m,[39m err)[33m;[39m
     [90m    |[39m             [31m[1m^[22m[39m
     [90m 37 |[39m   }
     [90m 38 |[39m })[33m;[39m
     [90m 39 |[39m[0m

      at Class.error (server/config/database.js:36:13)
      at RedisSocket.<anonymous> (node_modules/@redis/client/lib/client/index.ts:796:12)
      at RedisSocket.#connect (node_modules/@redis/client/lib/client/socket.ts:246:14)
      at Class.connect (node_modules/@redis/client/lib/client/index.ts:961:5)
      at connectRedis (server/config/database.js:42:5)
      at server/app.js:79:5

  console.error
    [DB] Redis Client Error AggregateError: 
        at internalConnectMultiple (node:net:1134:18)
        at afterConnectMultiple (node:net:1715:7) {
      code: 'ECONNREFUSED',
      [errors]: [
        Error: connect ECONNREFUSED ::1:6379
            at createConnectionError (node:net:1678:14)
            at afterConnectMultiple (node:net:1708:16) {
          errno: -4078,
          code: 'ECONNREFUSED',
          syscall: 'connect',
          address: '::1',
          port: 6379
        },
        Error: connect ECONNREFUSED 127.0.0.1:6379
            at createConnectionError (node:net:1678:14)
            at afterConnectMultiple (node:net:1708:16) {
          errno: -4078,
          code: 'ECONNREFUSED',
          syscall: 'connect',
          address: '127.0.0.1',
          port: 6379
        }
      ]
    }

    [0m [90m 34 |[39m redisClient[33m.[39mon([32m'error'[39m[33m,[39m (err) [33m=>[39m {
     [90m 35 |[39m   [36mif[39m (process[33m.[39menv[33m.[39m[33mNODE_ENV[39m [33m!==[39m [32m'test'[39m) {
    [31m[1m>[22m[39m[90m 36 |[39m     console[33m.[39merror([32m'[DB] Redis Client Error'[39m[33m,[39m err)[33m;[39m
     [90m    |[39m             [31m[1m^[22m[39m
     [90m 37 |[39m   }
     [90m 38 |[39m })[33m;[39m
     [90m 39 |[39m[0m

      at Class.error (server/config/database.js:36:13)
      at RedisSocket.<anonymous> (node_modules/@redis/client/lib/client/index.ts:796:12)
      at RedisSocket.#connect (node_modules/@redis/client/lib/client/socket.ts:246:14)
      at Class.connect (node_modules/@redis/client/lib/client/index.ts:961:5)
      at connectRedis (server/config/database.js:42:5)
      at server/app.js:79:5

  console.error
    [DB] Redis Client Error AggregateError: 
        at internalConnectMultiple (node:net:1134:18)
        at afterConnectMultiple (node:net:1715:7) {
      code: 'ECONNREFUSED',
      [errors]: [
        Error: connect ECONNREFUSED ::1:6379
            at createConnectionError (node:net:1678:14)
            at afterConnectMultiple (node:net:1708:16) {
          errno: -4078,
          code: 'ECONNREFUSED',
          syscall: 'connect',
          address: '::1',
          port: 6379
        },
        Error: connect ECONNREFUSED 127.0.0.1:6379
            at createConnectionError (node:net:1678:14)
            at afterConnectMultiple (node:net:1708:16) {
          errno: -4078,
          code: 'ECONNREFUSED',
          syscall: 'connect',
          address: '127.0.0.1',
          port: 6379
        }
      ]
    }

    [0m [90m 34 |[39m redisClient[33m.[39mon([32m'error'[39m[33m,[39m (err) [33m=>[39m {
     [90m 35 |[39m   [36mif[39m (process[33m.[39menv[33m.[39m[33mNODE_ENV[39m [33m!==[39m [32m'test'[39m) {
    [31m[1m>[22m[39m[90m 36 |[39m     console[33m.[39merror([32m'[DB] Redis Client Error'[39m[33m,[39m err)[33m;[39m
     [90m    |[39m             [31m[1m^[22m[39m
     [90m 37 |[39m   }
     [90m 38 |[39m })[33m;[39m
     [90m 39 |[39m[0m

      at Class.error (server/config/database.js:36:13)
      at RedisSocket.<anonymous> (node_modules/@redis/client/lib/client/index.ts:796:12)
      at RedisSocket.#connect (node_modules/@redis/client/lib/client/socket.ts:246:14)
      at Class.connect (node_modules/@redis/client/lib/client/index.ts:961:5)
      at connectRedis (server/config/database.js:42:5)
      at server/app.js:79:5

  console.error
    [DB] Redis Client Error AggregateError: 
        at internalConnectMultiple (node:net:1134:18)
        at afterConnectMultiple (node:net:1715:7) {
      code: 'ECONNREFUSED',
      [errors]: [
        Error: connect ECONNREFUSED ::1:6379
            at createConnectionError (node:net:1678:14)
            at afterConnectMultiple (node:net:1708:16) {
          errno: -4078,
          code: 'ECONNREFUSED',
          syscall: 'connect',
          address: '::1',
          port: 6379
        },
        Error: connect ECONNREFUSED 127.0.0.1:6379
            at createConnectionError (node:net:1678:14)
            at afterConnectMultiple (node:net:1708:16) {
          errno: -4078,
          code: 'ECONNREFUSED',
          syscall: 'connect',
          address: '127.0.0.1',
          port: 6379
        }
      ]
    }

    [0m [90m 34 |[39m redisClient[33m.[39mon([32m'error'[39m[33m,[39m (err) [33m=>[39m {
     [90m 35 |[39m   [36mif[39m (process[33m.[39menv[33m.[39m[33mNODE_ENV[39m [33m!==[39m [32m'test'[39m) {
    [31m[1m>[22m[39m[90m 36 |[39m     console[33m.[39merror([32m'[DB] Redis Client Error'[39m[33m,[39m err)[33m;[39m
     [90m    |[39m             [31m[1m^[22m[39m
     [90m 37 |[39m   }
     [90m 38 |[39m })[33m;[39m
     [90m 39 |[39m[0m

      at Class.error (server/config/database.js:36:13)
      at RedisSocket.<anonymous> (node_modules/@redis/client/lib/client/index.ts:796:12)
      at RedisSocket.#connect (node_modules/@redis/client/lib/client/socket.ts:246:14)
      at Class.connect (node_modules/@redis/client/lib/client/index.ts:961:5)
      at connectRedis (server/config/database.js:42:5)
      at server/app.js:79:5

  console.error
    [DB] Redis Client Error AggregateError: 
        at internalConnectMultiple (node:net:1134:18)
        at afterConnectMultiple (node:net:1715:7) {
      code: 'ECONNREFUSED',
      [errors]: [
        Error: connect ECONNREFUSED ::1:6379
            at createConnectionError (node:net:1678:14)
            at afterConnectMultiple (node:net:1708:16) {
          errno: -4078,
          code: 'ECONNREFUSED',
          syscall: 'connect',
          address: '::1',
          port: 6379
        },
        Error: connect ECONNREFUSED 127.0.0.1:6379
            at createConnectionError (node:net:1678:14)
            at afterConnectMultiple (node:net:1708:16) {
          errno: -4078,
          code: 'ECONNREFUSED',
          syscall: 'connect',
          address: '127.0.0.1',
          port: 6379
        }
      ]
    }

    [0m [90m 34 |[39m redisClient[33m.[39mon([32m'error'[39m[33m,[39m (err) [33m=>[39m {
     [90m 35 |[39m   [36mif[39m (process[33m.[39menv[33m.[39m[33mNODE_ENV[39m [33m!==[39m [32m'test'[39m) {
    [31m[1m>[22m[39m[90m 36 |[39m     console[33m.[39merror([32m'[DB] Redis Client Error'[39m[33m,[39m err)[33m;[39m
     [90m    |[39m             [31m[1m^[22m[39m
     [90m 37 |[39m   }
     [90m 38 |[39m })[33m;[39m
     [90m 39 |[39m[0m

      at Class.error (server/config/database.js:36:13)
      at RedisSocket.<anonymous> (node_modules/@redis/client/lib/client/index.ts:796:12)
      at RedisSocket.#connect (node_modules/@redis/client/lib/client/socket.ts:246:14)
      at Class.connect (node_modules/@redis/client/lib/client/index.ts:961:5)
      at connectRedis (server/config/database.js:42:5)
      at server/app.js:79:5

  console.error
    [DB] Redis Client Error AggregateError: 
        at internalConnectMultiple (node:net:1134:18)
        at afterConnectMultiple (node:net:1715:7) {
      code: 'ECONNREFUSED',
      [errors]: [
        Error: connect ECONNREFUSED ::1:6379
            at createConnectionError (node:net:1678:14)
            at afterConnectMultiple (node:net:1708:16) {
          errno: -4078,
          code: 'ECONNREFUSED',
          syscall: 'connect',
          address: '::1',
          port: 6379
        },
        Error: connect ECONNREFUSED 127.0.0.1:6379
            at createConnectionError (node:net:1678:14)
            at afterConnectMultiple (node:net:1708:16) {
          errno: -4078,
          code: 'ECONNREFUSED',
          syscall: 'connect',
          address: '127.0.0.1',
          port: 6379
        }
      ]
    }

    [0m [90m 34 |[39m redisClient[33m.[39mon([32m'error'[39m[33m,[39m (err) [33m=>[39m {
     [90m 35 |[39m   [36mif[39m (process[33m.[39menv[33m.[39m[33mNODE_ENV[39m [33m!==[39m [32m'test'[39m) {
    [31m[1m>[22m[39m[90m 36 |[39m     console[33m.[39merror([32m'[DB] Redis Client Error'[39m[33m,[39m err)[33m;[39m
     [90m    |[39m             [31m[1m^[22m[39m
     [90m 37 |[39m   }
     [90m 38 |[39m })[33m;[39m
     [90m 39 |[39m[0m

      at Class.error (server/config/database.js:36:13)
      at RedisSocket.<anonymous> (node_modules/@redis/client/lib/client/index.ts:796:12)
      at RedisSocket.#connect (node_modules/@redis/client/lib/client/socket.ts:246:14)
      at Class.connect (node_modules/@redis/client/lib/client/index.ts:961:5)
      at connectRedis (server/config/database.js:42:5)
      at server/app.js:79:5

  console.error
    [DB] Redis Client Error AggregateError: 
        at internalConnectMultiple (node:net:1134:18)
        at afterConnectMultiple (node:net:1715:7) {
      code: 'ECONNREFUSED',
      [errors]: [
        Error: connect ECONNREFUSED ::1:6379
            at createConnectionError (node:net:1678:14)
            at afterConnectMultiple (node:net:1708:16) {
          errno: -4078,
          code: 'ECONNREFUSED',
          syscall: 'connect',
          address: '::1',
          port: 6379
        },
        Error: connect ECONNREFUSED 127.0.0.1:6379
            at createConnectionError (node:net:1678:14)
            at afterConnectMultiple (node:net:1708:16) {
          errno: -4078,
          code: 'ECONNREFUSED',
          syscall: 'connect',
          address: '127.0.0.1',
          port: 6379
        }
      ]
    }

    [0m [90m 34 |[39m redisClient[33m.[39mon([32m'error'[39m[33m,[39m (err) [33m=>[39m {
     [90m 35 |[39m   [36mif[39m (process[33m.[39menv[33m.[39m[33mNODE_ENV[39m [33m!==[39m [32m'test'[39m) {
    [31m[1m>[22m[39m[90m 36 |[39m     console[33m.[39merror([32m'[DB] Redis Client Error'[39m[33m,[39m err)[33m;[39m
     [90m    |[39m             [31m[1m^[22m[39m
     [90m 37 |[39m   }
     [90m 38 |[39m })[33m;[39m
     [90m 39 |[39m[0m

      at Class.error (server/config/database.js:36:13)
      at RedisSocket.<anonymous> (node_modules/@redis/client/lib/client/index.ts:796:12)
      at RedisSocket.#connect (node_modules/@redis/client/lib/client/socket.ts:246:14)
      at Class.connect (node_modules/@redis/client/lib/client/index.ts:961:5)
      at connectRedis (server/config/database.js:42:5)
      at server/app.js:79:5

  console.error
    [DB] Redis Client Error AggregateError: 
        at internalConnectMultiple (node:net:1134:18)
        at afterConnectMultiple (node:net:1715:7) {
      code: 'ECONNREFUSED',
      [errors]: [
        Error: connect ECONNREFUSED ::1:6379
            at createConnectionError (node:net:1678:14)
            at afterConnectMultiple (node:net:1708:16) {
          errno: -4078,
          code: 'ECONNREFUSED',
          syscall: 'connect',
          address: '::1',
          port: 6379
        },
        Error: connect ECONNREFUSED 127.0.0.1:6379
            at createConnectionError (node:net:1678:14)
            at afterConnectMultiple (node:net:1708:16) {
          errno: -4078,
          code: 'ECONNREFUSED',
          syscall: 'connect',
          address: '127.0.0.1',
          port: 6379
        }
      ]
    }

    [0m [90m 34 |[39m redisClient[33m.[39mon([32m'error'[39m[33m,[39m (err) [33m=>[39m {
     [90m 35 |[39m   [36mif[39m (process[33m.[39menv[33m.[39m[33mNODE_ENV[39m [33m!==[39m [32m'test'[39m) {
    [31m[1m>[22m[39m[90m 36 |[39m     console[33m.[39merror([32m'[DB] Redis Client Error'[39m[33m,[39m err)[33m;[39m
     [90m    |[39m             [31m[1m^[22m[39m
     [90m 37 |[39m   }
     [90m 38 |[39m })[33m;[39m
     [90m 39 |[39m[0m

      at Class.error (server/config/database.js:36:13)
      at RedisSocket.<anonymous> (node_modules/@redis/client/lib/client/index.ts:796:12)
      at RedisSocket.#connect (node_modules/@redis/client/lib/client/socket.ts:246:14)
      at Class.connect (node_modules/@redis/client/lib/client/index.ts:961:5)
      at connectRedis (server/config/database.js:42:5)
      at server/app.js:79:5

  console.error
    [DB] Redis Client Error AggregateError: 
        at internalConnectMultiple (node:net:1134:18)
        at afterConnectMultiple (node:net:1715:7) {
      code: 'ECONNREFUSED',
      [errors]: [
        Error: connect ECONNREFUSED ::1:6379
            at createConnectionError (node:net:1678:14)
            at afterConnectMultiple (node:net:1708:16) {
          errno: -4078,
          code: 'ECONNREFUSED',
          syscall: 'connect',
          address: '::1',
          port: 6379
        },
        Error: connect ECONNREFUSED 127.0.0.1:6379
            at createConnectionError (node:net:1678:14)
            at afterConnectMultiple (node:net:1708:16) {
          errno: -4078,
          code: 'ECONNREFUSED',
          syscall: 'connect',
          address: '127.0.0.1',
          port: 6379
        }
      ]
    }

    [0m [90m 34 |[39m redisClient[33m.[39mon([32m'error'[39m[33m,[39m (err) [33m=>[39m {
     [90m 35 |[39m   [36mif[39m (process[33m.[39menv[33m.[39m[33mNODE_ENV[39m [33m!==[39m [32m'test'[39m) {
    [31m[1m>[22m[39m[90m 36 |[39m     console[33m.[39merror([32m'[DB] Redis Client Error'[39m[33m,[39m err)[33m;[39m
     [90m    |[39m             [31m[1m^[22m[39m
     [90m 37 |[39m   }
     [90m 38 |[39m })[33m;[39m
     [90m 39 |[39m[0m

      at Class.error (server/config/database.js:36:13)
      at RedisSocket.<anonymous> (node_modules/@redis/client/lib/client/index.ts:796:12)
      at RedisSocket.#connect (node_modules/@redis/client/lib/client/socket.ts:246:14)
      at Class.connect (node_modules/@redis/client/lib/client/index.ts:961:5)
      at connectRedis (server/config/database.js:42:5)
      at server/app.js:79:5

  console.error
    [DB] Redis Client Error AggregateError: 
        at internalConnectMultiple (node:net:1134:18)
        at afterConnectMultiple (node:net:1715:7) {
      code: 'ECONNREFUSED',
      [errors]: [
        Error: connect ECONNREFUSED ::1:6379
            at createConnectionError (node:net:1678:14)
            at afterConnectMultiple (node:net:1708:16) {
          errno: -4078,
          code: 'ECONNREFUSED',
          syscall: 'connect',
          address: '::1',
          port: 6379
        },
        Error: connect ECONNREFUSED 127.0.0.1:6379
            at createConnectionError (node:net:1678:14)
            at afterConnectMultiple (node:net:1708:16) {
          errno: -4078,
          code: 'ECONNREFUSED',
          syscall: 'connect',
          address: '127.0.0.1',
          port: 6379
        }
      ]
    }

    [0m [90m 34 |[39m redisClient[33m.[39mon([32m'error'[39m[33m,[39m (err) [33m=>[39m {
     [90m 35 |[39m   [36mif[39m (process[33m.[39menv[33m.[39m[33mNODE_ENV[39m [33m!==[39m [32m'test'[39m) {
    [31m[1m>[22m[39m[90m 36 |[39m     console[33m.[39merror([32m'[DB] Redis Client Error'[39m[33m,[39m err)[33m;[39m
     [90m    |[39m             [31m[1m^[22m[39m
     [90m 37 |[39m   }
     [90m 38 |[39m })[33m;[39m
     [90m 39 |[39m[0m

      at Class.error (server/config/database.js:36:13)
      at RedisSocket.<anonymous> (node_modules/@redis/client/lib/client/index.ts:796:12)
      at RedisSocket.#connect (node_modules/@redis/client/lib/client/socket.ts:246:14)
      at Class.connect (node_modules/@redis/client/lib/client/index.ts:961:5)
      at connectRedis (server/config/database.js:42:5)
      at server/app.js:79:5

  console.error
    [DB] Redis Client Error AggregateError: 
        at internalConnectMultiple (node:net:1134:18)
        at afterConnectMultiple (node:net:1715:7) {
      code: 'ECONNREFUSED',
      [errors]: [
        Error: connect ECONNREFUSED ::1:6379
            at createConnectionError (node:net:1678:14)
            at afterConnectMultiple (node:net:1708:16) {
          errno: -4078,
          code: 'ECONNREFUSED',
          syscall: 'connect',
          address: '::1',
          port: 6379
        },
        Error: connect ECONNREFUSED 127.0.0.1:6379
            at createConnectionError (node:net:1678:14)
            at afterConnectMultiple (node:net:1708:16) {
          errno: -4078,
          code: 'ECONNREFUSED',
          syscall: 'connect',
          address: '127.0.0.1',
          port: 6379
        }
      ]
    }

    [0m [90m 34 |[39m redisClient[33m.[39mon([32m'error'[39m[33m,[39m (err) [33m=>[39m {
     [90m 35 |[39m   [36mif[39m (process[33m.[39menv[33m.[39m[33mNODE_ENV[39m [33m!==[39m [32m'test'[39m) {
    [31m[1m>[22m[39m[90m 36 |[39m     console[33m.[39merror([32m'[DB] Redis Client Error'[39m[33m,[39m err)[33m;[39m
     [90m    |[39m             [31m[1m^[22m[39m
     [90m 37 |[39m   }
     [90m 38 |[39m })[33m;[39m
     [90m 39 |[39m[0m

      at Class.error (server/config/database.js:36:13)
      at RedisSocket.<anonymous> (node_modules/@redis/client/lib/client/index.ts:796:12)
      at RedisSocket.#connect (node_modules/@redis/client/lib/client/socket.ts:246:14)
      at Class.connect (node_modules/@redis/client/lib/client/index.ts:961:5)
      at connectRedis (server/config/database.js:42:5)
      at server/app.js:79:5

  console.error
    [DB] Redis Client Error AggregateError: 
        at internalConnectMultiple (node:net:1134:18)
        at afterConnectMultiple (node:net:1715:7) {
      code: 'ECONNREFUSED',
      [errors]: [
        Error: connect ECONNREFUSED ::1:6379
            at createConnectionError (node:net:1678:14)
            at afterConnectMultiple (node:net:1708:16) {
          errno: -4078,
          code: 'ECONNREFUSED',
          syscall: 'connect',
          address: '::1',
          port: 6379
        },
        Error: connect ECONNREFUSED 127.0.0.1:6379
            at createConnectionError (node:net:1678:14)
            at afterConnectMultiple (node:net:1708:16) {
          errno: -4078,
          code: 'ECONNREFUSED',
          syscall: 'connect',
          address: '127.0.0.1',
          port: 6379
        }
      ]
    }

    [0m [90m 34 |[39m redisClient[33m.[39mon([32m'error'[39m[33m,[39m (err) [33m=>[39m {
     [90m 35 |[39m   [36mif[39m (process[33m.[39menv[33m.[39m[33mNODE_ENV[39m [33m!==[39m [32m'test'[39m) {
    [31m[1m>[22m[39m[90m 36 |[39m     console[33m.[39merror([32m'[DB] Redis Client Error'[39m[33m,[39m err)[33m;[39m
     [90m    |[39m             [31m[1m^[22m[39m
     [90m 37 |[39m   }
     [90m 38 |[39m })[33m;[39m
     [90m 39 |[39m[0m

      at Class.error (server/config/database.js:36:13)
      at RedisSocket.<anonymous> (node_modules/@redis/client/lib/client/index.ts:796:12)
      at RedisSocket.#connect (node_modules/@redis/client/lib/client/socket.ts:246:14)
      at Class.connect (node_modules/@redis/client/lib/client/index.ts:961:5)
      at connectRedis (server/config/database.js:42:5)
      at server/app.js:79:5

  console.error
    [DB] Redis Client Error AggregateError: 
        at internalConnectMultiple (node:net:1134:18)
        at afterConnectMultiple (node:net:1715:7) {
      code: 'ECONNREFUSED',
      [errors]: [
        Error: connect ECONNREFUSED ::1:6379
            at createConnectionError (node:net:1678:14)
            at afterConnectMultiple (node:net:1708:16) {
          errno: -4078,
          code: 'ECONNREFUSED',
          syscall: 'connect',
          address: '::1',
          port: 6379
        },
        Error: connect ECONNREFUSED 127.0.0.1:6379
            at createConnectionError (node:net:1678:14)
            at afterConnectMultiple (node:net:1708:16) {
          errno: -4078,
          code: 'ECONNREFUSED',
          syscall: 'connect',
          address: '127.0.0.1',
          port: 6379
        }
      ]
    }

    [0m [90m 34 |[39m redisClient[33m.[39mon([32m'error'[39m[33m,[39m (err) [33m=>[39m {
     [90m 35 |[39m   [36mif[39m (process[33m.[39menv[33m.[39m[33mNODE_ENV[39m [33m!==[39m [32m'test'[39m) {
    [31m[1m>[22m[39m[90m 36 |[39m     console[33m.[39merror([32m'[DB] Redis Client Error'[39m[33m,[39m err)[33m;[39m
     [90m    |[39m             [31m[1m^[22m[39m
     [90m 37 |[39m   }
     [90m 38 |[39m })[33m;[39m
     [90m 39 |[39m[0m

      at Class.error (server/config/database.js:36:13)
      at RedisSocket.<anonymous> (node_modules/@redis/client/lib/client/index.ts:796:12)
      at RedisSocket.#connect (node_modules/@redis/client/lib/client/socket.ts:246:14)
      at Class.connect (node_modules/@redis/client/lib/client/index.ts:961:5)
      at connectRedis (server/config/database.js:42:5)
      at server/app.js:79:5

  console.error
    [DB] Redis Client Error AggregateError: 
        at internalConnectMultiple (node:net:1134:18)
        at afterConnectMultiple (node:net:1715:7) {
      code: 'ECONNREFUSED',
      [errors]: [
        Error: connect ECONNREFUSED ::1:6379
            at createConnectionError (node:net:1678:14)
            at afterConnectMultiple (node:net:1708:16) {
          errno: -4078,
          code: 'ECONNREFUSED',
          syscall: 'connect',
          address: '::1',
          port: 6379
        },
        Error: connect ECONNREFUSED 127.0.0.1:6379
            at createConnectionError (node:net:1678:14)
            at afterConnectMultiple (node:net:1708:16) {
          errno: -4078,
          code: 'ECONNREFUSED',
          syscall: 'connect',
          address: '127.0.0.1',
          port: 6379
        }
      ]
    }

    [0m [90m 34 |[39m redisClient[33m.[39mon([32m'error'[39m[33m,[39m (err) [33m=>[39m {
     [90m 35 |[39m   [36mif[39m (process[33m.[39menv[33m.[39m[33mNODE_ENV[39m [33m!==[39m [32m'test'[39m) {
    [31m[1m>[22m[39m[90m 36 |[39m     console[33m.[39merror([32m'[DB] Redis Client Error'[39m[33m,[39m err)[33m;[39m
     [90m    |[39m             [31m[1m^[22m[39m
     [90m 37 |[39m   }
     [90m 38 |[39m })[33m;[39m
     [90m 39 |[39m[0m

      at Class.error (server/config/database.js:36:13)
      at RedisSocket.<anonymous> (node_modules/@redis/client/lib/client/index.ts:796:12)
      at RedisSocket.#connect (node_modules/@redis/client/lib/client/socket.ts:246:14)
      at Class.connect (node_modules/@redis/client/lib/client/index.ts:961:5)
      at connectRedis (server/config/database.js:42:5)
      at server/app.js:79:5

  console.error
    [DB] Redis Client Error AggregateError: 
        at internalConnectMultiple (node:net:1134:18)
        at afterConnectMultiple (node:net:1715:7) {
      code: 'ECONNREFUSED',
      [errors]: [
        Error: connect ECONNREFUSED ::1:6379
            at createConnectionError (node:net:1678:14)
            at afterConnectMultiple (node:net:1708:16) {
          errno: -4078,
          code: 'ECONNREFUSED',
          syscall: 'connect',
          address: '::1',
          port: 6379
        },
        Error: connect ECONNREFUSED 127.0.0.1:6379
            at createConnectionError (node:net:1678:14)
            at afterConnectMultiple (node:net:1708:16) {
          errno: -4078,
          code: 'ECONNREFUSED',
          syscall: 'connect',
          address: '127.0.0.1',
          port: 6379
        }
      ]
    }

    [0m [90m 34 |[39m redisClient[33m.[39mon([32m'error'[39m[33m,[39m (err) [33m=>[39m {
     [90m 35 |[39m   [36mif[39m (process[33m.[39menv[33m.[39m[33mNODE_ENV[39m [33m!==[39m [32m'test'[39m) {
    [31m[1m>[22m[39m[90m 36 |[39m     console[33m.[39merror([32m'[DB] Redis Client Error'[39m[33m,[39m err)[33m;[39m
     [90m    |[39m             [31m[1m^[22m[39m
     [90m 37 |[39m   }
     [90m 38 |[39m })[33m;[39m
     [90m 39 |[39m[0m

      at Class.error (server/config/database.js:36:13)
      at RedisSocket.<anonymous> (node_modules/@redis/client/lib/client/index.ts:796:12)
      at RedisSocket.#connect (node_modules/@redis/client/lib/client/socket.ts:246:14)
      at Class.connect (node_modules/@redis/client/lib/client/index.ts:961:5)
      at connectRedis (server/config/database.js:42:5)
      at server/app.js:79:5

  console.error
    [DB] Redis Client Error AggregateError: 
        at internalConnectMultiple (node:net:1134:18)
        at afterConnectMultiple (node:net:1715:7) {
      code: 'ECONNREFUSED',
      [errors]: [
        Error: connect ECONNREFUSED ::1:6379
            at createConnectionError (node:net:1678:14)
            at afterConnectMultiple (node:net:1708:16) {
          errno: -4078,
          code: 'ECONNREFUSED',
          syscall: 'connect',
          address: '::1',
          port: 6379
        },
        Error: connect ECONNREFUSED 127.0.0.1:6379
            at createConnectionError (node:net:1678:14)
            at afterConnectMultiple (node:net:1708:16) {
          errno: -4078,
          code: 'ECONNREFUSED',
          syscall: 'connect',
          address: '127.0.0.1',
          port: 6379
        }
      ]
    }

    [0m [90m 34 |[39m redisClient[33m.[39mon([32m'error'[39m[33m,[39m (err) [33m=>[39m {
     [90m 35 |[39m   [36mif[39m (process[33m.[39menv[33m.[39m[33mNODE_ENV[39m [33m!==[39m [32m'test'[39m) {
    [31m[1m>[22m[39m[90m 36 |[39m     console[33m.[39merror([32m'[DB] Redis Client Error'[39m[33m,[39m err)[33m;[39m
     [90m    |[39m             [31m[1m^[22m[39m
     [90m 37 |[39m   }
     [90m 38 |[39m })[33m;[39m
     [90m 39 |[39m[0m

      at Class.error (server/config/database.js:36:13)
      at RedisSocket.<anonymous> (node_modules/@redis/client/lib/client/index.ts:796:12)
      at RedisSocket.#connect (node_modules/@redis/client/lib/client/socket.ts:246:14)
      at Class.connect (node_modules/@redis/client/lib/client/index.ts:961:5)
      at connectRedis (server/config/database.js:42:5)
      at server/app.js:79:5

  console.error
    [DB] Redis Client Error AggregateError: 
        at internalConnectMultiple (node:net:1134:18)
        at afterConnectMultiple (node:net:1715:7) {
      code: 'ECONNREFUSED',
      [errors]: [
        Error: connect ECONNREFUSED ::1:6379
            at createConnectionError (node:net:1678:14)
            at afterConnectMultiple (node:net:1708:16) {
          errno: -4078,
          code: 'ECONNREFUSED',
          syscall: 'connect',
          address: '::1',
          port: 6379
        },
        Error: connect ECONNREFUSED 127.0.0.1:6379
            at createConnectionError (node:net:1678:14)
            at afterConnectMultiple (node:net:1708:16) {
          errno: -4078,
          code: 'ECONNREFUSED',
          syscall: 'connect',
          address: '127.0.0.1',
          port: 6379
        }
      ]
    }

    [0m [90m 34 |[39m redisClient[33m.[39mon([32m'error'[39m[33m,[39m (err) [33m=>[39m {
     [90m 35 |[39m   [36mif[39m (process[33m.[39menv[33m.[39m[33mNODE_ENV[39m [33m!==[39m [32m'test'[39m) {
    [31m[1m>[22m[39m[90m 36 |[39m     console[33m.[39merror([32m'[DB] Redis Client Error'[39m[33m,[39m err)[33m;[39m
     [90m    |[39m             [31m[1m^[22m[39m
     [90m 37 |[39m   }
     [90m 38 |[39m })[33m;[39m
     [90m 39 |[39m[0m

      at Class.error (server/config/database.js:36:13)
      at RedisSocket.<anonymous> (node_modules/@redis/client/lib/client/index.ts:796:12)
      at RedisSocket.#connect (node_modules/@redis/client/lib/client/socket.ts:246:14)
      at Class.connect (node_modules/@redis/client/lib/client/index.ts:961:5)
      at connectRedis (server/config/database.js:42:5)
      at server/app.js:79:5

  console.error
    [DB] Redis Client Error AggregateError: 
        at internalConnectMultiple (node:net:1134:18)
        at afterConnectMultiple (node:net:1715:7) {
      code: 'ECONNREFUSED',
      [errors]: [
        Error: connect ECONNREFUSED ::1:6379
            at createConnectionError (node:net:1678:14)
            at afterConnectMultiple (node:net:1708:16) {
          errno: -4078,
          code: 'ECONNREFUSED',
          syscall: 'connect',
          address: '::1',
          port: 6379
        },
        Error: connect ECONNREFUSED 127.0.0.1:6379
            at createConnectionError (node:net:1678:14)
            at afterConnectMultiple (node:net:1708:16) {
          errno: -4078,
          code: 'ECONNREFUSED',
          syscall: 'connect',
          address: '127.0.0.1',
          port: 6379
        }
      ]
    }

    [0m [90m 34 |[39m redisClient[33m.[39mon([32m'error'[39m[33m,[39m (err) [33m=>[39m {
     [90m 35 |[39m   [36mif[39m (process[33m.[39menv[33m.[39m[33mNODE_ENV[39m [33m!==[39m [32m'test'[39m) {
    [31m[1m>[22m[39m[90m 36 |[39m     console[33m.[39merror([32m'[DB] Redis Client Error'[39m[33m,[39m err)[33m;[39m
     [90m    |[39m             [31m[1m^[22m[39m
     [90m 37 |[39m   }
     [90m 38 |[39m })[33m;[39m
     [90m 39 |[39m[0m

      at Class.error (server/config/database.js:36:13)
      at RedisSocket.<anonymous> (node_modules/@redis/client/lib/client/index.ts:796:12)
      at RedisSocket.#connect (node_modules/@redis/client/lib/client/socket.ts:246:14)
      at Class.connect (node_modules/@redis/client/lib/client/index.ts:961:5)
      at connectRedis (server/config/database.js:42:5)
      at server/app.js:79:5

  console.error
    [DB] Redis Client Error AggregateError: 
        at internalConnectMultiple (node:net:1134:18)
        at afterConnectMultiple (node:net:1715:7) {
      code: 'ECONNREFUSED',
      [errors]: [
        Error: connect ECONNREFUSED ::1:6379
            at createConnectionError (node:net:1678:14)
            at afterConnectMultiple (node:net:1708:16) {
          errno: -4078,
          code: 'ECONNREFUSED',
          syscall: 'connect',
          address: '::1',
          port: 6379
        },
        Error: connect ECONNREFUSED 127.0.0.1:6379
            at createConnectionError (node:net:1678:14)
            at afterConnectMultiple (node:net:1708:16) {
          errno: -4078,
          code: 'ECONNREFUSED',
          syscall: 'connect',
          address: '127.0.0.1',
          port: 6379
        }
      ]
    }

    [0m [90m 34 |[39m redisClient[33m.[39mon([32m'error'[39m[33m,[39m (err) [33m=>[39m {
     [90m 35 |[39m   [36mif[39m (process[33m.[39menv[33m.[39m[33mNODE_ENV[39m [33m!==[39m [32m'test'[39m) {
    [31m[1m>[22m[39m[90m 36 |[39m     console[33m.[39merror([32m'[DB] Redis Client Error'[39m[33m,[39m err)[33m;[39m
     [90m    |[39m             [31m[1m^[22m[39m
     [90m 37 |[39m   }
     [90m 38 |[39m })[33m;[39m
     [90m 39 |[39m[0m

      at Class.error (server/config/database.js:36:13)
      at RedisSocket.<anonymous> (node_modules/@redis/client/lib/client/index.ts:796:12)
      at RedisSocket.#connect (node_modules/@redis/client/lib/client/socket.ts:246:14)
      at Class.connect (node_modules/@redis/client/lib/client/index.ts:961:5)
      at connectRedis (server/config/database.js:42:5)
      at server/app.js:79:5

  console.error
    [DB] Redis Client Error AggregateError: 
        at internalConnectMultiple (node:net:1134:18)
        at afterConnectMultiple (node:net:1715:7) {
      code: 'ECONNREFUSED',
      [errors]: [
        Error: connect ECONNREFUSED ::1:6379
            at createConnectionError (node:net:1678:14)
            at afterConnectMultiple (node:net:1708:16) {
          errno: -4078,
          code: 'ECONNREFUSED',
          syscall: 'connect',
          address: '::1',
          port: 6379
        },
        Error: connect ECONNREFUSED 127.0.0.1:6379
            at createConnectionError (node:net:1678:14)
            at afterConnectMultiple (node:net:1708:16) {
          errno: -4078,
          code: 'ECONNREFUSED',
          syscall: 'connect',
          address: '127.0.0.1',
          port: 6379
        }
      ]
    }

    [0m [90m 34 |[39m redisClient[33m.[39mon([32m'error'[39m[33m,[39m (err) [33m=>[39m {
     [90m 35 |[39m   [36mif[39m (process[33m.[39menv[33m.[39m[33mNODE_ENV[39m [33m!==[39m [32m'test'[39m) {
    [31m[1m>[22m[39m[90m 36 |[39m     console[33m.[39merror([32m'[DB] Redis Client Error'[39m[33m,[39m err)[33m;[39m
     [90m    |[39m             [31m[1m^[22m[39m
     [90m 37 |[39m   }
     [90m 38 |[39m })[33m;[39m
     [90m 39 |[39m[0m

      at Class.error (server/config/database.js:36:13)
      at RedisSocket.<anonymous> (node_modules/@redis/client/lib/client/index.ts:796:12)
      at RedisSocket.#connect (node_modules/@redis/client/lib/client/socket.ts:246:14)
      at Class.connect (node_modules/@redis/client/lib/client/index.ts:961:5)
      at connectRedis (server/config/database.js:42:5)
      at server/app.js:79:5

  console.error
    [DB] Redis Client Error AggregateError: 
        at internalConnectMultiple (node:net:1134:18)
        at afterConnectMultiple (node:net:1715:7) {
      code: 'ECONNREFUSED',
      [errors]: [
        Error: connect ECONNREFUSED ::1:6379
            at createConnectionError (node:net:1678:14)
            at afterConnectMultiple (node:net:1708:16) {
          errno: -4078,
          code: 'ECONNREFUSED',
          syscall: 'connect',
          address: '::1',
          port: 6379
        },
        Error: connect ECONNREFUSED 127.0.0.1:6379
            at createConnectionError (node:net:1678:14)
            at afterConnectMultiple (node:net:1708:16) {
          errno: -4078,
          code: 'ECONNREFUSED',
          syscall: 'connect',
          address: '127.0.0.1',
          port: 6379
        }
      ]
    }

    [0m [90m 34 |[39m redisClient[33m.[39mon([32m'error'[39m[33m,[39m (err) [33m=>[39m {
     [90m 35 |[39m   [36mif[39m (process[33m.[39menv[33m.[39m[33mNODE_ENV[39m [33m!==[39m [32m'test'[39m) {
    [31m[1m>[22m[39m[90m 36 |[39m     console[33m.[39merror([32m'[DB] Redis Client Error'[39m[33m,[39m err)[33m;[39m
     [90m    |[39m             [31m[1m^[22m[39m
     [90m 37 |[39m   }
     [90m 38 |[39m })[33m;[39m
     [90m 39 |[39m[0m

      at Class.error (server/config/database.js:36:13)
      at RedisSocket.<anonymous> (node_modules/@redis/client/lib/client/index.ts:796:12)
      at RedisSocket.#connect (node_modules/@redis/client/lib/client/socket.ts:246:14)
      at Class.connect (node_modules/@redis/client/lib/client/index.ts:961:5)
      at connectRedis (server/config/database.js:42:5)
      at server/app.js:79:5

  console.error
    [DB] Redis Client Error AggregateError: 
        at internalConnectMultiple (node:net:1134:18)
        at afterConnectMultiple (node:net:1715:7) {
      code: 'ECONNREFUSED',
      [errors]: [
        Error: connect ECONNREFUSED ::1:6379
            at createConnectionError (node:net:1678:14)
            at afterConnectMultiple (node:net:1708:16) {
          errno: -4078,
          code: 'ECONNREFUSED',
          syscall: 'connect',
          address: '::1',
          port: 6379
        },
        Error: connect ECONNREFUSED 127.0.0.1:6379
            at createConnectionError (node:net:1678:14)
            at afterConnectMultiple (node:net:1708:16) {
          errno: -4078,
          code: 'ECONNREFUSED',
          syscall: 'connect',
          address: '127.0.0.1',
          port: 6379
        }
      ]
    }

    [0m [90m 34 |[39m redisClient[33m.[39mon([32m'error'[39m[33m,[39m (err) [33m=>[39m {
     [90m 35 |[39m   [36mif[39m (process[33m.[39menv[33m.[39m[33mNODE_ENV[39m [33m!==[39m [32m'test'[39m) {
    [31m[1m>[22m[39m[90m 36 |[39m     console[33m.[39merror([32m'[DB] Redis Client Error'[39m[33m,[39m err)[33m;[39m
     [90m    |[39m             [31m[1m^[22m[39m
     [90m 37 |[39m   }
     [90m 38 |[39m })[33m;[39m
     [90m 39 |[39m[0m

      at Class.error (server/config/database.js:36:13)
      at RedisSocket.<anonymous> (node_modules/@redis/client/lib/client/index.ts:796:12)
      at RedisSocket.#connect (node_modules/@redis/client/lib/client/socket.ts:246:14)
      at Class.connect (node_modules/@redis/client/lib/client/index.ts:961:5)
      at connectRedis (server/config/database.js:42:5)
      at server/app.js:79:5

  console.error
    [DB] Redis Client Error AggregateError: 
        at internalConnectMultiple (node:net:1134:18)
        at afterConnectMultiple (node:net:1715:7) {
      code: 'ECONNREFUSED',
      [errors]: [
        Error: connect ECONNREFUSED ::1:6379
            at createConnectionError (node:net:1678:14)
            at afterConnectMultiple (node:net:1708:16) {
          errno: -4078,
          code: 'ECONNREFUSED',
          syscall: 'connect',
          address: '::1',
          port: 6379
        },
        Error: connect ECONNREFUSED 127.0.0.1:6379
            at createConnectionError (node:net:1678:14)
            at afterConnectMultiple (node:net:1708:16) {
          errno: -4078,
          code: 'ECONNREFUSED',
          syscall: 'connect',
          address: '127.0.0.1',
          port: 6379
        }
      ]
    }

    [0m [90m 34 |[39m redisClient[33m.[39mon([32m'error'[39m[33m,[39m (err) [33m=>[39m {
     [90m 35 |[39m   [36mif[39m (process[33m.[39menv[33m.[39m[33mNODE_ENV[39m [33m!==[39m [32m'test'[39m) {
    [31m[1m>[22m[39m[90m 36 |[39m     console[33m.[39merror([32m'[DB] Redis Client Error'[39m[33m,[39m err)[33m;[39m
     [90m    |[39m             [31m[1m^[22m[39m
     [90m 37 |[39m   }
     [90m 38 |[39m })[33m;[39m
     [90m 39 |[39m[0m

      at Class.error (server/config/database.js:36:13)
      at RedisSocket.<anonymous> (node_modules/@redis/client/lib/client/index.ts:796:12)
      at RedisSocket.#connect (node_modules/@redis/client/lib/client/socket.ts:246:14)
      at Class.connect (node_modules/@redis/client/lib/client/index.ts:961:5)
      at connectRedis (server/config/database.js:42:5)
      at server/app.js:79:5

  console.error
    [DB] Redis Client Error AggregateError: 
        at internalConnectMultiple (node:net:1134:18)
        at afterConnectMultiple (node:net:1715:7) {
      code: 'ECONNREFUSED',
      [errors]: [
        Error: connect ECONNREFUSED ::1:6379
            at createConnectionError (node:net:1678:14)
            at afterConnectMultiple (node:net:1708:16) {
          errno: -4078,
          code: 'ECONNREFUSED',
          syscall: 'connect',
          address: '::1',
          port: 6379
        },
        Error: connect ECONNREFUSED 127.0.0.1:6379
            at createConnectionError (node:net:1678:14)
            at afterConnectMultiple (node:net:1708:16) {
          errno: -4078,
          code: 'ECONNREFUSED',
          syscall: 'connect',
          address: '127.0.0.1',
          port: 6379
        }
      ]
    }

    [0m [90m 34 |[39m redisClient[33m.[39mon([32m'error'[39m[33m,[39m (err) [33m=>[39m {
     [90m 35 |[39m   [36mif[39m (process[33m.[39menv[33m.[39m[33mNODE_ENV[39m [33m!==[39m [32m'test'[39m) {
    [31m[1m>[22m[39m[90m 36 |[39m     console[33m.[39merror([32m'[DB] Redis Client Error'[39m[33m,[39m err)[33m;[39m
     [90m    |[39m             [31m[1m^[22m[39m
     [90m 37 |[39m   }
     [90m 38 |[39m })[33m;[39m
     [90m 39 |[39m[0m

      at Class.error (server/config/database.js:36:13)
      at RedisSocket.<anonymous> (node_modules/@redis/client/lib/client/index.ts:796:12)
      at RedisSocket.#connect (node_modules/@redis/client/lib/client/socket.ts:246:14)
      at Class.connect (node_modules/@redis/client/lib/client/index.ts:961:5)
      at connectRedis (server/config/database.js:42:5)
      at server/app.js:79:5

  console.error
    [DB] Redis Client Error AggregateError: 
        at internalConnectMultiple (node:net:1134:18)
        at afterConnectMultiple (node:net:1715:7) {
      code: 'ECONNREFUSED',
      [errors]: [
        Error: connect ECONNREFUSED ::1:6379
            at createConnectionError (node:net:1678:14)
            at afterConnectMultiple (node:net:1708:16) {
          errno: -4078,
          code: 'ECONNREFUSED',
          syscall: 'connect',
          address: '::1',
          port: 6379
        },
        Error: connect ECONNREFUSED 127.0.0.1:6379
            at createConnectionError (node:net:1678:14)
            at afterConnectMultiple (node:net:1708:16) {
          errno: -4078,
          code: 'ECONNREFUSED',
          syscall: 'connect',
          address: '127.0.0.1',
          port: 6379
        }
      ]
    }

    [0m [90m 34 |[39m redisClient[33m.[39mon([32m'error'[39m[33m,[39m (err) [33m=>[39m {
     [90m 35 |[39m   [36mif[39m (process[33m.[39menv[33m.[39m[33mNODE_ENV[39m [33m!==[39m [32m'test'[39m) {
    [31m[1m>[22m[39m[90m 36 |[39m     console[33m.[39merror([32m'[DB] Redis Client Error'[39m[33m,[39m err)[33m;[39m
     [90m    |[39m             [31m[1m^[22m[39m
     [90m 37 |[39m   }
     [90m 38 |[39m })[33m;[39m
     [90m 39 |[39m[0m

      at Class.error (server/config/database.js:36:13)
      at RedisSocket.<anonymous> (node_modules/@redis/client/lib/client/index.ts:796:12)
      at RedisSocket.#connect (node_modules/@redis/client/lib/client/socket.ts:246:14)
      at Class.connect (node_modules/@redis/client/lib/client/index.ts:961:5)
      at connectRedis (server/config/database.js:42:5)
      at server/app.js:79:5

  console.error
    [DB] Redis Client Error AggregateError: 
        at internalConnectMultiple (node:net:1134:18)
        at afterConnectMultiple (node:net:1715:7) {
      code: 'ECONNREFUSED',
      [errors]: [
        Error: connect ECONNREFUSED ::1:6379
            at createConnectionError (node:net:1678:14)
            at afterConnectMultiple (node:net:1708:16) {
          errno: -4078,
          code: 'ECONNREFUSED',
          syscall: 'connect',
          address: '::1',
          port: 6379
        },
        Error: connect ECONNREFUSED 127.0.0.1:6379
            at createConnectionError (node:net:1678:14)
            at afterConnectMultiple (node:net:1708:16) {
          errno: -4078,
          code: 'ECONNREFUSED',
          syscall: 'connect',
          address: '127.0.0.1',
          port: 6379
        }
      ]
    }

    [0m [90m 34 |[39m redisClient[33m.[39mon([32m'error'[39m[33m,[39m (err) [33m=>[39m {
     [90m 35 |[39m   [36mif[39m (process[33m.[39menv[33m.[39m[33mNODE_ENV[39m [33m!==[39m [32m'test'[39m) {
    [31m[1m>[22m[39m[90m 36 |[39m     console[33m.[39merror([32m'[DB] Redis Client Error'[39m[33m,[39m err)[33m;[39m
     [90m    |[39m             [31m[1m^[22m[39m
     [90m 37 |[39m   }
     [90m 38 |[39m })[33m;[39m
     [90m 39 |[39m[0m

      at Class.error (server/config/database.js:36:13)
      at RedisSocket.<anonymous> (node_modules/@redis/client/lib/client/index.ts:796:12)
      at RedisSocket.#connect (node_modules/@redis/client/lib/client/socket.ts:246:14)
      at Class.connect (node_modules/@redis/client/lib/client/index.ts:961:5)
      at connectRedis (server/config/database.js:42:5)
      at server/app.js:79:5

  console.error
    [DB] Redis Client Error AggregateError: 
        at internalConnectMultiple (node:net:1134:18)
        at afterConnectMultiple (node:net:1715:7) {
      code: 'ECONNREFUSED',
      [errors]: [
        Error: connect ECONNREFUSED ::1:6379
            at createConnectionError (node:net:1678:14)
            at afterConnectMultiple (node:net:1708:16) {
          errno: -4078,
          code: 'ECONNREFUSED',
          syscall: 'connect',
          address: '::1',
          port: 6379
        },
        Error: connect ECONNREFUSED 127.0.0.1:6379
            at createConnectionError (node:net:1678:14)
            at afterConnectMultiple (node:net:1708:16) {
          errno: -4078,
          code: 'ECONNREFUSED',
          syscall: 'connect',
          address: '127.0.0.1',
          port: 6379
        }
      ]
    }

    [0m [90m 34 |[39m redisClient[33m.[39mon([32m'error'[39m[33m,[39m (err) [33m=>[39m {
     [90m 35 |[39m   [36mif[39m (process[33m.[39menv[33m.[39m[33mNODE_ENV[39m [33m!==[39m [32m'test'[39m) {
    [31m[1m>[22m[39m[90m 36 |[39m     console[33m.[39merror([32m'[DB] Redis Client Error'[39m[33m,[39m err)[33m;[39m
     [90m    |[39m             [31m[1m^[22m[39m
     [90m 37 |[39m   }
     [90m 38 |[39m })[33m;[39m
     [90m 39 |[39m[0m

      at Class.error (server/config/database.js:36:13)
      at RedisSocket.<anonymous> (node_modules/@redis/client/lib/client/index.ts:796:12)
      at RedisSocket.#connect (node_modules/@redis/client/lib/client/socket.ts:246:14)
      at Class.connect (node_modules/@redis/client/lib/client/index.ts:961:5)
      at connectRedis (server/config/database.js:42:5)
      at server/app.js:79:5

  console.error
    [DB] Redis Client Error AggregateError: 
        at internalConnectMultiple (node:net:1134:18)
        at afterConnectMultiple (node:net:1715:7) {
      code: 'ECONNREFUSED',
      [errors]: [
        Error: connect ECONNREFUSED ::1:6379
            at createConnectionError (node:net:1678:14)
            at afterConnectMultiple (node:net:1708:16) {
          errno: -4078,
          code: 'ECONNREFUSED',
          syscall: 'connect',
          address: '::1',
          port: 6379
        },
        Error: connect ECONNREFUSED 127.0.0.1:6379
            at createConnectionError (node:net:1678:14)
            at afterConnectMultiple (node:net:1708:16) {
          errno: -4078,
          code: 'ECONNREFUSED',
          syscall: 'connect',
          address: '127.0.0.1',
          port: 6379
        }
      ]
    }

    [0m [90m 34 |[39m redisClient[33m.[39mon([32m'error'[39m[33m,[39m (err) [33m=>[39m {
     [90m 35 |[39m   [36mif[39m (process[33m.[39menv[33m.[39m[33mNODE_ENV[39m [33m!==[39m [32m'test'[39m) {
    [31m[1m>[22m[39m[90m 36 |[39m     console[33m.[39merror([32m'[DB] Redis Client Error'[39m[33m,[39m err)[33m;[39m
     [90m    |[39m             [31m[1m^[22m[39m
     [90m 37 |[39m   }
     [90m 38 |[39m })[33m;[39m
     [90m 39 |[39m[0m

      at Class.error (server/config/database.js:36:13)
      at RedisSocket.<anonymous> (node_modules/@redis/client/lib/client/index.ts:796:12)
      at RedisSocket.#connect (node_modules/@redis/client/lib/client/socket.ts:246:14)
      at Class.connect (node_modules/@redis/client/lib/client/index.ts:961:5)
      at connectRedis (server/config/database.js:42:5)
      at server/app.js:79:5

  console.error
    [DB] Redis Client Error AggregateError: 
        at internalConnectMultiple (node:net:1134:18)
        at afterConnectMultiple (node:net:1715:7) {
      code: 'ECONNREFUSED',
      [errors]: [
        Error: connect ECONNREFUSED ::1:6379
            at createConnectionError (node:net:1678:14)
            at afterConnectMultiple (node:net:1708:16) {
          errno: -4078,
          code: 'ECONNREFUSED',
          syscall: 'connect',
          address: '::1',
          port: 6379
        },
        Error: connect ECONNREFUSED 127.0.0.1:6379
            at createConnectionError (node:net:1678:14)
            at afterConnectMultiple (node:net:1708:16) {
          errno: -4078,
          code: 'ECONNREFUSED',
          syscall: 'connect',
          address: '127.0.0.1',
          port: 6379
        }
      ]
    }

    [0m [90m 34 |[39m redisClient[33m.[39mon([32m'error'[39m[33m,[39m (err) [33m=>[39m {
     [90m 35 |[39m   [36mif[39m (process[33m.[39menv[33m.[39m[33mNODE_ENV[39m [33m!==[39m [32m'test'[39m) {
    [31m[1m>[22m[39m[90m 36 |[39m     console[33m.[39merror([32m'[DB] Redis Client Error'[39m[33m,[39m err)[33m;[39m
     [90m    |[39m             [31m[1m^[22m[39m
     [90m 37 |[39m   }
     [90m 38 |[39m })[33m;[39m
     [90m 39 |[39m[0m

      at Class.error (server/config/database.js:36:13)
      at RedisSocket.<anonymous> (node_modules/@redis/client/lib/client/index.ts:796:12)
      at RedisSocket.#connect (node_modules/@redis/client/lib/client/socket.ts:246:14)
      at Class.connect (node_modules/@redis/client/lib/client/index.ts:961:5)
      at connectRedis (server/config/database.js:42:5)
      at server/app.js:79:5

  console.error
    [DB] Redis Client Error AggregateError: 
        at internalConnectMultiple (node:net:1134:18)
        at afterConnectMultiple (node:net:1715:7) {
      code: 'ECONNREFUSED',
      [errors]: [
        Error: connect ECONNREFUSED ::1:6379
            at createConnectionError (node:net:1678:14)
            at afterConnectMultiple (node:net:1708:16) {
          errno: -4078,
          code: 'ECONNREFUSED',
          syscall: 'connect',
          address: '::1',
          port: 6379
        },
        Error: connect ECONNREFUSED 127.0.0.1:6379
            at createConnectionError (node:net:1678:14)
            at afterConnectMultiple (node:net:1708:16) {
          errno: -4078,
          code: 'ECONNREFUSED',
          syscall: 'connect',
          address: '127.0.0.1',
          port: 6379
        }
      ]
    }

    [0m [90m 34 |[39m redisClient[33m.[39mon([32m'error'[39m[33m,[39m (err) [33m=>[39m {
     [90m 35 |[39m   [36mif[39m (process[33m.[39menv[33m.[39m[33mNODE_ENV[39m [33m!==[39m [32m'test'[39m) {
    [31m[1m>[22m[39m[90m 36 |[39m     console[33m.[39merror([32m'[DB] Redis Client Error'[39m[33m,[39m err)[33m;[39m
     [90m    |[39m             [31m[1m^[22m[39m
     [90m 37 |[39m   }
     [90m 38 |[39m })[33m;[39m
     [90m 39 |[39m[0m

      at Class.error (server/config/database.js:36:13)
      at RedisSocket.<anonymous> (node_modules/@redis/client/lib/client/index.ts:796:12)
      at RedisSocket.#connect (node_modules/@redis/client/lib/client/socket.ts:246:14)
      at Class.connect (node_modules/@redis/client/lib/client/index.ts:961:5)
      at connectRedis (server/config/database.js:42:5)
      at server/app.js:79:5

  console.error
    [DB] Redis Client Error AggregateError: 
        at internalConnectMultiple (node:net:1134:18)
        at afterConnectMultiple (node:net:1715:7) {
      code: 'ECONNREFUSED',
      [errors]: [
        Error: connect ECONNREFUSED ::1:6379
            at createConnectionError (node:net:1678:14)
            at afterConnectMultiple (node:net:1708:16) {
          errno: -4078,
          code: 'ECONNREFUSED',
          syscall: 'connect',
          address: '::1',
          port: 6379
        },
        Error: connect ECONNREFUSED 127.0.0.1:6379
            at createConnectionError (node:net:1678:14)
            at afterConnectMultiple (node:net:1708:16) {
          errno: -4078,
          code: 'ECONNREFUSED',
          syscall: 'connect',
          address: '127.0.0.1',
          port: 6379
        }
      ]
    }

    [0m [90m 34 |[39m redisClient[33m.[39mon([32m'error'[39m[33m,[39m (err) [33m=>[39m {
     [90m 35 |[39m   [36mif[39m (process[33m.[39menv[33m.[39m[33mNODE_ENV[39m [33m!==[39m [32m'test'[39m) {
    [31m[1m>[22m[39m[90m 36 |[39m     console[33m.[39merror([32m'[DB] Redis Client Error'[39m[33m,[39m err)[33m;[39m
     [90m    |[39m             [31m[1m^[22m[39m
     [90m 37 |[39m   }
     [90m 38 |[39m })[33m;[39m
     [90m 39 |[39m[0m

      at Class.error (server/config/database.js:36:13)
      at RedisSocket.<anonymous> (node_modules/@redis/client/lib/client/index.ts:796:12)
      at RedisSocket.#connect (node_modules/@redis/client/lib/client/socket.ts:246:14)
      at Class.connect (node_modules/@redis/client/lib/client/index.ts:961:5)
      at connectRedis (server/config/database.js:42:5)
      at server/app.js:79:5

  console.error
    [DB] Redis Client Error AggregateError: 
        at internalConnectMultiple (node:net:1134:18)
        at afterConnectMultiple (node:net:1715:7) {
      code: 'ECONNREFUSED',
      [errors]: [
        Error: connect ECONNREFUSED ::1:6379
            at createConnectionError (node:net:1678:14)
            at afterConnectMultiple (node:net:1708:16) {
          errno: -4078,
          code: 'ECONNREFUSED',
          syscall: 'connect',
          address: '::1',
          port: 6379
        },
        Error: connect ECONNREFUSED 127.0.0.1:6379
            at createConnectionError (node:net:1678:14)
            at afterConnectMultiple (node:net:1708:16) {
          errno: -4078,
          code: 'ECONNREFUSED',
          syscall: 'connect',
          address: '127.0.0.1',
          port: 6379
        }
      ]
    }

    [0m [90m 34 |[39m redisClient[33m.[39mon([32m'error'[39m[33m,[39m (err) [33m=>[39m {
     [90m 35 |[39m   [36mif[39m (process[33m.[39menv[33m.[39m[33mNODE_ENV[39m [33m!==[39m [32m'test'[39m) {
    [31m[1m>[22m[39m[90m 36 |[39m     console[33m.[39merror([32m'[DB] Redis Client Error'[39m[33m,[39m err)[33m;[39m
     [90m    |[39m             [31m[1m^[22m[39m
     [90m 37 |[39m   }
     [90m 38 |[39m })[33m;[39m
     [90m 39 |[39m[0m

      at Class.error (server/config/database.js:36:13)
      at RedisSocket.<anonymous> (node_modules/@redis/client/lib/client/index.ts:796:12)
      at RedisSocket.#connect (node_modules/@redis/client/lib/client/socket.ts:246:14)
      at Class.connect (node_modules/@redis/client/lib/client/index.ts:961:5)
      at connectRedis (server/config/database.js:42:5)
      at server/app.js:79:5

  console.error
    [DB] Redis Client Error AggregateError: 
        at internalConnectMultiple (node:net:1134:18)
        at afterConnectMultiple (node:net:1715:7) {
      code: 'ECONNREFUSED',
      [errors]: [
        Error: connect ECONNREFUSED ::1:6379
            at createConnectionError (node:net:1678:14)
            at afterConnectMultiple (node:net:1708:16) {
          errno: -4078,
          code: 'ECONNREFUSED',
          syscall: 'connect',
          address: '::1',
          port: 6379
        },
        Error: connect ECONNREFUSED 127.0.0.1:6379
            at createConnectionError (node:net:1678:14)
            at afterConnectMultiple (node:net:1708:16) {
          errno: -4078,
          code: 'ECONNREFUSED',
          syscall: 'connect',
          address: '127.0.0.1',
          port: 6379
        }
      ]
    }

    [0m [90m 34 |[39m redisClient[33m.[39mon([32m'error'[39m[33m,[39m (err) [33m=>[39m {
     [90m 35 |[39m   [36mif[39m (process[33m.[39menv[33m.[39m[33mNODE_ENV[39m [33m!==[39m [32m'test'[39m) {
    [31m[1m>[22m[39m[90m 36 |[39m     console[33m.[39merror([32m'[DB] Redis Client Error'[39m[33m,[39m err)[33m;[39m
     [90m    |[39m             [31m[1m^[22m[39m
     [90m 37 |[39m   }
     [90m 38 |[39m })[33m;[39m
     [90m 39 |[39m[0m

      at Class.error (server/config/database.js:36:13)
      at RedisSocket.<anonymous> (node_modules/@redis/client/lib/client/index.ts:796:12)
      at RedisSocket.#connect (node_modules/@redis/client/lib/client/socket.ts:246:14)
      at Class.connect (node_modules/@redis/client/lib/client/index.ts:961:5)
      at connectRedis (server/config/database.js:42:5)
      at server/app.js:79:5

  console.error
    [DB] Redis Client Error AggregateError: 
        at internalConnectMultiple (node:net:1134:18)
        at afterConnectMultiple (node:net:1715:7) {
      code: 'ECONNREFUSED',
      [errors]: [
        Error: connect ECONNREFUSED ::1:6379
            at createConnectionError (node:net:1678:14)
            at afterConnectMultiple (node:net:1708:16) {
          errno: -4078,
          code: 'ECONNREFUSED',
          syscall: 'connect',
          address: '::1',
          port: 6379
        },
        Error: connect ECONNREFUSED 127.0.0.1:6379
            at createConnectionError (node:net:1678:14)
            at afterConnectMultiple (node:net:1708:16) {
          errno: -4078,
          code: 'ECONNREFUSED',
          syscall: 'connect',
          address: '127.0.0.1',
          port: 6379
        }
      ]
    }

    [0m [90m 34 |[39m redisClient[33m.[39mon([32m'error'[39m[33m,[39m (err) [33m=>[39m {
     [90m 35 |[39m   [36mif[39m (process[33m.[39menv[33m.[39m[33mNODE_ENV[39m [33m!==[39m [32m'test'[39m) {
    [31m[1m>[22m[39m[90m 36 |[39m     console[33m.[39merror([32m'[DB] Redis Client Error'[39m[33m,[39m err)[33m;[39m
     [90m    |[39m             [31m[1m^[22m[39m
     [90m 37 |[39m   }
     [90m 38 |[39m })[33m;[39m
     [90m 39 |[39m[0m

      at Class.error (server/config/database.js:36:13)
      at RedisSocket.<anonymous> (node_modules/@redis/client/lib/client/index.ts:796:12)
      at RedisSocket.#connect (node_modules/@redis/client/lib/client/socket.ts:246:14)
      at Class.connect (node_modules/@redis/client/lib/client/index.ts:961:5)
      at connectRedis (server/config/database.js:42:5)
      at server/app.js:79:5

  console.error
    [DB] Redis Client Error AggregateError: 
        at internalConnectMultiple (node:net:1134:18)
        at afterConnectMultiple (node:net:1715:7) {
      code: 'ECONNREFUSED',
      [errors]: [
        Error: connect ECONNREFUSED ::1:6379
            at createConnectionError (node:net:1678:14)
            at afterConnectMultiple (node:net:1708:16) {
          errno: -4078,
          code: 'ECONNREFUSED',
          syscall: 'connect',
          address: '::1',
          port: 6379
        },
        Error: connect ECONNREFUSED 127.0.0.1:6379
            at createConnectionError (node:net:1678:14)
            at afterConnectMultiple (node:net:1708:16) {
          errno: -4078,
          code: 'ECONNREFUSED',
          syscall: 'connect',
          address: '127.0.0.1',
          port: 6379
        }
      ]
    }

    [0m [90m 34 |[39m redisClient[33m.[39mon([32m'error'[39m[33m,[39m (err) [33m=>[39m {
     [90m 35 |[39m   [36mif[39m (process[33m.[39menv[33m.[39m[33mNODE_ENV[39m [33m!==[39m [32m'test'[39m) {
    [31m[1m>[22m[39m[90m 36 |[39m     console[33m.[39merror([32m'[DB] Redis Client Error'[39m[33m,[39m err)[33m;[39m
     [90m    |[39m             [31m[1m^[22m[39m
     [90m 37 |[39m   }
     [90m 38 |[39m })[33m;[39m
     [90m 39 |[39m[0m

      at Class.error (server/config/database.js:36:13)
      at RedisSocket.<anonymous> (node_modules/@redis/client/lib/client/index.ts:796:12)
      at RedisSocket.#connect (node_modules/@redis/client/lib/client/socket.ts:246:14)
      at Class.connect (node_modules/@redis/client/lib/client/index.ts:961:5)
      at connectRedis (server/config/database.js:42:5)
      at server/app.js:79:5

  console.error
    [DB] Redis Client Error AggregateError: 
        at internalConnectMultiple (node:net:1134:18)
        at afterConnectMultiple (node:net:1715:7) {
      code: 'ECONNREFUSED',
      [errors]: [
        Error: connect ECONNREFUSED ::1:6379
            at createConnectionError (node:net:1678:14)
            at afterConnectMultiple (node:net:1708:16) {
          errno: -4078,
          code: 'ECONNREFUSED',
          syscall: 'connect',
          address: '::1',
          port: 6379
        },
        Error: connect ECONNREFUSED 127.0.0.1:6379
            at createConnectionError (node:net:1678:14)
            at afterConnectMultiple (node:net:1708:16) {
          errno: -4078,
          code: 'ECONNREFUSED',
          syscall: 'connect',
          address: '127.0.0.1',
          port: 6379
        }
      ]
    }

    [0m [90m 34 |[39m redisClient[33m.[39mon([32m'error'[39m[33m,[39m (err) [33m=>[39m {
     [90m 35 |[39m   [36mif[39m (process[33m.[39menv[33m.[39m[33mNODE_ENV[39m [33m!==[39m [32m'test'[39m) {
    [31m[1m>[22m[39m[90m 36 |[39m     console[33m.[39merror([32m'[DB] Redis Client Error'[39m[33m,[39m err)[33m;[39m
     [90m    |[39m             [31m[1m^[22m[39m
     [90m 37 |[39m   }
     [90m 38 |[39m })[33m;[39m
     [90m 39 |[39m[0m

      at Class.error (server/config/database.js:36:13)
      at RedisSocket.<anonymous> (node_modules/@redis/client/lib/client/index.ts:796:12)
      at RedisSocket.#connect (node_modules/@redis/client/lib/client/socket.ts:246:14)
      at Class.connect (node_modules/@redis/client/lib/client/index.ts:961:5)
      at connectRedis (server/config/database.js:42:5)
      at server/app.js:79:5

  console.error
    [DB] Redis Client Error AggregateError: 
        at internalConnectMultiple (node:net:1134:18)
        at afterConnectMultiple (node:net:1715:7) {
      code: 'ECONNREFUSED',
      [errors]: [
        Error: connect ECONNREFUSED ::1:6379
            at createConnectionError (node:net:1678:14)
            at afterConnectMultiple (node:net:1708:16) {
          errno: -4078,
          code: 'ECONNREFUSED',
          syscall: 'connect',
          address: '::1',
          port: 6379
        },
        Error: connect ECONNREFUSED 127.0.0.1:6379
            at createConnectionError (node:net:1678:14)
            at afterConnectMultiple (node:net:1708:16) {
          errno: -4078,
          code: 'ECONNREFUSED',
          syscall: 'connect',
          address: '127.0.0.1',
          port: 6379
        }
      ]
    }

    [0m [90m 34 |[39m redisClient[33m.[39mon([32m'error'[39m[33m,[39m (err) [33m=>[39m {
     [90m 35 |[39m   [36mif[39m (process[33m.[39menv[33m.[39m[33mNODE_ENV[39m [33m!==[39m [32m'test'[39m) {
    [31m[1m>[22m[39m[90m 36 |[39m     console[33m.[39merror([32m'[DB] Redis Client Error'[39m[33m,[39m err)[33m;[39m
     [90m    |[39m             [31m[1m^[22m[39m
     [90m 37 |[39m   }
     [90m 38 |[39m })[33m;[39m
     [90m 39 |[39m[0m

      at Class.error (server/config/database.js:36:13)
      at RedisSocket.<anonymous> (node_modules/@redis/client/lib/client/index.ts:796:12)
      at RedisSocket.#connect (node_modules/@redis/client/lib/client/socket.ts:246:14)
      at Class.connect (node_modules/@redis/client/lib/client/index.ts:961:5)
      at connectRedis (server/config/database.js:42:5)
      at server/app.js:79:5

  console.error
    [DB] Redis Client Error AggregateError: 
        at internalConnectMultiple (node:net:1134:18)
        at afterConnectMultiple (node:net:1715:7) {
      code: 'ECONNREFUSED',
      [errors]: [
        Error: connect ECONNREFUSED ::1:6379
            at createConnectionError (node:net:1678:14)
            at afterConnectMultiple (node:net:1708:16) {
          errno: -4078,
          code: 'ECONNREFUSED',
          syscall: 'connect',
          address: '::1',
          port: 6379
        },
        Error: connect ECONNREFUSED 127.0.0.1:6379
            at createConnectionError (node:net:1678:14)
            at afterConnectMultiple (node:net:1708:16) {
          errno: -4078,
          code: 'ECONNREFUSED',
          syscall: 'connect',
          address: '127.0.0.1',
          port: 6379
        }
      ]
    }

    [0m [90m 34 |[39m redisClient[33m.[39mon([32m'error'[39m[33m,[39m (err) [33m=>[39m {
     [90m 35 |[39m   [36mif[39m (process[33m.[39menv[33m.[39m[33mNODE_ENV[39m [33m!==[39m [32m'test'[39m) {
    [31m[1m>[22m[39m[90m 36 |[39m     console[33m.[39merror([32m'[DB] Redis Client Error'[39m[33m,[39m err)[33m;[39m
     [90m    |[39m             [31m[1m^[22m[39m
     [90m 37 |[39m   }
     [90m 38 |[39m })[33m;[39m
     [90m 39 |[39m[0m

      at Class.error (server/config/database.js:36:13)
      at RedisSocket.<anonymous> (node_modules/@redis/client/lib/client/index.ts:796:12)
      at RedisSocket.#connect (node_modules/@redis/client/lib/client/socket.ts:246:14)
      at Class.connect (node_modules/@redis/client/lib/client/index.ts:961:5)
      at connectRedis (server/config/database.js:42:5)
      at server/app.js:79:5

  console.error
    [DB] Redis Client Error AggregateError: 
        at internalConnectMultiple (node:net:1134:18)
        at afterConnectMultiple (node:net:1715:7) {
      code: 'ECONNREFUSED',
      [errors]: [
        Error: connect ECONNREFUSED ::1:6379
            at createConnectionError (node:net:1678:14)
            at afterConnectMultiple (node:net:1708:16) {
          errno: -4078,
          code: 'ECONNREFUSED',
          syscall: 'connect',
          address: '::1',
          port: 6379
        },
        Error: connect ECONNREFUSED 127.0.0.1:6379
            at createConnectionError (node:net:1678:14)
            at afterConnectMultiple (node:net:1708:16) {
          errno: -4078,
          code: 'ECONNREFUSED',
          syscall: 'connect',
          address: '127.0.0.1',
          port: 6379
        }
      ]
    }

    [0m [90m 34 |[39m redisClient[33m.[39mon([32m'error'[39m[33m,[39m (err) [33m=>[39m {
     [90m 35 |[39m   [36mif[39m (process[33m.[39menv[33m.[39m[33mNODE_ENV[39m [33m!==[39m [32m'test'[39m) {
    [31m[1m>[22m[39m[90m 36 |[39m     console[33m.[39merror([32m'[DB] Redis Client Error'[39m[33m,[39m err)[33m;[39m
     [90m    |[39m             [31m[1m^[22m[39m
     [90m 37 |[39m   }
     [90m 38 |[39m })[33m;[39m
     [90m 39 |[39m[0m

      at Class.error (server/config/database.js:36:13)
      at RedisSocket.<anonymous> (node_modules/@redis/client/lib/client/index.ts:796:12)
      at RedisSocket.#connect (node_modules/@redis/client/lib/client/socket.ts:246:14)
      at Class.connect (node_modules/@redis/client/lib/client/index.ts:961:5)
      at connectRedis (server/config/database.js:42:5)
      at server/app.js:79:5

  console.error
    [DB] Redis Client Error AggregateError: 
        at internalConnectMultiple (node:net:1134:18)
        at afterConnectMultiple (node:net:1715:7) {
      code: 'ECONNREFUSED',
      [errors]: [
        Error: connect ECONNREFUSED ::1:6379
            at createConnectionError (node:net:1678:14)
            at afterConnectMultiple (node:net:1708:16) {
          errno: -4078,
          code: 'ECONNREFUSED',
          syscall: 'connect',
          address: '::1',
          port: 6379
        },
        Error: connect ECONNREFUSED 127.0.0.1:6379
            at createConnectionError (node:net:1678:14)
            at afterConnectMultiple (node:net:1708:16) {
          errno: -4078,
          code: 'ECONNREFUSED',
          syscall: 'connect',
          address: '127.0.0.1',
          port: 6379
        }
      ]
    }

    [0m [90m 34 |[39m redisClient[33m.[39mon([32m'error'[39m[33m,[39m (err) [33m=>[39m {
     [90m 35 |[39m   [36mif[39m (process[33m.[39menv[33m.[39m[33mNODE_ENV[39m [33m!==[39m [32m'test'[39m) {
    [31m[1m>[22m[39m[90m 36 |[39m     console[33m.[39merror([32m'[DB] Redis Client Error'[39m[33m,[39m err)[33m;[39m
     [90m    |[39m             [31m[1m^[22m[39m
     [90m 37 |[39m   }
     [90m 38 |[39m })[33m;[39m
     [90m 39 |[39m[0m

      at Class.error (server/config/database.js:36:13)
      at RedisSocket.<anonymous> (node_modules/@redis/client/lib/client/index.ts:796:12)
      at RedisSocket.#connect (node_modules/@redis/client/lib/client/socket.ts:246:14)
      at Class.connect (node_modules/@redis/client/lib/client/index.ts:961:5)
      at connectRedis (server/config/database.js:42:5)
      at server/app.js:79:5

  console.error
    [DB] Redis Client Error AggregateError: 
        at internalConnectMultiple (node:net:1134:18)
        at afterConnectMultiple (node:net:1715:7) {
      code: 'ECONNREFUSED',
      [errors]: [
        Error: connect ECONNREFUSED ::1:6379
            at createConnectionError (node:net:1678:14)
            at afterConnectMultiple (node:net:1708:16) {
          errno: -4078,
          code: 'ECONNREFUSED',
          syscall: 'connect',
          address: '::1',
          port: 6379
        },
        Error: connect ECONNREFUSED 127.0.0.1:6379
            at createConnectionError (node:net:1678:14)
            at afterConnectMultiple (node:net:1708:16) {
          errno: -4078,
          code: 'ECONNREFUSED',
          syscall: 'connect',
          address: '127.0.0.1',
          port: 6379
        }
      ]
    }

    [0m [90m 34 |[39m redisClient[33m.[39mon([32m'error'[39m[33m,[39m (err) [33m=>[39m {
     [90m 35 |[39m   [36mif[39m (process[33m.[39menv[33m.[39m[33mNODE_ENV[39m [33m!==[39m [32m'test'[39m) {
    [31m[1m>[22m[39m[90m 36 |[39m     console[33m.[39merror([32m'[DB] Redis Client Error'[39m[33m,[39m err)[33m;[39m
     [90m    |[39m             [31m[1m^[22m[39m
     [90m 37 |[39m   }
     [90m 38 |[39m })[33m;[39m
     [90m 39 |[39m[0m

      at Class.error (server/config/database.js:36:13)
      at RedisSocket.<anonymous> (node_modules/@redis/client/lib/client/index.ts:796:12)
      at RedisSocket.#connect (node_modules/@redis/client/lib/client/socket.ts:246:14)
      at Class.connect (node_modules/@redis/client/lib/client/index.ts:961:5)
      at connectRedis (server/config/database.js:42:5)
      at server/app.js:79:5

  console.error
    [DB] Redis Client Error AggregateError: 
        at internalConnectMultiple (node:net:1134:18)
        at afterConnectMultiple (node:net:1715:7) {
      code: 'ECONNREFUSED',
      [errors]: [
        Error: connect ECONNREFUSED ::1:6379
            at createConnectionError (node:net:1678:14)
            at afterConnectMultiple (node:net:1708:16) {
          errno: -4078,
          code: 'ECONNREFUSED',
          syscall: 'connect',
          address: '::1',
          port: 6379
        },
        Error: connect ECONNREFUSED 127.0.0.1:6379
            at createConnectionError (node:net:1678:14)
            at afterConnectMultiple (node:net:1708:16) {
          errno: -4078,
          code: 'ECONNREFUSED',
          syscall: 'connect',
          address: '127.0.0.1',
          port: 6379
        }
      ]
    }

    [0m [90m 34 |[39m redisClient[33m.[39mon([32m'error'[39m[33m,[39m (err) [33m=>[39m {
     [90m 35 |[39m   [36mif[39m (process[33m.[39menv[33m.[39m[33mNODE_ENV[39m [33m!==[39m [32m'test'[39m) {
    [31m[1m>[22m[39m[90m 36 |[39m     console[33m.[39merror([32m'[DB] Redis Client Error'[39m[33m,[39m err)[33m;[39m
     [90m    |[39m             [31m[1m^[22m[39m
     [90m 37 |[39m   }
     [90m 38 |[39m })[33m;[39m
     [90m 39 |[39m[0m

      at Class.error (server/config/database.js:36:13)
      at RedisSocket.<anonymous> (node_modules/@redis/client/lib/client/index.ts:796:12)
      at RedisSocket.#connect (node_modules/@redis/client/lib/client/socket.ts:246:14)
      at Class.connect (node_modules/@redis/client/lib/client/index.ts:961:5)
      at connectRedis (server/config/database.js:42:5)
      at server/app.js:79:5

  console.error
    [DB] Redis Client Error AggregateError: 
        at internalConnectMultiple (node:net:1134:18)
        at afterConnectMultiple (node:net:1715:7) {
      code: 'ECONNREFUSED',
      [errors]: [
        Error: connect ECONNREFUSED ::1:6379
            at createConnectionError (node:net:1678:14)
            at afterConnectMultiple (node:net:1708:16) {
          errno: -4078,
          code: 'ECONNREFUSED',
          syscall: 'connect',
          address: '::1',
          port: 6379
        },
        Error: connect ECONNREFUSED 127.0.0.1:6379
            at createConnectionError (node:net:1678:14)
            at afterConnectMultiple (node:net:1708:16) {
          errno: -4078,
          code: 'ECONNREFUSED',
          syscall: 'connect',
          address: '127.0.0.1',
          port: 6379
        }
      ]
    }

    [0m [90m 34 |[39m redisClient[33m.[39mon([32m'error'[39m[33m,[39m (err) [33m=>[39m {
     [90m 35 |[39m   [36mif[39m (process[33m.[39menv[33m.[39m[33mNODE_ENV[39m [33m!==[39m [32m'test'[39m) {
    [31m[1m>[22m[39m[90m 36 |[39m     console[33m.[39merror([32m'[DB] Redis Client Error'[39m[33m,[39m err)[33m;[39m
     [90m    |[39m             [31m[1m^[22m[39m
     [90m 37 |[39m   }
     [90m 38 |[39m })[33m;[39m
     [90m 39 |[39m[0m

      at Class.error (server/config/database.js:36:13)
      at RedisSocket.<anonymous> (node_modules/@redis/client/lib/client/index.ts:796:12)
      at RedisSocket.#connect (node_modules/@redis/client/lib/client/socket.ts:246:14)
      at Class.connect (node_modules/@redis/client/lib/client/index.ts:961:5)
      at connectRedis (server/config/database.js:42:5)
      at server/app.js:79:5

  console.error
    [DB] Redis Client Error AggregateError: 
        at internalConnectMultiple (node:net:1134:18)
        at afterConnectMultiple (node:net:1715:7) {
      code: 'ECONNREFUSED',
      [errors]: [
        Error: connect ECONNREFUSED ::1:6379
            at createConnectionError (node:net:1678:14)
            at afterConnectMultiple (node:net:1708:16) {
          errno: -4078,
          code: 'ECONNREFUSED',
          syscall: 'connect',
          address: '::1',
          port: 6379
        },
        Error: connect ECONNREFUSED 127.0.0.1:6379
            at createConnectionError (node:net:1678:14)
            at afterConnectMultiple (node:net:1708:16) {
          errno: -4078,
          code: 'ECONNREFUSED',
          syscall: 'connect',
          address: '127.0.0.1',
          port: 6379
        }
      ]
    }

    [0m [90m 34 |[39m redisClient[33m.[39mon([32m'error'[39m[33m,[39m (err) [33m=>[39m {
     [90m 35 |[39m   [36mif[39m (process[33m.[39menv[33m.[39m[33mNODE_ENV[39m [33m!==[39m [32m'test'[39m) {
    [31m[1m>[22m[39m[90m 36 |[39m     console[33m.[39merror([32m'[DB] Redis Client Error'[39m[33m,[39m err)[33m;[39m
     [90m    |[39m             [31m[1m^[22m[39m
     [90m 37 |[39m   }
     [90m 38 |[39m })[33m;[39m
     [90m 39 |[39m[0m

      at Class.error (server/config/database.js:36:13)
      at RedisSocket.<anonymous> (node_modules/@redis/client/lib/client/index.ts:796:12)
      at RedisSocket.#connect (node_modules/@redis/client/lib/client/socket.ts:246:14)
      at Class.connect (node_modules/@redis/client/lib/client/index.ts:961:5)
      at connectRedis (server/config/database.js:42:5)
      at server/app.js:79:5

  console.error
    [DB] Redis Client Error AggregateError: 
        at internalConnectMultiple (node:net:1134:18)
        at afterConnectMultiple (node:net:1715:7) {
      code: 'ECONNREFUSED',
      [errors]: [
        Error: connect ECONNREFUSED ::1:6379
            at createConnectionError (node:net:1678:14)
            at afterConnectMultiple (node:net:1708:16) {
          errno: -4078,
          code: 'ECONNREFUSED',
          syscall: 'connect',
          address: '::1',
          port: 6379
        },
        Error: connect ECONNREFUSED 127.0.0.1:6379
            at createConnectionError (node:net:1678:14)
            at afterConnectMultiple (node:net:1708:16) {
          errno: -4078,
          code: 'ECONNREFUSED',
          syscall: 'connect',
          address: '127.0.0.1',
          port: 6379
        }
      ]
    }

    [0m [90m 34 |[39m redisClient[33m.[39mon([32m'error'[39m[33m,[39m (err) [33m=>[39m {
     [90m 35 |[39m   [36mif[39m (process[33m.[39menv[33m.[39m[33mNODE_ENV[39m [33m!==[39m [32m'test'[39m) {
    [31m[1m>[22m[39m[90m 36 |[39m     console[33m.[39merror([32m'[DB] Redis Client Error'[39m[33m,[39m err)[33m;[39m
     [90m    |[39m             [31m[1m^[22m[39m
     [90m 37 |[39m   }
     [90m 38 |[39m })[33m;[39m
     [90m 39 |[39m[0m

      at Class.error (server/config/database.js:36:13)
      at RedisSocket.<anonymous> (node_modules/@redis/client/lib/client/index.ts:796:12)
      at RedisSocket.#connect (node_modules/@redis/client/lib/client/socket.ts:246:14)
      at Class.connect (node_modules/@redis/client/lib/client/index.ts:961:5)
      at connectRedis (server/config/database.js:42:5)
      at server/app.js:79:5

  console.error
    [DB] Redis Client Error AggregateError: 
        at internalConnectMultiple (node:net:1134:18)
        at afterConnectMultiple (node:net:1715:7) {
      code: 'ECONNREFUSED',
      [errors]: [
        Error: connect ECONNREFUSED ::1:6379
            at createConnectionError (node:net:1678:14)
            at afterConnectMultiple (node:net:1708:16) {
          errno: -4078,
          code: 'ECONNREFUSED',
          syscall: 'connect',
          address: '::1',
          port: 6379
        },
        Error: connect ECONNREFUSED 127.0.0.1:6379
            at createConnectionError (node:net:1678:14)
            at afterConnectMultiple (node:net:1708:16) {
          errno: -4078,
          code: 'ECONNREFUSED',
          syscall: 'connect',
          address: '127.0.0.1',
          port: 6379
        }
      ]
    }

    [0m [90m 34 |[39m redisClient[33m.[39mon([32m'error'[39m[33m,[39m (err) [33m=>[39m {
     [90m 35 |[39m   [36mif[39m (process[33m.[39menv[33m.[39m[33mNODE_ENV[39m [33m!==[39m [32m'test'[39m) {
    [31m[1m>[22m[39m[90m 36 |[39m     console[33m.[39merror([32m'[DB] Redis Client Error'[39m[33m,[39m err)[33m;[39m
     [90m    |[39m             [31m[1m^[22m[39m
     [90m 37 |[39m   }
     [90m 38 |[39m })[33m;[39m
     [90m 39 |[39m[0m

      at Class.error (server/config/database.js:36:13)
      at RedisSocket.<anonymous> (node_modules/@redis/client/lib/client/index.ts:796:12)
      at RedisSocket.#connect (node_modules/@redis/client/lib/client/socket.ts:246:14)
      at Class.connect (node_modules/@redis/client/lib/client/index.ts:961:5)
      at connectRedis (server/config/database.js:42:5)
      at server/app.js:79:5

  console.error
    [DB] Redis Client Error AggregateError: 
        at internalConnectMultiple (node:net:1134:18)
        at afterConnectMultiple (node:net:1715:7) {
      code: 'ECONNREFUSED',
      [errors]: [
        Error: connect ECONNREFUSED ::1:6379
            at createConnectionError (node:net:1678:14)
            at afterConnectMultiple (node:net:1708:16) {
          errno: -4078,
          code: 'ECONNREFUSED',
          syscall: 'connect',
          address: '::1',
          port: 6379
        },
        Error: connect ECONNREFUSED 127.0.0.1:6379
            at createConnectionError (node:net:1678:14)
            at afterConnectMultiple (node:net:1708:16) {
          errno: -4078,
          code: 'ECONNREFUSED',
          syscall: 'connect',
          address: '127.0.0.1',
          port: 6379
        }
      ]
    }

    [0m [90m 34 |[39m redisClient[33m.[39mon([32m'error'[39m[33m,[39m (err) [33m=>[39m {
     [90m 35 |[39m   [36mif[39m (process[33m.[39menv[33m.[39m[33mNODE_ENV[39m [33m!==[39m [32m'test'[39m) {
    [31m[1m>[22m[39m[90m 36 |[39m     console[33m.[39merror([32m'[DB] Redis Client Error'[39m[33m,[39m err)[33m;[39m
     [90m    |[39m             [31m[1m^[22m[39m
     [90m 37 |[39m   }
     [90m 38 |[39m })[33m;[39m
     [90m 39 |[39m[0m

      at Class.error (server/config/database.js:36:13)
      at RedisSocket.<anonymous> (node_modules/@redis/client/lib/client/index.ts:796:12)
      at RedisSocket.#connect (node_modules/@redis/client/lib/client/socket.ts:246:14)
      at Class.connect (node_modules/@redis/client/lib/client/index.ts:961:5)
      at connectRedis (server/config/database.js:42:5)
      at server/app.js:79:5

  console.error
    [DB] Redis Client Error AggregateError: 
        at internalConnectMultiple (node:net:1134:18)
        at afterConnectMultiple (node:net:1715:7) {
      code: 'ECONNREFUSED',
      [errors]: [
        Error: connect ECONNREFUSED ::1:6379
            at createConnectionError (node:net:1678:14)
            at afterConnectMultiple (node:net:1708:16) {
          errno: -4078,
          code: 'ECONNREFUSED',
          syscall: 'connect',
          address: '::1',
          port: 6379
        },
        Error: connect ECONNREFUSED 127.0.0.1:6379
            at createConnectionError (node:net:1678:14)
            at afterConnectMultiple (node:net:1708:16) {
          errno: -4078,
          code: 'ECONNREFUSED',
          syscall: 'connect',
          address: '127.0.0.1',
          port: 6379
        }
      ]
    }

    [0m [90m 34 |[39m redisClient[33m.[39mon([32m'error'[39m[33m,[39m (err) [33m=>[39m {
     [90m 35 |[39m   [36mif[39m (process[33m.[39menv[33m.[39m[33mNODE_ENV[39m [33m!==[39m [32m'test'[39m) {
    [31m[1m>[22m[39m[90m 36 |[39m     console[33m.[39merror([32m'[DB] Redis Client Error'[39m[33m,[39m err)[33m;[39m
     [90m    |[39m             [31m[1m^[22m[39m
     [90m 37 |[39m   }
     [90m 38 |[39m })[33m;[39m
     [90m 39 |[39m[0m

      at Class.error (server/config/database.js:36:13)
      at RedisSocket.<anonymous> (node_modules/@redis/client/lib/client/index.ts:796:12)
      at RedisSocket.#connect (node_modules/@redis/client/lib/client/socket.ts:246:14)
      at Class.connect (node_modules/@redis/client/lib/client/index.ts:961:5)
      at connectRedis (server/config/database.js:42:5)
      at server/app.js:79:5

  console.error
    [DB] Redis Client Error AggregateError: 
        at internalConnectMultiple (node:net:1134:18)
        at afterConnectMultiple (node:net:1715:7) {
      code: 'ECONNREFUSED',
      [errors]: [
        Error: connect ECONNREFUSED ::1:6379
            at createConnectionError (node:net:1678:14)
            at afterConnectMultiple (node:net:1708:16) {
          errno: -4078,
          code: 'ECONNREFUSED',
          syscall: 'connect',
          address: '::1',
          port: 6379
        },
        Error: connect ECONNREFUSED 127.0.0.1:6379
            at createConnectionError (node:net:1678:14)
            at afterConnectMultiple (node:net:1708:16) {
          errno: -4078,
          code: 'ECONNREFUSED',
          syscall: 'connect',
          address: '127.0.0.1',
          port: 6379
        }
      ]
    }

    [0m [90m 34 |[39m redisClient[33m.[39mon([32m'error'[39m[33m,[39m (err) [33m=>[39m {
     [90m 35 |[39m   [36mif[39m (process[33m.[39menv[33m.[39m[33mNODE_ENV[39m [33m!==[39m [32m'test'[39m) {
    [31m[1m>[22m[39m[90m 36 |[39m     console[33m.[39merror([32m'[DB] Redis Client Error'[39m[33m,[39m err)[33m;[39m
     [90m    |[39m             [31m[1m^[22m[39m
     [90m 37 |[39m   }
     [90m 38 |[39m })[33m;[39m
     [90m 39 |[39m[0m

      at Class.error (server/config/database.js:36:13)
      at RedisSocket.<anonymous> (node_modules/@redis/client/lib/client/index.ts:796:12)
      at RedisSocket.#connect (node_modules/@redis/client/lib/client/socket.ts:246:14)
      at Class.connect (node_modules/@redis/client/lib/client/index.ts:961:5)
      at connectRedis (server/config/database.js:42:5)
      at server/app.js:79:5

  console.error
    [DB] Redis Client Error AggregateError: 
        at internalConnectMultiple (node:net:1134:18)
        at afterConnectMultiple (node:net:1715:7) {
      code: 'ECONNREFUSED',
      [errors]: [
        Error: connect ECONNREFUSED ::1:6379
            at createConnectionError (node:net:1678:14)
            at afterConnectMultiple (node:net:1708:16) {
          errno: -4078,
          code: 'ECONNREFUSED',
          syscall: 'connect',
          address: '::1',
          port: 6379
        },
        Error: connect ECONNREFUSED 127.0.0.1:6379
            at createConnectionError (node:net:1678:14)
            at afterConnectMultiple (node:net:1708:16) {
          errno: -4078,
          code: 'ECONNREFUSED',
          syscall: 'connect',
          address: '127.0.0.1',
          port: 6379
        }
      ]
    }

    [0m [90m 34 |[39m redisClient[33m.[39mon([32m'error'[39m[33m,[39m (err) [33m=>[39m {
     [90m 35 |[39m   [36mif[39m (process[33m.[39menv[33m.[39m[33mNODE_ENV[39m [33m!==[39m [32m'test'[39m) {
    [31m[1m>[22m[39m[90m 36 |[39m     console[33m.[39merror([32m'[DB] Redis Client Error'[39m[33m,[39m err)[33m;[39m
     [90m    |[39m             [31m[1m^[22m[39m
     [90m 37 |[39m   }
     [90m 38 |[39m })[33m;[39m
     [90m 39 |[39m[0m

      at Class.error (server/config/database.js:36:13)
      at RedisSocket.<anonymous> (node_modules/@redis/client/lib/client/index.ts:796:12)
      at RedisSocket.#connect (node_modules/@redis/client/lib/client/socket.ts:246:14)
      at Class.connect (node_modules/@redis/client/lib/client/index.ts:961:5)
      at connectRedis (server/config/database.js:42:5)
      at server/app.js:79:5

  console.error
    [DB] Redis Client Error AggregateError: 
        at internalConnectMultiple (node:net:1134:18)
        at afterConnectMultiple (node:net:1715:7) {
      code: 'ECONNREFUSED',
      [errors]: [
        Error: connect ECONNREFUSED ::1:6379
            at createConnectionError (node:net:1678:14)
            at afterConnectMultiple (node:net:1708:16) {
          errno: -4078,
          code: 'ECONNREFUSED',
          syscall: 'connect',
          address: '::1',
          port: 6379
        },
        Error: connect ECONNREFUSED 127.0.0.1:6379
            at createConnectionError (node:net:1678:14)
            at afterConnectMultiple (node:net:1708:16) {
          errno: -4078,
          code: 'ECONNREFUSED',
          syscall: 'connect',
          address: '127.0.0.1',
          port: 6379
        }
      ]
    }

    [0m [90m 34 |[39m redisClient[33m.[39mon([32m'error'[39m[33m,[39m (err) [33m=>[39m {
     [90m 35 |[39m   [36mif[39m (process[33m.[39menv[33m.[39m[33mNODE_ENV[39m [33m!==[39m [32m'test'[39m) {
    [31m[1m>[22m[39m[90m 36 |[39m     console[33m.[39merror([32m'[DB] Redis Client Error'[39m[33m,[39m err)[33m;[39m
     [90m    |[39m             [31m[1m^[22m[39m
     [90m 37 |[39m   }
     [90m 38 |[39m })[33m;[39m
     [90m 39 |[39m[0m

      at Class.error (server/config/database.js:36:13)
      at RedisSocket.<anonymous> (node_modules/@redis/client/lib/client/index.ts:796:12)
      at RedisSocket.#connect (node_modules/@redis/client/lib/client/socket.ts:246:14)
      at Class.connect (node_modules/@redis/client/lib/client/index.ts:961:5)
      at connectRedis (server/config/database.js:42:5)
      at server/app.js:79:5

  console.error
    [DB] Redis Client Error AggregateError: 
        at internalConnectMultiple (node:net:1134:18)
        at afterConnectMultiple (node:net:1715:7) {
      code: 'ECONNREFUSED',
      [errors]: [
        Error: connect ECONNREFUSED ::1:6379
            at createConnectionError (node:net:1678:14)
            at afterConnectMultiple (node:net:1708:16) {
          errno: -4078,
          code: 'ECONNREFUSED',
          syscall: 'connect',
          address: '::1',
          port: 6379
        },
        Error: connect ECONNREFUSED 127.0.0.1:6379
            at createConnectionError (node:net:1678:14)
            at afterConnectMultiple (node:net:1708:16) {
          errno: -4078,
          code: 'ECONNREFUSED',
          syscall: 'connect',
          address: '127.0.0.1',
          port: 6379
        }
      ]
    }

    [0m [90m 34 |[39m redisClient[33m.[39mon([32m'error'[39m[33m,[39m (err) [33m=>[39m {
     [90m 35 |[39m   [36mif[39m (process[33m.[39menv[33m.[39m[33mNODE_ENV[39m [33m!==[39m [32m'test'[39m) {
    [31m[1m>[22m[39m[90m 36 |[39m     console[33m.[39merror([32m'[DB] Redis Client Error'[39m[33m,[39m err)[33m;[39m
     [90m    |[39m             [31m[1m^[22m[39m
     [90m 37 |[39m   }
     [90m 38 |[39m })[33m;[39m
     [90m 39 |[39m[0m

      at Class.error (server/config/database.js:36:13)
      at RedisSocket.<anonymous> (node_modules/@redis/client/lib/client/index.ts:796:12)
      at RedisSocket.#connect (node_modules/@redis/client/lib/client/socket.ts:246:14)
      at Class.connect (node_modules/@redis/client/lib/client/index.ts:961:5)
      at connectRedis (server/config/database.js:42:5)
      at server/app.js:79:5

  console.error
    [DB] Redis Client Error AggregateError: 
        at internalConnectMultiple (node:net:1134:18)
        at afterConnectMultiple (node:net:1715:7) {
      code: 'ECONNREFUSED',
      [errors]: [
        Error: connect ECONNREFUSED ::1:6379
            at createConnectionError (node:net:1678:14)
            at afterConnectMultiple (node:net:1708:16) {
          errno: -4078,
          code: 'ECONNREFUSED',
          syscall: 'connect',
          address: '::1',
          port: 6379
        },
        Error: connect ECONNREFUSED 127.0.0.1:6379
            at createConnectionError (node:net:1678:14)
            at afterConnectMultiple (node:net:1708:16) {
          errno: -4078,
          code: 'ECONNREFUSED',
          syscall: 'connect',
          address: '127.0.0.1',
          port: 6379
        }
      ]
    }

    [0m [90m 34 |[39m redisClient[33m.[39mon([32m'error'[39m[33m,[39m (err) [33m=>[39m {
     [90m 35 |[39m   [36mif[39m (process[33m.[39menv[33m.[39m[33mNODE_ENV[39m [33m!==[39m [32m'test'[39m) {
    [31m[1m>[22m[39m[90m 36 |[39m     console[33m.[39merror([32m'[DB] Redis Client Error'[39m[33m,[39m err)[33m;[39m
     [90m    |[39m             [31m[1m^[22m[39m
     [90m 37 |[39m   }
     [90m 38 |[39m })[33m;[39m
     [90m 39 |[39m[0m

      at Class.error (server/config/database.js:36:13)
      at RedisSocket.<anonymous> (node_modules/@redis/client/lib/client/index.ts:796:12)
      at RedisSocket.#connect (node_modules/@redis/client/lib/client/socket.ts:246:14)
      at Class.connect (node_modules/@redis/client/lib/client/index.ts:961:5)
      at connectRedis (server/config/database.js:42:5)
      at server/app.js:79:5

  console.error
    [DB] Redis Client Error AggregateError: 
        at internalConnectMultiple (node:net:1134:18)
        at afterConnectMultiple (node:net:1715:7) {
      code: 'ECONNREFUSED',
      [errors]: [
        Error: connect ECONNREFUSED ::1:6379
            at createConnectionError (node:net:1678:14)
            at afterConnectMultiple (node:net:1708:16) {
          errno: -4078,
          code: 'ECONNREFUSED',
          syscall: 'connect',
          address: '::1',
          port: 6379
        },
        Error: connect ECONNREFUSED 127.0.0.1:6379
            at createConnectionError (node:net:1678:14)
            at afterConnectMultiple (node:net:1708:16) {
          errno: -4078,
          code: 'ECONNREFUSED',
          syscall: 'connect',
          address: '127.0.0.1',
          port: 6379
        }
      ]
    }

    [0m [90m 34 |[39m redisClient[33m.[39mon([32m'error'[39m[33m,[39m (err) [33m=>[39m {
     [90m 35 |[39m   [36mif[39m (process[33m.[39menv[33m.[39m[33mNODE_ENV[39m [33m!==[39m [32m'test'[39m) {
    [31m[1m>[22m[39m[90m 36 |[39m     console[33m.[39merror([32m'[DB] Redis Client Error'[39m[33m,[39m err)[33m;[39m
     [90m    |[39m             [31m[1m^[22m[39m
     [90m 37 |[39m   }
     [90m 38 |[39m })[33m;[39m
     [90m 39 |[39m[0m

      at Class.error (server/config/database.js:36:13)
      at RedisSocket.<anonymous> (node_modules/@redis/client/lib/client/index.ts:796:12)
      at RedisSocket.#connect (node_modules/@redis/client/lib/client/socket.ts:246:14)
      at Class.connect (node_modules/@redis/client/lib/client/index.ts:961:5)
      at connectRedis (server/config/database.js:42:5)
      at server/app.js:79:5

  console.error
    [DB] Redis Client Error AggregateError: 
        at internalConnectMultiple (node:net:1134:18)
        at afterConnectMultiple (node:net:1715:7) {
      code: 'ECONNREFUSED',
      [errors]: [
        Error: connect ECONNREFUSED ::1:6379
            at createConnectionError (node:net:1678:14)
            at afterConnectMultiple (node:net:1708:16) {
          errno: -4078,
          code: 'ECONNREFUSED',
          syscall: 'connect',
          address: '::1',
          port: 6379
        },
        Error: connect ECONNREFUSED 127.0.0.1:6379
            at createConnectionError (node:net:1678:14)
            at afterConnectMultiple (node:net:1708:16) {
          errno: -4078,
          code: 'ECONNREFUSED',
          syscall: 'connect',
          address: '127.0.0.1',
          port: 6379
        }
      ]
    }

    [0m [90m 34 |[39m redisClient[33m.[39mon([32m'error'[39m[33m,[39m (err) [33m=>[39m {
     [90m 35 |[39m   [36mif[39m (process[33m.[39menv[33m.[39m[33mNODE_ENV[39m [33m!==[39m [32m'test'[39m) {
    [31m[1m>[22m[39m[90m 36 |[39m     console[33m.[39merror([32m'[DB] Redis Client Error'[39m[33m,[39m err)[33m;[39m
     [90m    |[39m             [31m[1m^[22m[39m
     [90m 37 |[39m   }
     [90m 38 |[39m })[33m;[39m
     [90m 39 |[39m[0m

      at Class.error (server/config/database.js:36:13)
      at RedisSocket.<anonymous> (node_modules/@redis/client/lib/client/index.ts:796:12)
      at RedisSocket.#connect (node_modules/@redis/client/lib/client/socket.ts:246:14)
      at Class.connect (node_modules/@redis/client/lib/client/index.ts:961:5)
      at connectRedis (server/config/database.js:42:5)
      at server/app.js:79:5

  console.error
    [DB] Redis Client Error AggregateError: 
        at internalConnectMultiple (node:net:1134:18)
        at afterConnectMultiple (node:net:1715:7) {
      code: 'ECONNREFUSED',
      [errors]: [
        Error: connect ECONNREFUSED ::1:6379
            at createConnectionError (node:net:1678:14)
            at afterConnectMultiple (node:net:1708:16) {
          errno: -4078,
          code: 'ECONNREFUSED',
          syscall: 'connect',
          address: '::1',
          port: 6379
        },
        Error: connect ECONNREFUSED 127.0.0.1:6379
            at createConnectionError (node:net:1678:14)
            at afterConnectMultiple (node:net:1708:16) {
          errno: -4078,
          code: 'ECONNREFUSED',
          syscall: 'connect',
          address: '127.0.0.1',
          port: 6379
        }
      ]
    }

    [0m [90m 34 |[39m redisClient[33m.[39mon([32m'error'[39m[33m,[39m (err) [33m=>[39m {
     [90m 35 |[39m   [36mif[39m (process[33m.[39menv[33m.[39m[33mNODE_ENV[39m [33m!==[39m [32m'test'[39m) {
    [31m[1m>[22m[39m[90m 36 |[39m     console[33m.[39merror([32m'[DB] Redis Client Error'[39m[33m,[39m err)[33m;[39m
     [90m    |[39m             [31m[1m^[22m[39m
     [90m 37 |[39m   }
     [90m 38 |[39m })[33m;[39m
     [90m 39 |[39m[0m

      at Class.error (server/config/database.js:36:13)
      at RedisSocket.<anonymous> (node_modules/@redis/client/lib/client/index.ts:796:12)
      at RedisSocket.#connect (node_modules/@redis/client/lib/client/socket.ts:246:14)
      at Class.connect (node_modules/@redis/client/lib/client/index.ts:961:5)
      at connectRedis (server/config/database.js:42:5)
      at server/app.js:79:5

  console.error
    [DB] Redis Client Error AggregateError: 
        at internalConnectMultiple (node:net:1134:18)
        at afterConnectMultiple (node:net:1715:7) {
      code: 'ECONNREFUSED',
      [errors]: [
        Error: connect ECONNREFUSED ::1:6379
            at createConnectionError (node:net:1678:14)
            at afterConnectMultiple (node:net:1708:16) {
          errno: -4078,
          code: 'ECONNREFUSED',
          syscall: 'connect',
          address: '::1',
          port: 6379
        },
        Error: connect ECONNREFUSED 127.0.0.1:6379
            at createConnectionError (node:net:1678:14)
            at afterConnectMultiple (node:net:1708:16) {
          errno: -4078,
          code: 'ECONNREFUSED',
          syscall: 'connect',
          address: '127.0.0.1',
          port: 6379
        }
      ]
    }

    [0m [90m 34 |[39m redisClient[33m.[39mon([32m'error'[39m[33m,[39m (err) [33m=>[39m {
     [90m 35 |[39m   [36mif[39m (process[33m.[39menv[33m.[39m[33mNODE_ENV[39m [33m!==[39m [32m'test'[39m) {
    [31m[1m>[22m[39m[90m 36 |[39m     console[33m.[39merror([32m'[DB] Redis Client Error'[39m[33m,[39m err)[33m;[39m
     [90m    |[39m             [31m[1m^[22m[39m
     [90m 37 |[39m   }
     [90m 38 |[39m })[33m;[39m
     [90m 39 |[39m[0m

      at Class.error (server/config/database.js:36:13)
      at RedisSocket.<anonymous> (node_modules/@redis/client/lib/client/index.ts:796:12)
      at RedisSocket.#connect (node_modules/@redis/client/lib/client/socket.ts:246:14)
      at Class.connect (node_modules/@redis/client/lib/client/index.ts:961:5)
      at connectRedis (server/config/database.js:42:5)
      at server/app.js:79:5

  console.error
    [DB] Redis Client Error AggregateError: 
        at internalConnectMultiple (node:net:1134:18)
        at afterConnectMultiple (node:net:1715:7) {
      code: 'ECONNREFUSED',
      [errors]: [
        Error: connect ECONNREFUSED ::1:6379
            at createConnectionError (node:net:1678:14)
            at afterConnectMultiple (node:net:1708:16) {
          errno: -4078,
          code: 'ECONNREFUSED',
          syscall: 'connect',
          address: '::1',
          port: 6379
        },
        Error: connect ECONNREFUSED 127.0.0.1:6379
            at createConnectionError (node:net:1678:14)
            at afterConnectMultiple (node:net:1708:16) {
          errno: -4078,
          code: 'ECONNREFUSED',
          syscall: 'connect',
          address: '127.0.0.1',
          port: 6379
        }
      ]
    }

    [0m [90m 34 |[39m redisClient[33m.[39mon([32m'error'[39m[33m,[39m (err) [33m=>[39m {
     [90m 35 |[39m   [36mif[39m (process[33m.[39menv[33m.[39m[33mNODE_ENV[39m [33m!==[39m [32m'test'[39m) {
    [31m[1m>[22m[39m[90m 36 |[39m     console[33m.[39merror([32m'[DB] Redis Client Error'[39m[33m,[39m err)[33m;[39m
     [90m    |[39m             [31m[1m^[22m[39m
     [90m 37 |[39m   }
     [90m 38 |[39m })[33m;[39m
     [90m 39 |[39m[0m

      at Class.error (server/config/database.js:36:13)
      at RedisSocket.<anonymous> (node_modules/@redis/client/lib/client/index.ts:796:12)
      at RedisSocket.#connect (node_modules/@redis/client/lib/client/socket.ts:246:14)
      at Class.connect (node_modules/@redis/client/lib/client/index.ts:961:5)
      at connectRedis (server/config/database.js:42:5)
      at server/app.js:79:5

  console.error
    [DB] Redis Client Error AggregateError: 
        at internalConnectMultiple (node:net:1134:18)
        at afterConnectMultiple (node:net:1715:7) {
      code: 'ECONNREFUSED',
      [errors]: [
        Error: connect ECONNREFUSED ::1:6379
            at createConnectionError (node:net:1678:14)
            at afterConnectMultiple (node:net:1708:16) {
          errno: -4078,
          code: 'ECONNREFUSED',
          syscall: 'connect',
          address: '::1',
          port: 6379
        },
        Error: connect ECONNREFUSED 127.0.0.1:6379
            at createConnectionError (node:net:1678:14)
            at afterConnectMultiple (node:net:1708:16) {
          errno: -4078,
          code: 'ECONNREFUSED',
          syscall: 'connect',
          address: '127.0.0.1',
          port: 6379
        }
      ]
    }

    [0m [90m 34 |[39m redisClient[33m.[39mon([32m'error'[39m[33m,[39m (err) [33m=>[39m {
     [90m 35 |[39m   [36mif[39m (process[33m.[39menv[33m.[39m[33mNODE_ENV[39m [33m!==[39m [32m'test'[39m) {
    [31m[1m>[22m[39m[90m 36 |[39m     console[33m.[39merror([32m'[DB] Redis Client Error'[39m[33m,[39m err)[33m;[39m
     [90m    |[39m             [31m[1m^[22m[39m
     [90m 37 |[39m   }
     [90m 38 |[39m })[33m;[39m
     [90m 39 |[39m[0m

      at Class.error (server/config/database.js:36:13)
      at RedisSocket.<anonymous> (node_modules/@redis/client/lib/client/index.ts:796:12)
      at RedisSocket.#connect (node_modules/@redis/client/lib/client/socket.ts:246:14)
      at Class.connect (node_modules/@redis/client/lib/client/index.ts:961:5)
      at connectRedis (server/config/database.js:42:5)
      at server/app.js:79:5

  console.error
    [DB] Redis Client Error AggregateError: 
        at internalConnectMultiple (node:net:1134:18)
        at afterConnectMultiple (node:net:1715:7) {
      code: 'ECONNREFUSED',
      [errors]: [
        Error: connect ECONNREFUSED ::1:6379
            at createConnectionError (node:net:1678:14)
            at afterConnectMultiple (node:net:1708:16) {
          errno: -4078,
          code: 'ECONNREFUSED',
          syscall: 'connect',
          address: '::1',
          port: 6379
        },
        Error: connect ECONNREFUSED 127.0.0.1:6379
            at createConnectionError (node:net:1678:14)
            at afterConnectMultiple (node:net:1708:16) {
          errno: -4078,
          code: 'ECONNREFUSED',
          syscall: 'connect',
          address: '127.0.0.1',
          port: 6379
        }
      ]
    }

    [0m [90m 34 |[39m redisClient[33m.[39mon([32m'error'[39m[33m,[39m (err) [33m=>[39m {
     [90m 35 |[39m   [36mif[39m (process[33m.[39menv[33m.[39m[33mNODE_ENV[39m [33m!==[39m [32m'test'[39m) {
    [31m[1m>[22m[39m[90m 36 |[39m     console[33m.[39merror([32m'[DB] Redis Client Error'[39m[33m,[39m err)[33m;[39m
     [90m    |[39m             [31m[1m^[22m[39m
     [90m 37 |[39m   }
     [90m 38 |[39m })[33m;[39m
     [90m 39 |[39m[0m

      at Class.error (server/config/database.js:36:13)
      at RedisSocket.<anonymous> (node_modules/@redis/client/lib/client/index.ts:796:12)
      at RedisSocket.#connect (node_modules/@redis/client/lib/client/socket.ts:246:14)
      at Class.connect (node_modules/@redis/client/lib/client/index.ts:961:5)
      at connectRedis (server/config/database.js:42:5)
      at server/app.js:79:5

  console.error
    [DB] Redis Client Error AggregateError: 
        at internalConnectMultiple (node:net:1134:18)
        at afterConnectMultiple (node:net:1715:7) {
      code: 'ECONNREFUSED',
      [errors]: [
        Error: connect ECONNREFUSED ::1:6379
            at createConnectionError (node:net:1678:14)
            at afterConnectMultiple (node:net:1708:16) {
          errno: -4078,
          code: 'ECONNREFUSED',
          syscall: 'connect',
          address: '::1',
          port: 6379
        },
        Error: connect ECONNREFUSED 127.0.0.1:6379
            at createConnectionError (node:net:1678:14)
            at afterConnectMultiple (node:net:1708:16) {
          errno: -4078,
          code: 'ECONNREFUSED',
          syscall: 'connect',
          address: '127.0.0.1',
          port: 6379
        }
      ]
    }

    [0m [90m 34 |[39m redisClient[33m.[39mon([32m'error'[39m[33m,[39m (err) [33m=>[39m {
     [90m 35 |[39m   [36mif[39m (process[33m.[39menv[33m.[39m[33mNODE_ENV[39m [33m!==[39m [32m'test'[39m) {
    [31m[1m>[22m[39m[90m 36 |[39m     console[33m.[39merror([32m'[DB] Redis Client Error'[39m[33m,[39m err)[33m;[39m
     [90m    |[39m             [31m[1m^[22m[39m
     [90m 37 |[39m   }
     [90m 38 |[39m })[33m;[39m
     [90m 39 |[39m[0m

      at Class.error (server/config/database.js:36:13)
      at RedisSocket.<anonymous> (node_modules/@redis/client/lib/client/index.ts:796:12)
      at RedisSocket.#connect (node_modules/@redis/client/lib/client/socket.ts:246:14)
      at Class.connect (node_modules/@redis/client/lib/client/index.ts:961:5)
      at connectRedis (server/config/database.js:42:5)
      at server/app.js:79:5

  console.error
    [DB] Redis Client Error AggregateError: 
        at internalConnectMultiple (node:net:1134:18)
        at afterConnectMultiple (node:net:1715:7) {
      code: 'ECONNREFUSED',
      [errors]: [
        Error: connect ECONNREFUSED ::1:6379
            at createConnectionError (node:net:1678:14)
            at afterConnectMultiple (node:net:1708:16) {
          errno: -4078,
          code: 'ECONNREFUSED',
          syscall: 'connect',
          address: '::1',
          port: 6379
        },
        Error: connect ECONNREFUSED 127.0.0.1:6379
            at createConnectionError (node:net:1678:14)
            at afterConnectMultiple (node:net:1708:16) {
          errno: -4078,
          code: 'ECONNREFUSED',
          syscall: 'connect',
          address: '127.0.0.1',
          port: 6379
        }
      ]
    }

    [0m [90m 34 |[39m redisClient[33m.[39mon([32m'error'[39m[33m,[39m (err) [33m=>[39m {
     [90m 35 |[39m   [36mif[39m (process[33m.[39menv[33m.[39m[33mNODE_ENV[39m [33m!==[39m [32m'test'[39m) {
    [31m[1m>[22m[39m[90m 36 |[39m     console[33m.[39merror([32m'[DB] Redis Client Error'[39m[33m,[39m err)[33m;[39m
     [90m    |[39m             [31m[1m^[22m[39m
     [90m 37 |[39m   }
     [90m 38 |[39m })[33m;[39m
     [90m 39 |[39m[0m

      at Class.error (server/config/database.js:36:13)
      at RedisSocket.<anonymous> (node_modules/@redis/client/lib/client/index.ts:796:12)
      at RedisSocket.#connect (node_modules/@redis/client/lib/client/socket.ts:246:14)
      at Class.connect (node_modules/@redis/client/lib/client/index.ts:961:5)
      at connectRedis (server/config/database.js:42:5)
      at server/app.js:79:5

  console.error
    [DB] Redis Client Error AggregateError: 
        at internalConnectMultiple (node:net:1134:18)
        at afterConnectMultiple (node:net:1715:7) {
      code: 'ECONNREFUSED',
      [errors]: [
        Error: connect ECONNREFUSED ::1:6379
            at createConnectionError (node:net:1678:14)
            at afterConnectMultiple (node:net:1708:16) {
          errno: -4078,
          code: 'ECONNREFUSED',
          syscall: 'connect',
          address: '::1',
          port: 6379
        },
        Error: connect ECONNREFUSED 127.0.0.1:6379
            at createConnectionError (node:net:1678:14)
            at afterConnectMultiple (node:net:1708:16) {
          errno: -4078,
          code: 'ECONNREFUSED',
          syscall: 'connect',
          address: '127.0.0.1',
          port: 6379
        }
      ]
    }

    [0m [90m 34 |[39m redisClient[33m.[39mon([32m'error'[39m[33m,[39m (err) [33m=>[39m {
     [90m 35 |[39m   [36mif[39m (process[33m.[39menv[33m.[39m[33mNODE_ENV[39m [33m!==[39m [32m'test'[39m) {
    [31m[1m>[22m[39m[90m 36 |[39m     console[33m.[39merror([32m'[DB] Redis Client Error'[39m[33m,[39m err)[33m;[39m
     [90m    |[39m             [31m[1m^[22m[39m
     [90m 37 |[39m   }
     [90m 38 |[39m })[33m;[39m
     [90m 39 |[39m[0m

      at Class.error (server/config/database.js:36:13)
      at RedisSocket.<anonymous> (node_modules/@redis/client/lib/client/index.ts:796:12)
      at RedisSocket.#connect (node_modules/@redis/client/lib/client/socket.ts:246:14)
      at Class.connect (node_modules/@redis/client/lib/client/index.ts:961:5)
      at connectRedis (server/config/database.js:42:5)
      at server/app.js:79:5

  console.error
    [DB] Redis Client Error AggregateError: 
        at internalConnectMultiple (node:net:1134:18)
        at afterConnectMultiple (node:net:1715:7) {
      code: 'ECONNREFUSED',
      [errors]: [
        Error: connect ECONNREFUSED ::1:6379
            at createConnectionError (node:net:1678:14)
            at afterConnectMultiple (node:net:1708:16) {
          errno: -4078,
          code: 'ECONNREFUSED',
          syscall: 'connect',
          address: '::1',
          port: 6379
        },
        Error: connect ECONNREFUSED 127.0.0.1:6379
            at createConnectionError (node:net:1678:14)
            at afterConnectMultiple (node:net:1708:16) {
          errno: -4078,
          code: 'ECONNREFUSED',
          syscall: 'connect',
          address: '127.0.0.1',
          port: 6379
        }
      ]
    }

    [0m [90m 34 |[39m redisClient[33m.[39mon([32m'error'[39m[33m,[39m (err) [33m=>[39m {
     [90m 35 |[39m   [36mif[39m (process[33m.[39menv[33m.[39m[33mNODE_ENV[39m [33m!==[39m [32m'test'[39m) {
    [31m[1m>[22m[39m[90m 36 |[39m     console[33m.[39merror([32m'[DB] Redis Client Error'[39m[33m,[39m err)[33m;[39m
     [90m    |[39m             [31m[1m^[22m[39m
     [90m 37 |[39m   }
     [90m 38 |[39m })[33m;[39m
     [90m 39 |[39m[0m

      at Class.error (server/config/database.js:36:13)
      at RedisSocket.<anonymous> (node_modules/@redis/client/lib/client/index.ts:796:12)
      at RedisSocket.#connect (node_modules/@redis/client/lib/client/socket.ts:246:14)
      at Class.connect (node_modules/@redis/client/lib/client/index.ts:961:5)
      at connectRedis (server/config/database.js:42:5)
      at server/app.js:79:5

  console.error
    [DB] Redis Client Error AggregateError: 
        at internalConnectMultiple (node:net:1134:18)
        at afterConnectMultiple (node:net:1715:7) {
      code: 'ECONNREFUSED',
      [errors]: [
        Error: connect ECONNREFUSED ::1:6379
            at createConnectionError (node:net:1678:14)
            at afterConnectMultiple (node:net:1708:16) {
          errno: -4078,
          code: 'ECONNREFUSED',
          syscall: 'connect',
          address: '::1',
          port: 6379
        },
        Error: connect ECONNREFUSED 127.0.0.1:6379
            at createConnectionError (node:net:1678:14)
            at afterConnectMultiple (node:net:1708:16) {
          errno: -4078,
          code: 'ECONNREFUSED',
          syscall: 'connect',
          address: '127.0.0.1',
          port: 6379
        }
      ]
    }

    [0m [90m 34 |[39m redisClient[33m.[39mon([32m'error'[39m[33m,[39m (err) [33m=>[39m {
     [90m 35 |[39m   [36mif[39m (process[33m.[39menv[33m.[39m[33mNODE_ENV[39m [33m!==[39m [32m'test'[39m) {
    [31m[1m>[22m[39m[90m 36 |[39m     console[33m.[39merror([32m'[DB] Redis Client Error'[39m[33m,[39m err)[33m;[39m
     [90m    |[39m             [31m[1m^[22m[39m
     [90m 37 |[39m   }
     [90m 38 |[39m })[33m;[39m
     [90m 39 |[39m[0m

      at Class.error (server/config/database.js:36:13)
      at RedisSocket.<anonymous> (node_modules/@redis/client/lib/client/index.ts:796:12)
      at RedisSocket.#connect (node_modules/@redis/client/lib/client/socket.ts:246:14)
      at Class.connect (node_modules/@redis/client/lib/client/index.ts:961:5)
      at connectRedis (server/config/database.js:42:5)
      at server/app.js:79:5

  console.error
    [DB] Redis Client Error AggregateError: 
        at internalConnectMultiple (node:net:1134:18)
        at afterConnectMultiple (node:net:1715:7) {
      code: 'ECONNREFUSED',
      [errors]: [
        Error: connect ECONNREFUSED ::1:6379
            at createConnectionError (node:net:1678:14)
            at afterConnectMultiple (node:net:1708:16) {
          errno: -4078,
          code: 'ECONNREFUSED',
          syscall: 'connect',
          address: '::1',
          port: 6379
        },
        Error: connect ECONNREFUSED 127.0.0.1:6379
            at createConnectionError (node:net:1678:14)
            at afterConnectMultiple (node:net:1708:16) {
          errno: -4078,
          code: 'ECONNREFUSED',
          syscall: 'connect',
          address: '127.0.0.1',
          port: 6379
        }
      ]
    }

    [0m [90m 34 |[39m redisClient[33m.[39mon([32m'error'[39m[33m,[39m (err) [33m=>[39m {
     [90m 35 |[39m   [36mif[39m (process[33m.[39menv[33m.[39m[33mNODE_ENV[39m [33m!==[39m [32m'test'[39m) {
    [31m[1m>[22m[39m[90m 36 |[39m     console[33m.[39merror([32m'[DB] Redis Client Error'[39m[33m,[39m err)[33m;[39m
     [90m    |[39m             [31m[1m^[22m[39m
     [90m 37 |[39m   }
     [90m 38 |[39m })[33m;[39m
     [90m 39 |[39m[0m

      at Class.error (server/config/database.js:36:13)
      at RedisSocket.<anonymous> (node_modules/@redis/client/lib/client/index.ts:796:12)
      at RedisSocket.#connect (node_modules/@redis/client/lib/client/socket.ts:246:14)
      at Class.connect (node_modules/@redis/client/lib/client/index.ts:961:5)
      at connectRedis (server/config/database.js:42:5)
      at server/app.js:79:5

  console.error
    [DB] Redis Client Error AggregateError: 
        at internalConnectMultiple (node:net:1134:18)
        at afterConnectMultiple (node:net:1715:7) {
      code: 'ECONNREFUSED',
      [errors]: [
        Error: connect ECONNREFUSED ::1:6379
            at createConnectionError (node:net:1678:14)
            at afterConnectMultiple (node:net:1708:16) {
          errno: -4078,
          code: 'ECONNREFUSED',
          syscall: 'connect',
          address: '::1',
          port: 6379
        },
        Error: connect ECONNREFUSED 127.0.0.1:6379
            at createConnectionError (node:net:1678:14)
            at afterConnectMultiple (node:net:1708:16) {
          errno: -4078,
          code: 'ECONNREFUSED',
          syscall: 'connect',
          address: '127.0.0.1',
          port: 6379
        }
      ]
    }

    [0m [90m 34 |[39m redisClient[33m.[39mon([32m'error'[39m[33m,[39m (err) [33m=>[39m {
     [90m 35 |[39m   [36mif[39m (process[33m.[39menv[33m.[39m[33mNODE_ENV[39m [33m!==[39m [32m'test'[39m) {
    [31m[1m>[22m[39m[90m 36 |[39m     console[33m.[39merror([32m'[DB] Redis Client Error'[39m[33m,[39m err)[33m;[39m
     [90m    |[39m             [31m[1m^[22m[39m
     [90m 37 |[39m   }
     [90m 38 |[39m })[33m;[39m
     [90m 39 |[39m[0m

      at Class.error (server/config/database.js:36:13)
      at RedisSocket.<anonymous> (node_modules/@redis/client/lib/client/index.ts:796:12)
      at RedisSocket.#connect (node_modules/@redis/client/lib/client/socket.ts:246:14)
      at Class.connect (node_modules/@redis/client/lib/client/index.ts:961:5)
      at connectRedis (server/config/database.js:42:5)
      at server/app.js:79:5

  console.error
    [DB] Redis Client Error AggregateError: 
        at internalConnectMultiple (node:net:1134:18)
        at afterConnectMultiple (node:net:1715:7) {
      code: 'ECONNREFUSED',
      [errors]: [
        Error: connect ECONNREFUSED ::1:6379
            at createConnectionError (node:net:1678:14)
            at afterConnectMultiple (node:net:1708:16) {
          errno: -4078,
          code: 'ECONNREFUSED',
          syscall: 'connect',
          address: '::1',
          port: 6379
        },
        Error: connect ECONNREFUSED 127.0.0.1:6379
            at createConnectionError (node:net:1678:14)
            at afterConnectMultiple (node:net:1708:16) {
          errno: -4078,
          code: 'ECONNREFUSED',
          syscall: 'connect',
          address: '127.0.0.1',
          port: 6379
        }
      ]
    }

    [0m [90m 34 |[39m redisClient[33m.[39mon([32m'error'[39m[33m,[39m (err) [33m=>[39m {
     [90m 35 |[39m   [36mif[39m (process[33m.[39menv[33m.[39m[33mNODE_ENV[39m [33m!==[39m [32m'test'[39m) {
    [31m[1m>[22m[39m[90m 36 |[39m     console[33m.[39merror([32m'[DB] Redis Client Error'[39m[33m,[39m err)[33m;[39m
     [90m    |[39m             [31m[1m^[22m[39m
     [90m 37 |[39m   }
     [90m 38 |[39m })[33m;[39m
     [90m 39 |[39m[0m

      at Class.error (server/config/database.js:36:13)
      at RedisSocket.<anonymous> (node_modules/@redis/client/lib/client/index.ts:796:12)
      at RedisSocket.#connect (node_modules/@redis/client/lib/client/socket.ts:246:14)
      at Class.connect (node_modules/@redis/client/lib/client/index.ts:961:5)
      at connectRedis (server/config/database.js:42:5)
      at server/app.js:79:5

  console.error
    [DB] Redis Client Error AggregateError: 
        at internalConnectMultiple (node:net:1134:18)
        at afterConnectMultiple (node:net:1715:7) {
      code: 'ECONNREFUSED',
      [errors]: [
        Error: connect ECONNREFUSED ::1:6379
            at createConnectionError (node:net:1678:14)
            at afterConnectMultiple (node:net:1708:16) {
          errno: -4078,
          code: 'ECONNREFUSED',
          syscall: 'connect',
          address: '::1',
          port: 6379
        },
        Error: connect ECONNREFUSED 127.0.0.1:6379
            at createConnectionError (node:net:1678:14)
            at afterConnectMultiple (node:net:1708:16) {
          errno: -4078,
          code: 'ECONNREFUSED',
          syscall: 'connect',
          address: '127.0.0.1',
          port: 6379
        }
      ]
    }

    [0m [90m 34 |[39m redisClient[33m.[39mon([32m'error'[39m[33m,[39m (err) [33m=>[39m {
     [90m 35 |[39m   [36mif[39m (process[33m.[39menv[33m.[39m[33mNODE_ENV[39m [33m!==[39m [32m'test'[39m) {
    [31m[1m>[22m[39m[90m 36 |[39m     console[33m.[39merror([32m'[DB] Redis Client Error'[39m[33m,[39m err)[33m;[39m
     [90m    |[39m             [31m[1m^[22m[39m
     [90m 37 |[39m   }
     [90m 38 |[39m })[33m;[39m
     [90m 39 |[39m[0m

      at Class.error (server/config/database.js:36:13)
      at RedisSocket.<anonymous> (node_modules/@redis/client/lib/client/index.ts:796:12)
      at RedisSocket.#connect (node_modules/@redis/client/lib/client/socket.ts:246:14)
      at Class.connect (node_modules/@redis/client/lib/client/index.ts:961:5)
      at connectRedis (server/config/database.js:42:5)
      at server/app.js:79:5

  console.error
    [DB] Redis Client Error AggregateError: 
        at internalConnectMultiple (node:net:1134:18)
        at afterConnectMultiple (node:net:1715:7) {
      code: 'ECONNREFUSED',
      [errors]: [
        Error: connect ECONNREFUSED ::1:6379
            at createConnectionError (node:net:1678:14)
            at afterConnectMultiple (node:net:1708:16) {
          errno: -4078,
          code: 'ECONNREFUSED',
          syscall: 'connect',
          address: '::1',
          port: 6379
        },
        Error: connect ECONNREFUSED 127.0.0.1:6379
            at createConnectionError (node:net:1678:14)
            at afterConnectMultiple (node:net:1708:16) {
          errno: -4078,
          code: 'ECONNREFUSED',
          syscall: 'connect',
          address: '127.0.0.1',
          port: 6379
        }
      ]
    }

    [0m [90m 34 |[39m redisClient[33m.[39mon([32m'error'[39m[33m,[39m (err) [33m=>[39m {
     [90m 35 |[39m   [36mif[39m (process[33m.[39menv[33m.[39m[33mNODE_ENV[39m [33m!==[39m [32m'test'[39m) {
    [31m[1m>[22m[39m[90m 36 |[39m     console[33m.[39merror([32m'[DB] Redis Client Error'[39m[33m,[39m err)[33m;[39m
     [90m    |[39m             [31m[1m^[22m[39m
     [90m 37 |[39m   }
     [90m 38 |[39m })[33m;[39m
     [90m 39 |[39m[0m

      at Class.error (server/config/database.js:36:13)
      at RedisSocket.<anonymous> (node_modules/@redis/client/lib/client/index.ts:796:12)
      at RedisSocket.#connect (node_modules/@redis/client/lib/client/socket.ts:246:14)
      at Class.connect (node_modules/@redis/client/lib/client/index.ts:961:5)
      at connectRedis (server/config/database.js:42:5)
      at server/app.js:79:5

  console.error
    [DB] Redis Client Error AggregateError: 
        at internalConnectMultiple (node:net:1134:18)
        at afterConnectMultiple (node:net:1715:7) {
      code: 'ECONNREFUSED',
      [errors]: [
        Error: connect ECONNREFUSED ::1:6379
            at createConnectionError (node:net:1678:14)
            at afterConnectMultiple (node:net:1708:16) {
          errno: -4078,
          code: 'ECONNREFUSED',
          syscall: 'connect',
          address: '::1',
          port: 6379
        },
        Error: connect ECONNREFUSED 127.0.0.1:6379
            at createConnectionError (node:net:1678:14)
            at afterConnectMultiple (node:net:1708:16) {
          errno: -4078,
          code: 'ECONNREFUSED',
          syscall: 'connect',
          address: '127.0.0.1',
          port: 6379
        }
      ]
    }

    [0m [90m 34 |[39m redisClient[33m.[39mon([32m'error'[39m[33m,[39m (err) [33m=>[39m {
     [90m 35 |[39m   [36mif[39m (process[33m.[39menv[33m.[39m[33mNODE_ENV[39m [33m!==[39m [32m'test'[39m) {
    [31m[1m>[22m[39m[90m 36 |[39m     console[33m.[39merror([32m'[DB] Redis Client Error'[39m[33m,[39m err)[33m;[39m
     [90m    |[39m             [31m[1m^[22m[39m
     [90m 37 |[39m   }
     [90m 38 |[39m })[33m;[39m
     [90m 39 |[39m[0m

      at Class.error (server/config/database.js:36:13)
      at RedisSocket.<anonymous> (node_modules/@redis/client/lib/client/index.ts:796:12)
      at RedisSocket.#connect (node_modules/@redis/client/lib/client/socket.ts:246:14)
      at Class.connect (node_modules/@redis/client/lib/client/index.ts:961:5)
      at connectRedis (server/config/database.js:42:5)
      at server/app.js:79:5

  console.error
    [DB] Redis Client Error AggregateError: 
        at internalConnectMultiple (node:net:1134:18)
        at afterConnectMultiple (node:net:1715:7) {
      code: 'ECONNREFUSED',
      [errors]: [
        Error: connect ECONNREFUSED ::1:6379
            at createConnectionError (node:net:1678:14)
            at afterConnectMultiple (node:net:1708:16) {
          errno: -4078,
          code: 'ECONNREFUSED',
          syscall: 'connect',
          address: '::1',
          port: 6379
        },
        Error: connect ECONNREFUSED 127.0.0.1:6379
            at createConnectionError (node:net:1678:14)
            at afterConnectMultiple (node:net:1708:16) {
          errno: -4078,
          code: 'ECONNREFUSED',
          syscall: 'connect',
          address: '127.0.0.1',
          port: 6379
        }
      ]
    }

    [0m [90m 34 |[39m redisClient[33m.[39mon([32m'error'[39m[33m,[39m (err) [33m=>[39m {
     [90m 35 |[39m   [36mif[39m (process[33m.[39menv[33m.[39m[33mNODE_ENV[39m [33m!==[39m [32m'test'[39m) {
    [31m[1m>[22m[39m[90m 36 |[39m     console[33m.[39merror([32m'[DB] Redis Client Error'[39m[33m,[39m err)[33m;[39m
     [90m    |[39m             [31m[1m^[22m[39m
     [90m 37 |[39m   }
     [90m 38 |[39m })[33m;[39m
     [90m 39 |[39m[0m

      at Class.error (server/config/database.js:36:13)
      at RedisSocket.<anonymous> (node_modules/@redis/client/lib/client/index.ts:796:12)
      at RedisSocket.#connect (node_modules/@redis/client/lib/client/socket.ts:246:14)
      at Class.connect (node_modules/@redis/client/lib/client/index.ts:961:5)
      at connectRedis (server/config/database.js:42:5)
      at server/app.js:79:5

  console.error
    [DB] Redis Client Error AggregateError: 
        at internalConnectMultiple (node:net:1134:18)
        at afterConnectMultiple (node:net:1715:7) {
      code: 'ECONNREFUSED',
      [errors]: [
        Error: connect ECONNREFUSED ::1:6379
            at createConnectionError (node:net:1678:14)
            at afterConnectMultiple (node:net:1708:16) {
          errno: -4078,
          code: 'ECONNREFUSED',
          syscall: 'connect',
          address: '::1',
          port: 6379
        },
        Error: connect ECONNREFUSED 127.0.0.1:6379
            at createConnectionError (node:net:1678:14)
            at afterConnectMultiple (node:net:1708:16) {
          errno: -4078,
          code: 'ECONNREFUSED',
          syscall: 'connect',
          address: '127.0.0.1',
          port: 6379
        }
      ]
    }

    [0m [90m 34 |[39m redisClient[33m.[39mon([32m'error'[39m[33m,[39m (err) [33m=>[39m {
     [90m 35 |[39m   [36mif[39m (process[33m.[39menv[33m.[39m[33mNODE_ENV[39m [33m!==[39m [32m'test'[39m) {
    [31m[1m>[22m[39m[90m 36 |[39m     console[33m.[39merror([32m'[DB] Redis Client Error'[39m[33m,[39m err)[33m;[39m
     [90m    |[39m             [31m[1m^[22m[39m
     [90m 37 |[39m   }
     [90m 38 |[39m })[33m;[39m
     [90m 39 |[39m[0m

      at Class.error (server/config/database.js:36:13)
      at RedisSocket.<anonymous> (node_modules/@redis/client/lib/client/index.ts:796:12)
      at RedisSocket.#connect (node_modules/@redis/client/lib/client/socket.ts:246:14)
      at Class.connect (node_modules/@redis/client/lib/client/index.ts:961:5)
      at connectRedis (server/config/database.js:42:5)
      at server/app.js:79:5

  console.error
    [DB] Redis Client Error AggregateError: 
        at internalConnectMultiple (node:net:1134:18)
        at afterConnectMultiple (node:net:1715:7) {
      code: 'ECONNREFUSED',
      [errors]: [
        Error: connect ECONNREFUSED ::1:6379
            at createConnectionError (node:net:1678:14)
            at afterConnectMultiple (node:net:1708:16) {
          errno: -4078,
          code: 'ECONNREFUSED',
          syscall: 'connect',
          address: '::1',
          port: 6379
        },
        Error: connect ECONNREFUSED 127.0.0.1:6379
            at createConnectionError (node:net:1678:14)
            at afterConnectMultiple (node:net:1708:16) {
          errno: -4078,
          code: 'ECONNREFUSED',
          syscall: 'connect',
          address: '127.0.0.1',
          port: 6379
        }
      ]
    }

    [0m [90m 34 |[39m redisClient[33m.[39mon([32m'error'[39m[33m,[39m (err) [33m=>[39m {
     [90m 35 |[39m   [36mif[39m (process[33m.[39menv[33m.[39m[33mNODE_ENV[39m [33m!==[39m [32m'test'[39m) {
    [31m[1m>[22m[39m[90m 36 |[39m     console[33m.[39merror([32m'[DB] Redis Client Error'[39m[33m,[39m err)[33m;[39m
     [90m    |[39m             [31m[1m^[22m[39m
     [90m 37 |[39m   }
     [90m 38 |[39m })[33m;[39m
     [90m 39 |[39m[0m

      at Class.error (server/config/database.js:36:13)
      at RedisSocket.<anonymous> (node_modules/@redis/client/lib/client/index.ts:796:12)
      at RedisSocket.#connect (node_modules/@redis/client/lib/client/socket.ts:246:14)
      at Class.connect (node_modules/@redis/client/lib/client/index.ts:961:5)
      at connectRedis (server/config/database.js:42:5)
      at server/app.js:79:5

  console.error
    [DB] Redis Client Error AggregateError: 
        at internalConnectMultiple (node:net:1134:18)
        at afterConnectMultiple (node:net:1715:7) {
      code: 'ECONNREFUSED',
      [errors]: [
        Error: connect ECONNREFUSED ::1:6379
            at createConnectionError (node:net:1678:14)
            at afterConnectMultiple (node:net:1708:16) {
          errno: -4078,
          code: 'ECONNREFUSED',
          syscall: 'connect',
          address: '::1',
          port: 6379
        },
        Error: connect ECONNREFUSED 127.0.0.1:6379
            at createConnectionError (node:net:1678:14)
            at afterConnectMultiple (node:net:1708:16) {
          errno: -4078,
          code: 'ECONNREFUSED',
          syscall: 'connect',
          address: '127.0.0.1',
          port: 6379
        }
      ]
    }

    [0m [90m 34 |[39m redisClient[33m.[39mon([32m'error'[39m[33m,[39m (err) [33m=>[39m {
     [90m 35 |[39m   [36mif[39m (process[33m.[39menv[33m.[39m[33mNODE_ENV[39m [33m!==[39m [32m'test'[39m) {
    [31m[1m>[22m[39m[90m 36 |[39m     console[33m.[39merror([32m'[DB] Redis Client Error'[39m[33m,[39m err)[33m;[39m
     [90m    |[39m             [31m[1m^[22m[39m
     [90m 37 |[39m   }
     [90m 38 |[39m })[33m;[39m
     [90m 39 |[39m[0m

      at Class.error (server/config/database.js:36:13)
      at RedisSocket.<anonymous> (node_modules/@redis/client/lib/client/index.ts:796:12)
      at RedisSocket.#connect (node_modules/@redis/client/lib/client/socket.ts:246:14)
      at Class.connect (node_modules/@redis/client/lib/client/index.ts:961:5)
      at connectRedis (server/config/database.js:42:5)
      at server/app.js:79:5

  console.error
    [DB] Redis Client Error AggregateError: 
        at internalConnectMultiple (node:net:1134:18)
        at afterConnectMultiple (node:net:1715:7) {
      code: 'ECONNREFUSED',
      [errors]: [
        Error: connect ECONNREFUSED ::1:6379
            at createConnectionError (node:net:1678:14)
            at afterConnectMultiple (node:net:1708:16) {
          errno: -4078,
          code: 'ECONNREFUSED',
          syscall: 'connect',
          address: '::1',
          port: 6379
        },
        Error: connect ECONNREFUSED 127.0.0.1:6379
            at createConnectionError (node:net:1678:14)
            at afterConnectMultiple (node:net:1708:16) {
          errno: -4078,
          code: 'ECONNREFUSED',
          syscall: 'connect',
          address: '127.0.0.1',
          port: 6379
        }
      ]
    }

    [0m [90m 34 |[39m redisClient[33m.[39mon([32m'error'[39m[33m,[39m (err) [33m=>[39m {
     [90m 35 |[39m   [36mif[39m (process[33m.[39menv[33m.[39m[33mNODE_ENV[39m [33m!==[39m [32m'test'[39m) {
    [31m[1m>[22m[39m[90m 36 |[39m     console[33m.[39merror([32m'[DB] Redis Client Error'[39m[33m,[39m err)[33m;[39m
     [90m    |[39m             [31m[1m^[22m[39m
     [90m 37 |[39m   }
     [90m 38 |[39m })[33m;[39m
     [90m 39 |[39m[0m

      at Class.error (server/config/database.js:36:13)
      at RedisSocket.<anonymous> (node_modules/@redis/client/lib/client/index.ts:796:12)
      at RedisSocket.#connect (node_modules/@redis/client/lib/client/socket.ts:246:14)
      at Class.connect (node_modules/@redis/client/lib/client/index.ts:961:5)
      at connectRedis (server/config/database.js:42:5)
      at server/app.js:79:5

  console.error
    [DB] Redis Client Error AggregateError: 
        at internalConnectMultiple (node:net:1134:18)
        at afterConnectMultiple (node:net:1715:7) {
      code: 'ECONNREFUSED',
      [errors]: [
        Error: connect ECONNREFUSED ::1:6379
            at createConnectionError (node:net:1678:14)
            at afterConnectMultiple (node:net:1708:16) {
          errno: -4078,
          code: 'ECONNREFUSED',
          syscall: 'connect',
          address: '::1',
          port: 6379
        },
        Error: connect ECONNREFUSED 127.0.0.1:6379
            at createConnectionError (node:net:1678:14)
            at afterConnectMultiple (node:net:1708:16) {
          errno: -4078,
          code: 'ECONNREFUSED',
          syscall: 'connect',
          address: '127.0.0.1',
          port: 6379
        }
      ]
    }

    [0m [90m 34 |[39m redisClient[33m.[39mon([32m'error'[39m[33m,[39m (err) [33m=>[39m {
     [90m 35 |[39m   [36mif[39m (process[33m.[39menv[33m.[39m[33mNODE_ENV[39m [33m!==[39m [32m'test'[39m) {
    [31m[1m>[22m[39m[90m 36 |[39m     console[33m.[39merror([32m'[DB] Redis Client Error'[39m[33m,[39m err)[33m;[39m
     [90m    |[39m             [31m[1m^[22m[39m
     [90m 37 |[39m   }
     [90m 38 |[39m })[33m;[39m
     [90m 39 |[39m[0m

      at Class.error (server/config/database.js:36:13)
      at RedisSocket.<anonymous> (node_modules/@redis/client/lib/client/index.ts:796:12)
      at RedisSocket.#connect (node_modules/@redis/client/lib/client/socket.ts:246:14)
      at Class.connect (node_modules/@redis/client/lib/client/index.ts:961:5)
      at connectRedis (server/config/database.js:42:5)
      at server/app.js:79:5

  console.error
    [DB] Redis Client Error AggregateError: 
        at internalConnectMultiple (node:net:1134:18)
        at afterConnectMultiple (node:net:1715:7) {
      code: 'ECONNREFUSED',
      [errors]: [
        Error: connect ECONNREFUSED ::1:6379
            at createConnectionError (node:net:1678:14)
            at afterConnectMultiple (node:net:1708:16) {
          errno: -4078,
          code: 'ECONNREFUSED',
          syscall: 'connect',
          address: '::1',
          port: 6379
        },
        Error: connect ECONNREFUSED 127.0.0.1:6379
            at createConnectionError (node:net:1678:14)
            at afterConnectMultiple (node:net:1708:16) {
          errno: -4078,
          code: 'ECONNREFUSED',
          syscall: 'connect',
          address: '127.0.0.1',
          port: 6379
        }
      ]
    }

    [0m [90m 34 |[39m redisClient[33m.[39mon([32m'error'[39m[33m,[39m (err) [33m=>[39m {
     [90m 35 |[39m   [36mif[39m (process[33m.[39menv[33m.[39m[33mNODE_ENV[39m [33m!==[39m [32m'test'[39m) {
    [31m[1m>[22m[39m[90m 36 |[39m     console[33m.[39merror([32m'[DB] Redis Client Error'[39m[33m,[39m err)[33m;[39m
     [90m    |[39m             [31m[1m^[22m[39m
     [90m 37 |[39m   }
     [90m 38 |[39m })[33m;[39m
     [90m 39 |[39m[0m

      at Class.error (server/config/database.js:36:13)
      at RedisSocket.<anonymous> (node_modules/@redis/client/lib/client/index.ts:796:12)
      at RedisSocket.#connect (node_modules/@redis/client/lib/client/socket.ts:246:14)
      at Class.connect (node_modules/@redis/client/lib/client/index.ts:961:5)
      at connectRedis (server/config/database.js:42:5)
      at server/app.js:79:5

  console.error
    [DB] Redis Client Error AggregateError: 
        at internalConnectMultiple (node:net:1134:18)
        at afterConnectMultiple (node:net:1715:7) {
      code: 'ECONNREFUSED',
      [errors]: [
        Error: connect ECONNREFUSED ::1:6379
            at createConnectionError (node:net:1678:14)
            at afterConnectMultiple (node:net:1708:16) {
          errno: -4078,
          code: 'ECONNREFUSED',
          syscall: 'connect',
          address: '::1',
          port: 6379
        },
        Error: connect ECONNREFUSED 127.0.0.1:6379
            at createConnectionError (node:net:1678:14)
            at afterConnectMultiple (node:net:1708:16) {
          errno: -4078,
          code: 'ECONNREFUSED',
          syscall: 'connect',
          address: '127.0.0.1',
          port: 6379
        }
      ]
    }

    [0m [90m 34 |[39m redisClient[33m.[39mon([32m'error'[39m[33m,[39m (err) [33m=>[39m {
     [90m 35 |[39m   [36mif[39m (process[33m.[39menv[33m.[39m[33mNODE_ENV[39m [33m!==[39m [32m'test'[39m) {
    [31m[1m>[22m[39m[90m 36 |[39m     console[33m.[39merror([32m'[DB] Redis Client Error'[39m[33m,[39m err)[33m;[39m
     [90m    |[39m             [31m[1m^[22m[39m
     [90m 37 |[39m   }
     [90m 38 |[39m })[33m;[39m
     [90m 39 |[39m[0m

      at Class.error (server/config/database.js:36:13)
      at RedisSocket.<anonymous> (node_modules/@redis/client/lib/client/index.ts:796:12)
      at RedisSocket.#connect (node_modules/@redis/client/lib/client/socket.ts:246:14)
      at Class.connect (node_modules/@redis/client/lib/client/index.ts:961:5)
      at connectRedis (server/config/database.js:42:5)
      at server/app.js:79:5

  console.error
    [DB] Redis Client Error AggregateError: 
        at internalConnectMultiple (node:net:1134:18)
        at afterConnectMultiple (node:net:1715:7) {
      code: 'ECONNREFUSED',
      [errors]: [
        Error: connect ECONNREFUSED ::1:6379
            at createConnectionError (node:net:1678:14)
            at afterConnectMultiple (node:net:1708:16) {
          errno: -4078,
          code: 'ECONNREFUSED',
          syscall: 'connect',
          address: '::1',
          port: 6379
        },
        Error: connect ECONNREFUSED 127.0.0.1:6379
            at createConnectionError (node:net:1678:14)
            at afterConnectMultiple (node:net:1708:16) {
          errno: -4078,
          code: 'ECONNREFUSED',
          syscall: 'connect',
          address: '127.0.0.1',
          port: 6379
        }
      ]
    }

    [0m [90m 34 |[39m redisClient[33m.[39mon([32m'error'[39m[33m,[39m (err) [33m=>[39m {
     [90m 35 |[39m   [36mif[39m (process[33m.[39menv[33m.[39m[33mNODE_ENV[39m [33m!==[39m [32m'test'[39m) {
    [31m[1m>[22m[39m[90m 36 |[39m     console[33m.[39merror([32m'[DB] Redis Client Error'[39m[33m,[39m err)[33m;[39m
     [90m    |[39m             [31m[1m^[22m[39m
     [90m 37 |[39m   }
     [90m 38 |[39m })[33m;[39m
     [90m 39 |[39m[0m

      at Class.error (server/config/database.js:36:13)
      at RedisSocket.<anonymous> (node_modules/@redis/client/lib/client/index.ts:796:12)
      at RedisSocket.#connect (node_modules/@redis/client/lib/client/socket.ts:246:14)
      at Class.connect (node_modules/@redis/client/lib/client/index.ts:961:5)
      at connectRedis (server/config/database.js:42:5)
      at server/app.js:79:5

  console.error
    [DB] Redis Client Error AggregateError: 
        at internalConnectMultiple (node:net:1134:18)
        at afterConnectMultiple (node:net:1715:7) {
      code: 'ECONNREFUSED',
      [errors]: [
        Error: connect ECONNREFUSED ::1:6379
            at createConnectionError (node:net:1678:14)
            at afterConnectMultiple (node:net:1708:16) {
          errno: -4078,
          code: 'ECONNREFUSED',
          syscall: 'connect',
          address: '::1',
          port: 6379
        },
        Error: connect ECONNREFUSED 127.0.0.1:6379
            at createConnectionError (node:net:1678:14)
            at afterConnectMultiple (node:net:1708:16) {
          errno: -4078,
          code: 'ECONNREFUSED',
          syscall: 'connect',
          address: '127.0.0.1',
          port: 6379
        }
      ]
    }

    [0m [90m 34 |[39m redisClient[33m.[39mon([32m'error'[39m[33m,[39m (err) [33m=>[39m {
     [90m 35 |[39m   [36mif[39m (process[33m.[39menv[33m.[39m[33mNODE_ENV[39m [33m!==[39m [32m'test'[39m) {
    [31m[1m>[22m[39m[90m 36 |[39m     console[33m.[39merror([32m'[DB] Redis Client Error'[39m[33m,[39m err)[33m;[39m
     [90m    |[39m             [31m[1m^[22m[39m
     [90m 37 |[39m   }
     [90m 38 |[39m })[33m;[39m
     [90m 39 |[39m[0m

      at Class.error (server/config/database.js:36:13)
      at RedisSocket.<anonymous> (node_modules/@redis/client/lib/client/index.ts:796:12)
      at RedisSocket.#connect (node_modules/@redis/client/lib/client/socket.ts:246:14)
      at Class.connect (node_modules/@redis/client/lib/client/index.ts:961:5)
      at connectRedis (server/config/database.js:42:5)
      at server/app.js:79:5

  console.error
    [DB] Redis Client Error AggregateError: 
        at internalConnectMultiple (node:net:1134:18)
        at afterConnectMultiple (node:net:1715:7) {
      code: 'ECONNREFUSED',
      [errors]: [
        Error: connect ECONNREFUSED ::1:6379
            at createConnectionError (node:net:1678:14)
            at afterConnectMultiple (node:net:1708:16) {
          errno: -4078,
          code: 'ECONNREFUSED',
          syscall: 'connect',
          address: '::1',
          port: 6379
        },
        Error: connect ECONNREFUSED 127.0.0.1:6379
            at createConnectionError (node:net:1678:14)
            at afterConnectMultiple (node:net:1708:16) {
          errno: -4078,
          code: 'ECONNREFUSED',
          syscall: 'connect',
          address: '127.0.0.1',
          port: 6379
        }
      ]
    }

    [0m [90m 34 |[39m redisClient[33m.[39mon([32m'error'[39m[33m,[39m (err) [33m=>[39m {
     [90m 35 |[39m   [36mif[39m (process[33m.[39menv[33m.[39m[33mNODE_ENV[39m [33m!==[39m [32m'test'[39m) {
    [31m[1m>[22m[39m[90m 36 |[39m     console[33m.[39merror([32m'[DB] Redis Client Error'[39m[33m,[39m err)[33m;[39m
     [90m    |[39m             [31m[1m^[22m[39m
     [90m 37 |[39m   }
     [90m 38 |[39m })[33m;[39m
     [90m 39 |[39m[0m

      at Class.error (server/config/database.js:36:13)
      at RedisSocket.<anonymous> (node_modules/@redis/client/lib/client/index.ts:796:12)
      at RedisSocket.#connect (node_modules/@redis/client/lib/client/socket.ts:246:14)
      at Class.connect (node_modules/@redis/client/lib/client/index.ts:961:5)
      at connectRedis (server/config/database.js:42:5)
      at server/app.js:79:5

  console.error
    [DB] Redis Client Error AggregateError: 
        at internalConnectMultiple (node:net:1134:18)
        at afterConnectMultiple (node:net:1715:7) {
      code: 'ECONNREFUSED',
      [errors]: [
        Error: connect ECONNREFUSED ::1:6379
            at createConnectionError (node:net:1678:14)
            at afterConnectMultiple (node:net:1708:16) {
          errno: -4078,
          code: 'ECONNREFUSED',
          syscall: 'connect',
          address: '::1',
          port: 6379
        },
        Error: connect ECONNREFUSED 127.0.0.1:6379
            at createConnectionError (node:net:1678:14)
            at afterConnectMultiple (node:net:1708:16) {
          errno: -4078,
          code: 'ECONNREFUSED',
          syscall: 'connect',
          address: '127.0.0.1',
          port: 6379
        }
      ]
    }

    [0m [90m 34 |[39m redisClient[33m.[39mon([32m'error'[39m[33m,[39m (err) [33m=>[39m {
     [90m 35 |[39m   [36mif[39m (process[33m.[39menv[33m.[39m[33mNODE_ENV[39m [33m!==[39m [32m'test'[39m) {
    [31m[1m>[22m[39m[90m 36 |[39m     console[33m.[39merror([32m'[DB] Redis Client Error'[39m[33m,[39m err)[33m;[39m
     [90m    |[39m             [31m[1m^[22m[39m
     [90m 37 |[39m   }
     [90m 38 |[39m })[33m;[39m
     [90m 39 |[39m[0m

      at Class.error (server/config/database.js:36:13)
      at RedisSocket.<anonymous> (node_modules/@redis/client/lib/client/index.ts:796:12)
      at RedisSocket.#connect (node_modules/@redis/client/lib/client/socket.ts:246:14)
      at Class.connect (node_modules/@redis/client/lib/client/index.ts:961:5)
      at connectRedis (server/config/database.js:42:5)
      at server/app.js:79:5

  console.error
    [DB] Redis Client Error AggregateError: 
        at internalConnectMultiple (node:net:1134:18)
        at afterConnectMultiple (node:net:1715:7) {
      code: 'ECONNREFUSED',
      [errors]: [
        Error: connect ECONNREFUSED ::1:6379
            at createConnectionError (node:net:1678:14)
            at afterConnectMultiple (node:net:1708:16) {
          errno: -4078,
          code: 'ECONNREFUSED',
          syscall: 'connect',
          address: '::1',
          port: 6379
        },
        Error: connect ECONNREFUSED 127.0.0.1:6379
            at createConnectionError (node:net:1678:14)
            at afterConnectMultiple (node:net:1708:16) {
          errno: -4078,
          code: 'ECONNREFUSED',
          syscall: 'connect',
          address: '127.0.0.1',
          port: 6379
        }
      ]
    }

    [0m [90m 34 |[39m redisClient[33m.[39mon([32m'error'[39m[33m,[39m (err) [33m=>[39m {
     [90m 35 |[39m   [36mif[39m (process[33m.[39menv[33m.[39m[33mNODE_ENV[39m [33m!==[39m [32m'test'[39m) {
    [31m[1m>[22m[39m[90m 36 |[39m     console[33m.[39merror([32m'[DB] Redis Client Error'[39m[33m,[39m err)[33m;[39m
     [90m    |[39m             [31m[1m^[22m[39m
     [90m 37 |[39m   }
     [90m 38 |[39m })[33m;[39m
     [90m 39 |[39m[0m

      at Class.error (server/config/database.js:36:13)
      at RedisSocket.<anonymous> (node_modules/@redis/client/lib/client/index.ts:796:12)
      at RedisSocket.#connect (node_modules/@redis/client/lib/client/socket.ts:246:14)
      at Class.connect (node_modules/@redis/client/lib/client/index.ts:961:5)
      at connectRedis (server/config/database.js:42:5)
      at server/app.js:79:5

  console.error
    [DB] Redis Client Error AggregateError: 
        at internalConnectMultiple (node:net:1134:18)
        at afterConnectMultiple (node:net:1715:7) {
      code: 'ECONNREFUSED',
      [errors]: [
        Error: connect ECONNREFUSED ::1:6379
            at createConnectionError (node:net:1678:14)
            at afterConnectMultiple (node:net:1708:16) {
          errno: -4078,
          code: 'ECONNREFUSED',
          syscall: 'connect',
          address: '::1',
          port: 6379
        },
        Error: connect ECONNREFUSED 127.0.0.1:6379
            at createConnectionError (node:net:1678:14)
            at afterConnectMultiple (node:net:1708:16) {
          errno: -4078,
          code: 'ECONNREFUSED',
          syscall: 'connect',
          address: '127.0.0.1',
          port: 6379
        }
      ]
    }

    [0m [90m 34 |[39m redisClient[33m.[39mon([32m'error'[39m[33m,[39m (err) [33m=>[39m {
     [90m 35 |[39m   [36mif[39m (process[33m.[39menv[33m.[39m[33mNODE_ENV[39m [33m!==[39m [32m'test'[39m) {
    [31m[1m>[22m[39m[90m 36 |[39m     console[33m.[39merror([32m'[DB] Redis Client Error'[39m[33m,[39m err)[33m;[39m
     [90m    |[39m             [31m[1m^[22m[39m
     [90m 37 |[39m   }
     [90m 38 |[39m })[33m;[39m
     [90m 39 |[39m[0m

      at Class.error (server/config/database.js:36:13)
      at RedisSocket.<anonymous> (node_modules/@redis/client/lib/client/index.ts:796:12)
      at RedisSocket.#connect (node_modules/@redis/client/lib/client/socket.ts:246:14)
      at Class.connect (node_modules/@redis/client/lib/client/index.ts:961:5)
      at connectRedis (server/config/database.js:42:5)
      at server/app.js:79:5

  console.error
    [DB] Redis Client Error AggregateError: 
        at internalConnectMultiple (node:net:1134:18)
        at afterConnectMultiple (node:net:1715:7) {
      code: 'ECONNREFUSED',
      [errors]: [
        Error: connect ECONNREFUSED ::1:6379
            at createConnectionError (node:net:1678:14)
            at afterConnectMultiple (node:net:1708:16) {
          errno: -4078,
          code: 'ECONNREFUSED',
          syscall: 'connect',
          address: '::1',
          port: 6379
        },
        Error: connect ECONNREFUSED 127.0.0.1:6379
            at createConnectionError (node:net:1678:14)
            at afterConnectMultiple (node:net:1708:16) {
          errno: -4078,
          code: 'ECONNREFUSED',
          syscall: 'connect',
          address: '127.0.0.1',
          port: 6379
        }
      ]
    }

    [0m [90m 34 |[39m redisClient[33m.[39mon([32m'error'[39m[33m,[39m (err) [33m=>[39m {
     [90m 35 |[39m   [36mif[39m (process[33m.[39menv[33m.[39m[33mNODE_ENV[39m [33m!==[39m [32m'test'[39m) {
    [31m[1m>[22m[39m[90m 36 |[39m     console[33m.[39merror([32m'[DB] Redis Client Error'[39m[33m,[39m err)[33m;[39m
     [90m    |[39m             [31m[1m^[22m[39m
     [90m 37 |[39m   }
     [90m 38 |[39m })[33m;[39m
     [90m 39 |[39m[0m

      at Class.error (server/config/database.js:36:13)
      at RedisSocket.<anonymous> (node_modules/@redis/client/lib/client/index.ts:796:12)
      at RedisSocket.#connect (node_modules/@redis/client/lib/client/socket.ts:246:14)
      at Class.connect (node_modules/@redis/client/lib/client/index.ts:961:5)
      at connectRedis (server/config/database.js:42:5)
      at server/app.js:79:5

  console.error
    [DB] Redis Client Error AggregateError: 
        at internalConnectMultiple (node:net:1134:18)
        at afterConnectMultiple (node:net:1715:7) {
      code: 'ECONNREFUSED',
      [errors]: [
        Error: connect ECONNREFUSED ::1:6379
            at createConnectionError (node:net:1678:14)
            at afterConnectMultiple (node:net:1708:16) {
          errno: -4078,
          code: 'ECONNREFUSED',
          syscall: 'connect',
          address: '::1',
          port: 6379
        },
        Error: connect ECONNREFUSED 127.0.0.1:6379
            at createConnectionError (node:net:1678:14)
            at afterConnectMultiple (node:net:1708:16) {
          errno: -4078,
          code: 'ECONNREFUSED',
          syscall: 'connect',
          address: '127.0.0.1',
          port: 6379
        }
      ]
    }

    [0m [90m 34 |[39m redisClient[33m.[39mon([32m'error'[39m[33m,[39m (err) [33m=>[39m {
     [90m 35 |[39m   [36mif[39m (process[33m.[39menv[33m.[39m[33mNODE_ENV[39m [33m!==[39m [32m'test'[39m) {
    [31m[1m>[22m[39m[90m 36 |[39m     console[33m.[39merror([32m'[DB] Redis Client Error'[39m[33m,[39m err)[33m;[39m
     [90m    |[39m             [31m[1m^[22m[39m
     [90m 37 |[39m   }
     [90m 38 |[39m })[33m;[39m
     [90m 39 |[39m[0m

      at Class.error (server/config/database.js:36:13)
      at RedisSocket.<anonymous> (node_modules/@redis/client/lib/client/index.ts:796:12)
      at RedisSocket.#connect (node_modules/@redis/client/lib/client/socket.ts:246:14)
      at Class.connect (node_modules/@redis/client/lib/client/index.ts:961:5)
      at connectRedis (server/config/database.js:42:5)
      at server/app.js:79:5

  console.error
    [DB] Redis Client Error AggregateError: 
        at internalConnectMultiple (node:net:1134:18)
        at afterConnectMultiple (node:net:1715:7) {
      code: 'ECONNREFUSED',
      [errors]: [
        Error: connect ECONNREFUSED ::1:6379
            at createConnectionError (node:net:1678:14)
            at afterConnectMultiple (node:net:1708:16) {
          errno: -4078,
          code: 'ECONNREFUSED',
          syscall: 'connect',
          address: '::1',
          port: 6379
        },
        Error: connect ECONNREFUSED 127.0.0.1:6379
            at createConnectionError (node:net:1678:14)
            at afterConnectMultiple (node:net:1708:16) {
          errno: -4078,
          code: 'ECONNREFUSED',
          syscall: 'connect',
          address: '127.0.0.1',
          port: 6379
        }
      ]
    }

    [0m [90m 34 |[39m redisClient[33m.[39mon([32m'error'[39m[33m,[39m (err) [33m=>[39m {
     [90m 35 |[39m   [36mif[39m (process[33m.[39menv[33m.[39m[33mNODE_ENV[39m [33m!==[39m [32m'test'[39m) {
    [31m[1m>[22m[39m[90m 36 |[39m     console[33m.[39merror([32m'[DB] Redis Client Error'[39m[33m,[39m err)[33m;[39m
     [90m    |[39m             [31m[1m^[22m[39m
     [90m 37 |[39m   }
     [90m 38 |[39m })[33m;[39m
     [90m 39 |[39m[0m

      at Class.error (server/config/database.js:36:13)
      at RedisSocket.<anonymous> (node_modules/@redis/client/lib/client/index.ts:796:12)
      at RedisSocket.#connect (node_modules/@redis/client/lib/client/socket.ts:246:14)
      at Class.connect (node_modules/@redis/client/lib/client/index.ts:961:5)
      at connectRedis (server/config/database.js:42:5)
      at server/app.js:79:5

  console.error
    [DB] Redis Client Error AggregateError: 
        at internalConnectMultiple (node:net:1134:18)
        at afterConnectMultiple (node:net:1715:7) {
      code: 'ECONNREFUSED',
      [errors]: [
        Error: connect ECONNREFUSED ::1:6379
            at createConnectionError (node:net:1678:14)
            at afterConnectMultiple (node:net:1708:16) {
          errno: -4078,
          code: 'ECONNREFUSED',
          syscall: 'connect',
          address: '::1',
          port: 6379
        },
        Error: connect ECONNREFUSED 127.0.0.1:6379
            at createConnectionError (node:net:1678:14)
            at afterConnectMultiple (node:net:1708:16) {
          errno: -4078,
          code: 'ECONNREFUSED',
          syscall: 'connect',
          address: '127.0.0.1',
          port: 6379
        }
      ]
    }

    [0m [90m 34 |[39m redisClient[33m.[39mon([32m'error'[39m[33m,[39m (err) [33m=>[39m {
     [90m 35 |[39m   [36mif[39m (process[33m.[39menv[33m.[39m[33mNODE_ENV[39m [33m!==[39m [32m'test'[39m) {
    [31m[1m>[22m[39m[90m 36 |[39m     console[33m.[39merror([32m'[DB] Redis Client Error'[39m[33m,[39m err)[33m;[39m
     [90m    |[39m             [31m[1m^[22m[39m
     [90m 37 |[39m   }
     [90m 38 |[39m })[33m;[39m
     [90m 39 |[39m[0m

      at Class.error (server/config/database.js:36:13)
      at RedisSocket.<anonymous> (node_modules/@redis/client/lib/client/index.ts:796:12)
      at RedisSocket.#connect (node_modules/@redis/client/lib/client/socket.ts:246:14)
      at Class.connect (node_modules/@redis/client/lib/client/index.ts:961:5)
      at connectRedis (server/config/database.js:42:5)
      at server/app.js:79:5

  console.error
    [DB] Redis Client Error AggregateError: 
        at internalConnectMultiple (node:net:1134:18)
        at afterConnectMultiple (node:net:1715:7) {
      code: 'ECONNREFUSED',
      [errors]: [
        Error: connect ECONNREFUSED ::1:6379
            at createConnectionError (node:net:1678:14)
            at afterConnectMultiple (node:net:1708:16) {
          errno: -4078,
          code: 'ECONNREFUSED',
          syscall: 'connect',
          address: '::1',
          port: 6379
        },
        Error: connect ECONNREFUSED 127.0.0.1:6379
            at createConnectionError (node:net:1678:14)
            at afterConnectMultiple (node:net:1708:16) {
          errno: -4078,
          code: 'ECONNREFUSED',
          syscall: 'connect',
          address: '127.0.0.1',
          port: 6379
        }
      ]
    }

    [0m [90m 34 |[39m redisClient[33m.[39mon([32m'error'[39m[33m,[39m (err) [33m=>[39m {
     [90m 35 |[39m   [36mif[39m (process[33m.[39menv[33m.[39m[33mNODE_ENV[39m [33m!==[39m [32m'test'[39m) {
    [31m[1m>[22m[39m[90m 36 |[39m     console[33m.[39merror([32m'[DB] Redis Client Error'[39m[33m,[39m err)[33m;[39m
     [90m    |[39m             [31m[1m^[22m[39m
     [90m 37 |[39m   }
     [90m 38 |[39m })[33m;[39m
     [90m 39 |[39m[0m

      at Class.error (server/config/database.js:36:13)
      at RedisSocket.<anonymous> (node_modules/@redis/client/lib/client/index.ts:796:12)
      at RedisSocket.#connect (node_modules/@redis/client/lib/client/socket.ts:246:14)
      at Class.connect (node_modules/@redis/client/lib/client/index.ts:961:5)
      at connectRedis (server/config/database.js:42:5)
      at server/app.js:79:5

  console.error
    [DB] Redis Client Error AggregateError: 
        at internalConnectMultiple (node:net:1134:18)
        at afterConnectMultiple (node:net:1715:7) {
      code: 'ECONNREFUSED',
      [errors]: [
        Error: connect ECONNREFUSED ::1:6379
            at createConnectionError (node:net:1678:14)
            at afterConnectMultiple (node:net:1708:16) {
          errno: -4078,
          code: 'ECONNREFUSED',
          syscall: 'connect',
          address: '::1',
          port: 6379
        },
        Error: connect ECONNREFUSED 127.0.0.1:6379
            at createConnectionError (node:net:1678:14)
            at afterConnectMultiple (node:net:1708:16) {
          errno: -4078,
          code: 'ECONNREFUSED',
          syscall: 'connect',
          address: '127.0.0.1',
          port: 6379
        }
      ]
    }

    [0m [90m 34 |[39m redisClient[33m.[39mon([32m'error'[39m[33m,[39m (err) [33m=>[39m {
     [90m 35 |[39m   [36mif[39m (process[33m.[39menv[33m.[39m[33mNODE_ENV[39m [33m!==[39m [32m'test'[39m) {
    [31m[1m>[22m[39m[90m 36 |[39m     console[33m.[39merror([32m'[DB] Redis Client Error'[39m[33m,[39m err)[33m;[39m
     [90m    |[39m             [31m[1m^[22m[39m
     [90m 37 |[39m   }
     [90m 38 |[39m })[33m;[39m
     [90m 39 |[39m[0m

      at Class.error (server/config/database.js:36:13)
      at RedisSocket.<anonymous> (node_modules/@redis/client/lib/client/index.ts:796:12)
      at RedisSocket.#connect (node_modules/@redis/client/lib/client/socket.ts:246:14)
      at Class.connect (node_modules/@redis/client/lib/client/index.ts:961:5)
      at connectRedis (server/config/database.js:42:5)
      at server/app.js:79:5

  console.error
    [DB] Redis Client Error AggregateError: 
        at internalConnectMultiple (node:net:1134:18)
        at afterConnectMultiple (node:net:1715:7) {
      code: 'ECONNREFUSED',
      [errors]: [
        Error: connect ECONNREFUSED ::1:6379
            at createConnectionError (node:net:1678:14)
            at afterConnectMultiple (node:net:1708:16) {
          errno: -4078,
          code: 'ECONNREFUSED',
          syscall: 'connect',
          address: '::1',
          port: 6379
        },
        Error: connect ECONNREFUSED 127.0.0.1:6379
            at createConnectionError (node:net:1678:14)
            at afterConnectMultiple (node:net:1708:16) {
          errno: -4078,
          code: 'ECONNREFUSED',
          syscall: 'connect',
          address: '127.0.0.1',
          port: 6379
        }
      ]
    }

    [0m [90m 34 |[39m redisClient[33m.[39mon([32m'error'[39m[33m,[39m (err) [33m=>[39m {
     [90m 35 |[39m   [36mif[39m (process[33m.[39menv[33m.[39m[33mNODE_ENV[39m [33m!==[39m [32m'test'[39m) {
    [31m[1m>[22m[39m[90m 36 |[39m     console[33m.[39merror([32m'[DB] Redis Client Error'[39m[33m,[39m err)[33m;[39m
     [90m    |[39m             [31m[1m^[22m[39m
     [90m 37 |[39m   }
     [90m 38 |[39m })[33m;[39m
     [90m 39 |[39m[0m

      at Class.error (server/config/database.js:36:13)
      at RedisSocket.<anonymous> (node_modules/@redis/client/lib/client/index.ts:796:12)
      at RedisSocket.#connect (node_modules/@redis/client/lib/client/socket.ts:246:14)
      at Class.connect (node_modules/@redis/client/lib/client/index.ts:961:5)
      at connectRedis (server/config/database.js:42:5)
      at server/app.js:79:5

  console.error
    [DB] Redis Client Error AggregateError: 
        at internalConnectMultiple (node:net:1134:18)
        at afterConnectMultiple (node:net:1715:7) {
      code: 'ECONNREFUSED',
      [errors]: [
        Error: connect ECONNREFUSED ::1:6379
            at createConnectionError (node:net:1678:14)
            at afterConnectMultiple (node:net:1708:16) {
          errno: -4078,
          code: 'ECONNREFUSED',
          syscall: 'connect',
          address: '::1',
          port: 6379
        },
        Error: connect ECONNREFUSED 127.0.0.1:6379
            at createConnectionError (node:net:1678:14)
            at afterConnectMultiple (node:net:1708:16) {
          errno: -4078,
          code: 'ECONNREFUSED',
          syscall: 'connect',
          address: '127.0.0.1',
          port: 6379
        }
      ]
    }

    [0m [90m 34 |[39m redisClient[33m.[39mon([32m'error'[39m[33m,[39m (err) [33m=>[39m {
     [90m 35 |[39m   [36mif[39m (process[33m.[39menv[33m.[39m[33mNODE_ENV[39m [33m!==[39m [32m'test'[39m) {
    [31m[1m>[22m[39m[90m 36 |[39m     console[33m.[39merror([32m'[DB] Redis Client Error'[39m[33m,[39m err)[33m;[39m
     [90m    |[39m             [31m[1m^[22m[39m
     [90m 37 |[39m   }
     [90m 38 |[39m })[33m;[39m
     [90m 39 |[39m[0m

      at Class.error (server/config/database.js:36:13)
      at RedisSocket.<anonymous> (node_modules/@redis/client/lib/client/index.ts:796:12)
      at RedisSocket.#connect (node_modules/@redis/client/lib/client/socket.ts:246:14)
      at Class.connect (node_modules/@redis/client/lib/client/index.ts:961:5)
      at connectRedis (server/config/database.js:42:5)
      at server/app.js:79:5

  console.error
    [DB] Redis Client Error AggregateError: 
        at internalConnectMultiple (node:net:1134:18)
        at afterConnectMultiple (node:net:1715:7) {
      code: 'ECONNREFUSED',
      [errors]: [
        Error: connect ECONNREFUSED ::1:6379
            at createConnectionError (node:net:1678:14)
            at afterConnectMultiple (node:net:1708:16) {
          errno: -4078,
          code: 'ECONNREFUSED',
          syscall: 'connect',
          address: '::1',
          port: 6379
        },
        Error: connect ECONNREFUSED 127.0.0.1:6379
            at createConnectionError (node:net:1678:14)
            at afterConnectMultiple (node:net:1708:16) {
          errno: -4078,
          code: 'ECONNREFUSED',
          syscall: 'connect',
          address: '127.0.0.1',
          port: 6379
        }
      ]
    }

    [0m [90m 34 |[39m redisClient[33m.[39mon([32m'error'[39m[33m,[39m (err) [33m=>[39m {
     [90m 35 |[39m   [36mif[39m (process[33m.[39menv[33m.[39m[33mNODE_ENV[39m [33m!==[39m [32m'test'[39m) {
    [31m[1m>[22m[39m[90m 36 |[39m     console[33m.[39merror([32m'[DB] Redis Client Error'[39m[33m,[39m err)[33m;[39m
     [90m    |[39m             [31m[1m^[22m[39m
     [90m 37 |[39m   }
     [90m 38 |[39m })[33m;[39m
     [90m 39 |[39m[0m

      at Class.error (server/config/database.js:36:13)
      at RedisSocket.<anonymous> (node_modules/@redis/client/lib/client/index.ts:796:12)
      at RedisSocket.#connect (node_modules/@redis/client/lib/client/socket.ts:246:14)
      at Class.connect (node_modules/@redis/client/lib/client/index.ts:961:5)
      at connectRedis (server/config/database.js:42:5)
      at server/app.js:79:5

  console.error
    [DB] Redis Client Error AggregateError: 
        at internalConnectMultiple (node:net:1134:18)
        at afterConnectMultiple (node:net:1715:7) {
      code: 'ECONNREFUSED',
      [errors]: [
        Error: connect ECONNREFUSED ::1:6379
            at createConnectionError (node:net:1678:14)
            at afterConnectMultiple (node:net:1708:16) {
          errno: -4078,
          code: 'ECONNREFUSED',
          syscall: 'connect',
          address: '::1',
          port: 6379
        },
        Error: connect ECONNREFUSED 127.0.0.1:6379
            at createConnectionError (node:net:1678:14)
            at afterConnectMultiple (node:net:1708:16) {
          errno: -4078,
          code: 'ECONNREFUSED',
          syscall: 'connect',
          address: '127.0.0.1',
          port: 6379
        }
      ]
    }

    [0m [90m 34 |[39m redisClient[33m.[39mon([32m'error'[39m[33m,[39m (err) [33m=>[39m {
     [90m 35 |[39m   [36mif[39m (process[33m.[39menv[33m.[39m[33mNODE_ENV[39m [33m!==[39m [32m'test'[39m) {
    [31m[1m>[22m[39m[90m 36 |[39m     console[33m.[39merror([32m'[DB] Redis Client Error'[39m[33m,[39m err)[33m;[39m
     [90m    |[39m             [31m[1m^[22m[39m
     [90m 37 |[39m   }
     [90m 38 |[39m })[33m;[39m
     [90m 39 |[39m[0m

      at Class.error (server/config/database.js:36:13)
      at RedisSocket.<anonymous> (node_modules/@redis/client/lib/client/index.ts:796:12)
      at RedisSocket.#connect (node_modules/@redis/client/lib/client/socket.ts:246:14)
      at Class.connect (node_modules/@redis/client/lib/client/index.ts:961:5)
      at connectRedis (server/config/database.js:42:5)
      at server/app.js:79:5

  console.error
    [DB] Redis Client Error AggregateError: 
        at internalConnectMultiple (node:net:1134:18)
        at afterConnectMultiple (node:net:1715:7) {
      code: 'ECONNREFUSED',
      [errors]: [
        Error: connect ECONNREFUSED ::1:6379
            at createConnectionError (node:net:1678:14)
            at afterConnectMultiple (node:net:1708:16) {
          errno: -4078,
          code: 'ECONNREFUSED',
          syscall: 'connect',
          address: '::1',
          port: 6379
        },
        Error: connect ECONNREFUSED 127.0.0.1:6379
            at createConnectionError (node:net:1678:14)
            at afterConnectMultiple (node:net:1708:16) {
          errno: -4078,
          code: 'ECONNREFUSED',
          syscall: 'connect',
          address: '127.0.0.1',
          port: 6379
        }
      ]
    }

    [0m [90m 34 |[39m redisClient[33m.[39mon([32m'error'[39m[33m,[39m (err) [33m=>[39m {
     [90m 35 |[39m   [36mif[39m (process[33m.[39menv[33m.[39m[33mNODE_ENV[39m [33m!==[39m [32m'test'[39m) {
    [31m[1m>[22m[39m[90m 36 |[39m     console[33m.[39merror([32m'[DB] Redis Client Error'[39m[33m,[39m err)[33m;[39m
     [90m    |[39m             [31m[1m^[22m[39m
     [90m 37 |[39m   }
     [90m 38 |[39m })[33m;[39m
     [90m 39 |[39m[0m

      at Class.error (server/config/database.js:36:13)
      at RedisSocket.<anonymous> (node_modules/@redis/client/lib/client/index.ts:796:12)
      at RedisSocket.#connect (node_modules/@redis/client/lib/client/socket.ts:246:14)
      at Class.connect (node_modules/@redis/client/lib/client/index.ts:961:5)
      at connectRedis (server/config/database.js:42:5)
      at server/app.js:79:5

  console.error
    [DB] Redis Client Error AggregateError: 
        at internalConnectMultiple (node:net:1134:18)
        at afterConnectMultiple (node:net:1715:7) {
      code: 'ECONNREFUSED',
      [errors]: [
        Error: connect ECONNREFUSED ::1:6379
            at createConnectionError (node:net:1678:14)
            at afterConnectMultiple (node:net:1708:16) {
          errno: -4078,
          code: 'ECONNREFUSED',
          syscall: 'connect',
          address: '::1',
          port: 6379
        },
        Error: connect ECONNREFUSED 127.0.0.1:6379
            at createConnectionError (node:net:1678:14)
            at afterConnectMultiple (node:net:1708:16) {
          errno: -4078,
          code: 'ECONNREFUSED',
          syscall: 'connect',
          address: '127.0.0.1',
          port: 6379
        }
      ]
    }

    [0m [90m 34 |[39m redisClient[33m.[39mon([32m'error'[39m[33m,[39m (err) [33m=>[39m {
     [90m 35 |[39m   [36mif[39m (process[33m.[39menv[33m.[39m[33mNODE_ENV[39m [33m!==[39m [32m'test'[39m) {
    [31m[1m>[22m[39m[90m 36 |[39m     console[33m.[39merror([32m'[DB] Redis Client Error'[39m[33m,[39m err)[33m;[39m
     [90m    |[39m             [31m[1m^[22m[39m
     [90m 37 |[39m   }
     [90m 38 |[39m })[33m;[39m
     [90m 39 |[39m[0m

      at Class.error (server/config/database.js:36:13)
      at RedisSocket.<anonymous> (node_modules/@redis/client/lib/client/index.ts:796:12)
      at RedisSocket.#connect (node_modules/@redis/client/lib/client/socket.ts:246:14)
      at Class.connect (node_modules/@redis/client/lib/client/index.ts:961:5)
      at connectRedis (server/config/database.js:42:5)
      at server/app.js:79:5

  console.error
    [DB] Redis Client Error AggregateError: 
        at internalConnectMultiple (node:net:1134:18)
        at afterConnectMultiple (node:net:1715:7) {
      code: 'ECONNREFUSED',
      [errors]: [
        Error: connect ECONNREFUSED ::1:6379
            at createConnectionError (node:net:1678:14)
            at afterConnectMultiple (node:net:1708:16) {
          errno: -4078,
          code: 'ECONNREFUSED',
          syscall: 'connect',
          address: '::1',
          port: 6379
        },
        Error: connect ECONNREFUSED 127.0.0.1:6379
            at createConnectionError (node:net:1678:14)
            at afterConnectMultiple (node:net:1708:16) {
          errno: -4078,
          code: 'ECONNREFUSED',
          syscall: 'connect',
          address: '127.0.0.1',
          port: 6379
        }
      ]
    }

    [0m [90m 34 |[39m redisClient[33m.[39mon([32m'error'[39m[33m,[39m (err) [33m=>[39m {
     [90m 35 |[39m   [36mif[39m (process[33m.[39menv[33m.[39m[33mNODE_ENV[39m [33m!==[39m [32m'test'[39m) {
    [31m[1m>[22m[39m[90m 36 |[39m     console[33m.[39merror([32m'[DB] Redis Client Error'[39m[33m,[39m err)[33m;[39m
     [90m    |[39m             [31m[1m^[22m[39m
     [90m 37 |[39m   }
     [90m 38 |[39m })[33m;[39m
     [90m 39 |[39m[0m

      at Class.error (server/config/database.js:36:13)
      at RedisSocket.<anonymous> (node_modules/@redis/client/lib/client/index.ts:796:12)
      at RedisSocket.#connect (node_modules/@redis/client/lib/client/socket.ts:246:14)
      at Class.connect (node_modules/@redis/client/lib/client/index.ts:961:5)
      at connectRedis (server/config/database.js:42:5)
      at server/app.js:79:5

  console.error
    [DB] Redis Client Error AggregateError: 
        at internalConnectMultiple (node:net:1134:18)
        at afterConnectMultiple (node:net:1715:7) {
      code: 'ECONNREFUSED',
      [errors]: [
        Error: connect ECONNREFUSED ::1:6379
            at createConnectionError (node:net:1678:14)
            at afterConnectMultiple (node:net:1708:16) {
          errno: -4078,
          code: 'ECONNREFUSED',
          syscall: 'connect',
          address: '::1',
          port: 6379
        },
        Error: connect ECONNREFUSED 127.0.0.1:6379
            at createConnectionError (node:net:1678:14)
            at afterConnectMultiple (node:net:1708:16) {
          errno: -4078,
          code: 'ECONNREFUSED',
          syscall: 'connect',
          address: '127.0.0.1',
          port: 6379
        }
      ]
    }

    [0m [90m 34 |[39m redisClient[33m.[39mon([32m'error'[39m[33m,[39m (err) [33m=>[39m {
     [90m 35 |[39m   [36mif[39m (process[33m.[39menv[33m.[39m[33mNODE_ENV[39m [33m!==[39m [32m'test'[39m) {
    [31m[1m>[22m[39m[90m 36 |[39m     console[33m.[39merror([32m'[DB] Redis Client Error'[39m[33m,[39m err)[33m;[39m
     [90m    |[39m             [31m[1m^[22m[39m
     [90m 37 |[39m   }
     [90m 38 |[39m })[33m;[39m
     [90m 39 |[39m[0m

      at Class.error (server/config/database.js:36:13)
      at RedisSocket.<anonymous> (node_modules/@redis/client/lib/client/index.ts:796:12)
      at RedisSocket.#connect (node_modules/@redis/client/lib/client/socket.ts:246:14)
      at Class.connect (node_modules/@redis/client/lib/client/index.ts:961:5)
      at connectRedis (server/config/database.js:42:5)
      at server/app.js:79:5

  console.error
    [DB] Redis Client Error AggregateError: 
        at internalConnectMultiple (node:net:1134:18)
        at afterConnectMultiple (node:net:1715:7) {
      code: 'ECONNREFUSED',
      [errors]: [
        Error: connect ECONNREFUSED ::1:6379
            at createConnectionError (node:net:1678:14)
            at afterConnectMultiple (node:net:1708:16) {
          errno: -4078,
          code: 'ECONNREFUSED',
          syscall: 'connect',
          address: '::1',
          port: 6379
        },
        Error: connect ECONNREFUSED 127.0.0.1:6379
            at createConnectionError (node:net:1678:14)
            at afterConnectMultiple (node:net:1708:16) {
          errno: -4078,
          code: 'ECONNREFUSED',
          syscall: 'connect',
          address: '127.0.0.1',
          port: 6379
        }
      ]
    }

    [0m [90m 34 |[39m redisClient[33m.[39mon([32m'error'[39m[33m,[39m (err) [33m=>[39m {
     [90m 35 |[39m   [36mif[39m (process[33m.[39menv[33m.[39m[33mNODE_ENV[39m [33m!==[39m [32m'test'[39m) {
    [31m[1m>[22m[39m[90m 36 |[39m     console[33m.[39merror([32m'[DB] Redis Client Error'[39m[33m,[39m err)[33m;[39m
     [90m    |[39m             [31m[1m^[22m[39m
     [90m 37 |[39m   }
     [90m 38 |[39m })[33m;[39m
     [90m 39 |[39m[0m

      at Class.error (server/config/database.js:36:13)
      at RedisSocket.<anonymous> (node_modules/@redis/client/lib/client/index.ts:796:12)
      at RedisSocket.#connect (node_modules/@redis/client/lib/client/socket.ts:246:14)
      at Class.connect (node_modules/@redis/client/lib/client/index.ts:961:5)
      at connectRedis (server/config/database.js:42:5)
      at server/app.js:79:5

  console.error
    [DB] Redis Client Error AggregateError: 
        at internalConnectMultiple (node:net:1134:18)
        at afterConnectMultiple (node:net:1715:7) {
      code: 'ECONNREFUSED',
      [errors]: [
        Error: connect ECONNREFUSED ::1:6379
            at createConnectionError (node:net:1678:14)
            at afterConnectMultiple (node:net:1708:16) {
          errno: -4078,
          code: 'ECONNREFUSED',
          syscall: 'connect',
          address: '::1',
          port: 6379
        },
        Error: connect ECONNREFUSED 127.0.0.1:6379
            at createConnectionError (node:net:1678:14)
            at afterConnectMultiple (node:net:1708:16) {
          errno: -4078,
          code: 'ECONNREFUSED',
          syscall: 'connect',
          address: '127.0.0.1',
          port: 6379
        }
      ]
    }

    [0m [90m 34 |[39m redisClient[33m.[39mon([32m'error'[39m[33m,[39m (err) [33m=>[39m {
     [90m 35 |[39m   [36mif[39m (process[33m.[39menv[33m.[39m[33mNODE_ENV[39m [33m!==[39m [32m'test'[39m) {
    [31m[1m>[22m[39m[90m 36 |[39m     console[33m.[39merror([32m'[DB] Redis Client Error'[39m[33m,[39m err)[33m;[39m
     [90m    |[39m             [31m[1m^[22m[39m
     [90m 37 |[39m   }
     [90m 38 |[39m })[33m;[39m
     [90m 39 |[39m[0m

      at Class.error (server/config/database.js:36:13)
      at RedisSocket.<anonymous> (node_modules/@redis/client/lib/client/index.ts:796:12)
      at RedisSocket.#connect (node_modules/@redis/client/lib/client/socket.ts:246:14)
      at Class.connect (node_modules/@redis/client/lib/client/index.ts:961:5)
      at connectRedis (server/config/database.js:42:5)
      at server/app.js:79:5

  console.error
    [DB] Redis Client Error AggregateError: 
        at internalConnectMultiple (node:net:1134:18)
        at afterConnectMultiple (node:net:1715:7) {
      code: 'ECONNREFUSED',
      [errors]: [
        Error: connect ECONNREFUSED ::1:6379
            at createConnectionError (node:net:1678:14)
            at afterConnectMultiple (node:net:1708:16) {
          errno: -4078,
          code: 'ECONNREFUSED',
          syscall: 'connect',
          address: '::1',
          port: 6379
        },
        Error: connect ECONNREFUSED 127.0.0.1:6379
            at createConnectionError (node:net:1678:14)
            at afterConnectMultiple (node:net:1708:16) {
          errno: -4078,
          code: 'ECONNREFUSED',
          syscall: 'connect',
          address: '127.0.0.1',
          port: 6379
        }
      ]
    }

    [0m [90m 34 |[39m redisClient[33m.[39mon([32m'error'[39m[33m,[39m (err) [33m=>[39m {
     [90m 35 |[39m   [36mif[39m (process[33m.[39menv[33m.[39m[33mNODE_ENV[39m [33m!==[39m [32m'test'[39m) {
    [31m[1m>[22m[39m[90m 36 |[39m     console[33m.[39merror([32m'[DB] Redis Client Error'[39m[33m,[39m err)[33m;[39m
     [90m    |[39m             [31m[1m^[22m[39m
     [90m 37 |[39m   }
     [90m 38 |[39m })[33m;[39m
     [90m 39 |[39m[0m

      at Class.error (server/config/database.js:36:13)
      at RedisSocket.<anonymous> (node_modules/@redis/client/lib/client/index.ts:796:12)
      at RedisSocket.#connect (node_modules/@redis/client/lib/client/socket.ts:246:14)
      at Class.connect (node_modules/@redis/client/lib/client/index.ts:961:5)
      at connectRedis (server/config/database.js:42:5)
      at server/app.js:79:5

  console.error
    [DB] Redis Client Error AggregateError: 
        at internalConnectMultiple (node:net:1134:18)
        at afterConnectMultiple (node:net:1715:7) {
      code: 'ECONNREFUSED',
      [errors]: [
        Error: connect ECONNREFUSED ::1:6379
            at createConnectionError (node:net:1678:14)
            at afterConnectMultiple (node:net:1708:16) {
          errno: -4078,
          code: 'ECONNREFUSED',
          syscall: 'connect',
          address: '::1',
          port: 6379
        },
        Error: connect ECONNREFUSED 127.0.0.1:6379
            at createConnectionError (node:net:1678:14)
            at afterConnectMultiple (node:net:1708:16) {
          errno: -4078,
          code: 'ECONNREFUSED',
          syscall: 'connect',
          address: '127.0.0.1',
          port: 6379
        }
      ]
    }

    [0m [90m 34 |[39m redisClient[33m.[39mon([32m'error'[39m[33m,[39m (err) [33m=>[39m {
     [90m 35 |[39m   [36mif[39m (process[33m.[39menv[33m.[39m[33mNODE_ENV[39m [33m!==[39m [32m'test'[39m) {
    [31m[1m>[22m[39m[90m 36 |[39m     console[33m.[39merror([32m'[DB] Redis Client Error'[39m[33m,[39m err)[33m;[39m
     [90m    |[39m             [31m[1m^[22m[39m
     [90m 37 |[39m   }
     [90m 38 |[39m })[33m;[39m
     [90m 39 |[39m[0m

      at Class.error (server/config/database.js:36:13)
      at RedisSocket.<anonymous> (node_modules/@redis/client/lib/client/index.ts:796:12)
      at RedisSocket.#connect (node_modules/@redis/client/lib/client/socket.ts:246:14)
      at Class.connect (node_modules/@redis/client/lib/client/index.ts:961:5)
      at connectRedis (server/config/database.js:42:5)
      at server/app.js:79:5

  console.error
    [DB] Redis Client Error AggregateError: 
        at internalConnectMultiple (node:net:1134:18)
        at afterConnectMultiple (node:net:1715:7) {
      code: 'ECONNREFUSED',
      [errors]: [
        Error: connect ECONNREFUSED ::1:6379
            at createConnectionError (node:net:1678:14)
            at afterConnectMultiple (node:net:1708:16) {
          errno: -4078,
          code: 'ECONNREFUSED',
          syscall: 'connect',
          address: '::1',
          port: 6379
        },
        Error: connect ECONNREFUSED 127.0.0.1:6379
            at createConnectionError (node:net:1678:14)
            at afterConnectMultiple (node:net:1708:16) {
          errno: -4078,
          code: 'ECONNREFUSED',
          syscall: 'connect',
          address: '127.0.0.1',
          port: 6379
        }
      ]
    }

    [0m [90m 34 |[39m redisClient[33m.[39mon([32m'error'[39m[33m,[39m (err) [33m=>[39m {
     [90m 35 |[39m   [36mif[39m (process[33m.[39menv[33m.[39m[33mNODE_ENV[39m [33m!==[39m [32m'test'[39m) {
    [31m[1m>[22m[39m[90m 36 |[39m     console[33m.[39merror([32m'[DB] Redis Client Error'[39m[33m,[39m err)[33m;[39m
     [90m    |[39m             [31m[1m^[22m[39m
     [90m 37 |[39m   }
     [90m 38 |[39m })[33m;[39m
     [90m 39 |[39m[0m

      at Class.error (server/config/database.js:36:13)
      at RedisSocket.<anonymous> (node_modules/@redis/client/lib/client/index.ts:796:12)
      at RedisSocket.#connect (node_modules/@redis/client/lib/client/socket.ts:246:14)
      at Class.connect (node_modules/@redis/client/lib/client/index.ts:961:5)
      at connectRedis (server/config/database.js:42:5)
      at server/app.js:79:5

  console.error
    [DB] Redis Client Error AggregateError: 
        at internalConnectMultiple (node:net:1134:18)
        at afterConnectMultiple (node:net:1715:7) {
      code: 'ECONNREFUSED',
      [errors]: [
        Error: connect ECONNREFUSED ::1:6379
            at createConnectionError (node:net:1678:14)
            at afterConnectMultiple (node:net:1708:16) {
          errno: -4078,
          code: 'ECONNREFUSED',
          syscall: 'connect',
          address: '::1',
          port: 6379
        },
        Error: connect ECONNREFUSED 127.0.0.1:6379
            at createConnectionError (node:net:1678:14)
            at afterConnectMultiple (node:net:1708:16) {
          errno: -4078,
          code: 'ECONNREFUSED',
          syscall: 'connect',
          address: '127.0.0.1',
          port: 6379
        }
      ]
    }

    [0m [90m 34 |[39m redisClient[33m.[39mon([32m'error'[39m[33m,[39m (err) [33m=>[39m {
     [90m 35 |[39m   [36mif[39m (process[33m.[39menv[33m.[39m[33mNODE_ENV[39m [33m!==[39m [32m'test'[39m) {
    [31m[1m>[22m[39m[90m 36 |[39m     console[33m.[39merror([32m'[DB] Redis Client Error'[39m[33m,[39m err)[33m;[39m
     [90m    |[39m             [31m[1m^[22m[39m
     [90m 37 |[39m   }
     [90m 38 |[39m })[33m;[39m
     [90m 39 |[39m[0m

      at Class.error (server/config/database.js:36:13)
      at RedisSocket.<anonymous> (node_modules/@redis/client/lib/client/index.ts:796:12)
      at RedisSocket.#connect (node_modules/@redis/client/lib/client/socket.ts:246:14)
      at Class.connect (node_modules/@redis/client/lib/client/index.ts:961:5)
      at connectRedis (server/config/database.js:42:5)
      at server/app.js:79:5

  console.error
    [DB] Redis Client Error AggregateError: 
        at internalConnectMultiple (node:net:1134:18)
        at afterConnectMultiple (node:net:1715:7) {
      code: 'ECONNREFUSED',
      [errors]: [
        Error: connect ECONNREFUSED ::1:6379
            at createConnectionError (node:net:1678:14)
            at afterConnectMultiple (node:net:1708:16) {
          errno: -4078,
          code: 'ECONNREFUSED',
          syscall: 'connect',
          address: '::1',
          port: 6379
        },
        Error: connect ECONNREFUSED 127.0.0.1:6379
            at createConnectionError (node:net:1678:14)
            at afterConnectMultiple (node:net:1708:16) {
          errno: -4078,
          code: 'ECONNREFUSED',
          syscall: 'connect',
          address: '127.0.0.1',
          port: 6379
        }
      ]
    }

    [0m [90m 34 |[39m redisClient[33m.[39mon([32m'error'[39m[33m,[39m (err) [33m=>[39m {
     [90m 35 |[39m   [36mif[39m (process[33m.[39menv[33m.[39m[33mNODE_ENV[39m [33m!==[39m [32m'test'[39m) {
    [31m[1m>[22m[39m[90m 36 |[39m     console[33m.[39merror([32m'[DB] Redis Client Error'[39m[33m,[39m err)[33m;[39m
     [90m    |[39m             [31m[1m^[22m[39m
     [90m 37 |[39m   }
     [90m 38 |[39m })[33m;[39m
     [90m 39 |[39m[0m

      at Class.error (server/config/database.js:36:13)
      at RedisSocket.<anonymous> (node_modules/@redis/client/lib/client/index.ts:796:12)
      at RedisSocket.#connect (node_modules/@redis/client/lib/client/socket.ts:246:14)
      at Class.connect (node_modules/@redis/client/lib/client/index.ts:961:5)
      at connectRedis (server/config/database.js:42:5)
      at server/app.js:79:5

  console.error
    [DB] Redis Client Error AggregateError: 
        at internalConnectMultiple (node:net:1134:18)
        at afterConnectMultiple (node:net:1715:7) {
      code: 'ECONNREFUSED',
      [errors]: [
        Error: connect ECONNREFUSED ::1:6379
            at createConnectionError (node:net:1678:14)
            at afterConnectMultiple (node:net:1708:16) {
          errno: -4078,
          code: 'ECONNREFUSED',
          syscall: 'connect',
          address: '::1',
          port: 6379
        },
        Error: connect ECONNREFUSED 127.0.0.1:6379
            at createConnectionError (node:net:1678:14)
            at afterConnectMultiple (node:net:1708:16) {
          errno: -4078,
          code: 'ECONNREFUSED',
          syscall: 'connect',
          address: '127.0.0.1',
          port: 6379
        }
      ]
    }

    [0m [90m 34 |[39m redisClient[33m.[39mon([32m'error'[39m[33m,[39m (err) [33m=>[39m {
     [90m 35 |[39m   [36mif[39m (process[33m.[39menv[33m.[39m[33mNODE_ENV[39m [33m!==[39m [32m'test'[39m) {
    [31m[1m>[22m[39m[90m 36 |[39m     console[33m.[39merror([32m'[DB] Redis Client Error'[39m[33m,[39m err)[33m;[39m
     [90m    |[39m             [31m[1m^[22m[39m
     [90m 37 |[39m   }
     [90m 38 |[39m })[33m;[39m
     [90m 39 |[39m[0m

      at Class.error (server/config/database.js:36:13)
      at RedisSocket.<anonymous> (node_modules/@redis/client/lib/client/index.ts:796:12)
      at RedisSocket.#connect (node_modules/@redis/client/lib/client/socket.ts:246:14)
      at Class.connect (node_modules/@redis/client/lib/client/index.ts:961:5)
      at connectRedis (server/config/database.js:42:5)
      at server/app.js:79:5

  console.error
    [DB] Redis Client Error AggregateError: 
        at internalConnectMultiple (node:net:1134:18)
        at afterConnectMultiple (node:net:1715:7) {
      code: 'ECONNREFUSED',
      [errors]: [
        Error: connect ECONNREFUSED ::1:6379
            at createConnectionError (node:net:1678:14)
            at afterConnectMultiple (node:net:1708:16) {
          errno: -4078,
          code: 'ECONNREFUSED',
          syscall: 'connect',
          address: '::1',
          port: 6379
        },
        Error: connect ECONNREFUSED 127.0.0.1:6379
            at createConnectionError (node:net:1678:14)
            at afterConnectMultiple (node:net:1708:16) {
          errno: -4078,
          code: 'ECONNREFUSED',
          syscall: 'connect',
          address: '127.0.0.1',
          port: 6379
        }
      ]
    }

    [0m [90m 34 |[39m redisClient[33m.[39mon([32m'error'[39m[33m,[39m (err) [33m=>[39m {
     [90m 35 |[39m   [36mif[39m (process[33m.[39menv[33m.[39m[33mNODE_ENV[39m [33m!==[39m [32m'test'[39m) {
    [31m[1m>[22m[39m[90m 36 |[39m     console[33m.[39merror([32m'[DB] Redis Client Error'[39m[33m,[39m err)[33m;[39m
     [90m    |[39m             [31m[1m^[22m[39m
     [90m 37 |[39m   }
     [90m 38 |[39m })[33m;[39m
     [90m 39 |[39m[0m

      at Class.error (server/config/database.js:36:13)
      at RedisSocket.<anonymous> (node_modules/@redis/client/lib/client/index.ts:796:12)
      at RedisSocket.#connect (node_modules/@redis/client/lib/client/socket.ts:246:14)
      at Class.connect (node_modules/@redis/client/lib/client/index.ts:961:5)
      at connectRedis (server/config/database.js:42:5)
      at server/app.js:79:5

  console.error
    [DB] Redis Client Error AggregateError: 
        at internalConnectMultiple (node:net:1134:18)
        at afterConnectMultiple (node:net:1715:7) {
      code: 'ECONNREFUSED',
      [errors]: [
        Error: connect ECONNREFUSED ::1:6379
            at createConnectionError (node:net:1678:14)
            at afterConnectMultiple (node:net:1708:16) {
          errno: -4078,
          code: 'ECONNREFUSED',
          syscall: 'connect',
          address: '::1',
          port: 6379
        },
        Error: connect ECONNREFUSED 127.0.0.1:6379
            at createConnectionError (node:net:1678:14)
            at afterConnectMultiple (node:net:1708:16) {
          errno: -4078,
          code: 'ECONNREFUSED',
          syscall: 'connect',
          address: '127.0.0.1',
          port: 6379
        }
      ]
    }

    [0m [90m 34 |[39m redisClient[33m.[39mon([32m'error'[39m[33m,[39m (err) [33m=>[39m {
     [90m 35 |[39m   [36mif[39m (process[33m.[39menv[33m.[39m[33mNODE_ENV[39m [33m!==[39m [32m'test'[39m) {
    [31m[1m>[22m[39m[90m 36 |[39m     console[33m.[39merror([32m'[DB] Redis Client Error'[39m[33m,[39m err)[33m;[39m
     [90m    |[39m             [31m[1m^[22m[39m
     [90m 37 |[39m   }
     [90m 38 |[39m })[33m;[39m
     [90m 39 |[39m[0m

      at Class.error (server/config/database.js:36:13)
      at RedisSocket.<anonymous> (node_modules/@redis/client/lib/client/index.ts:796:12)
      at RedisSocket.#connect (node_modules/@redis/client/lib/client/socket.ts:246:14)
      at Class.connect (node_modules/@redis/client/lib/client/index.ts:961:5)
      at connectRedis (server/config/database.js:42:5)
      at server/app.js:79:5

  console.error
    [DB] Redis Client Error AggregateError: 
        at internalConnectMultiple (node:net:1134:18)
        at afterConnectMultiple (node:net:1715:7) {
      code: 'ECONNREFUSED',
      [errors]: [
        Error: connect ECONNREFUSED ::1:6379
            at createConnectionError (node:net:1678:14)
            at afterConnectMultiple (node:net:1708:16) {
          errno: -4078,
          code: 'ECONNREFUSED',
          syscall: 'connect',
          address: '::1',
          port: 6379
        },
        Error: connect ECONNREFUSED 127.0.0.1:6379
            at createConnectionError (node:net:1678:14)
            at afterConnectMultiple (node:net:1708:16) {
          errno: -4078,
          code: 'ECONNREFUSED',
          syscall: 'connect',
          address: '127.0.0.1',
          port: 6379
        }
      ]
    }

    [0m [90m 34 |[39m redisClient[33m.[39mon([32m'error'[39m[33m,[39m (err) [33m=>[39m {
     [90m 35 |[39m   [36mif[39m (process[33m.[39menv[33m.[39m[33mNODE_ENV[39m [33m!==[39m [32m'test'[39m) {
    [31m[1m>[22m[39m[90m 36 |[39m     console[33m.[39merror([32m'[DB] Redis Client Error'[39m[33m,[39m err)[33m;[39m
     [90m    |[39m             [31m[1m^[22m[39m
     [90m 37 |[39m   }
     [90m 38 |[39m })[33m;[39m
     [90m 39 |[39m[0m

      at Class.error (server/config/database.js:36:13)
      at RedisSocket.<anonymous> (node_modules/@redis/client/lib/client/index.ts:796:12)
      at RedisSocket.#connect (node_modules/@redis/client/lib/client/socket.ts:246:14)
      at Class.connect (node_modules/@redis/client/lib/client/index.ts:961:5)
      at connectRedis (server/config/database.js:42:5)
      at server/app.js:79:5

  console.error
    [DB] Redis Client Error AggregateError: 
        at internalConnectMultiple (node:net:1134:18)
        at afterConnectMultiple (node:net:1715:7) {
      code: 'ECONNREFUSED',
      [errors]: [
        Error: connect ECONNREFUSED ::1:6379
            at createConnectionError (node:net:1678:14)
            at afterConnectMultiple (node:net:1708:16) {
          errno: -4078,
          code: 'ECONNREFUSED',
          syscall: 'connect',
          address: '::1',
          port: 6379
        },
        Error: connect ECONNREFUSED 127.0.0.1:6379
            at createConnectionError (node:net:1678:14)
            at afterConnectMultiple (node:net:1708:16) {
          errno: -4078,
          code: 'ECONNREFUSED',
          syscall: 'connect',
          address: '127.0.0.1',
          port: 6379
        }
      ]
    }

    [0m [90m 34 |[39m redisClient[33m.[39mon([32m'error'[39m[33m,[39m (err) [33m=>[39m {
     [90m 35 |[39m   [36mif[39m (process[33m.[39menv[33m.[39m[33mNODE_ENV[39m [33m!==[39m [32m'test'[39m) {
    [31m[1m>[22m[39m[90m 36 |[39m     console[33m.[39merror([32m'[DB] Redis Client Error'[39m[33m,[39m err)[33m;[39m
     [90m    |[39m             [31m[1m^[22m[39m
     [90m 37 |[39m   }
     [90m 38 |[39m })[33m;[39m
     [90m 39 |[39m[0m

      at Class.error (server/config/database.js:36:13)
      at RedisSocket.<anonymous> (node_modules/@redis/client/lib/client/index.ts:796:12)
      at RedisSocket.#connect (node_modules/@redis/client/lib/client/socket.ts:246:14)
      at Class.connect (node_modules/@redis/client/lib/client/index.ts:961:5)
      at connectRedis (server/config/database.js:42:5)
      at server/app.js:79:5

  console.error
    [DB] Redis Client Error AggregateError: 
        at internalConnectMultiple (node:net:1134:18)
        at afterConnectMultiple (node:net:1715:7) {
      code: 'ECONNREFUSED',
      [errors]: [
        Error: connect ECONNREFUSED ::1:6379
            at createConnectionError (node:net:1678:14)
            at afterConnectMultiple (node:net:1708:16) {
          errno: -4078,
          code: 'ECONNREFUSED',
          syscall: 'connect',
          address: '::1',
          port: 6379
        },
        Error: connect ECONNREFUSED 127.0.0.1:6379
            at createConnectionError (node:net:1678:14)
            at afterConnectMultiple (node:net:1708:16) {
          errno: -4078,
          code: 'ECONNREFUSED',
          syscall: 'connect',
          address: '127.0.0.1',
          port: 6379
        }
      ]
    }

    [0m [90m 34 |[39m redisClient[33m.[39mon([32m'error'[39m[33m,[39m (err) [33m=>[39m {
     [90m 35 |[39m   [36mif[39m (process[33m.[39menv[33m.[39m[33mNODE_ENV[39m [33m!==[39m [32m'test'[39m) {
    [31m[1m>[22m[39m[90m 36 |[39m     console[33m.[39merror([32m'[DB] Redis Client Error'[39m[33m,[39m err)[33m;[39m
     [90m    |[39m             [31m[1m^[22m[39m
     [90m 37 |[39m   }
     [90m 38 |[39m })[33m;[39m
     [90m 39 |[39m[0m

      at Class.error (server/config/database.js:36:13)
      at RedisSocket.<anonymous> (node_modules/@redis/client/lib/client/index.ts:796:12)
      at RedisSocket.#connect (node_modules/@redis/client/lib/client/socket.ts:246:14)
      at Class.connect (node_modules/@redis/client/lib/client/index.ts:961:5)
      at connectRedis (server/config/database.js:42:5)
      at server/app.js:79:5

  console.error
    [DB] Redis Client Error AggregateError: 
        at internalConnectMultiple (node:net:1134:18)
        at afterConnectMultiple (node:net:1715:7) {
      code: 'ECONNREFUSED',
      [errors]: [
        Error: connect ECONNREFUSED ::1:6379
            at createConnectionError (node:net:1678:14)
            at afterConnectMultiple (node:net:1708:16) {
          errno: -4078,
          code: 'ECONNREFUSED',
          syscall: 'connect',
          address: '::1',
          port: 6379
        },
        Error: connect ECONNREFUSED 127.0.0.1:6379
            at createConnectionError (node:net:1678:14)
            at afterConnectMultiple (node:net:1708:16) {
          errno: -4078,
          code: 'ECONNREFUSED',
          syscall: 'connect',
          address: '127.0.0.1',
          port: 6379
        }
      ]
    }

    [0m [90m 34 |[39m redisClient[33m.[39mon([32m'error'[39m[33m,[39m (err) [33m=>[39m {
     [90m 35 |[39m   [36mif[39m (process[33m.[39menv[33m.[39m[33mNODE_ENV[39m [33m!==[39m [32m'test'[39m) {
    [31m[1m>[22m[39m[90m 36 |[39m     console[33m.[39merror([32m'[DB] Redis Client Error'[39m[33m,[39m err)[33m;[39m
     [90m    |[39m             [31m[1m^[22m[39m
     [90m 37 |[39m   }
     [90m 38 |[39m })[33m;[39m
     [90m 39 |[39m[0m

      at Class.error (server/config/database.js:36:13)
      at RedisSocket.<anonymous> (node_modules/@redis/client/lib/client/index.ts:796:12)
      at RedisSocket.#connect (node_modules/@redis/client/lib/client/socket.ts:246:14)
      at Class.connect (node_modules/@redis/client/lib/client/index.ts:961:5)
      at connectRedis (server/config/database.js:42:5)
      at server/app.js:79:5

  console.error
    [DB] Redis Client Error AggregateError: 
        at internalConnectMultiple (node:net:1134:18)
        at afterConnectMultiple (node:net:1715:7) {
      code: 'ECONNREFUSED',
      [errors]: [
        Error: connect ECONNREFUSED ::1:6379
            at createConnectionError (node:net:1678:14)
            at afterConnectMultiple (node:net:1708:16) {
          errno: -4078,
          code: 'ECONNREFUSED',
          syscall: 'connect',
          address: '::1',
          port: 6379
        },
        Error: connect ECONNREFUSED 127.0.0.1:6379
            at createConnectionError (node:net:1678:14)
            at afterConnectMultiple (node:net:1708:16) {
          errno: -4078,
          code: 'ECONNREFUSED',
          syscall: 'connect',
          address: '127.0.0.1',
          port: 6379
        }
      ]
    }

    [0m [90m 34 |[39m redisClient[33m.[39mon([32m'error'[39m[33m,[39m (err) [33m=>[39m {
     [90m 35 |[39m   [36mif[39m (process[33m.[39menv[33m.[39m[33mNODE_ENV[39m [33m!==[39m [32m'test'[39m) {
    [31m[1m>[22m[39m[90m 36 |[39m     console[33m.[39merror([32m'[DB] Redis Client Error'[39m[33m,[39m err)[33m;[39m
     [90m    |[39m             [31m[1m^[22m[39m
     [90m 37 |[39m   }
     [90m 38 |[39m })[33m;[39m
     [90m 39 |[39m[0m

      at Class.error (server/config/database.js:36:13)
      at RedisSocket.<anonymous> (node_modules/@redis/client/lib/client/index.ts:796:12)
      at RedisSocket.#connect (node_modules/@redis/client/lib/client/socket.ts:246:14)
      at Class.connect (node_modules/@redis/client/lib/client/index.ts:961:5)
      at connectRedis (server/config/database.js:42:5)
      at server/app.js:79:5

  console.error
    [DB] Redis Client Error AggregateError: 
        at internalConnectMultiple (node:net:1134:18)
        at afterConnectMultiple (node:net:1715:7) {
      code: 'ECONNREFUSED',
      [errors]: [
        Error: connect ECONNREFUSED ::1:6379
            at createConnectionError (node:net:1678:14)
            at afterConnectMultiple (node:net:1708:16) {
          errno: -4078,
          code: 'ECONNREFUSED',
          syscall: 'connect',
          address: '::1',
          port: 6379
        },
        Error: connect ECONNREFUSED 127.0.0.1:6379
            at createConnectionError (node:net:1678:14)
            at afterConnectMultiple (node:net:1708:16) {
          errno: -4078,
          code: 'ECONNREFUSED',
          syscall: 'connect',
          address: '127.0.0.1',
          port: 6379
        }
      ]
    }

    [0m [90m 34 |[39m redisClient[33m.[39mon([32m'error'[39m[33m,[39m (err) [33m=>[39m {
     [90m 35 |[39m   [36mif[39m (process[33m.[39menv[33m.[39m[33mNODE_ENV[39m [33m!==[39m [32m'test'[39m) {
    [31m[1m>[22m[39m[90m 36 |[39m     console[33m.[39merror([32m'[DB] Redis Client Error'[39m[33m,[39m err)[33m;[39m
     [90m    |[39m             [31m[1m^[22m[39m
     [90m 37 |[39m   }
     [90m 38 |[39m })[33m;[39m
     [90m 39 |[39m[0m

      at Class.error (server/config/database.js:36:13)
      at RedisSocket.<anonymous> (node_modules/@redis/client/lib/client/index.ts:796:12)
      at RedisSocket.#connect (node_modules/@redis/client/lib/client/socket.ts:246:14)
      at Class.connect (node_modules/@redis/client/lib/client/index.ts:961:5)
      at connectRedis (server/config/database.js:42:5)
      at server/app.js:79:5

  console.error
    [DB] Redis Client Error AggregateError: 
        at internalConnectMultiple (node:net:1134:18)
        at afterConnectMultiple (node:net:1715:7) {
      code: 'ECONNREFUSED',
      [errors]: [
        Error: connect ECONNREFUSED ::1:6379
            at createConnectionError (node:net:1678:14)
            at afterConnectMultiple (node:net:1708:16) {
          errno: -4078,
          code: 'ECONNREFUSED',
          syscall: 'connect',
          address: '::1',
          port: 6379
        },
        Error: connect ECONNREFUSED 127.0.0.1:6379
            at createConnectionError (node:net:1678:14)
            at afterConnectMultiple (node:net:1708:16) {
          errno: -4078,
          code: 'ECONNREFUSED',
          syscall: 'connect',
          address: '127.0.0.1',
          port: 6379
        }
      ]
    }

    [0m [90m 34 |[39m redisClient[33m.[39mon([32m'error'[39m[33m,[39m (err) [33m=>[39m {
     [90m 35 |[39m   [36mif[39m (process[33m.[39menv[33m.[39m[33mNODE_ENV[39m [33m!==[39m [32m'test'[39m) {
    [31m[1m>[22m[39m[90m 36 |[39m     console[33m.[39merror([32m'[DB] Redis Client Error'[39m[33m,[39m err)[33m;[39m
     [90m    |[39m             [31m[1m^[22m[39m
     [90m 37 |[39m   }
     [90m 38 |[39m })[33m;[39m
     [90m 39 |[39m[0m

      at Class.error (server/config/database.js:36:13)
      at RedisSocket.<anonymous> (node_modules/@redis/client/lib/client/index.ts:796:12)
      at RedisSocket.#connect (node_modules/@redis/client/lib/client/socket.ts:246:14)
      at Class.connect (node_modules/@redis/client/lib/client/index.ts:961:5)
      at connectRedis (server/config/database.js:42:5)
      at server/app.js:79:5

  console.error
    [DB] Redis Client Error AggregateError: 
        at internalConnectMultiple (node:net:1134:18)
        at afterConnectMultiple (node:net:1715:7) {
      code: 'ECONNREFUSED',
      [errors]: [
        Error: connect ECONNREFUSED ::1:6379
            at createConnectionError (node:net:1678:14)
            at afterConnectMultiple (node:net:1708:16) {
          errno: -4078,
          code: 'ECONNREFUSED',
          syscall: 'connect',
          address: '::1',
          port: 6379
        },
        Error: connect ECONNREFUSED 127.0.0.1:6379
            at createConnectionError (node:net:1678:14)
            at afterConnectMultiple (node:net:1708:16) {
          errno: -4078,
          code: 'ECONNREFUSED',
          syscall: 'connect',
          address: '127.0.0.1',
          port: 6379
        }
      ]
    }

    [0m [90m 34 |[39m redisClient[33m.[39mon([32m'error'[39m[33m,[39m (err) [33m=>[39m {
     [90m 35 |[39m   [36mif[39m (process[33m.[39menv[33m.[39m[33mNODE_ENV[39m [33m!==[39m [32m'test'[39m) {
    [31m[1m>[22m[39m[90m 36 |[39m     console[33m.[39merror([32m'[DB] Redis Client Error'[39m[33m,[39m err)[33m;[39m
     [90m    |[39m             [31m[1m^[22m[39m
     [90m 37 |[39m   }
     [90m 38 |[39m })[33m;[39m
     [90m 39 |[39m[0m

      at Class.error (server/config/database.js:36:13)
      at RedisSocket.<anonymous> (node_modules/@redis/client/lib/client/index.ts:796:12)
      at RedisSocket.#connect (node_modules/@redis/client/lib/client/socket.ts:246:14)
      at Class.connect (node_modules/@redis/client/lib/client/index.ts:961:5)
      at connectRedis (server/config/database.js:42:5)
      at server/app.js:79:5

  console.error
    [DB] Redis Client Error AggregateError: 
        at internalConnectMultiple (node:net:1134:18)
        at afterConnectMultiple (node:net:1715:7) {
      code: 'ECONNREFUSED',
      [errors]: [
        Error: connect ECONNREFUSED ::1:6379
            at createConnectionError (node:net:1678:14)
            at afterConnectMultiple (node:net:1708:16) {
          errno: -4078,
          code: 'ECONNREFUSED',
          syscall: 'connect',
          address: '::1',
          port: 6379
        },
        Error: connect ECONNREFUSED 127.0.0.1:6379
            at createConnectionError (node:net:1678:14)
            at afterConnectMultiple (node:net:1708:16) {
          errno: -4078,
          code: 'ECONNREFUSED',
          syscall: 'connect',
          address: '127.0.0.1',
          port: 6379
        }
      ]
    }

    [0m [90m 34 |[39m redisClient[33m.[39mon([32m'error'[39m[33m,[39m (err) [33m=>[39m {
     [90m 35 |[39m   [36mif[39m (process[33m.[39menv[33m.[39m[33mNODE_ENV[39m [33m!==[39m [32m'test'[39m) {
    [31m[1m>[22m[39m[90m 36 |[39m     console[33m.[39merror([32m'[DB] Redis Client Error'[39m[33m,[39m err)[33m;[39m
     [90m    |[39m             [31m[1m^[22m[39m
     [90m 37 |[39m   }
     [90m 38 |[39m })[33m;[39m
     [90m 39 |[39m[0m

      at Class.error (server/config/database.js:36:13)
      at RedisSocket.<anonymous> (node_modules/@redis/client/lib/client/index.ts:796:12)
      at RedisSocket.#connect (node_modules/@redis/client/lib/client/socket.ts:246:14)
      at Class.connect (node_modules/@redis/client/lib/client/index.ts:961:5)
      at connectRedis (server/config/database.js:42:5)
      at server/app.js:79:5

  console.error
    [DB] Redis Client Error AggregateError: 
        at internalConnectMultiple (node:net:1134:18)
        at afterConnectMultiple (node:net:1715:7) {
      code: 'ECONNREFUSED',
      [errors]: [
        Error: connect ECONNREFUSED ::1:6379
            at createConnectionError (node:net:1678:14)
            at afterConnectMultiple (node:net:1708:16) {
          errno: -4078,
          code: 'ECONNREFUSED',
          syscall: 'connect',
          address: '::1',
          port: 6379
        },
        Error: connect ECONNREFUSED 127.0.0.1:6379
            at createConnectionError (node:net:1678:14)
            at afterConnectMultiple (node:net:1708:16) {
          errno: -4078,
          code: 'ECONNREFUSED',
          syscall: 'connect',
          address: '127.0.0.1',
          port: 6379
        }
      ]
    }

    [0m [90m 34 |[39m redisClient[33m.[39mon([32m'error'[39m[33m,[39m (err) [33m=>[39m {
     [90m 35 |[39m   [36mif[39m (process[33m.[39menv[33m.[39m[33mNODE_ENV[39m [33m!==[39m [32m'test'[39m) {
    [31m[1m>[22m[39m[90m 36 |[39m     console[33m.[39merror([32m'[DB] Redis Client Error'[39m[33m,[39m err)[33m;[39m
     [90m    |[39m             [31m[1m^[22m[39m
     [90m 37 |[39m   }
     [90m 38 |[39m })[33m;[39m
     [90m 39 |[39m[0m

      at Class.error (server/config/database.js:36:13)
      at RedisSocket.<anonymous> (node_modules/@redis/client/lib/client/index.ts:796:12)
      at RedisSocket.#connect (node_modules/@redis/client/lib/client/socket.ts:246:14)
      at Class.connect (node_modules/@redis/client/lib/client/index.ts:961:5)
      at connectRedis (server/config/database.js:42:5)
      at server/app.js:79:5

  console.error
    [DB] Redis Client Error AggregateError: 
        at internalConnectMultiple (node:net:1134:18)
        at afterConnectMultiple (node:net:1715:7) {
      code: 'ECONNREFUSED',
      [errors]: [
        Error: connect ECONNREFUSED ::1:6379
            at createConnectionError (node:net:1678:14)
            at afterConnectMultiple (node:net:1708:16) {
          errno: -4078,
          code: 'ECONNREFUSED',
          syscall: 'connect',
          address: '::1',
          port: 6379
        },
        Error: connect ECONNREFUSED 127.0.0.1:6379
            at createConnectionError (node:net:1678:14)
            at afterConnectMultiple (node:net:1708:16) {
          errno: -4078,
          code: 'ECONNREFUSED',
          syscall: 'connect',
          address: '127.0.0.1',
          port: 6379
        }
      ]
    }

    [0m [90m 34 |[39m redisClient[33m.[39mon([32m'error'[39m[33m,[39m (err) [33m=>[39m {
     [90m 35 |[39m   [36mif[39m (process[33m.[39menv[33m.[39m[33mNODE_ENV[39m [33m!==[39m [32m'test'[39m) {
    [31m[1m>[22m[39m[90m 36 |[39m     console[33m.[39merror([32m'[DB] Redis Client Error'[39m[33m,[39m err)[33m;[39m
     [90m    |[39m             [31m[1m^[22m[39m
     [90m 37 |[39m   }
     [90m 38 |[39m })[33m;[39m
     [90m 39 |[39m[0m

      at Class.error (server/config/database.js:36:13)
      at RedisSocket.<anonymous> (node_modules/@redis/client/lib/client/index.ts:796:12)
      at RedisSocket.#connect (node_modules/@redis/client/lib/client/socket.ts:246:14)
      at Class.connect (node_modules/@redis/client/lib/client/index.ts:961:5)
      at connectRedis (server/config/database.js:42:5)
      at server/app.js:79:5

  console.error
    [DB] Redis Client Error AggregateError: 
        at internalConnectMultiple (node:net:1134:18)
        at afterConnectMultiple (node:net:1715:7) {
      code: 'ECONNREFUSED',
      [errors]: [
        Error: connect ECONNREFUSED ::1:6379
            at createConnectionError (node:net:1678:14)
            at afterConnectMultiple (node:net:1708:16) {
          errno: -4078,
          code: 'ECONNREFUSED',
          syscall: 'connect',
          address: '::1',
          port: 6379
        },
        Error: connect ECONNREFUSED 127.0.0.1:6379
            at createConnectionError (node:net:1678:14)
            at afterConnectMultiple (node:net:1708:16) {
          errno: -4078,
          code: 'ECONNREFUSED',
          syscall: 'connect',
          address: '127.0.0.1',
          port: 6379
        }
      ]
    }

    [0m [90m 34 |[39m redisClient[33m.[39mon([32m'error'[39m[33m,[39m (err) [33m=>[39m {
     [90m 35 |[39m   [36mif[39m (process[33m.[39menv[33m.[39m[33mNODE_ENV[39m [33m!==[39m [32m'test'[39m) {
    [31m[1m>[22m[39m[90m 36 |[39m     console[33m.[39merror([32m'[DB] Redis Client Error'[39m[33m,[39m err)[33m;[39m
     [90m    |[39m             [31m[1m^[22m[39m
     [90m 37 |[39m   }
     [90m 38 |[39m })[33m;[39m
     [90m 39 |[39m[0m

      at Class.error (server/config/database.js:36:13)
      at RedisSocket.<anonymous> (node_modules/@redis/client/lib/client/index.ts:796:12)
      at RedisSocket.#connect (node_modules/@redis/client/lib/client/socket.ts:246:14)
      at Class.connect (node_modules/@redis/client/lib/client/index.ts:961:5)
      at connectRedis (server/config/database.js:42:5)
      at server/app.js:79:5

  console.error
    [DB] Redis Client Error AggregateError: 
        at internalConnectMultiple (node:net:1134:18)
        at afterConnectMultiple (node:net:1715:7) {
      code: 'ECONNREFUSED',
      [errors]: [
        Error: connect ECONNREFUSED ::1:6379
            at createConnectionError (node:net:1678:14)
            at afterConnectMultiple (node:net:1708:16) {
          errno: -4078,
          code: 'ECONNREFUSED',
          syscall: 'connect',
          address: '::1',
          port: 6379
        },
        Error: connect ECONNREFUSED 127.0.0.1:6379
            at createConnectionError (node:net:1678:14)
            at afterConnectMultiple (node:net:1708:16) {
          errno: -4078,
          code: 'ECONNREFUSED',
          syscall: 'connect',
          address: '127.0.0.1',
          port: 6379
        }
      ]
    }

    [0m [90m 34 |[39m redisClient[33m.[39mon([32m'error'[39m[33m,[39m (err) [33m=>[39m {
     [90m 35 |[39m   [36mif[39m (process[33m.[39menv[33m.[39m[33mNODE_ENV[39m [33m!==[39m [32m'test'[39m) {
    [31m[1m>[22m[39m[90m 36 |[39m     console[33m.[39merror([32m'[DB] Redis Client Error'[39m[33m,[39m err)[33m;[39m
     [90m    |[39m             [31m[1m^[22m[39m
     [90m 37 |[39m   }
     [90m 38 |[39m })[33m;[39m
     [90m 39 |[39m[0m

      at Class.error (server/config/database.js:36:13)
      at RedisSocket.<anonymous> (node_modules/@redis/client/lib/client/index.ts:796:12)
      at RedisSocket.#connect (node_modules/@redis/client/lib/client/socket.ts:246:14)
      at Class.connect (node_modules/@redis/client/lib/client/index.ts:961:5)
      at connectRedis (server/config/database.js:42:5)
      at server/app.js:79:5

  console.error
    [DB] Redis Client Error AggregateError: 
        at internalConnectMultiple (node:net:1134:18)
        at afterConnectMultiple (node:net:1715:7) {
      code: 'ECONNREFUSED',
      [errors]: [
        Error: connect ECONNREFUSED ::1:6379
            at createConnectionError (node:net:1678:14)
            at afterConnectMultiple (node:net:1708:16) {
          errno: -4078,
          code: 'ECONNREFUSED',
          syscall: 'connect',
          address: '::1',
          port: 6379
        },
        Error: connect ECONNREFUSED 127.0.0.1:6379
            at createConnectionError (node:net:1678:14)
            at afterConnectMultiple (node:net:1708:16) {
          errno: -4078,
          code: 'ECONNREFUSED',
          syscall: 'connect',
          address: '127.0.0.1',
          port: 6379
        }
      ]
    }

    [0m [90m 34 |[39m redisClient[33m.[39mon([32m'error'[39m[33m,[39m (err) [33m=>[39m {
     [90m 35 |[39m   [36mif[39m (process[33m.[39menv[33m.[39m[33mNODE_ENV[39m [33m!==[39m [32m'test'[39m) {
    [31m[1m>[22m[39m[90m 36 |[39m     console[33m.[39merror([32m'[DB] Redis Client Error'[39m[33m,[39m err)[33m;[39m
     [90m    |[39m             [31m[1m^[22m[39m
     [90m 37 |[39m   }
     [90m 38 |[39m })[33m;[39m
     [90m 39 |[39m[0m

      at Class.error (server/config/database.js:36:13)
      at RedisSocket.<anonymous> (node_modules/@redis/client/lib/client/index.ts:796:12)
      at RedisSocket.#connect (node_modules/@redis/client/lib/client/socket.ts:246:14)
      at Class.connect (node_modules/@redis/client/lib/client/index.ts:961:5)
      at connectRedis (server/config/database.js:42:5)
      at server/app.js:79:5

  console.error
    [DB] Redis Client Error AggregateError: 
        at internalConnectMultiple (node:net:1134:18)
        at afterConnectMultiple (node:net:1715:7) {
      code: 'ECONNREFUSED',
      [errors]: [
        Error: connect ECONNREFUSED ::1:6379
            at createConnectionError (node:net:1678:14)
            at afterConnectMultiple (node:net:1708:16) {
          errno: -4078,
          code: 'ECONNREFUSED',
          syscall: 'connect',
          address: '::1',
          port: 6379
        },
        Error: connect ECONNREFUSED 127.0.0.1:6379
            at createConnectionError (node:net:1678:14)
            at afterConnectMultiple (node:net:1708:16) {
          errno: -4078,
          code: 'ECONNREFUSED',
          syscall: 'connect',
          address: '127.0.0.1',
          port: 6379
        }
      ]
    }

    [0m [90m 34 |[39m redisClient[33m.[39mon([32m'error'[39m[33m,[39m (err) [33m=>[39m {
     [90m 35 |[39m   [36mif[39m (process[33m.[39menv[33m.[39m[33mNODE_ENV[39m [33m!==[39m [32m'test'[39m) {
    [31m[1m>[22m[39m[90m 36 |[39m     console[33m.[39merror([32m'[DB] Redis Client Error'[39m[33m,[39m err)[33m;[39m
     [90m    |[39m             [31m[1m^[22m[39m
     [90m 37 |[39m   }
     [90m 38 |[39m })[33m;[39m
     [90m 39 |[39m[0m

      at Class.error (server/config/database.js:36:13)
      at RedisSocket.<anonymous> (node_modules/@redis/client/lib/client/index.ts:796:12)
      at RedisSocket.#connect (node_modules/@redis/client/lib/client/socket.ts:246:14)
      at Class.connect (node_modules/@redis/client/lib/client/index.ts:961:5)
      at connectRedis (server/config/database.js:42:5)
      at server/app.js:79:5

  console.error
    [DB] Redis Client Error AggregateError: 
        at internalConnectMultiple (node:net:1134:18)
        at afterConnectMultiple (node:net:1715:7) {
      code: 'ECONNREFUSED',
      [errors]: [
        Error: connect ECONNREFUSED ::1:6379
            at createConnectionError (node:net:1678:14)
            at afterConnectMultiple (node:net:1708:16) {
          errno: -4078,
          code: 'ECONNREFUSED',
          syscall: 'connect',
          address: '::1',
          port: 6379
        },
        Error: connect ECONNREFUSED 127.0.0.1:6379
            at createConnectionError (node:net:1678:14)
            at afterConnectMultiple (node:net:1708:16) {
          errno: -4078,
          code: 'ECONNREFUSED',
          syscall: 'connect',
          address: '127.0.0.1',
          port: 6379
        }
      ]
    }

    [0m [90m 34 |[39m redisClient[33m.[39mon([32m'error'[39m[33m,[39m (err) [33m=>[39m {
     [90m 35 |[39m   [36mif[39m (process[33m.[39menv[33m.[39m[33mNODE_ENV[39m [33m!==[39m [32m'test'[39m) {
    [31m[1m>[22m[39m[90m 36 |[39m     console[33m.[39merror([32m'[DB] Redis Client Error'[39m[33m,[39m err)[33m;[39m
     [90m    |[39m             [31m[1m^[22m[39m
     [90m 37 |[39m   }
     [90m 38 |[39m })[33m;[39m
     [90m 39 |[39m[0m

      at Class.error (server/config/database.js:36:13)
      at RedisSocket.<anonymous> (node_modules/@redis/client/lib/client/index.ts:796:12)
      at RedisSocket.#connect (node_modules/@redis/client/lib/client/socket.ts:246:14)
      at Class.connect (node_modules/@redis/client/lib/client/index.ts:961:5)
      at connectRedis (server/config/database.js:42:5)
      at server/app.js:79:5

  console.error
    [DB] Redis Client Error AggregateError: 
        at internalConnectMultiple (node:net:1134:18)
        at afterConnectMultiple (node:net:1715:7) {
      code: 'ECONNREFUSED',
      [errors]: [
        Error: connect ECONNREFUSED ::1:6379
            at createConnectionError (node:net:1678:14)
            at afterConnectMultiple (node:net:1708:16) {
          errno: -4078,
          code: 'ECONNREFUSED',
          syscall: 'connect',
          address: '::1',
          port: 6379
        },
        Error: connect ECONNREFUSED 127.0.0.1:6379
            at createConnectionError (node:net:1678:14)
            at afterConnectMultiple (node:net:1708:16) {
          errno: -4078,
          code: 'ECONNREFUSED',
          syscall: 'connect',
          address: '127.0.0.1',
          port: 6379
        }
      ]
    }

    [0m [90m 34 |[39m redisClient[33m.[39mon([32m'error'[39m[33m,[39m (err) [33m=>[39m {
     [90m 35 |[39m   [36mif[39m (process[33m.[39menv[33m.[39m[33mNODE_ENV[39m [33m!==[39m [32m'test'[39m) {
    [31m[1m>[22m[39m[90m 36 |[39m     console[33m.[39merror([32m'[DB] Redis Client Error'[39m[33m,[39m err)[33m;[39m
     [90m    |[39m             [31m[1m^[22m[39m
     [90m 37 |[39m   }
     [90m 38 |[39m })[33m;[39m
     [90m 39 |[39m[0m

      at Class.error (server/config/database.js:36:13)
      at RedisSocket.<anonymous> (node_modules/@redis/client/lib/client/index.ts:796:12)
      at RedisSocket.#connect (node_modules/@redis/client/lib/client/socket.ts:246:14)
      at Class.connect (node_modules/@redis/client/lib/client/index.ts:961:5)
      at connectRedis (server/config/database.js:42:5)
      at server/app.js:79:5

  console.error
    [DB] Redis Client Error AggregateError: 
        at internalConnectMultiple (node:net:1134:18)
        at afterConnectMultiple (node:net:1715:7) {
      code: 'ECONNREFUSED',
      [errors]: [
        Error: connect ECONNREFUSED ::1:6379
            at createConnectionError (node:net:1678:14)
            at afterConnectMultiple (node:net:1708:16) {
          errno: -4078,
          code: 'ECONNREFUSED',
          syscall: 'connect',
          address: '::1',
          port: 6379
        },
        Error: connect ECONNREFUSED 127.0.0.1:6379
            at createConnectionError (node:net:1678:14)
            at afterConnectMultiple (node:net:1708:16) {
          errno: -4078,
          code: 'ECONNREFUSED',
          syscall: 'connect',
          address: '127.0.0.1',
          port: 6379
        }
      ]
    }

    [0m [90m 34 |[39m redisClient[33m.[39mon([32m'error'[39m[33m,[39m (err) [33m=>[39m {
     [90m 35 |[39m   [36mif[39m (process[33m.[39menv[33m.[39m[33mNODE_ENV[39m [33m!==[39m [32m'test'[39m) {
    [31m[1m>[22m[39m[90m 36 |[39m     console[33m.[39merror([32m'[DB] Redis Client Error'[39m[33m,[39m err)[33m;[39m
     [90m    |[39m             [31m[1m^[22m[39m
     [90m 37 |[39m   }
     [90m 38 |[39m })[33m;[39m
     [90m 39 |[39m[0m

      at Class.error (server/config/database.js:36:13)
      at RedisSocket.<anonymous> (node_modules/@redis/client/lib/client/index.ts:796:12)
      at RedisSocket.#connect (node_modules/@redis/client/lib/client/socket.ts:246:14)
      at Class.connect (node_modules/@redis/client/lib/client/index.ts:961:5)
      at connectRedis (server/config/database.js:42:5)
      at server/app.js:79:5

  console.error
    [DB] Redis Client Error AggregateError: 
        at internalConnectMultiple (node:net:1134:18)
        at afterConnectMultiple (node:net:1715:7) {
      code: 'ECONNREFUSED',
      [errors]: [
        Error: connect ECONNREFUSED ::1:6379
            at createConnectionError (node:net:1678:14)
            at afterConnectMultiple (node:net:1708:16) {
          errno: -4078,
          code: 'ECONNREFUSED',
          syscall: 'connect',
          address: '::1',
          port: 6379
        },
        Error: connect ECONNREFUSED 127.0.0.1:6379
            at createConnectionError (node:net:1678:14)
            at afterConnectMultiple (node:net:1708:16) {
          errno: -4078,
          code: 'ECONNREFUSED',
          syscall: 'connect',
          address: '127.0.0.1',
          port: 6379
        }
      ]
    }

    [0m [90m 34 |[39m redisClient[33m.[39mon([32m'error'[39m[33m,[39m (err) [33m=>[39m {
     [90m 35 |[39m   [36mif[39m (process[33m.[39menv[33m.[39m[33mNODE_ENV[39m [33m!==[39m [32m'test'[39m) {
    [31m[1m>[22m[39m[90m 36 |[39m     console[33m.[39merror([32m'[DB] Redis Client Error'[39m[33m,[39m err)[33m;[39m
     [90m    |[39m             [31m[1m^[22m[39m
     [90m 37 |[39m   }
     [90m 38 |[39m })[33m;[39m
     [90m 39 |[39m[0m

      at Class.error (server/config/database.js:36:13)
      at RedisSocket.<anonymous> (node_modules/@redis/client/lib/client/index.ts:796:12)
      at RedisSocket.#connect (node_modules/@redis/client/lib/client/socket.ts:246:14)
      at Class.connect (node_modules/@redis/client/lib/client/index.ts:961:5)
      at connectRedis (server/config/database.js:42:5)
      at server/app.js:79:5

  console.error
    [DB] Redis Client Error AggregateError: 
        at internalConnectMultiple (node:net:1134:18)
        at afterConnectMultiple (node:net:1715:7) {
      code: 'ECONNREFUSED',
      [errors]: [
        Error: connect ECONNREFUSED ::1:6379
            at createConnectionError (node:net:1678:14)
            at afterConnectMultiple (node:net:1708:16) {
          errno: -4078,
          code: 'ECONNREFUSED',
          syscall: 'connect',
          address: '::1',
          port: 6379
        },
        Error: connect ECONNREFUSED 127.0.0.1:6379
            at createConnectionError (node:net:1678:14)
            at afterConnectMultiple (node:net:1708:16) {
          errno: -4078,
          code: 'ECONNREFUSED',
          syscall: 'connect',
          address: '127.0.0.1',
          port: 6379
        }
      ]
    }

    [0m [90m 34 |[39m redisClient[33m.[39mon([32m'error'[39m[33m,[39m (err) [33m=>[39m {
     [90m 35 |[39m   [36mif[39m (process[33m.[39menv[33m.[39m[33mNODE_ENV[39m [33m!==[39m [32m'test'[39m) {
    [31m[1m>[22m[39m[90m 36 |[39m     console[33m.[39merror([32m'[DB] Redis Client Error'[39m[33m,[39m err)[33m;[39m
     [90m    |[39m             [31m[1m^[22m[39m
     [90m 37 |[39m   }
     [90m 38 |[39m })[33m;[39m
     [90m 39 |[39m[0m

      at Class.error (server/config/database.js:36:13)
      at RedisSocket.<anonymous> (node_modules/@redis/client/lib/client/index.ts:796:12)
      at RedisSocket.#connect (node_modules/@redis/client/lib/client/socket.ts:246:14)
      at Class.connect (node_modules/@redis/client/lib/client/index.ts:961:5)
      at connectRedis (server/config/database.js:42:5)
      at server/app.js:79:5

  console.error
    [DB] Redis Client Error AggregateError: 
        at internalConnectMultiple (node:net:1134:18)
        at afterConnectMultiple (node:net:1715:7) {
      code: 'ECONNREFUSED',
      [errors]: [
        Error: connect ECONNREFUSED ::1:6379
            at createConnectionError (node:net:1678:14)
            at afterConnectMultiple (node:net:1708:16) {
          errno: -4078,
          code: 'ECONNREFUSED',
          syscall: 'connect',
          address: '::1',
          port: 6379
        },
        Error: connect ECONNREFUSED 127.0.0.1:6379
            at createConnectionError (node:net:1678:14)
            at afterConnectMultiple (node:net:1708:16) {
          errno: -4078,
          code: 'ECONNREFUSED',
          syscall: 'connect',
          address: '127.0.0.1',
          port: 6379
        }
      ]
    }

    [0m [90m 34 |[39m redisClient[33m.[39mon([32m'error'[39m[33m,[39m (err) [33m=>[39m {
     [90m 35 |[39m   [36mif[39m (process[33m.[39menv[33m.[39m[33mNODE_ENV[39m [33m!==[39m [32m'test'[39m) {
    [31m[1m>[22m[39m[90m 36 |[39m     console[33m.[39merror([32m'[DB] Redis Client Error'[39m[33m,[39m err)[33m;[39m
     [90m    |[39m             [31m[1m^[22m[39m
     [90m 37 |[39m   }
     [90m 38 |[39m })[33m;[39m
     [90m 39 |[39m[0m

      at Class.error (server/config/database.js:36:13)
      at RedisSocket.<anonymous> (node_modules/@redis/client/lib/client/index.ts:796:12)
      at RedisSocket.#connect (node_modules/@redis/client/lib/client/socket.ts:246:14)
      at Class.connect (node_modules/@redis/client/lib/client/index.ts:961:5)
      at connectRedis (server/config/database.js:42:5)
      at server/app.js:79:5

  console.error
    [DB] Redis Client Error AggregateError: 
        at internalConnectMultiple (node:net:1134:18)
        at afterConnectMultiple (node:net:1715:7) {
      code: 'ECONNREFUSED',
      [errors]: [
        Error: connect ECONNREFUSED ::1:6379
            at createConnectionError (node:net:1678:14)
            at afterConnectMultiple (node:net:1708:16) {
          errno: -4078,
          code: 'ECONNREFUSED',
          syscall: 'connect',
          address: '::1',
          port: 6379
        },
        Error: connect ECONNREFUSED 127.0.0.1:6379
            at createConnectionError (node:net:1678:14)
            at afterConnectMultiple (node:net:1708:16) {
          errno: -4078,
          code: 'ECONNREFUSED',
          syscall: 'connect',
          address: '127.0.0.1',
          port: 6379
        }
      ]
    }

    [0m [90m 34 |[39m redisClient[33m.[39mon([32m'error'[39m[33m,[39m (err) [33m=>[39m {
     [90m 35 |[39m   [36mif[39m (process[33m.[39menv[33m.[39m[33mNODE_ENV[39m [33m!==[39m [32m'test'[39m) {
    [31m[1m>[22m[39m[90m 36 |[39m     console[33m.[39merror([32m'[DB] Redis Client Error'[39m[33m,[39m err)[33m;[39m
     [90m    |[39m             [31m[1m^[22m[39m
     [90m 37 |[39m   }
     [90m 38 |[39m })[33m;[39m
     [90m 39 |[39m[0m

      at Class.error (server/config/database.js:36:13)
      at RedisSocket.<anonymous> (node_modules/@redis/client/lib/client/index.ts:796:12)
      at RedisSocket.#connect (node_modules/@redis/client/lib/client/socket.ts:246:14)
      at Class.connect (node_modules/@redis/client/lib/client/index.ts:961:5)
      at connectRedis (server/config/database.js:42:5)
      at server/app.js:79:5

  console.error
    [DB] Redis Client Error AggregateError: 
        at internalConnectMultiple (node:net:1134:18)
        at afterConnectMultiple (node:net:1715:7) {
      code: 'ECONNREFUSED',
      [errors]: [
        Error: connect ECONNREFUSED ::1:6379
            at createConnectionError (node:net:1678:14)
            at afterConnectMultiple (node:net:1708:16) {
          errno: -4078,
          code: 'ECONNREFUSED',
          syscall: 'connect',
          address: '::1',
          port: 6379
        },
        Error: connect ECONNREFUSED 127.0.0.1:6379
            at createConnectionError (node:net:1678:14)
            at afterConnectMultiple (node:net:1708:16) {
          errno: -4078,
          code: 'ECONNREFUSED',
          syscall: 'connect',
          address: '127.0.0.1',
          port: 6379
        }
      ]
    }

    [0m [90m 34 |[39m redisClient[33m.[39mon([32m'error'[39m[33m,[39m (err) [33m=>[39m {
     [90m 35 |[39m   [36mif[39m (process[33m.[39menv[33m.[39m[33mNODE_ENV[39m [33m!==[39m [32m'test'[39m) {
    [31m[1m>[22m[39m[90m 36 |[39m     console[33m.[39merror([32m'[DB] Redis Client Error'[39m[33m,[39m err)[33m;[39m
     [90m    |[39m             [31m[1m^[22m[39m
     [90m 37 |[39m   }
     [90m 38 |[39m })[33m;[39m
     [90m 39 |[39m[0m

      at Class.error (server/config/database.js:36:13)
      at RedisSocket.<anonymous> (node_modules/@redis/client/lib/client/index.ts:796:12)
      at RedisSocket.#connect (node_modules/@redis/client/lib/client/socket.ts:246:14)
      at Class.connect (node_modules/@redis/client/lib/client/index.ts:961:5)
      at connectRedis (server/config/database.js:42:5)
      at server/app.js:79:5

  console.error
    [DB] Redis Client Error AggregateError: 
        at internalConnectMultiple (node:net:1134:18)
        at afterConnectMultiple (node:net:1715:7) {
      code: 'ECONNREFUSED',
      [errors]: [
        Error: connect ECONNREFUSED ::1:6379
            at createConnectionError (node:net:1678:14)
            at afterConnectMultiple (node:net:1708:16) {
          errno: -4078,
          code: 'ECONNREFUSED',
          syscall: 'connect',
          address: '::1',
          port: 6379
        },
        Error: connect ECONNREFUSED 127.0.0.1:6379
            at createConnectionError (node:net:1678:14)
            at afterConnectMultiple (node:net:1708:16) {
          errno: -4078,
          code: 'ECONNREFUSED',
          syscall: 'connect',
          address: '127.0.0.1',
          port: 6379
        }
      ]
    }

    [0m [90m 34 |[39m redisClient[33m.[39mon([32m'error'[39m[33m,[39m (err) [33m=>[39m {
     [90m 35 |[39m   [36mif[39m (process[33m.[39menv[33m.[39m[33mNODE_ENV[39m [33m!==[39m [32m'test'[39m) {
    [31m[1m>[22m[39m[90m 36 |[39m     console[33m.[39merror([32m'[DB] Redis Client Error'[39m[33m,[39m err)[33m;[39m
     [90m    |[39m             [31m[1m^[22m[39m
     [90m 37 |[39m   }
     [90m 38 |[39m })[33m;[39m
     [90m 39 |[39m[0m

      at Class.error (server/config/database.js:36:13)
      at RedisSocket.<anonymous> (node_modules/@redis/client/lib/client/index.ts:796:12)
      at RedisSocket.#connect (node_modules/@redis/client/lib/client/socket.ts:246:14)
      at Class.connect (node_modules/@redis/client/lib/client/index.ts:961:5)
      at connectRedis (server/config/database.js:42:5)
      at server/app.js:79:5

  console.error
    [DB] Redis Client Error AggregateError: 
        at internalConnectMultiple (node:net:1134:18)
        at afterConnectMultiple (node:net:1715:7) {
      code: 'ECONNREFUSED',
      [errors]: [
        Error: connect ECONNREFUSED ::1:6379
            at createConnectionError (node:net:1678:14)
            at afterConnectMultiple (node:net:1708:16) {
          errno: -4078,
          code: 'ECONNREFUSED',
          syscall: 'connect',
          address: '::1',
          port: 6379
        },
        Error: connect ECONNREFUSED 127.0.0.1:6379
            at createConnectionError (node:net:1678:14)
            at afterConnectMultiple (node:net:1708:16) {
          errno: -4078,
          code: 'ECONNREFUSED',
          syscall: 'connect',
          address: '127.0.0.1',
          port: 6379
        }
      ]
    }

    [0m [90m 34 |[39m redisClient[33m.[39mon([32m'error'[39m[33m,[39m (err) [33m=>[39m {
     [90m 35 |[39m   [36mif[39m (process[33m.[39menv[33m.[39m[33mNODE_ENV[39m [33m!==[39m [32m'test'[39m) {
    [31m[1m>[22m[39m[90m 36 |[39m     console[33m.[39merror([32m'[DB] Redis Client Error'[39m[33m,[39m err)[33m;[39m
     [90m    |[39m             [31m[1m^[22m[39m
     [90m 37 |[39m   }
     [90m 38 |[39m })[33m;[39m
     [90m 39 |[39m[0m

      at Class.error (server/config/database.js:36:13)
      at RedisSocket.<anonymous> (node_modules/@redis/client/lib/client/index.ts:796:12)
      at RedisSocket.#connect (node_modules/@redis/client/lib/client/socket.ts:246:14)
      at Class.connect (node_modules/@redis/client/lib/client/index.ts:961:5)
      at connectRedis (server/config/database.js:42:5)
      at server/app.js:79:5

  console.error
    [DB] Redis Client Error AggregateError: 
        at internalConnectMultiple (node:net:1134:18)
        at afterConnectMultiple (node:net:1715:7) {
      code: 'ECONNREFUSED',
      [errors]: [
        Error: connect ECONNREFUSED ::1:6379
            at createConnectionError (node:net:1678:14)
            at afterConnectMultiple (node:net:1708:16) {
          errno: -4078,
          code: 'ECONNREFUSED',
          syscall: 'connect',
          address: '::1',
          port: 6379
        },
        Error: connect ECONNREFUSED 127.0.0.1:6379
            at createConnectionError (node:net:1678:14)
            at afterConnectMultiple (node:net:1708:16) {
          errno: -4078,
          code: 'ECONNREFUSED',
          syscall: 'connect',
          address: '127.0.0.1',
          port: 6379
        }
      ]
    }

    [0m [90m 34 |[39m redisClient[33m.[39mon([32m'error'[39m[33m,[39m (err) [33m=>[39m {
     [90m 35 |[39m   [36mif[39m (process[33m.[39menv[33m.[39m[33mNODE_ENV[39m [33m!==[39m [32m'test'[39m) {
    [31m[1m>[22m[39m[90m 36 |[39m     console[33m.[39merror([32m'[DB] Redis Client Error'[39m[33m,[39m err)[33m;[39m
     [90m    |[39m             [31m[1m^[22m[39m
     [90m 37 |[39m   }
     [90m 38 |[39m })[33m;[39m
     [90m 39 |[39m[0m

      at Class.error (server/config/database.js:36:13)
      at RedisSocket.<anonymous> (node_modules/@redis/client/lib/client/index.ts:796:12)
      at RedisSocket.#connect (node_modules/@redis/client/lib/client/socket.ts:246:14)
      at Class.connect (node_modules/@redis/client/lib/client/index.ts:961:5)
      at connectRedis (server/config/database.js:42:5)
      at server/app.js:79:5

  console.error
    [DB] Redis Client Error AggregateError: 
        at internalConnectMultiple (node:net:1134:18)
        at afterConnectMultiple (node:net:1715:7) {
      code: 'ECONNREFUSED',
      [errors]: [
        Error: connect ECONNREFUSED ::1:6379
            at createConnectionError (node:net:1678:14)
            at afterConnectMultiple (node:net:1708:16) {
          errno: -4078,
          code: 'ECONNREFUSED',
          syscall: 'connect',
          address: '::1',
          port: 6379
        },
        Error: connect ECONNREFUSED 127.0.0.1:6379
            at createConnectionError (node:net:1678:14)
            at afterConnectMultiple (node:net:1708:16) {
          errno: -4078,
          code: 'ECONNREFUSED',
          syscall: 'connect',
          address: '127.0.0.1',
          port: 6379
        }
      ]
    }

    [0m [90m 34 |[39m redisClient[33m.[39mon([32m'error'[39m[33m,[39m (err) [33m=>[39m {
     [90m 35 |[39m   [36mif[39m (process[33m.[39menv[33m.[39m[33mNODE_ENV[39m [33m!==[39m [32m'test'[39m) {
    [31m[1m>[22m[39m[90m 36 |[39m     console[33m.[39merror([32m'[DB] Redis Client Error'[39m[33m,[39m err)[33m;[39m
     [90m    |[39m             [31m[1m^[22m[39m
     [90m 37 |[39m   }
     [90m 38 |[39m })[33m;[39m
     [90m 39 |[39m[0m

      at Class.error (server/config/database.js:36:13)
      at RedisSocket.<anonymous> (node_modules/@redis/client/lib/client/index.ts:796:12)
      at RedisSocket.#connect (node_modules/@redis/client/lib/client/socket.ts:246:14)
      at Class.connect (node_modules/@redis/client/lib/client/index.ts:961:5)
      at connectRedis (server/config/database.js:42:5)
      at server/app.js:79:5

  console.error
    [DB] Redis Client Error AggregateError: 
        at internalConnectMultiple (node:net:1134:18)
        at afterConnectMultiple (node:net:1715:7) {
      code: 'ECONNREFUSED',
      [errors]: [
        Error: connect ECONNREFUSED ::1:6379
            at createConnectionError (node:net:1678:14)
            at afterConnectMultiple (node:net:1708:16) {
          errno: -4078,
          code: 'ECONNREFUSED',
          syscall: 'connect',
          address: '::1',
          port: 6379
        },
        Error: connect ECONNREFUSED 127.0.0.1:6379
            at createConnectionError (node:net:1678:14)
            at afterConnectMultiple (node:net:1708:16) {
          errno: -4078,
          code: 'ECONNREFUSED',
          syscall: 'connect',
          address: '127.0.0.1',
          port: 6379
        }
      ]
    }

    [0m [90m 34 |[39m redisClient[33m.[39mon([32m'error'[39m[33m,[39m (err) [33m=>[39m {
     [90m 35 |[39m   [36mif[39m (process[33m.[39menv[33m.[39m[33mNODE_ENV[39m [33m!==[39m [32m'test'[39m) {
    [31m[1m>[22m[39m[90m 36 |[39m     console[33m.[39merror([32m'[DB] Redis Client Error'[39m[33m,[39m err)[33m;[39m
     [90m    |[39m             [31m[1m^[22m[39m
     [90m 37 |[39m   }
     [90m 38 |[39m })[33m;[39m
     [90m 39 |[39m[0m

      at Class.error (server/config/database.js:36:13)
      at RedisSocket.<anonymous> (node_modules/@redis/client/lib/client/index.ts:796:12)
      at RedisSocket.#connect (node_modules/@redis/client/lib/client/socket.ts:246:14)
      at Class.connect (node_modules/@redis/client/lib/client/index.ts:961:5)
      at connectRedis (server/config/database.js:42:5)
      at server/app.js:79:5

  console.error
    [DB] Redis Client Error AggregateError: 
        at internalConnectMultiple (node:net:1134:18)
        at afterConnectMultiple (node:net:1715:7) {
      code: 'ECONNREFUSED',
      [errors]: [
        Error: connect ECONNREFUSED ::1:6379
            at createConnectionError (node:net:1678:14)
            at afterConnectMultiple (node:net:1708:16) {
          errno: -4078,
          code: 'ECONNREFUSED',
          syscall: 'connect',
          address: '::1',
          port: 6379
        },
        Error: connect ECONNREFUSED 127.0.0.1:6379
            at createConnectionError (node:net:1678:14)
            at afterConnectMultiple (node:net:1708:16) {
          errno: -4078,
          code: 'ECONNREFUSED',
          syscall: 'connect',
          address: '127.0.0.1',
          port: 6379
        }
      ]
    }

    [0m [90m 34 |[39m redisClient[33m.[39mon([32m'error'[39m[33m,[39m (err) [33m=>[39m {
     [90m 35 |[39m   [36mif[39m (process[33m.[39menv[33m.[39m[33mNODE_ENV[39m [33m!==[39m [32m'test'[39m) {
    [31m[1m>[22m[39m[90m 36 |[39m     console[33m.[39merror([32m'[DB] Redis Client Error'[39m[33m,[39m err)[33m;[39m
     [90m    |[39m             [31m[1m^[22m[39m
     [90m 37 |[39m   }
     [90m 38 |[39m })[33m;[39m
     [90m 39 |[39m[0m

      at Class.error (server/config/database.js:36:13)
      at RedisSocket.<anonymous> (node_modules/@redis/client/lib/client/index.ts:796:12)
      at RedisSocket.#connect (node_modules/@redis/client/lib/client/socket.ts:246:14)
      at Class.connect (node_modules/@redis/client/lib/client/index.ts:961:5)
      at connectRedis (server/config/database.js:42:5)
      at server/app.js:79:5

  console.error
    [DB] Redis Client Error AggregateError: 
        at internalConnectMultiple (node:net:1134:18)
        at afterConnectMultiple (node:net:1715:7) {
      code: 'ECONNREFUSED',
      [errors]: [
        Error: connect ECONNREFUSED ::1:6379
            at createConnectionError (node:net:1678:14)
            at afterConnectMultiple (node:net:1708:16) {
          errno: -4078,
          code: 'ECONNREFUSED',
          syscall: 'connect',
          address: '::1',
          port: 6379
        },
        Error: connect ECONNREFUSED 127.0.0.1:6379
            at createConnectionError (node:net:1678:14)
            at afterConnectMultiple (node:net:1708:16) {
          errno: -4078,
          code: 'ECONNREFUSED',
          syscall: 'connect',
          address: '127.0.0.1',
          port: 6379
        }
      ]
    }

    [0m [90m 34 |[39m redisClient[33m.[39mon([32m'error'[39m[33m,[39m (err) [33m=>[39m {
     [90m 35 |[39m   [36mif[39m (process[33m.[39menv[33m.[39m[33mNODE_ENV[39m [33m!==[39m [32m'test'[39m) {
    [31m[1m>[22m[39m[90m 36 |[39m     console[33m.[39merror([32m'[DB] Redis Client Error'[39m[33m,[39m err)[33m;[39m
     [90m    |[39m             [31m[1m^[22m[39m
     [90m 37 |[39m   }
     [90m 38 |[39m })[33m;[39m
     [90m 39 |[39m[0m

      at Class.error (server/config/database.js:36:13)
      at RedisSocket.<anonymous> (node_modules/@redis/client/lib/client/index.ts:796:12)
      at RedisSocket.#connect (node_modules/@redis/client/lib/client/socket.ts:246:14)
      at Class.connect (node_modules/@redis/client/lib/client/index.ts:961:5)
      at connectRedis (server/config/database.js:42:5)
      at server/app.js:79:5

  console.error
    [DB] Redis Client Error AggregateError: 
        at internalConnectMultiple (node:net:1134:18)
        at afterConnectMultiple (node:net:1715:7) {
      code: 'ECONNREFUSED',
      [errors]: [
        Error: connect ECONNREFUSED ::1:6379
            at createConnectionError (node:net:1678:14)
            at afterConnectMultiple (node:net:1708:16) {
          errno: -4078,
          code: 'ECONNREFUSED',
          syscall: 'connect',
          address: '::1',
          port: 6379
        },
        Error: connect ECONNREFUSED 127.0.0.1:6379
            at createConnectionError (node:net:1678:14)
            at afterConnectMultiple (node:net:1708:16) {
          errno: -4078,
          code: 'ECONNREFUSED',
          syscall: 'connect',
          address: '127.0.0.1',
          port: 6379
        }
      ]
    }

    [0m [90m 34 |[39m redisClient[33m.[39mon([32m'error'[39m[33m,[39m (err) [33m=>[39m {
     [90m 35 |[39m   [36mif[39m (process[33m.[39menv[33m.[39m[33mNODE_ENV[39m [33m!==[39m [32m'test'[39m) {
    [31m[1m>[22m[39m[90m 36 |[39m     console[33m.[39merror([32m'[DB] Redis Client Error'[39m[33m,[39m err)[33m;[39m
     [90m    |[39m             [31m[1m^[22m[39m
     [90m 37 |[39m   }
     [90m 38 |[39m })[33m;[39m
     [90m 39 |[39m[0m

      at Class.error (server/config/database.js:36:13)
      at RedisSocket.<anonymous> (node_modules/@redis/client/lib/client/index.ts:796:12)
      at RedisSocket.#connect (node_modules/@redis/client/lib/client/socket.ts:246:14)
      at Class.connect (node_modules/@redis/client/lib/client/index.ts:961:5)
      at connectRedis (server/config/database.js:42:5)
      at server/app.js:79:5

  console.error
    [DB] Redis Client Error AggregateError: 
        at internalConnectMultiple (node:net:1134:18)
        at afterConnectMultiple (node:net:1715:7) {
      code: 'ECONNREFUSED',
      [errors]: [
        Error: connect ECONNREFUSED ::1:6379
            at createConnectionError (node:net:1678:14)
            at afterConnectMultiple (node:net:1708:16) {
          errno: -4078,
          code: 'ECONNREFUSED',
          syscall: 'connect',
          address: '::1',
          port: 6379
        },
        Error: connect ECONNREFUSED 127.0.0.1:6379
            at createConnectionError (node:net:1678:14)
            at afterConnectMultiple (node:net:1708:16) {
          errno: -4078,
          code: 'ECONNREFUSED',
          syscall: 'connect',
          address: '127.0.0.1',
          port: 6379
        }
      ]
    }

    [0m [90m 34 |[39m redisClient[33m.[39mon([32m'error'[39m[33m,[39m (err) [33m=>[39m {
     [90m 35 |[39m   [36mif[39m (process[33m.[39menv[33m.[39m[33mNODE_ENV[39m [33m!==[39m [32m'test'[39m) {
    [31m[1m>[22m[39m[90m 36 |[39m     console[33m.[39merror([32m'[DB] Redis Client Error'[39m[33m,[39m err)[33m;[39m
     [90m    |[39m             [31m[1m^[22m[39m
     [90m 37 |[39m   }
     [90m 38 |[39m })[33m;[39m
     [90m 39 |[39m[0m

      at Class.error (server/config/database.js:36:13)
      at RedisSocket.<anonymous> (node_modules/@redis/client/lib/client/index.ts:796:12)
      at RedisSocket.#connect (node_modules/@redis/client/lib/client/socket.ts:246:14)
      at Class.connect (node_modules/@redis/client/lib/client/index.ts:961:5)
      at connectRedis (server/config/database.js:42:5)
      at server/app.js:79:5

  console.error
    [DB] Redis Client Error AggregateError: 
        at internalConnectMultiple (node:net:1134:18)
        at afterConnectMultiple (node:net:1715:7) {
      code: 'ECONNREFUSED',
      [errors]: [
        Error: connect ECONNREFUSED ::1:6379
            at createConnectionError (node:net:1678:14)
            at afterConnectMultiple (node:net:1708:16) {
          errno: -4078,
          code: 'ECONNREFUSED',
          syscall: 'connect',
          address: '::1',
          port: 6379
        },
        Error: connect ECONNREFUSED 127.0.0.1:6379
            at createConnectionError (node:net:1678:14)
            at afterConnectMultiple (node:net:1708:16) {
          errno: -4078,
          code: 'ECONNREFUSED',
          syscall: 'connect',
          address: '127.0.0.1',
          port: 6379
        }
      ]
    }

    [0m [90m 34 |[39m redisClient[33m.[39mon([32m'error'[39m[33m,[39m (err) [33m=>[39m {
     [90m 35 |[39m   [36mif[39m (process[33m.[39menv[33m.[39m[33mNODE_ENV[39m [33m!==[39m [32m'test'[39m) {
    [31m[1m>[22m[39m[90m 36 |[39m     console[33m.[39merror([32m'[DB] Redis Client Error'[39m[33m,[39m err)[33m;[39m
     [90m    |[39m             [31m[1m^[22m[39m
     [90m 37 |[39m   }
     [90m 38 |[39m })[33m;[39m
     [90m 39 |[39m[0m

      at Class.error (server/config/database.js:36:13)
      at RedisSocket.<anonymous> (node_modules/@redis/client/lib/client/index.ts:796:12)
      at RedisSocket.#connect (node_modules/@redis/client/lib/client/socket.ts:246:14)
      at Class.connect (node_modules/@redis/client/lib/client/index.ts:961:5)
      at connectRedis (server/config/database.js:42:5)
      at server/app.js:79:5

  console.error
    [DB] Redis Client Error AggregateError: 
        at internalConnectMultiple (node:net:1134:18)
        at afterConnectMultiple (node:net:1715:7) {
      code: 'ECONNREFUSED',
      [errors]: [
        Error: connect ECONNREFUSED ::1:6379
            at createConnectionError (node:net:1678:14)
            at afterConnectMultiple (node:net:1708:16) {
          errno: -4078,
          code: 'ECONNREFUSED',
          syscall: 'connect',
          address: '::1',
          port: 6379
        },
        Error: connect ECONNREFUSED 127.0.0.1:6379
            at createConnectionError (node:net:1678:14)
            at afterConnectMultiple (node:net:1708:16) {
          errno: -4078,
          code: 'ECONNREFUSED',
          syscall: 'connect',
          address: '127.0.0.1',
          port: 6379
        }
      ]
    }

    [0m [90m 34 |[39m redisClient[33m.[39mon([32m'error'[39m[33m,[39m (err) [33m=>[39m {
     [90m 35 |[39m   [36mif[39m (process[33m.[39menv[33m.[39m[33mNODE_ENV[39m [33m!==[39m [32m'test'[39m) {
    [31m[1m>[22m[39m[90m 36 |[39m     console[33m.[39merror([32m'[DB] Redis Client Error'[39m[33m,[39m err)[33m;[39m
     [90m    |[39m             [31m[1m^[22m[39m
     [90m 37 |[39m   }
     [90m 38 |[39m })[33m;[39m
     [90m 39 |[39m[0m

      at Class.error (server/config/database.js:36:13)
      at RedisSocket.<anonymous> (node_modules/@redis/client/lib/client/index.ts:796:12)
      at RedisSocket.#connect (node_modules/@redis/client/lib/client/socket.ts:246:14)
      at Class.connect (node_modules/@redis/client/lib/client/index.ts:961:5)
      at connectRedis (server/config/database.js:42:5)
      at server/app.js:79:5

  console.error
    [DB] Redis Client Error AggregateError: 
        at internalConnectMultiple (node:net:1134:18)
        at afterConnectMultiple (node:net:1715:7) {
      code: 'ECONNREFUSED',
      [errors]: [
        Error: connect ECONNREFUSED ::1:6379
            at createConnectionError (node:net:1678:14)
            at afterConnectMultiple (node:net:1708:16) {
          errno: -4078,
          code: 'ECONNREFUSED',
          syscall: 'connect',
          address: '::1',
          port: 6379
        },
        Error: connect ECONNREFUSED 127.0.0.1:6379
            at createConnectionError (node:net:1678:14)
            at afterConnectMultiple (node:net:1708:16) {
          errno: -4078,
          code: 'ECONNREFUSED',
          syscall: 'connect',
          address: '127.0.0.1',
          port: 6379
        }
      ]
    }

    [0m [90m 34 |[39m redisClient[33m.[39mon([32m'error'[39m[33m,[39m (err) [33m=>[39m {
     [90m 35 |[39m   [36mif[39m (process[33m.[39menv[33m.[39m[33mNODE_ENV[39m [33m!==[39m [32m'test'[39m) {
    [31m[1m>[22m[39m[90m 36 |[39m     console[33m.[39merror([32m'[DB] Redis Client Error'[39m[33m,[39m err)[33m;[39m
     [90m    |[39m             [31m[1m^[22m[39m
     [90m 37 |[39m   }
     [90m 38 |[39m })[33m;[39m
     [90m 39 |[39m[0m

      at Class.error (server/config/database.js:36:13)
      at RedisSocket.<anonymous> (node_modules/@redis/client/lib/client/index.ts:796:12)
      at RedisSocket.#connect (node_modules/@redis/client/lib/client/socket.ts:246:14)
      at Class.connect (node_modules/@redis/client/lib/client/index.ts:961:5)
      at connectRedis (server/config/database.js:42:5)
      at server/app.js:79:5

  console.error
    [DB] Redis Client Error AggregateError: 
        at internalConnectMultiple (node:net:1134:18)
        at afterConnectMultiple (node:net:1715:7) {
      code: 'ECONNREFUSED',
      [errors]: [
        Error: connect ECONNREFUSED ::1:6379
            at createConnectionError (node:net:1678:14)
            at afterConnectMultiple (node:net:1708:16) {
          errno: -4078,
          code: 'ECONNREFUSED',
          syscall: 'connect',
          address: '::1',
          port: 6379
        },
        Error: connect ECONNREFUSED 127.0.0.1:6379
            at createConnectionError (node:net:1678:14)
            at afterConnectMultiple (node:net:1708:16) {
          errno: -4078,
          code: 'ECONNREFUSED',
          syscall: 'connect',
          address: '127.0.0.1',
          port: 6379
        }
      ]
    }

    [0m [90m 34 |[39m redisClient[33m.[39mon([32m'error'[39m[33m,[39m (err) [33m=>[39m {
     [90m 35 |[39m   [36mif[39m (process[33m.[39menv[33m.[39m[33mNODE_ENV[39m [33m!==[39m [32m'test'[39m) {
    [31m[1m>[22m[39m[90m 36 |[39m     console[33m.[39merror([32m'[DB] Redis Client Error'[39m[33m,[39m err)[33m;[39m
     [90m    |[39m             [31m[1m^[22m[39m
     [90m 37 |[39m   }
     [90m 38 |[39m })[33m;[39m
     [90m 39 |[39m[0m

      at Class.error (server/config/database.js:36:13)
      at RedisSocket.<anonymous> (node_modules/@redis/client/lib/client/index.ts:796:12)
      at RedisSocket.#connect (node_modules/@redis/client/lib/client/socket.ts:246:14)
      at Class.connect (node_modules/@redis/client/lib/client/index.ts:961:5)
      at connectRedis (server/config/database.js:42:5)
      at server/app.js:79:5

  console.error
    [DB] Redis Client Error AggregateError: 
        at internalConnectMultiple (node:net:1134:18)
        at afterConnectMultiple (node:net:1715:7) {
      code: 'ECONNREFUSED',
      [errors]: [
        Error: connect ECONNREFUSED ::1:6379
            at createConnectionError (node:net:1678:14)
            at afterConnectMultiple (node:net:1708:16) {
          errno: -4078,
          code: 'ECONNREFUSED',
          syscall: 'connect',
          address: '::1',
          port: 6379
        },
        Error: connect ECONNREFUSED 127.0.0.1:6379
            at createConnectionError (node:net:1678:14)
            at afterConnectMultiple (node:net:1708:16) {
          errno: -4078,
          code: 'ECONNREFUSED',
          syscall: 'connect',
          address: '127.0.0.1',
          port: 6379
        }
      ]
    }

    [0m [90m 34 |[39m redisClient[33m.[39mon([32m'error'[39m[33m,[39m (err) [33m=>[39m {
     [90m 35 |[39m   [36mif[39m (process[33m.[39menv[33m.[39m[33mNODE_ENV[39m [33m!==[39m [32m'test'[39m) {
    [31m[1m>[22m[39m[90m 36 |[39m     console[33m.[39merror([32m'[DB] Redis Client Error'[39m[33m,[39m err)[33m;[39m
     [90m    |[39m             [31m[1m^[22m[39m
     [90m 37 |[39m   }
     [90m 38 |[39m })[33m;[39m
     [90m 39 |[39m[0m

      at Class.error (server/config/database.js:36:13)
      at RedisSocket.<anonymous> (node_modules/@redis/client/lib/client/index.ts:796:12)
      at RedisSocket.#connect (node_modules/@redis/client/lib/client/socket.ts:246:14)
      at Class.connect (node_modules/@redis/client/lib/client/index.ts:961:5)
      at connectRedis (server/config/database.js:42:5)
      at server/app.js:79:5

  console.error
    [DB] Redis Client Error AggregateError: 
        at internalConnectMultiple (node:net:1134:18)
        at afterConnectMultiple (node:net:1715:7) {
      code: 'ECONNREFUSED',
      [errors]: [
        Error: connect ECONNREFUSED ::1:6379
            at createConnectionError (node:net:1678:14)
            at afterConnectMultiple (node:net:1708:16) {
          errno: -4078,
          code: 'ECONNREFUSED',
          syscall: 'connect',
          address: '::1',
          port: 6379
        },
        Error: connect ECONNREFUSED 127.0.0.1:6379
            at createConnectionError (node:net:1678:14)
            at afterConnectMultiple (node:net:1708:16) {
          errno: -4078,
          code: 'ECONNREFUSED',
          syscall: 'connect',
          address: '127.0.0.1',
          port: 6379
        }
      ]
    }

    [0m [90m 34 |[39m redisClient[33m.[39mon([32m'error'[39m[33m,[39m (err) [33m=>[39m {
     [90m 35 |[39m   [36mif[39m (process[33m.[39menv[33m.[39m[33mNODE_ENV[39m [33m!==[39m [32m'test'[39m) {
    [31m[1m>[22m[39m[90m 36 |[39m     console[33m.[39merror([32m'[DB] Redis Client Error'[39m[33m,[39m err)[33m;[39m
     [90m    |[39m             [31m[1m^[22m[39m
     [90m 37 |[39m   }
     [90m 38 |[39m })[33m;[39m
     [90m 39 |[39m[0m

      at Class.error (server/config/database.js:36:13)
      at RedisSocket.<anonymous> (node_modules/@redis/client/lib/client/index.ts:796:12)
      at RedisSocket.#connect (node_modules/@redis/client/lib/client/socket.ts:246:14)
      at Class.connect (node_modules/@redis/client/lib/client/index.ts:961:5)
      at connectRedis (server/config/database.js:42:5)
      at server/app.js:79:5

  console.error
    [DB] Redis Client Error AggregateError: 
        at internalConnectMultiple (node:net:1134:18)
        at afterConnectMultiple (node:net:1715:7) {
      code: 'ECONNREFUSED',
      [errors]: [
        Error: connect ECONNREFUSED ::1:6379
            at createConnectionError (node:net:1678:14)
            at afterConnectMultiple (node:net:1708:16) {
          errno: -4078,
          code: 'ECONNREFUSED',
          syscall: 'connect',
          address: '::1',
          port: 6379
        },
        Error: connect ECONNREFUSED 127.0.0.1:6379
            at createConnectionError (node:net:1678:14)
            at afterConnectMultiple (node:net:1708:16) {
          errno: -4078,
          code: 'ECONNREFUSED',
          syscall: 'connect',
          address: '127.0.0.1',
          port: 6379
        }
      ]
    }

    [0m [90m 34 |[39m redisClient[33m.[39mon([32m'error'[39m[33m,[39m (err) [33m=>[39m {
     [90m 35 |[39m   [36mif[39m (process[33m.[39menv[33m.[39m[33mNODE_ENV[39m [33m!==[39m [32m'test'[39m) {
    [31m[1m>[22m[39m[90m 36 |[39m     console[33m.[39merror([32m'[DB] Redis Client Error'[39m[33m,[39m err)[33m;[39m
     [90m    |[39m             [31m[1m^[22m[39m
     [90m 37 |[39m   }
     [90m 38 |[39m })[33m;[39m
     [90m 39 |[39m[0m

      at Class.error (server/config/database.js:36:13)
      at RedisSocket.<anonymous> (node_modules/@redis/client/lib/client/index.ts:796:12)
      at RedisSocket.#connect (node_modules/@redis/client/lib/client/socket.ts:246:14)
      at Class.connect (node_modules/@redis/client/lib/client/index.ts:961:5)
      at connectRedis (server/config/database.js:42:5)
      at server/app.js:79:5

  console.error
    [DB] Redis Client Error AggregateError: 
        at internalConnectMultiple (node:net:1134:18)
        at afterConnectMultiple (node:net:1715:7) {
      code: 'ECONNREFUSED',
      [errors]: [
        Error: connect ECONNREFUSED ::1:6379
            at createConnectionError (node:net:1678:14)
            at afterConnectMultiple (node:net:1708:16) {
          errno: -4078,
          code: 'ECONNREFUSED',
          syscall: 'connect',
          address: '::1',
          port: 6379
        },
        Error: connect ECONNREFUSED 127.0.0.1:6379
            at createConnectionError (node:net:1678:14)
            at afterConnectMultiple (node:net:1708:16) {
          errno: -4078,
          code: 'ECONNREFUSED',
          syscall: 'connect',
          address: '127.0.0.1',
          port: 6379
        }
      ]
    }

    [0m [90m 34 |[39m redisClient[33m.[39mon([32m'error'[39m[33m,[39m (err) [33m=>[39m {
     [90m 35 |[39m   [36mif[39m (process[33m.[39menv[33m.[39m[33mNODE_ENV[39m [33m!==[39m [32m'test'[39m) {
    [31m[1m>[22m[39m[90m 36 |[39m     console[33m.[39merror([32m'[DB] Redis Client Error'[39m[33m,[39m err)[33m;[39m
     [90m    |[39m             [31m[1m^[22m[39m
     [90m 37 |[39m   }
     [90m 38 |[39m })[33m;[39m
     [90m 39 |[39m[0m

      at Class.error (server/config/database.js:36:13)
      at RedisSocket.<anonymous> (node_modules/@redis/client/lib/client/index.ts:796:12)
      at RedisSocket.#connect (node_modules/@redis/client/lib/client/socket.ts:246:14)
      at Class.connect (node_modules/@redis/client/lib/client/index.ts:961:5)
      at connectRedis (server/config/database.js:42:5)
      at server/app.js:79:5

  console.error
    [DB] Redis Client Error AggregateError: 
        at internalConnectMultiple (node:net:1134:18)
        at afterConnectMultiple (node:net:1715:7) {
      code: 'ECONNREFUSED',
      [errors]: [
        Error: connect ECONNREFUSED ::1:6379
            at createConnectionError (node:net:1678:14)
            at afterConnectMultiple (node:net:1708:16) {
          errno: -4078,
          code: 'ECONNREFUSED',
          syscall: 'connect',
          address: '::1',
          port: 6379
        },
        Error: connect ECONNREFUSED 127.0.0.1:6379
            at createConnectionError (node:net:1678:14)
            at afterConnectMultiple (node:net:1708:16) {
          errno: -4078,
          code: 'ECONNREFUSED',
          syscall: 'connect',
          address: '127.0.0.1',
          port: 6379
        }
      ]
    }

    [0m [90m 34 |[39m redisClient[33m.[39mon([32m'error'[39m[33m,[39m (err) [33m=>[39m {
     [90m 35 |[39m   [36mif[39m (process[33m.[39menv[33m.[39m[33mNODE_ENV[39m [33m!==[39m [32m'test'[39m) {
    [31m[1m>[22m[39m[90m 36 |[39m     console[33m.[39merror([32m'[DB] Redis Client Error'[39m[33m,[39m err)[33m;[39m
     [90m    |[39m             [31m[1m^[22m[39m
     [90m 37 |[39m   }
     [90m 38 |[39m })[33m;[39m
     [90m 39 |[39m[0m

      at Class.error (server/config/database.js:36:13)
      at RedisSocket.<anonymous> (node_modules/@redis/client/lib/client/index.ts:796:12)
      at RedisSocket.#connect (node_modules/@redis/client/lib/client/socket.ts:246:14)
      at Class.connect (node_modules/@redis/client/lib/client/index.ts:961:5)
      at connectRedis (server/config/database.js:42:5)
      at server/app.js:79:5

  console.error
    [DB] Redis Client Error AggregateError: 
        at internalConnectMultiple (node:net:1134:18)
        at afterConnectMultiple (node:net:1715:7) {
      code: 'ECONNREFUSED',
      [errors]: [
        Error: connect ECONNREFUSED ::1:6379
            at createConnectionError (node:net:1678:14)
            at afterConnectMultiple (node:net:1708:16) {
          errno: -4078,
          code: 'ECONNREFUSED',
          syscall: 'connect',
          address: '::1',
          port: 6379
        },
        Error: connect ECONNREFUSED 127.0.0.1:6379
            at createConnectionError (node:net:1678:14)
            at afterConnectMultiple (node:net:1708:16) {
          errno: -4078,
          code: 'ECONNREFUSED',
          syscall: 'connect',
          address: '127.0.0.1',
          port: 6379
        }
      ]
    }

    [0m [90m 34 |[39m redisClient[33m.[39mon([32m'error'[39m[33m,[39m (err) [33m=>[39m {
     [90m 35 |[39m   [36mif[39m (process[33m.[39menv[33m.[39m[33mNODE_ENV[39m [33m!==[39m [32m'test'[39m) {
    [31m[1m>[22m[39m[90m 36 |[39m     console[33m.[39merror([32m'[DB] Redis Client Error'[39m[33m,[39m err)[33m;[39m
     [90m    |[39m             [31m[1m^[22m[39m
     [90m 37 |[39m   }
     [90m 38 |[39m })[33m;[39m
     [90m 39 |[39m[0m

      at Class.error (server/config/database.js:36:13)
      at RedisSocket.<anonymous> (node_modules/@redis/client/lib/client/index.ts:796:12)
      at RedisSocket.#connect (node_modules/@redis/client/lib/client/socket.ts:246:14)
      at Class.connect (node_modules/@redis/client/lib/client/index.ts:961:5)
      at connectRedis (server/config/database.js:42:5)
      at server/app.js:79:5

  console.error
    [DB] Redis Client Error AggregateError: 
        at internalConnectMultiple (node:net:1134:18)
        at afterConnectMultiple (node:net:1715:7) {
      code: 'ECONNREFUSED',
      [errors]: [
        Error: connect ECONNREFUSED ::1:6379
            at createConnectionError (node:net:1678:14)
            at afterConnectMultiple (node:net:1708:16) {
          errno: -4078,
          code: 'ECONNREFUSED',
          syscall: 'connect',
          address: '::1',
          port: 6379
        },
        Error: connect ECONNREFUSED 127.0.0.1:6379
            at createConnectionError (node:net:1678:14)
            at afterConnectMultiple (node:net:1708:16) {
          errno: -4078,
          code: 'ECONNREFUSED',
          syscall: 'connect',
          address: '127.0.0.1',
          port: 6379
        }
      ]
    }

    [0m [90m 34 |[39m redisClient[33m.[39mon([32m'error'[39m[33m,[39m (err) [33m=>[39m {
     [90m 35 |[39m   [36mif[39m (process[33m.[39menv[33m.[39m[33mNODE_ENV[39m [33m!==[39m [32m'test'[39m) {
    [31m[1m>[22m[39m[90m 36 |[39m     console[33m.[39merror([32m'[DB] Redis Client Error'[39m[33m,[39m err)[33m;[39m
     [90m    |[39m             [31m[1m^[22m[39m
     [90m 37 |[39m   }
     [90m 38 |[39m })[33m;[39m
     [90m 39 |[39m[0m

      at Class.error (server/config/database.js:36:13)
      at RedisSocket.<anonymous> (node_modules/@redis/client/lib/client/index.ts:796:12)
      at RedisSocket.#connect (node_modules/@redis/client/lib/client/socket.ts:246:14)
      at Class.connect (node_modules/@redis/client/lib/client/index.ts:961:5)
      at connectRedis (server/config/database.js:42:5)
      at server/app.js:79:5

  console.error
    [DB] Redis Client Error AggregateError: 
        at internalConnectMultiple (node:net:1134:18)
        at afterConnectMultiple (node:net:1715:7) {
      code: 'ECONNREFUSED',
      [errors]: [
        Error: connect ECONNREFUSED ::1:6379
            at createConnectionError (node:net:1678:14)
            at afterConnectMultiple (node:net:1708:16) {
          errno: -4078,
          code: 'ECONNREFUSED',
          syscall: 'connect',
          address: '::1',
          port: 6379
        },
        Error: connect ECONNREFUSED 127.0.0.1:6379
            at createConnectionError (node:net:1678:14)
            at afterConnectMultiple (node:net:1708:16) {
          errno: -4078,
          code: 'ECONNREFUSED',
          syscall: 'connect',
          address: '127.0.0.1',
          port: 6379
        }
      ]
    }

    [0m [90m 34 |[39m redisClient[33m.[39mon([32m'error'[39m[33m,[39m (err) [33m=>[39m {
     [90m 35 |[39m   [36mif[39m (process[33m.[39menv[33m.[39m[33mNODE_ENV[39m [33m!==[39m [32m'test'[39m) {
    [31m[1m>[22m[39m[90m 36 |[39m     console[33m.[39merror([32m'[DB] Redis Client Error'[39m[33m,[39m err)[33m;[39m
     [90m    |[39m             [31m[1m^[22m[39m
     [90m 37 |[39m   }
     [90m 38 |[39m })[33m;[39m
     [90m 39 |[39m[0m

      at Class.error (server/config/database.js:36:13)
      at RedisSocket.<anonymous> (node_modules/@redis/client/lib/client/index.ts:796:12)
      at RedisSocket.#connect (node_modules/@redis/client/lib/client/socket.ts:246:14)
      at Class.connect (node_modules/@redis/client/lib/client/index.ts:961:5)
      at connectRedis (server/config/database.js:42:5)
      at server/app.js:79:5

  console.error
    [DB] Redis Client Error AggregateError: 
        at internalConnectMultiple (node:net:1134:18)
        at afterConnectMultiple (node:net:1715:7) {
      code: 'ECONNREFUSED',
      [errors]: [
        Error: connect ECONNREFUSED ::1:6379
            at createConnectionError (node:net:1678:14)
            at afterConnectMultiple (node:net:1708:16) {
          errno: -4078,
          code: 'ECONNREFUSED',
          syscall: 'connect',
          address: '::1',
          port: 6379
        },
        Error: connect ECONNREFUSED 127.0.0.1:6379
            at createConnectionError (node:net:1678:14)
            at afterConnectMultiple (node:net:1708:16) {
          errno: -4078,
          code: 'ECONNREFUSED',
          syscall: 'connect',
          address: '127.0.0.1',
          port: 6379
        }
      ]
    }

    [0m [90m 34 |[39m redisClient[33m.[39mon([32m'error'[39m[33m,[39m (err) [33m=>[39m {
     [90m 35 |[39m   [36mif[39m (process[33m.[39menv[33m.[39m[33mNODE_ENV[39m [33m!==[39m [32m'test'[39m) {
    [31m[1m>[22m[39m[90m 36 |[39m     console[33m.[39merror([32m'[DB] Redis Client Error'[39m[33m,[39m err)[33m;[39m
     [90m    |[39m             [31m[1m^[22m[39m
     [90m 37 |[39m   }
     [90m 38 |[39m })[33m;[39m
     [90m 39 |[39m[0m

      at Class.error (server/config/database.js:36:13)
      at RedisSocket.<anonymous> (node_modules/@redis/client/lib/client/index.ts:796:12)
      at RedisSocket.#connect (node_modules/@redis/client/lib/client/socket.ts:246:14)
      at Class.connect (node_modules/@redis/client/lib/client/index.ts:961:5)
      at connectRedis (server/config/database.js:42:5)
      at server/app.js:79:5

  console.error
    [DB] Redis Client Error AggregateError: 
        at internalConnectMultiple (node:net:1134:18)
        at afterConnectMultiple (node:net:1715:7) {
      code: 'ECONNREFUSED',
      [errors]: [
        Error: connect ECONNREFUSED ::1:6379
            at createConnectionError (node:net:1678:14)
            at afterConnectMultiple (node:net:1708:16) {
          errno: -4078,
          code: 'ECONNREFUSED',
          syscall: 'connect',
          address: '::1',
          port: 6379
        },
        Error: connect ECONNREFUSED 127.0.0.1:6379
            at createConnectionError (node:net:1678:14)
            at afterConnectMultiple (node:net:1708:16) {
          errno: -4078,
          code: 'ECONNREFUSED',
          syscall: 'connect',
          address: '127.0.0.1',
          port: 6379
        }
      ]
    }

    [0m [90m 34 |[39m redisClient[33m.[39mon([32m'error'[39m[33m,[39m (err) [33m=>[39m {
     [90m 35 |[39m   [36mif[39m (process[33m.[39menv[33m.[39m[33mNODE_ENV[39m [33m!==[39m [32m'test'[39m) {
    [31m[1m>[22m[39m[90m 36 |[39m     console[33m.[39merror([32m'[DB] Redis Client Error'[39m[33m,[39m err)[33m;[39m
     [90m    |[39m             [31m[1m^[22m[39m
     [90m 37 |[39m   }
     [90m 38 |[39m })[33m;[39m
     [90m 39 |[39m[0m

      at Class.error (server/config/database.js:36:13)
      at RedisSocket.<anonymous> (node_modules/@redis/client/lib/client/index.ts:796:12)
      at RedisSocket.#connect (node_modules/@redis/client/lib/client/socket.ts:246:14)
      at Class.connect (node_modules/@redis/client/lib/client/index.ts:961:5)
      at connectRedis (server/config/database.js:42:5)
      at server/app.js:79:5

  console.error
    [DB] Redis Client Error AggregateError: 
        at internalConnectMultiple (node:net:1134:18)
        at afterConnectMultiple (node:net:1715:7) {
      code: 'ECONNREFUSED',
      [errors]: [
        Error: connect ECONNREFUSED ::1:6379
            at createConnectionError (node:net:1678:14)
            at afterConnectMultiple (node:net:1708:16) {
          errno: -4078,
          code: 'ECONNREFUSED',
          syscall: 'connect',
          address: '::1',
          port: 6379
        },
        Error: connect ECONNREFUSED 127.0.0.1:6379
            at createConnectionError (node:net:1678:14)
            at afterConnectMultiple (node:net:1708:16) {
          errno: -4078,
          code: 'ECONNREFUSED',
          syscall: 'connect',
          address: '127.0.0.1',
          port: 6379
        }
      ]
    }

    [0m [90m 34 |[39m redisClient[33m.[39mon([32m'error'[39m[33m,[39m (err) [33m=>[39m {
     [90m 35 |[39m   [36mif[39m (process[33m.[39menv[33m.[39m[33mNODE_ENV[39m [33m!==[39m [32m'test'[39m) {
    [31m[1m>[22m[39m[90m 36 |[39m     console[33m.[39merror([32m'[DB] Redis Client Error'[39m[33m,[39m err)[33m;[39m
     [90m    |[39m             [31m[1m^[22m[39m
     [90m 37 |[39m   }
     [90m 38 |[39m })[33m;[39m
     [90m 39 |[39m[0m

      at Class.error (server/config/database.js:36:13)
      at RedisSocket.<anonymous> (node_modules/@redis/client/lib/client/index.ts:796:12)
      at RedisSocket.#connect (node_modules/@redis/client/lib/client/socket.ts:246:14)
      at Class.connect (node_modules/@redis/client/lib/client/index.ts:961:5)
      at connectRedis (server/config/database.js:42:5)
      at server/app.js:79:5

  console.error
    [DB] Redis Client Error AggregateError: 
        at internalConnectMultiple (node:net:1134:18)
        at afterConnectMultiple (node:net:1715:7) {
      code: 'ECONNREFUSED',
      [errors]: [
        Error: connect ECONNREFUSED ::1:6379
            at createConnectionError (node:net:1678:14)
            at afterConnectMultiple (node:net:1708:16) {
          errno: -4078,
          code: 'ECONNREFUSED',
          syscall: 'connect',
          address: '::1',
          port: 6379
        },
        Error: connect ECONNREFUSED 127.0.0.1:6379
            at createConnectionError (node:net:1678:14)
            at afterConnectMultiple (node:net:1708:16) {
          errno: -4078,
          code: 'ECONNREFUSED',
          syscall: 'connect',
          address: '127.0.0.1',
          port: 6379
        }
      ]
    }

    [0m [90m 34 |[39m redisClient[33m.[39mon([32m'error'[39m[33m,[39m (err) [33m=>[39m {
     [90m 35 |[39m   [36mif[39m (process[33m.[39menv[33m.[39m[33mNODE_ENV[39m [33m!==[39m [32m'test'[39m) {
    [31m[1m>[22m[39m[90m 36 |[39m     console[33m.[39merror([32m'[DB] Redis Client Error'[39m[33m,[39m err)[33m;[39m
     [90m    |[39m             [31m[1m^[22m[39m
     [90m 37 |[39m   }
     [90m 38 |[39m })[33m;[39m
     [90m 39 |[39m[0m

      at Class.error (server/config/database.js:36:13)
      at RedisSocket.<anonymous> (node_modules/@redis/client/lib/client/index.ts:796:12)
      at RedisSocket.#connect (node_modules/@redis/client/lib/client/socket.ts:246:14)
      at Class.connect (node_modules/@redis/client/lib/client/index.ts:961:5)
      at connectRedis (server/config/database.js:42:5)
      at server/app.js:79:5

  console.error
    [DB] Redis Client Error AggregateError: 
        at internalConnectMultiple (node:net:1134:18)
        at afterConnectMultiple (node:net:1715:7) {
      code: 'ECONNREFUSED',
      [errors]: [
        Error: connect ECONNREFUSED ::1:6379
            at createConnectionError (node:net:1678:14)
            at afterConnectMultiple (node:net:1708:16) {
          errno: -4078,
          code: 'ECONNREFUSED',
          syscall: 'connect',
          address: '::1',
          port: 6379
        },
        Error: connect ECONNREFUSED 127.0.0.1:6379
            at createConnectionError (node:net:1678:14)
            at afterConnectMultiple (node:net:1708:16) {
          errno: -4078,
          code: 'ECONNREFUSED',
          syscall: 'connect',
          address: '127.0.0.1',
          port: 6379
        }
      ]
    }

    [0m [90m 34 |[39m redisClient[33m.[39mon([32m'error'[39m[33m,[39m (err) [33m=>[39m {
     [90m 35 |[39m   [36mif[39m (process[33m.[39menv[33m.[39m[33mNODE_ENV[39m [33m!==[39m [32m'test'[39m) {
    [31m[1m>[22m[39m[90m 36 |[39m     console[33m.[39merror([32m'[DB] Redis Client Error'[39m[33m,[39m err)[33m;[39m
     [90m    |[39m             [31m[1m^[22m[39m
     [90m 37 |[39m   }
     [90m 38 |[39m })[33m;[39m
     [90m 39 |[39m[0m

      at Class.error (server/config/database.js:36:13)
      at RedisSocket.<anonymous> (node_modules/@redis/client/lib/client/index.ts:796:12)
      at RedisSocket.#connect (node_modules/@redis/client/lib/client/socket.ts:246:14)
      at Class.connect (node_modules/@redis/client/lib/client/index.ts:961:5)
      at connectRedis (server/config/database.js:42:5)
      at server/app.js:79:5

  console.error
    [DB] Redis Client Error AggregateError: 
        at internalConnectMultiple (node:net:1134:18)
        at afterConnectMultiple (node:net:1715:7) {
      code: 'ECONNREFUSED',
      [errors]: [
        Error: connect ECONNREFUSED ::1:6379
            at createConnectionError (node:net:1678:14)
            at afterConnectMultiple (node:net:1708:16) {
          errno: -4078,
          code: 'ECONNREFUSED',
          syscall: 'connect',
          address: '::1',
          port: 6379
        },
        Error: connect ECONNREFUSED 127.0.0.1:6379
            at createConnectionError (node:net:1678:14)
            at afterConnectMultiple (node:net:1708:16) {
          errno: -4078,
          code: 'ECONNREFUSED',
          syscall: 'connect',
          address: '127.0.0.1',
          port: 6379
        }
      ]
    }

    [0m [90m 34 |[39m redisClient[33m.[39mon([32m'error'[39m[33m,[39m (err) [33m=>[39m {
     [90m 35 |[39m   [36mif[39m (process[33m.[39menv[33m.[39m[33mNODE_ENV[39m [33m!==[39m [32m'test'[39m) {
    [31m[1m>[22m[39m[90m 36 |[39m     console[33m.[39merror([32m'[DB] Redis Client Error'[39m[33m,[39m err)[33m;[39m
     [90m    |[39m             [31m[1m^[22m[39m
     [90m 37 |[39m   }
     [90m 38 |[39m })[33m;[39m
     [90m 39 |[39m[0m

      at Class.error (server/config/database.js:36:13)
      at RedisSocket.<anonymous> (node_modules/@redis/client/lib/client/index.ts:796:12)
      at RedisSocket.#connect (node_modules/@redis/client/lib/client/socket.ts:246:14)
      at Class.connect (node_modules/@redis/client/lib/client/index.ts:961:5)
      at connectRedis (server/config/database.js:42:5)
      at server/app.js:79:5

  console.error
    [DB] Redis Client Error AggregateError: 
        at internalConnectMultiple (node:net:1134:18)
        at afterConnectMultiple (node:net:1715:7) {
      code: 'ECONNREFUSED',
      [errors]: [
        Error: connect ECONNREFUSED ::1:6379
            at createConnectionError (node:net:1678:14)
            at afterConnectMultiple (node:net:1708:16) {
          errno: -4078,
          code: 'ECONNREFUSED',
          syscall: 'connect',
          address: '::1',
          port: 6379
        },
        Error: connect ECONNREFUSED 127.0.0.1:6379
            at createConnectionError (node:net:1678:14)
            at afterConnectMultiple (node:net:1708:16) {
          errno: -4078,
          code: 'ECONNREFUSED',
          syscall: 'connect',
          address: '127.0.0.1',
          port: 6379
        }
      ]
    }

    [0m [90m 34 |[39m redisClient[33m.[39mon([32m'error'[39m[33m,[39m (err) [33m=>[39m {
     [90m 35 |[39m   [36mif[39m (process[33m.[39menv[33m.[39m[33mNODE_ENV[39m [33m!==[39m [32m'test'[39m) {
    [31m[1m>[22m[39m[90m 36 |[39m     console[33m.[39merror([32m'[DB] Redis Client Error'[39m[33m,[39m err)[33m;[39m
     [90m    |[39m             [31m[1m^[22m[39m
     [90m 37 |[39m   }
     [90m 38 |[39m })[33m;[39m
     [90m 39 |[39m[0m

      at Class.error (server/config/database.js:36:13)
      at RedisSocket.<anonymous> (node_modules/@redis/client/lib/client/index.ts:796:12)
      at RedisSocket.#connect (node_modules/@redis/client/lib/client/socket.ts:246:14)
      at Class.connect (node_modules/@redis/client/lib/client/index.ts:961:5)
      at connectRedis (server/config/database.js:42:5)
      at server/app.js:79:5

  console.error
    [DB] Redis Client Error AggregateError: 
        at internalConnectMultiple (node:net:1134:18)
        at afterConnectMultiple (node:net:1715:7) {
      code: 'ECONNREFUSED',
      [errors]: [
        Error: connect ECONNREFUSED ::1:6379
            at createConnectionError (node:net:1678:14)
            at afterConnectMultiple (node:net:1708:16) {
          errno: -4078,
          code: 'ECONNREFUSED',
          syscall: 'connect',
          address: '::1',
          port: 6379
        },
        Error: connect ECONNREFUSED 127.0.0.1:6379
            at createConnectionError (node:net:1678:14)
            at afterConnectMultiple (node:net:1708:16) {
          errno: -4078,
          code: 'ECONNREFUSED',
          syscall: 'connect',
          address: '127.0.0.1',
          port: 6379
        }
      ]
    }

    [0m [90m 34 |[39m redisClient[33m.[39mon([32m'error'[39m[33m,[39m (err) [33m=>[39m {
     [90m 35 |[39m   [36mif[39m (process[33m.[39menv[33m.[39m[33mNODE_ENV[39m [33m!==[39m [32m'test'[39m) {
    [31m[1m>[22m[39m[90m 36 |[39m     console[33m.[39merror([32m'[DB] Redis Client Error'[39m[33m,[39m err)[33m;[39m
     [90m    |[39m             [31m[1m^[22m[39m
     [90m 37 |[39m   }
     [90m 38 |[39m })[33m;[39m
     [90m 39 |[39m[0m

      at Class.error (server/config/database.js:36:13)
      at RedisSocket.<anonymous> (node_modules/@redis/client/lib/client/index.ts:796:12)
      at RedisSocket.#connect (node_modules/@redis/client/lib/client/socket.ts:246:14)
      at Class.connect (node_modules/@redis/client/lib/client/index.ts:961:5)
      at connectRedis (server/config/database.js:42:5)
      at server/app.js:79:5

  console.error
    [DB] Redis Client Error AggregateError: 
        at internalConnectMultiple (node:net:1134:18)
        at afterConnectMultiple (node:net:1715:7) {
      code: 'ECONNREFUSED',
      [errors]: [
        Error: connect ECONNREFUSED ::1:6379
            at createConnectionError (node:net:1678:14)
            at afterConnectMultiple (node:net:1708:16) {
          errno: -4078,
          code: 'ECONNREFUSED',
          syscall: 'connect',
          address: '::1',
          port: 6379
        },
        Error: connect ECONNREFUSED 127.0.0.1:6379
            at createConnectionError (node:net:1678:14)
            at afterConnectMultiple (node:net:1708:16) {
          errno: -4078,
          code: 'ECONNREFUSED',
          syscall: 'connect',
          address: '127.0.0.1',
          port: 6379
        }
      ]
    }

    [0m [90m 34 |[39m redisClient[33m.[39mon([32m'error'[39m[33m,[39m (err) [33m=>[39m {
     [90m 35 |[39m   [36mif[39m (process[33m.[39menv[33m.[39m[33mNODE_ENV[39m [33m!==[39m [32m'test'[39m) {
    [31m[1m>[22m[39m[90m 36 |[39m     console[33m.[39merror([32m'[DB] Redis Client Error'[39m[33m,[39m err)[33m;[39m
     [90m    |[39m             [31m[1m^[22m[39m
     [90m 37 |[39m   }
     [90m 38 |[39m })[33m;[39m
     [90m 39 |[39m[0m

      at Class.error (server/config/database.js:36:13)
      at RedisSocket.<anonymous> (node_modules/@redis/client/lib/client/index.ts:796:12)
      at RedisSocket.#connect (node_modules/@redis/client/lib/client/socket.ts:246:14)
      at Class.connect (node_modules/@redis/client/lib/client/index.ts:961:5)
      at connectRedis (server/config/database.js:42:5)
      at server/app.js:79:5

  console.error
    [DB] Redis Client Error AggregateError: 
        at internalConnectMultiple (node:net:1134:18)
        at afterConnectMultiple (node:net:1715:7) {
      code: 'ECONNREFUSED',
      [errors]: [
        Error: connect ECONNREFUSED ::1:6379
            at createConnectionError (node:net:1678:14)
            at afterConnectMultiple (node:net:1708:16) {
          errno: -4078,
          code: 'ECONNREFUSED',
          syscall: 'connect',
          address: '::1',
          port: 6379
        },
        Error: connect ECONNREFUSED 127.0.0.1:6379
            at createConnectionError (node:net:1678:14)
            at afterConnectMultiple (node:net:1708:16) {
          errno: -4078,
          code: 'ECONNREFUSED',
          syscall: 'connect',
          address: '127.0.0.1',
          port: 6379
        }
      ]
    }

    [0m [90m 34 |[39m redisClient[33m.[39mon([32m'error'[39m[33m,[39m (err) [33m=>[39m {
     [90m 35 |[39m   [36mif[39m (process[33m.[39menv[33m.[39m[33mNODE_ENV[39m [33m!==[39m [32m'test'[39m) {
    [31m[1m>[22m[39m[90m 36 |[39m     console[33m.[39merror([32m'[DB] Redis Client Error'[39m[33m,[39m err)[33m;[39m
     [90m    |[39m             [31m[1m^[22m[39m
     [90m 37 |[39m   }
     [90m 38 |[39m })[33m;[39m
     [90m 39 |[39m[0m

      at Class.error (server/config/database.js:36:13)
      at RedisSocket.<anonymous> (node_modules/@redis/client/lib/client/index.ts:796:12)
      at RedisSocket.#connect (node_modules/@redis/client/lib/client/socket.ts:246:14)
      at Class.connect (node_modules/@redis/client/lib/client/index.ts:961:5)
      at connectRedis (server/config/database.js:42:5)
      at server/app.js:79:5

  console.error
    [DB] Redis Client Error AggregateError: 
        at internalConnectMultiple (node:net:1134:18)
        at afterConnectMultiple (node:net:1715:7) {
      code: 'ECONNREFUSED',
      [errors]: [
        Error: connect ECONNREFUSED ::1:6379
            at createConnectionError (node:net:1678:14)
            at afterConnectMultiple (node:net:1708:16) {
          errno: -4078,
          code: 'ECONNREFUSED',
          syscall: 'connect',
          address: '::1',
          port: 6379
        },
        Error: connect ECONNREFUSED 127.0.0.1:6379
            at createConnectionError (node:net:1678:14)
            at afterConnectMultiple (node:net:1708:16) {
          errno: -4078,
          code: 'ECONNREFUSED',
          syscall: 'connect',
          address: '127.0.0.1',
          port: 6379
        }
      ]
    }

    [0m [90m 34 |[39m redisClient[33m.[39mon([32m'error'[39m[33m,[39m (err) [33m=>[39m {
     [90m 35 |[39m   [36mif[39m (process[33m.[39menv[33m.[39m[33mNODE_ENV[39m [33m!==[39m [32m'test'[39m) {
    [31m[1m>[22m[39m[90m 36 |[39m     console[33m.[39merror([32m'[DB] Redis Client Error'[39m[33m,[39m err)[33m;[39m
     [90m    |[39m             [31m[1m^[22m[39m
     [90m 37 |[39m   }
     [90m 38 |[39m })[33m;[39m
     [90m 39 |[39m[0m

      at Class.error (server/config/database.js:36:13)
      at RedisSocket.<anonymous> (node_modules/@redis/client/lib/client/index.ts:796:12)
      at RedisSocket.#connect (node_modules/@redis/client/lib/client/socket.ts:246:14)
      at Class.connect (node_modules/@redis/client/lib/client/index.ts:961:5)
      at connectRedis (server/config/database.js:42:5)
      at server/app.js:79:5

  console.error
    [DB] Redis Client Error AggregateError: 
        at internalConnectMultiple (node:net:1134:18)
        at afterConnectMultiple (node:net:1715:7) {
      code: 'ECONNREFUSED',
      [errors]: [
        Error: connect ECONNREFUSED ::1:6379
            at createConnectionError (node:net:1678:14)
            at afterConnectMultiple (node:net:1708:16) {
          errno: -4078,
          code: 'ECONNREFUSED',
          syscall: 'connect',
          address: '::1',
          port: 6379
        },
        Error: connect ECONNREFUSED 127.0.0.1:6379
            at createConnectionError (node:net:1678:14)
            at afterConnectMultiple (node:net:1708:16) {
          errno: -4078,
          code: 'ECONNREFUSED',
          syscall: 'connect',
          address: '127.0.0.1',
          port: 6379
        }
      ]
    }

    [0m [90m 34 |[39m redisClient[33m.[39mon([32m'error'[39m[33m,[39m (err) [33m=>[39m {
     [90m 35 |[39m   [36mif[39m (process[33m.[39menv[33m.[39m[33mNODE_ENV[39m [33m!==[39m [32m'test'[39m) {
    [31m[1m>[22m[39m[90m 36 |[39m     console[33m.[39merror([32m'[DB] Redis Client Error'[39m[33m,[39m err)[33m;[39m
     [90m    |[39m             [31m[1m^[22m[39m
     [90m 37 |[39m   }
     [90m 38 |[39m })[33m;[39m
     [90m 39 |[39m[0m

      at Class.error (server/config/database.js:36:13)
      at RedisSocket.<anonymous> (node_modules/@redis/client/lib/client/index.ts:796:12)
      at RedisSocket.#connect (node_modules/@redis/client/lib/client/socket.ts:246:14)
      at Class.connect (node_modules/@redis/client/lib/client/index.ts:961:5)
      at connectRedis (server/config/database.js:42:5)
      at server/app.js:79:5

  console.error
    [DB] Redis Client Error AggregateError: 
        at internalConnectMultiple (node:net:1134:18)
        at afterConnectMultiple (node:net:1715:7) {
      code: 'ECONNREFUSED',
      [errors]: [
        Error: connect ECONNREFUSED ::1:6379
            at createConnectionError (node:net:1678:14)
            at afterConnectMultiple (node:net:1708:16) {
          errno: -4078,
          code: 'ECONNREFUSED',
          syscall: 'connect',
          address: '::1',
          port: 6379
        },
        Error: connect ECONNREFUSED 127.0.0.1:6379
            at createConnectionError (node:net:1678:14)
            at afterConnectMultiple (node:net:1708:16) {
          errno: -4078,
          code: 'ECONNREFUSED',
          syscall: 'connect',
          address: '127.0.0.1',
          port: 6379
        }
      ]
    }

    [0m [90m 34 |[39m redisClient[33m.[39mon([32m'error'[39m[33m,[39m (err) [33m=>[39m {
     [90m 35 |[39m   [36mif[39m (process[33m.[39menv[33m.[39m[33mNODE_ENV[39m [33m!==[39m [32m'test'[39m) {
    [31m[1m>[22m[39m[90m 36 |[39m     console[33m.[39merror([32m'[DB] Redis Client Error'[39m[33m,[39m err)[33m;[39m
     [90m    |[39m             [31m[1m^[22m[39m
     [90m 37 |[39m   }
     [90m 38 |[39m })[33m;[39m
     [90m 39 |[39m[0m

      at Class.error (server/config/database.js:36:13)
      at RedisSocket.<anonymous> (node_modules/@redis/client/lib/client/index.ts:796:12)
      at RedisSocket.#connect (node_modules/@redis/client/lib/client/socket.ts:246:14)
      at Class.connect (node_modules/@redis/client/lib/client/index.ts:961:5)
      at connectRedis (server/config/database.js:42:5)
      at server/app.js:79:5

  console.error
    [DB] Redis Client Error AggregateError: 
        at internalConnectMultiple (node:net:1134:18)
        at afterConnectMultiple (node:net:1715:7) {
      code: 'ECONNREFUSED',
      [errors]: [
        Error: connect ECONNREFUSED ::1:6379
            at createConnectionError (node:net:1678:14)
            at afterConnectMultiple (node:net:1708:16) {
          errno: -4078,
          code: 'ECONNREFUSED',
          syscall: 'connect',
          address: '::1',
          port: 6379
        },
        Error: connect ECONNREFUSED 127.0.0.1:6379
            at createConnectionError (node:net:1678:14)
            at afterConnectMultiple (node:net:1708:16) {
          errno: -4078,
          code: 'ECONNREFUSED',
          syscall: 'connect',
          address: '127.0.0.1',
          port: 6379
        }
      ]
    }

    [0m [90m 34 |[39m redisClient[33m.[39mon([32m'error'[39m[33m,[39m (err) [33m=>[39m {
     [90m 35 |[39m   [36mif[39m (process[33m.[39menv[33m.[39m[33mNODE_ENV[39m [33m!==[39m [32m'test'[39m) {
    [31m[1m>[22m[39m[90m 36 |[39m     console[33m.[39merror([32m'[DB] Redis Client Error'[39m[33m,[39m err)[33m;[39m
     [90m    |[39m             [31m[1m^[22m[39m
     [90m 37 |[39m   }
     [90m 38 |[39m })[33m;[39m
     [90m 39 |[39m[0m

      at Class.error (server/config/database.js:36:13)
      at RedisSocket.<anonymous> (node_modules/@redis/client/lib/client/index.ts:796:12)
      at RedisSocket.#connect (node_modules/@redis/client/lib/client/socket.ts:246:14)
      at Class.connect (node_modules/@redis/client/lib/client/index.ts:961:5)
      at connectRedis (server/config/database.js:42:5)
      at server/app.js:79:5

  console.error
    [DB] Redis Client Error AggregateError: 
        at internalConnectMultiple (node:net:1134:18)
        at afterConnectMultiple (node:net:1715:7) {
      code: 'ECONNREFUSED',
      [errors]: [
        Error: connect ECONNREFUSED ::1:6379
            at createConnectionError (node:net:1678:14)
            at afterConnectMultiple (node:net:1708:16) {
          errno: -4078,
          code: 'ECONNREFUSED',
          syscall: 'connect',
          address: '::1',
          port: 6379
        },
        Error: connect ECONNREFUSED 127.0.0.1:6379
            at createConnectionError (node:net:1678:14)
            at afterConnectMultiple (node:net:1708:16) {
          errno: -4078,
          code: 'ECONNREFUSED',
          syscall: 'connect',
          address: '127.0.0.1',
          port: 6379
        }
      ]
    }

    [0m [90m 34 |[39m redisClient[33m.[39mon([32m'error'[39m[33m,[39m (err) [33m=>[39m {
     [90m 35 |[39m   [36mif[39m (process[33m.[39menv[33m.[39m[33mNODE_ENV[39m [33m!==[39m [32m'test'[39m) {
    [31m[1m>[22m[39m[90m 36 |[39m     console[33m.[39merror([32m'[DB] Redis Client Error'[39m[33m,[39m err)[33m;[39m
     [90m    |[39m             [31m[1m^[22m[39m
     [90m 37 |[39m   }
     [90m 38 |[39m })[33m;[39m
     [90m 39 |[39m[0m

      at Class.error (server/config/database.js:36:13)
      at RedisSocket.<anonymous> (node_modules/@redis/client/lib/client/index.ts:796:12)
      at RedisSocket.#connect (node_modules/@redis/client/lib/client/socket.ts:246:14)
      at Class.connect (node_modules/@redis/client/lib/client/index.ts:961:5)
      at connectRedis (server/config/database.js:42:5)
      at server/app.js:79:5

  console.error
    [DB] Redis Client Error AggregateError: 
        at internalConnectMultiple (node:net:1134:18)
        at afterConnectMultiple (node:net:1715:7) {
      code: 'ECONNREFUSED',
      [errors]: [
        Error: connect ECONNREFUSED ::1:6379
            at createConnectionError (node:net:1678:14)
            at afterConnectMultiple (node:net:1708:16) {
          errno: -4078,
          code: 'ECONNREFUSED',
          syscall: 'connect',
          address: '::1',
          port: 6379
        },
        Error: connect ECONNREFUSED 127.0.0.1:6379
            at createConnectionError (node:net:1678:14)
            at afterConnectMultiple (node:net:1708:16) {
          errno: -4078,
          code: 'ECONNREFUSED',
          syscall: 'connect',
          address: '127.0.0.1',
          port: 6379
        }
      ]
    }

    [0m [90m 34 |[39m redisClient[33m.[39mon([32m'error'[39m[33m,[39m (err) [33m=>[39m {
     [90m 35 |[39m   [36mif[39m (process[33m.[39menv[33m.[39m[33mNODE_ENV[39m [33m!==[39m [32m'test'[39m) {
    [31m[1m>[22m[39m[90m 36 |[39m     console[33m.[39merror([32m'[DB] Redis Client Error'[39m[33m,[39m err)[33m;[39m
     [90m    |[39m             [31m[1m^[22m[39m
     [90m 37 |[39m   }
     [90m 38 |[39m })[33m;[39m
     [90m 39 |[39m[0m

      at Class.error (server/config/database.js:36:13)
      at RedisSocket.<anonymous> (node_modules/@redis/client/lib/client/index.ts:796:12)
      at RedisSocket.#connect (node_modules/@redis/client/lib/client/socket.ts:246:14)
      at Class.connect (node_modules/@redis/client/lib/client/index.ts:961:5)
      at connectRedis (server/config/database.js:42:5)
      at server/app.js:79:5

  console.error
    [DB] Redis Client Error AggregateError: 
        at internalConnectMultiple (node:net:1134:18)
        at afterConnectMultiple (node:net:1715:7) {
      code: 'ECONNREFUSED',
      [errors]: [
        Error: connect ECONNREFUSED ::1:6379
            at createConnectionError (node:net:1678:14)
            at afterConnectMultiple (node:net:1708:16) {
          errno: -4078,
          code: 'ECONNREFUSED',
          syscall: 'connect',
          address: '::1',
          port: 6379
        },
        Error: connect ECONNREFUSED 127.0.0.1:6379
            at createConnectionError (node:net:1678:14)
            at afterConnectMultiple (node:net:1708:16) {
          errno: -4078,
          code: 'ECONNREFUSED',
          syscall: 'connect',
          address: '127.0.0.1',
          port: 6379
        }
      ]
    }

    [0m [90m 34 |[39m redisClient[33m.[39mon([32m'error'[39m[33m,[39m (err) [33m=>[39m {
     [90m 35 |[39m   [36mif[39m (process[33m.[39menv[33m.[39m[33mNODE_ENV[39m [33m!==[39m [32m'test'[39m) {
    [31m[1m>[22m[39m[90m 36 |[39m     console[33m.[39merror([32m'[DB] Redis Client Error'[39m[33m,[39m err)[33m;[39m
     [90m    |[39m             [31m[1m^[22m[39m
     [90m 37 |[39m   }
     [90m 38 |[39m })[33m;[39m
     [90m 39 |[39m[0m

      at Class.error (server/config/database.js:36:13)
      at RedisSocket.<anonymous> (node_modules/@redis/client/lib/client/index.ts:796:12)
      at RedisSocket.#connect (node_modules/@redis/client/lib/client/socket.ts:246:14)
      at Class.connect (node_modules/@redis/client/lib/client/index.ts:961:5)
      at connectRedis (server/config/database.js:42:5)
      at server/app.js:79:5

  console.error
    [DB] Redis Client Error AggregateError: 
        at internalConnectMultiple (node:net:1134:18)
        at afterConnectMultiple (node:net:1715:7) {
      code: 'ECONNREFUSED',
      [errors]: [
        Error: connect ECONNREFUSED ::1:6379
            at createConnectionError (node:net:1678:14)
            at afterConnectMultiple (node:net:1708:16) {
          errno: -4078,
          code: 'ECONNREFUSED',
          syscall: 'connect',
          address: '::1',
          port: 6379
        },
        Error: connect ECONNREFUSED 127.0.0.1:6379
            at createConnectionError (node:net:1678:14)
            at afterConnectMultiple (node:net:1708:16) {
          errno: -4078,
          code: 'ECONNREFUSED',
          syscall: 'connect',
          address: '127.0.0.1',
          port: 6379
        }
      ]
    }

    [0m [90m 34 |[39m redisClient[33m.[39mon([32m'error'[39m[33m,[39m (err) [33m=>[39m {
     [90m 35 |[39m   [36mif[39m (process[33m.[39menv[33m.[39m[33mNODE_ENV[39m [33m!==[39m [32m'test'[39m) {
    [31m[1m>[22m[39m[90m 36 |[39m     console[33m.[39merror([32m'[DB] Redis Client Error'[39m[33m,[39m err)[33m;[39m
     [90m    |[39m             [31m[1m^[22m[39m
     [90m 37 |[39m   }
     [90m 38 |[39m })[33m;[39m
     [90m 39 |[39m[0m

      at Class.error (server/config/database.js:36:13)
      at RedisSocket.<anonymous> (node_modules/@redis/client/lib/client/index.ts:796:12)
      at RedisSocket.#connect (node_modules/@redis/client/lib/client/socket.ts:246:14)
      at Class.connect (node_modules/@redis/client/lib/client/index.ts:961:5)
      at connectRedis (server/config/database.js:42:5)
      at server/app.js:79:5

  console.error
    [DB] Redis Client Error AggregateError: 
        at internalConnectMultiple (node:net:1134:18)
        at afterConnectMultiple (node:net:1715:7) {
      code: 'ECONNREFUSED',
      [errors]: [
        Error: connect ECONNREFUSED ::1:6379
            at createConnectionError (node:net:1678:14)
            at afterConnectMultiple (node:net:1708:16) {
          errno: -4078,
          code: 'ECONNREFUSED',
          syscall: 'connect',
          address: '::1',
          port: 6379
        },
        Error: connect ECONNREFUSED 127.0.0.1:6379
            at createConnectionError (node:net:1678:14)
            at afterConnectMultiple (node:net:1708:16) {
          errno: -4078,
          code: 'ECONNREFUSED',
          syscall: 'connect',
          address: '127.0.0.1',
          port: 6379
        }
      ]
    }

    [0m [90m 34 |[39m redisClient[33m.[39mon([32m'error'[39m[33m,[39m (err) [33m=>[39m {
     [90m 35 |[39m   [36mif[39m (process[33m.[39menv[33m.[39m[33mNODE_ENV[39m [33m!==[39m [32m'test'[39m) {
    [31m[1m>[22m[39m[90m 36 |[39m     console[33m.[39merror([32m'[DB] Redis Client Error'[39m[33m,[39m err)[33m;[39m
     [90m    |[39m             [31m[1m^[22m[39m
     [90m 37 |[39m   }
     [90m 38 |[39m })[33m;[39m
     [90m 39 |[39m[0m

      at Class.error (server/config/database.js:36:13)
      at RedisSocket.<anonymous> (node_modules/@redis/client/lib/client/index.ts:796:12)
      at RedisSocket.#connect (node_modules/@redis/client/lib/client/socket.ts:246:14)
      at Class.connect (node_modules/@redis/client/lib/client/index.ts:961:5)
      at connectRedis (server/config/database.js:42:5)
      at server/app.js:79:5

  console.error
    [DB] Redis Client Error AggregateError: 
        at internalConnectMultiple (node:net:1134:18)
        at afterConnectMultiple (node:net:1715:7) {
      code: 'ECONNREFUSED',
      [errors]: [
        Error: connect ECONNREFUSED ::1:6379
            at createConnectionError (node:net:1678:14)
            at afterConnectMultiple (node:net:1708:16) {
          errno: -4078,
          code: 'ECONNREFUSED',
          syscall: 'connect',
          address: '::1',
          port: 6379
        },
        Error: connect ECONNREFUSED 127.0.0.1:6379
            at createConnectionError (node:net:1678:14)
            at afterConnectMultiple (node:net:1708:16) {
          errno: -4078,
          code: 'ECONNREFUSED',
          syscall: 'connect',
          address: '127.0.0.1',
          port: 6379
        }
      ]
    }

    [0m [90m 34 |[39m redisClient[33m.[39mon([32m'error'[39m[33m,[39m (err) [33m=>[39m {
     [90m 35 |[39m   [36mif[39m (process[33m.[39menv[33m.[39m[33mNODE_ENV[39m [33m!==[39m [32m'test'[39m) {
    [31m[1m>[22m[39m[90m 36 |[39m     console[33m.[39merror([32m'[DB] Redis Client Error'[39m[33m,[39m err)[33m;[39m
     [90m    |[39m             [31m[1m^[22m[39m
     [90m 37 |[39m   }
     [90m 38 |[39m })[33m;[39m
     [90m 39 |[39m[0m

      at Class.error (server/config/database.js:36:13)
      at RedisSocket.<anonymous> (node_modules/@redis/client/lib/client/index.ts:796:12)
      at RedisSocket.#connect (node_modules/@redis/client/lib/client/socket.ts:246:14)
      at Class.connect (node_modules/@redis/client/lib/client/index.ts:961:5)
      at connectRedis (server/config/database.js:42:5)
      at server/app.js:79:5

  console.error
    [DB] Redis Client Error AggregateError: 
        at internalConnectMultiple (node:net:1134:18)
        at afterConnectMultiple (node:net:1715:7) {
      code: 'ECONNREFUSED',
      [errors]: [
        Error: connect ECONNREFUSED ::1:6379
            at createConnectionError (node:net:1678:14)
            at afterConnectMultiple (node:net:1708:16) {
          errno: -4078,
          code: 'ECONNREFUSED',
          syscall: 'connect',
          address: '::1',
          port: 6379
        },
        Error: connect ECONNREFUSED 127.0.0.1:6379
            at createConnectionError (node:net:1678:14)
            at afterConnectMultiple (node:net:1708:16) {
          errno: -4078,
          code: 'ECONNREFUSED',
          syscall: 'connect',
          address: '127.0.0.1',
          port: 6379
        }
      ]
    }

    [0m [90m 34 |[39m redisClient[33m.[39mon([32m'error'[39m[33m,[39m (err) [33m=>[39m {
     [90m 35 |[39m   [36mif[39m (process[33m.[39menv[33m.[39m[33mNODE_ENV[39m [33m!==[39m [32m'test'[39m) {
    [31m[1m>[22m[39m[90m 36 |[39m     console[33m.[39merror([32m'[DB] Redis Client Error'[39m[33m,[39m err)[33m;[39m
     [90m    |[39m             [31m[1m^[22m[39m
     [90m 37 |[39m   }
     [90m 38 |[39m })[33m;[39m
     [90m 39 |[39m[0m

      at Class.error (server/config/database.js:36:13)
      at RedisSocket.<anonymous> (node_modules/@redis/client/lib/client/index.ts:796:12)
      at RedisSocket.#connect (node_modules/@redis/client/lib/client/socket.ts:246:14)
      at Class.connect (node_modules/@redis/client/lib/client/index.ts:961:5)
      at connectRedis (server/config/database.js:42:5)
      at server/app.js:79:5

  console.error
    [DB] Redis Client Error AggregateError: 
        at internalConnectMultiple (node:net:1134:18)
        at afterConnectMultiple (node:net:1715:7) {
      code: 'ECONNREFUSED',
      [errors]: [
        Error: connect ECONNREFUSED ::1:6379
            at createConnectionError (node:net:1678:14)
            at afterConnectMultiple (node:net:1708:16) {
          errno: -4078,
          code: 'ECONNREFUSED',
          syscall: 'connect',
          address: '::1',
          port: 6379
        },
        Error: connect ECONNREFUSED 127.0.0.1:6379
            at createConnectionError (node:net:1678:14)
            at afterConnectMultiple (node:net:1708:16) {
          errno: -4078,
          code: 'ECONNREFUSED',
          syscall: 'connect',
          address: '127.0.0.1',
          port: 6379
        }
      ]
    }

    [0m [90m 34 |[39m redisClient[33m.[39mon([32m'error'[39m[33m,[39m (err) [33m=>[39m {
     [90m 35 |[39m   [36mif[39m (process[33m.[39menv[33m.[39m[33mNODE_ENV[39m [33m!==[39m [32m'test'[39m) {
    [31m[1m>[22m[39m[90m 36 |[39m     console[33m.[39merror([32m'[DB] Redis Client Error'[39m[33m,[39m err)[33m;[39m
     [90m    |[39m             [31m[1m^[22m[39m
     [90m 37 |[39m   }
     [90m 38 |[39m })[33m;[39m
     [90m 39 |[39m[0m

      at Class.error (server/config/database.js:36:13)
      at RedisSocket.<anonymous> (node_modules/@redis/client/lib/client/index.ts:796:12)
      at RedisSocket.#connect (node_modules/@redis/client/lib/client/socket.ts:246:14)
      at Class.connect (node_modules/@redis/client/lib/client/index.ts:961:5)
      at connectRedis (server/config/database.js:42:5)
      at server/app.js:79:5

  console.error
    [DB] Redis Client Error AggregateError: 
        at internalConnectMultiple (node:net:1134:18)
        at afterConnectMultiple (node:net:1715:7) {
      code: 'ECONNREFUSED',
      [errors]: [
        Error: connect ECONNREFUSED ::1:6379
            at createConnectionError (node:net:1678:14)
            at afterConnectMultiple (node:net:1708:16) {
          errno: -4078,
          code: 'ECONNREFUSED',
          syscall: 'connect',
          address: '::1',
          port: 6379
        },
        Error: connect ECONNREFUSED 127.0.0.1:6379
            at createConnectionError (node:net:1678:14)
            at afterConnectMultiple (node:net:1708:16) {
          errno: -4078,
          code: 'ECONNREFUSED',
          syscall: 'connect',
          address: '127.0.0.1',
          port: 6379
        }
      ]
    }

    [0m [90m 34 |[39m redisClient[33m.[39mon([32m'error'[39m[33m,[39m (err) [33m=>[39m {
     [90m 35 |[39m   [36mif[39m (process[33m.[39menv[33m.[39m[33mNODE_ENV[39m [33m!==[39m [32m'test'[39m) {
    [31m[1m>[22m[39m[90m 36 |[39m     console[33m.[39merror([32m'[DB] Redis Client Error'[39m[33m,[39m err)[33m;[39m
     [90m    |[39m             [31m[1m^[22m[39m
     [90m 37 |[39m   }
     [90m 38 |[39m })[33m;[39m
     [90m 39 |[39m[0m

      at Class.error (server/config/database.js:36:13)
      at RedisSocket.<anonymous> (node_modules/@redis/client/lib/client/index.ts:796:12)
      at RedisSocket.#connect (node_modules/@redis/client/lib/client/socket.ts:246:14)
      at Class.connect (node_modules/@redis/client/lib/client/index.ts:961:5)
      at connectRedis (server/config/database.js:42:5)
      at server/app.js:79:5

  console.error
    [DB] Redis Client Error AggregateError: 
        at internalConnectMultiple (node:net:1134:18)
        at afterConnectMultiple (node:net:1715:7) {
      code: 'ECONNREFUSED',
      [errors]: [
        Error: connect ECONNREFUSED ::1:6379
            at createConnectionError (node:net:1678:14)
            at afterConnectMultiple (node:net:1708:16) {
          errno: -4078,
          code: 'ECONNREFUSED',
          syscall: 'connect',
          address: '::1',
          port: 6379
        },
        Error: connect ECONNREFUSED 127.0.0.1:6379
            at createConnectionError (node:net:1678:14)
            at afterConnectMultiple (node:net:1708:16) {
          errno: -4078,
          code: 'ECONNREFUSED',
          syscall: 'connect',
          address: '127.0.0.1',
          port: 6379
        }
      ]
    }

    [0m [90m 34 |[39m redisClient[33m.[39mon([32m'error'[39m[33m,[39m (err) [33m=>[39m {
     [90m 35 |[39m   [36mif[39m (process[33m.[39menv[33m.[39m[33mNODE_ENV[39m [33m!==[39m [32m'test'[39m) {
    [31m[1m>[22m[39m[90m 36 |[39m     console[33m.[39merror([32m'[DB] Redis Client Error'[39m[33m,[39m err)[33m;[39m
     [90m    |[39m             [31m[1m^[22m[39m
     [90m 37 |[39m   }
     [90m 38 |[39m })[33m;[39m
     [90m 39 |[39m[0m

      at Class.error (server/config/database.js:36:13)
      at RedisSocket.<anonymous> (node_modules/@redis/client/lib/client/index.ts:796:12)
      at RedisSocket.#connect (node_modules/@redis/client/lib/client/socket.ts:246:14)
      at Class.connect (node_modules/@redis/client/lib/client/index.ts:961:5)
      at connectRedis (server/config/database.js:42:5)
      at server/app.js:79:5

  console.error
    [DB] Redis Client Error AggregateError: 
        at internalConnectMultiple (node:net:1134:18)
        at afterConnectMultiple (node:net:1715:7) {
      code: 'ECONNREFUSED',
      [errors]: [
        Error: connect ECONNREFUSED ::1:6379
            at createConnectionError (node:net:1678:14)
            at afterConnectMultiple (node:net:1708:16) {
          errno: -4078,
          code: 'ECONNREFUSED',
          syscall: 'connect',
          address: '::1',
          port: 6379
        },
        Error: connect ECONNREFUSED 127.0.0.1:6379
            at createConnectionError (node:net:1678:14)
            at afterConnectMultiple (node:net:1708:16) {
          errno: -4078,
          code: 'ECONNREFUSED',
          syscall: 'connect',
          address: '127.0.0.1',
          port: 6379
        }
      ]
    }

    [0m [90m 34 |[39m redisClient[33m.[39mon([32m'error'[39m[33m,[39m (err) [33m=>[39m {
     [90m 35 |[39m   [36mif[39m (process[33m.[39menv[33m.[39m[33mNODE_ENV[39m [33m!==[39m [32m'test'[39m) {
    [31m[1m>[22m[39m[90m 36 |[39m     console[33m.[39merror([32m'[DB] Redis Client Error'[39m[33m,[39m err)[33m;[39m
     [90m    |[39m             [31m[1m^[22m[39m
     [90m 37 |[39m   }
     [90m 38 |[39m })[33m;[39m
     [90m 39 |[39m[0m

      at Class.error (server/config/database.js:36:13)
      at RedisSocket.<anonymous> (node_modules/@redis/client/lib/client/index.ts:796:12)
      at RedisSocket.#connect (node_modules/@redis/client/lib/client/socket.ts:246:14)
      at Class.connect (node_modules/@redis/client/lib/client/index.ts:961:5)
      at connectRedis (server/config/database.js:42:5)
      at server/app.js:79:5

  console.error
    [DB] Redis Client Error AggregateError: 
        at internalConnectMultiple (node:net:1134:18)
        at afterConnectMultiple (node:net:1715:7) {
      code: 'ECONNREFUSED',
      [errors]: [
        Error: connect ECONNREFUSED ::1:6379
            at createConnectionError (node:net:1678:14)
            at afterConnectMultiple (node:net:1708:16) {
          errno: -4078,
          code: 'ECONNREFUSED',
          syscall: 'connect',
          address: '::1',
          port: 6379
        },
        Error: connect ECONNREFUSED 127.0.0.1:6379
            at createConnectionError (node:net:1678:14)
            at afterConnectMultiple (node:net:1708:16) {
          errno: -4078,
          code: 'ECONNREFUSED',
          syscall: 'connect',
          address: '127.0.0.1',
          port: 6379
        }
      ]
    }

    [0m [90m 34 |[39m redisClient[33m.[39mon([32m'error'[39m[33m,[39m (err) [33m=>[39m {
     [90m 35 |[39m   [36mif[39m (process[33m.[39menv[33m.[39m[33mNODE_ENV[39m [33m!==[39m [32m'test'[39m) {
    [31m[1m>[22m[39m[90m 36 |[39m     console[33m.[39merror([32m'[DB] Redis Client Error'[39m[33m,[39m err)[33m;[39m
     [90m    |[39m             [31m[1m^[22m[39m
     [90m 37 |[39m   }
     [90m 38 |[39m })[33m;[39m
     [90m 39 |[39m[0m

      at Class.error (server/config/database.js:36:13)
      at RedisSocket.<anonymous> (node_modules/@redis/client/lib/client/index.ts:796:12)
      at RedisSocket.#connect (node_modules/@redis/client/lib/client/socket.ts:246:14)
      at Class.connect (node_modules/@redis/client/lib/client/index.ts:961:5)
      at connectRedis (server/config/database.js:42:5)
      at server/app.js:79:5

  console.error
    [DB] Redis Client Error AggregateError: 
        at internalConnectMultiple (node:net:1134:18)
        at afterConnectMultiple (node:net:1715:7) {
      code: 'ECONNREFUSED',
      [errors]: [
        Error: connect ECONNREFUSED ::1:6379
            at createConnectionError (node:net:1678:14)
            at afterConnectMultiple (node:net:1708:16) {
          errno: -4078,
          code: 'ECONNREFUSED',
          syscall: 'connect',
          address: '::1',
          port: 6379
        },
        Error: connect ECONNREFUSED 127.0.0.1:6379
            at createConnectionError (node:net:1678:14)
            at afterConnectMultiple (node:net:1708:16) {
          errno: -4078,
          code: 'ECONNREFUSED',
          syscall: 'connect',
          address: '127.0.0.1',
          port: 6379
        }
      ]
    }

    [0m [90m 34 |[39m redisClient[33m.[39mon([32m'error'[39m[33m,[39m (err) [33m=>[39m {
     [90m 35 |[39m   [36mif[39m (process[33m.[39menv[33m.[39m[33mNODE_ENV[39m [33m!==[39m [32m'test'[39m) {
    [31m[1m>[22m[39m[90m 36 |[39m     console[33m.[39merror([32m'[DB] Redis Client Error'[39m[33m,[39m err)[33m;[39m
     [90m    |[39m             [31m[1m^[22m[39m
     [90m 37 |[39m   }
     [90m 38 |[39m })[33m;[39m
     [90m 39 |[39m[0m

      at Class.error (server/config/database.js:36:13)
      at RedisSocket.<anonymous> (node_modules/@redis/client/lib/client/index.ts:796:12)
      at RedisSocket.#connect (node_modules/@redis/client/lib/client/socket.ts:246:14)
      at Class.connect (node_modules/@redis/client/lib/client/index.ts:961:5)
      at connectRedis (server/config/database.js:42:5)
      at server/app.js:79:5

  console.error
    [DB] Redis Client Error AggregateError: 
        at internalConnectMultiple (node:net:1134:18)
        at afterConnectMultiple (node:net:1715:7) {
      code: 'ECONNREFUSED',
      [errors]: [
        Error: connect ECONNREFUSED ::1:6379
            at createConnectionError (node:net:1678:14)
            at afterConnectMultiple (node:net:1708:16) {
          errno: -4078,
          code: 'ECONNREFUSED',
          syscall: 'connect',
          address: '::1',
          port: 6379
        },
        Error: connect ECONNREFUSED 127.0.0.1:6379
            at createConnectionError (node:net:1678:14)
            at afterConnectMultiple (node:net:1708:16) {
          errno: -4078,
          code: 'ECONNREFUSED',
          syscall: 'connect',
          address: '127.0.0.1',
          port: 6379
        }
      ]
    }

    [0m [90m 34 |[39m redisClient[33m.[39mon([32m'error'[39m[33m,[39m (err) [33m=>[39m {
     [90m 35 |[39m   [36mif[39m (process[33m.[39menv[33m.[39m[33mNODE_ENV[39m [33m!==[39m [32m'test'[39m) {
    [31m[1m>[22m[39m[90m 36 |[39m     console[33m.[39merror([32m'[DB] Redis Client Error'[39m[33m,[39m err)[33m;[39m
     [90m    |[39m             [31m[1m^[22m[39m
     [90m 37 |[39m   }
     [90m 38 |[39m })[33m;[39m
     [90m 39 |[39m[0m

      at Class.error (server/config/database.js:36:13)
      at RedisSocket.<anonymous> (node_modules/@redis/client/lib/client/index.ts:796:12)
      at RedisSocket.#connect (node_modules/@redis/client/lib/client/socket.ts:246:14)
      at Class.connect (node_modules/@redis/client/lib/client/index.ts:961:5)
      at connectRedis (server/config/database.js:42:5)
      at server/app.js:79:5

  console.error
    [DB] Redis Client Error AggregateError: 
        at internalConnectMultiple (node:net:1134:18)
        at afterConnectMultiple (node:net:1715:7) {
      code: 'ECONNREFUSED',
      [errors]: [
        Error: connect ECONNREFUSED ::1:6379
            at createConnectionError (node:net:1678:14)
            at afterConnectMultiple (node:net:1708:16) {
          errno: -4078,
          code: 'ECONNREFUSED',
          syscall: 'connect',
          address: '::1',
          port: 6379
        },
        Error: connect ECONNREFUSED 127.0.0.1:6379
            at createConnectionError (node:net:1678:14)
            at afterConnectMultiple (node:net:1708:16) {
          errno: -4078,
          code: 'ECONNREFUSED',
          syscall: 'connect',
          address: '127.0.0.1',
          port: 6379
        }
      ]
    }

    [0m [90m 34 |[39m redisClient[33m.[39mon([32m'error'[39m[33m,[39m (err) [33m=>[39m {
     [90m 35 |[39m   [36mif[39m (process[33m.[39menv[33m.[39m[33mNODE_ENV[39m [33m!==[39m [32m'test'[39m) {
    [31m[1m>[22m[39m[90m 36 |[39m     console[33m.[39merror([32m'[DB] Redis Client Error'[39m[33m,[39m err)[33m;[39m
     [90m    |[39m             [31m[1m^[22m[39m
     [90m 37 |[39m   }
     [90m 38 |[39m })[33m;[39m
     [90m 39 |[39m[0m

      at Class.error (server/config/database.js:36:13)
      at RedisSocket.<anonymous> (node_modules/@redis/client/lib/client/index.ts:796:12)
      at RedisSocket.#connect (node_modules/@redis/client/lib/client/socket.ts:246:14)
      at Class.connect (node_modules/@redis/client/lib/client/index.ts:961:5)
      at connectRedis (server/config/database.js:42:5)
      at server/app.js:79:5

  console.error
    [DB] Redis Client Error AggregateError: 
        at internalConnectMultiple (node:net:1134:18)
        at afterConnectMultiple (node:net:1715:7) {
      code: 'ECONNREFUSED',
      [errors]: [
        Error: connect ECONNREFUSED ::1:6379
            at createConnectionError (node:net:1678:14)
            at afterConnectMultiple (node:net:1708:16) {
          errno: -4078,
          code: 'ECONNREFUSED',
          syscall: 'connect',
          address: '::1',
          port: 6379
        },
        Error: connect ECONNREFUSED 127.0.0.1:6379
            at createConnectionError (node:net:1678:14)
            at afterConnectMultiple (node:net:1708:16) {
          errno: -4078,
          code: 'ECONNREFUSED',
          syscall: 'connect',
          address: '127.0.0.1',
          port: 6379
        }
      ]
    }

    [0m [90m 34 |[39m redisClient[33m.[39mon([32m'error'[39m[33m,[39m (err) [33m=>[39m {
     [90m 35 |[39m   [36mif[39m (process[33m.[39menv[33m.[39m[33mNODE_ENV[39m [33m!==[39m [32m'test'[39m) {
    [31m[1m>[22m[39m[90m 36 |[39m     console[33m.[39merror([32m'[DB] Redis Client Error'[39m[33m,[39m err)[33m;[39m
     [90m    |[39m             [31m[1m^[22m[39m
     [90m 37 |[39m   }
     [90m 38 |[39m })[33m;[39m
     [90m 39 |[39m[0m

      at Class.error (server/config/database.js:36:13)
      at RedisSocket.<anonymous> (node_modules/@redis/client/lib/client/index.ts:796:12)
      at RedisSocket.#connect (node_modules/@redis/client/lib/client/socket.ts:246:14)
      at Class.connect (node_modules/@redis/client/lib/client/index.ts:961:5)
      at connectRedis (server/config/database.js:42:5)
      at server/app.js:79:5

  console.error
    [DB] Redis Client Error AggregateError: 
        at internalConnectMultiple (node:net:1134:18)
        at afterConnectMultiple (node:net:1715:7) {
      code: 'ECONNREFUSED',
      [errors]: [
        Error: connect ECONNREFUSED ::1:6379
            at createConnectionError (node:net:1678:14)
            at afterConnectMultiple (node:net:1708:16) {
          errno: -4078,
          code: 'ECONNREFUSED',
          syscall: 'connect',
          address: '::1',
          port: 6379
        },
        Error: connect ECONNREFUSED 127.0.0.1:6379
            at createConnectionError (node:net:1678:14)
            at afterConnectMultiple (node:net:1708:16) {
          errno: -4078,
          code: 'ECONNREFUSED',
          syscall: 'connect',
          address: '127.0.0.1',
          port: 6379
        }
      ]
    }

    [0m [90m 34 |[39m redisClient[33m.[39mon([32m'error'[39m[33m,[39m (err) [33m=>[39m {
     [90m 35 |[39m   [36mif[39m (process[33m.[39menv[33m.[39m[33mNODE_ENV[39m [33m!==[39m [32m'test'[39m) {
    [31m[1m>[22m[39m[90m 36 |[39m     console[33m.[39merror([32m'[DB] Redis Client Error'[39m[33m,[39m err)[33m;[39m
     [90m    |[39m             [31m[1m^[22m[39m
     [90m 37 |[39m   }
     [90m 38 |[39m })[33m;[39m
     [90m 39 |[39m[0m

      at Class.error (server/config/database.js:36:13)
      at RedisSocket.<anonymous> (node_modules/@redis/client/lib/client/index.ts:796:12)
      at RedisSocket.#connect (node_modules/@redis/client/lib/client/socket.ts:246:14)
      at Class.connect (node_modules/@redis/client/lib/client/index.ts:961:5)
      at connectRedis (server/config/database.js:42:5)
      at server/app.js:79:5

  console.error
    [DB] Redis Client Error AggregateError: 
        at internalConnectMultiple (node:net:1134:18)
        at afterConnectMultiple (node:net:1715:7) {
      code: 'ECONNREFUSED',
      [errors]: [
        Error: connect ECONNREFUSED ::1:6379
            at createConnectionError (node:net:1678:14)
            at afterConnectMultiple (node:net:1708:16) {
          errno: -4078,
          code: 'ECONNREFUSED',
          syscall: 'connect',
          address: '::1',
          port: 6379
        },
        Error: connect ECONNREFUSED 127.0.0.1:6379
            at createConnectionError (node:net:1678:14)
            at afterConnectMultiple (node:net:1708:16) {
          errno: -4078,
          code: 'ECONNREFUSED',
          syscall: 'connect',
          address: '127.0.0.1',
          port: 6379
        }
      ]
    }

    [0m [90m 34 |[39m redisClient[33m.[39mon([32m'error'[39m[33m,[39m (err) [33m=>[39m {
     [90m 35 |[39m   [36mif[39m (process[33m.[39menv[33m.[39m[33mNODE_ENV[39m [33m!==[39m [32m'test'[39m) {
    [31m[1m>[22m[39m[90m 36 |[39m     console[33m.[39merror([32m'[DB] Redis Client Error'[39m[33m,[39m err)[33m;[39m
     [90m    |[39m             [31m[1m^[22m[39m
     [90m 37 |[39m   }
     [90m 38 |[39m })[33m;[39m
     [90m 39 |[39m[0m

      at Class.error (server/config/database.js:36:13)
      at RedisSocket.<anonymous> (node_modules/@redis/client/lib/client/index.ts:796:12)
      at RedisSocket.#connect (node_modules/@redis/client/lib/client/socket.ts:246:14)
      at Class.connect (node_modules/@redis/client/lib/client/index.ts:961:5)
      at connectRedis (server/config/database.js:42:5)
      at server/app.js:79:5

  console.error
    [DB] Redis Client Error AggregateError: 
        at internalConnectMultiple (node:net:1134:18)
        at afterConnectMultiple (node:net:1715:7) {
      code: 'ECONNREFUSED',
      [errors]: [
        Error: connect ECONNREFUSED ::1:6379
            at createConnectionError (node:net:1678:14)
            at afterConnectMultiple (node:net:1708:16) {
          errno: -4078,
          code: 'ECONNREFUSED',
          syscall: 'connect',
          address: '::1',
          port: 6379
        },
        Error: connect ECONNREFUSED 127.0.0.1:6379
            at createConnectionError (node:net:1678:14)
            at afterConnectMultiple (node:net:1708:16) {
          errno: -4078,
          code: 'ECONNREFUSED',
          syscall: 'connect',
          address: '127.0.0.1',
          port: 6379
        }
      ]
    }

    [0m [90m 34 |[39m redisClient[33m.[39mon([32m'error'[39m[33m,[39m (err) [33m=>[39m {
     [90m 35 |[39m   [36mif[39m (process[33m.[39menv[33m.[39m[33mNODE_ENV[39m [33m!==[39m [32m'test'[39m) {
    [31m[1m>[22m[39m[90m 36 |[39m     console[33m.[39merror([32m'[DB] Redis Client Error'[39m[33m,[39m err)[33m;[39m
     [90m    |[39m             [31m[1m^[22m[39m
     [90m 37 |[39m   }
     [90m 38 |[39m })[33m;[39m
     [90m 39 |[39m[0m

      at Class.error (server/config/database.js:36:13)
      at RedisSocket.<anonymous> (node_modules/@redis/client/lib/client/index.ts:796:12)
      at RedisSocket.#connect (node_modules/@redis/client/lib/client/socket.ts:246:14)
      at Class.connect (node_modules/@redis/client/lib/client/index.ts:961:5)
      at connectRedis (server/config/database.js:42:5)
      at server/app.js:79:5

  console.error
    [DB] Redis Client Error AggregateError: 
        at internalConnectMultiple (node:net:1134:18)
        at afterConnectMultiple (node:net:1715:7) {
      code: 'ECONNREFUSED',
      [errors]: [
        Error: connect ECONNREFUSED ::1:6379
            at createConnectionError (node:net:1678:14)
            at afterConnectMultiple (node:net:1708:16) {
          errno: -4078,
          code: 'ECONNREFUSED',
          syscall: 'connect',
          address: '::1',
          port: 6379
        },
        Error: connect ECONNREFUSED 127.0.0.1:6379
            at createConnectionError (node:net:1678:14)
            at afterConnectMultiple (node:net:1708:16) {
          errno: -4078,
          code: 'ECONNREFUSED',
          syscall: 'connect',
          address: '127.0.0.1',
          port: 6379
        }
      ]
    }

    [0m [90m 34 |[39m redisClient[33m.[39mon([32m'error'[39m[33m,[39m (err) [33m=>[39m {
     [90m 35 |[39m   [36mif[39m (process[33m.[39menv[33m.[39m[33mNODE_ENV[39m [33m!==[39m [32m'test'[39m) {
    [31m[1m>[22m[39m[90m 36 |[39m     console[33m.[39merror([32m'[DB] Redis Client Error'[39m[33m,[39m err)[33m;[39m
     [90m    |[39m             [31m[1m^[22m[39m
     [90m 37 |[39m   }
     [90m 38 |[39m })[33m;[39m
     [90m 39 |[39m[0m

      at Class.error (server/config/database.js:36:13)
      at RedisSocket.<anonymous> (node_modules/@redis/client/lib/client/index.ts:796:12)
      at RedisSocket.#connect (node_modules/@redis/client/lib/client/socket.ts:246:14)
      at Class.connect (node_modules/@redis/client/lib/client/index.ts:961:5)
      at connectRedis (server/config/database.js:42:5)
      at server/app.js:79:5

  console.error
    [DB] Redis Client Error AggregateError: 
        at internalConnectMultiple (node:net:1134:18)
        at afterConnectMultiple (node:net:1715:7) {
      code: 'ECONNREFUSED',
      [errors]: [
        Error: connect ECONNREFUSED ::1:6379
            at createConnectionError (node:net:1678:14)
            at afterConnectMultiple (node:net:1708:16) {
          errno: -4078,
          code: 'ECONNREFUSED',
          syscall: 'connect',
          address: '::1',
          port: 6379
        },
        Error: connect ECONNREFUSED 127.0.0.1:6379
            at createConnectionError (node:net:1678:14)
            at afterConnectMultiple (node:net:1708:16) {
          errno: -4078,
          code: 'ECONNREFUSED',
          syscall: 'connect',
          address: '127.0.0.1',
          port: 6379
        }
      ]
    }

    [0m [90m 34 |[39m redisClient[33m.[39mon([32m'error'[39m[33m,[39m (err) [33m=>[39m {
     [90m 35 |[39m   [36mif[39m (process[33m.[39menv[33m.[39m[33mNODE_ENV[39m [33m!==[39m [32m'test'[39m) {
    [31m[1m>[22m[39m[90m 36 |[39m     console[33m.[39merror([32m'[DB] Redis Client Error'[39m[33m,[39m err)[33m;[39m
     [90m    |[39m             [31m[1m^[22m[39m
     [90m 37 |[39m   }
     [90m 38 |[39m })[33m;[39m
     [90m 39 |[39m[0m

      at Class.error (server/config/database.js:36:13)
      at RedisSocket.<anonymous> (node_modules/@redis/client/lib/client/index.ts:796:12)
      at RedisSocket.#connect (node_modules/@redis/client/lib/client/socket.ts:246:14)
      at Class.connect (node_modules/@redis/client/lib/client/index.ts:961:5)
      at connectRedis (server/config/database.js:42:5)
      at server/app.js:79:5

  console.error
    [DB] Redis Client Error AggregateError: 
        at internalConnectMultiple (node:net:1134:18)
        at afterConnectMultiple (node:net:1715:7) {
      code: 'ECONNREFUSED',
      [errors]: [
        Error: connect ECONNREFUSED ::1:6379
            at createConnectionError (node:net:1678:14)
            at afterConnectMultiple (node:net:1708:16) {
          errno: -4078,
          code: 'ECONNREFUSED',
          syscall: 'connect',
          address: '::1',
          port: 6379
        },
        Error: connect ECONNREFUSED 127.0.0.1:6379
            at createConnectionError (node:net:1678:14)
            at afterConnectMultiple (node:net:1708:16) {
          errno: -4078,
          code: 'ECONNREFUSED',
          syscall: 'connect',
          address: '127.0.0.1',
          port: 6379
        }
      ]
    }

    [0m [90m 34 |[39m redisClient[33m.[39mon([32m'error'[39m[33m,[39m (err) [33m=>[39m {
     [90m 35 |[39m   [36mif[39m (process[33m.[39menv[33m.[39m[33mNODE_ENV[39m [33m!==[39m [32m'test'[39m) {
    [31m[1m>[22m[39m[90m 36 |[39m     console[33m.[39merror([32m'[DB] Redis Client Error'[39m[33m,[39m err)[33m;[39m
     [90m    |[39m             [31m[1m^[22m[39m
     [90m 37 |[39m   }
     [90m 38 |[39m })[33m;[39m
     [90m 39 |[39m[0m

      at Class.error (server/config/database.js:36:13)
      at RedisSocket.<anonymous> (node_modules/@redis/client/lib/client/index.ts:796:12)
      at RedisSocket.#connect (node_modules/@redis/client/lib/client/socket.ts:246:14)
      at Class.connect (node_modules/@redis/client/lib/client/index.ts:961:5)
      at connectRedis (server/config/database.js:42:5)
      at server/app.js:79:5

  console.error
    [DB] Redis Client Error AggregateError: 
        at internalConnectMultiple (node:net:1134:18)
        at afterConnectMultiple (node:net:1715:7) {
      code: 'ECONNREFUSED',
      [errors]: [
        Error: connect ECONNREFUSED ::1:6379
            at createConnectionError (node:net:1678:14)
            at afterConnectMultiple (node:net:1708:16) {
          errno: -4078,
          code: 'ECONNREFUSED',
          syscall: 'connect',
          address: '::1',
          port: 6379
        },
        Error: connect ECONNREFUSED 127.0.0.1:6379
            at createConnectionError (node:net:1678:14)
            at afterConnectMultiple (node:net:1708:16) {
          errno: -4078,
          code: 'ECONNREFUSED',
          syscall: 'connect',
          address: '127.0.0.1',
          port: 6379
        }
      ]
    }

    [0m [90m 34 |[39m redisClient[33m.[39mon([32m'error'[39m[33m,[39m (err) [33m=>[39m {
     [90m 35 |[39m   [36mif[39m (process[33m.[39menv[33m.[39m[33mNODE_ENV[39m [33m!==[39m [32m'test'[39m) {
    [31m[1m>[22m[39m[90m 36 |[39m     console[33m.[39merror([32m'[DB] Redis Client Error'[39m[33m,[39m err)[33m;[39m
     [90m    |[39m             [31m[1m^[22m[39m
     [90m 37 |[39m   }
     [90m 38 |[39m })[33m;[39m
     [90m 39 |[39m[0m

      at Class.error (server/config/database.js:36:13)
      at RedisSocket.<anonymous> (node_modules/@redis/client/lib/client/index.ts:796:12)
      at RedisSocket.#connect (node_modules/@redis/client/lib/client/socket.ts:246:14)
      at Class.connect (node_modules/@redis/client/lib/client/index.ts:961:5)
      at connectRedis (server/config/database.js:42:5)
      at server/app.js:79:5

  console.error
    [DB] Redis Client Error AggregateError: 
        at internalConnectMultiple (node:net:1134:18)
        at afterConnectMultiple (node:net:1715:7) {
      code: 'ECONNREFUSED',
      [errors]: [
        Error: connect ECONNREFUSED ::1:6379
            at createConnectionError (node:net:1678:14)
            at afterConnectMultiple (node:net:1708:16) {
          errno: -4078,
          code: 'ECONNREFUSED',
          syscall: 'connect',
          address: '::1',
          port: 6379
        },
        Error: connect ECONNREFUSED 127.0.0.1:6379
            at createConnectionError (node:net:1678:14)
            at afterConnectMultiple (node:net:1708:16) {
          errno: -4078,
          code: 'ECONNREFUSED',
          syscall: 'connect',
          address: '127.0.0.1',
          port: 6379
        }
      ]
    }

    [0m [90m 34 |[39m redisClient[33m.[39mon([32m'error'[39m[33m,[39m (err) [33m=>[39m {
     [90m 35 |[39m   [36mif[39m (process[33m.[39menv[33m.[39m[33mNODE_ENV[39m [33m!==[39m [32m'test'[39m) {
    [31m[1m>[22m[39m[90m 36 |[39m     console[33m.[39merror([32m'[DB] Redis Client Error'[39m[33m,[39m err)[33m;[39m
     [90m    |[39m             [31m[1m^[22m[39m
     [90m 37 |[39m   }
     [90m 38 |[39m })[33m;[39m
     [90m 39 |[39m[0m

      at Class.error (server/config/database.js:36:13)
      at RedisSocket.<anonymous> (node_modules/@redis/client/lib/client/index.ts:796:12)
      at RedisSocket.#connect (node_modules/@redis/client/lib/client/socket.ts:246:14)
      at Class.connect (node_modules/@redis/client/lib/client/index.ts:961:5)
      at connectRedis (server/config/database.js:42:5)
      at server/app.js:79:5

  console.error
    [DB] Redis Client Error AggregateError: 
        at internalConnectMultiple (node:net:1134:18)
        at afterConnectMultiple (node:net:1715:7) {
      code: 'ECONNREFUSED',
      [errors]: [
        Error: connect ECONNREFUSED ::1:6379
            at createConnectionError (node:net:1678:14)
            at afterConnectMultiple (node:net:1708:16) {
          errno: -4078,
          code: 'ECONNREFUSED',
          syscall: 'connect',
          address: '::1',
          port: 6379
        },
        Error: connect ECONNREFUSED 127.0.0.1:6379
            at createConnectionError (node:net:1678:14)
            at afterConnectMultiple (node:net:1708:16) {
          errno: -4078,
          code: 'ECONNREFUSED',
          syscall: 'connect',
          address: '127.0.0.1',
          port: 6379
        }
      ]
    }

    [0m [90m 34 |[39m redisClient[33m.[39mon([32m'error'[39m[33m,[39m (err) [33m=>[39m {
     [90m 35 |[39m   [36mif[39m (process[33m.[39menv[33m.[39m[33mNODE_ENV[39m [33m!==[39m [32m'test'[39m) {
    [31m[1m>[22m[39m[90m 36 |[39m     console[33m.[39merror([32m'[DB] Redis Client Error'[39m[33m,[39m err)[33m;[39m
     [90m    |[39m             [31m[1m^[22m[39m
     [90m 37 |[39m   }
     [90m 38 |[39m })[33m;[39m
     [90m 39 |[39m[0m

      at Class.error (server/config/database.js:36:13)
      at RedisSocket.<anonymous> (node_modules/@redis/client/lib/client/index.ts:796:12)
      at RedisSocket.#connect (node_modules/@redis/client/lib/client/socket.ts:246:14)
      at Class.connect (node_modules/@redis/client/lib/client/index.ts:961:5)
      at connectRedis (server/config/database.js:42:5)
      at server/app.js:79:5

